Apache Maven 3.9.11 (3e54c93a704957b63ee3494413a2b544fd3d825b)
Maven home: C:\Users\acer\.m2\wrapper\dists\apache-maven-3.9.11\03d7e36a140982eea48e22c1dcac01d8862b2550b2939e09a0809bbc5182a5bc
Java version: 22.0.2, vendor: Oracle Corporation, runtime: C:\Program Files\Java\jdk-22
Default locale: en_IN, platform encoding: UTF-8
OS name: "windows 11", version: "10.0", arch: "amd64", family: "windows"
[DEBUG] Created new class realm maven.api
[DEBUG] Importing foreign packages into class realm maven.api
[DEBUG]   Imported: javax.annotation.* < plexus.core
[DEBUG]   Imported: javax.annotation.security.* < plexus.core
[DEBUG]   Imported: javax.inject.* < plexus.core
[DEBUG]   Imported: org.apache.maven.* < plexus.core
[DEBUG]   Imported: org.apache.maven.artifact < plexus.core
[DEBUG]   Imported: org.apache.maven.classrealm < plexus.core
[DEBUG]   Imported: org.apache.maven.cli < plexus.core
[DEBUG]   Imported: org.apache.maven.configuration < plexus.core
[DEBUG]   Imported: org.apache.maven.exception < plexus.core
[DEBUG]   Imported: org.apache.maven.execution < plexus.core
[DEBUG]   Imported: org.apache.maven.execution.scope < plexus.core
[DEBUG]   Imported: org.apache.maven.graph < plexus.core
[DEBUG]   Imported: org.apache.maven.lifecycle < plexus.core
[DEBUG]   Imported: org.apache.maven.model < plexus.core
[DEBUG]   Imported: org.apache.maven.monitor < plexus.core
[DEBUG]   Imported: org.apache.maven.plugin < plexus.core
[DEBUG]   Imported: org.apache.maven.profiles < plexus.core
[DEBUG]   Imported: org.apache.maven.project < plexus.core
[DEBUG]   Imported: org.apache.maven.reporting < plexus.core
[DEBUG]   Imported: org.apache.maven.repository < plexus.core
[DEBUG]   Imported: org.apache.maven.rtinfo < plexus.core
[DEBUG]   Imported: org.apache.maven.settings < plexus.core
[DEBUG]   Imported: org.apache.maven.toolchain < plexus.core
[DEBUG]   Imported: org.apache.maven.usability < plexus.core
[DEBUG]   Imported: org.apache.maven.wagon.* < plexus.core
[DEBUG]   Imported: org.apache.maven.wagon.authentication < plexus.core
[DEBUG]   Imported: org.apache.maven.wagon.authorization < plexus.core
[DEBUG]   Imported: org.apache.maven.wagon.events < plexus.core
[DEBUG]   Imported: org.apache.maven.wagon.observers < plexus.core
[DEBUG]   Imported: org.apache.maven.wagon.proxy < plexus.core
[DEBUG]   Imported: org.apache.maven.wagon.repository < plexus.core
[DEBUG]   Imported: org.apache.maven.wagon.resource < plexus.core
[DEBUG]   Imported: org.codehaus.classworlds < plexus.core
[DEBUG]   Imported: org.codehaus.plexus.* < plexus.core
[DEBUG]   Imported: org.codehaus.plexus.classworlds < plexus.core
[DEBUG]   Imported: org.codehaus.plexus.component < plexus.core
[DEBUG]   Imported: org.codehaus.plexus.configuration < plexus.core
[DEBUG]   Imported: org.codehaus.plexus.container < plexus.core
[DEBUG]   Imported: org.codehaus.plexus.context < plexus.core
[DEBUG]   Imported: org.codehaus.plexus.lifecycle < plexus.core
[DEBUG]   Imported: org.codehaus.plexus.logging < plexus.core
[DEBUG]   Imported: org.codehaus.plexus.personality < plexus.core
[DEBUG]   Imported: org.codehaus.plexus.util.xml.Xpp3Dom < plexus.core
[DEBUG]   Imported: org.codehaus.plexus.util.xml.pull.XmlPullParser < plexus.core
[DEBUG]   Imported: org.codehaus.plexus.util.xml.pull.XmlPullParserException < plexus.core
[DEBUG]   Imported: org.codehaus.plexus.util.xml.pull.XmlSerializer < plexus.core
[DEBUG]   Imported: org.eclipse.aether.* < plexus.core
[DEBUG]   Imported: org.eclipse.aether.artifact < plexus.core
[DEBUG]   Imported: org.eclipse.aether.collection < plexus.core
[DEBUG]   Imported: org.eclipse.aether.deployment < plexus.core
[DEBUG]   Imported: org.eclipse.aether.graph < plexus.core
[DEBUG]   Imported: org.eclipse.aether.impl < plexus.core
[DEBUG]   Imported: org.eclipse.aether.installation < plexus.core
[DEBUG]   Imported: org.eclipse.aether.internal.impl < plexus.core
[DEBUG]   Imported: org.eclipse.aether.metadata < plexus.core
[DEBUG]   Imported: org.eclipse.aether.repository < plexus.core
[DEBUG]   Imported: org.eclipse.aether.resolution < plexus.core
[DEBUG]   Imported: org.eclipse.aether.spi < plexus.core
[DEBUG]   Imported: org.eclipse.aether.transfer < plexus.core
[DEBUG]   Imported: org.eclipse.aether.util < plexus.core
[DEBUG]   Imported: org.eclipse.aether.version < plexus.core
[DEBUG]   Imported: org.fusesource.jansi.* < plexus.core
[DEBUG]   Imported: org.slf4j.* < plexus.core
[DEBUG]   Imported: org.slf4j.event.* < plexus.core
[DEBUG]   Imported: org.slf4j.helpers.* < plexus.core
[DEBUG]   Imported: org.slf4j.spi.* < plexus.core
[DEBUG] Populating class realm maven.api
[DEBUG] Created adapter factory; available factories [file-lock, rwlock-local, semaphore-local, noop]; available name mappers [discriminating, file-gav, file-hgav, file-static, gav, static]
[INFO] Error stacktraces are turned on.
[DEBUG] Message scheme: color
[DEBUG] Message styles: debug info warning error success failure strong mojo project
[DEBUG] Reading global settings from C:\Users\acer\.m2\wrapper\dists\apache-maven-3.9.11\03d7e36a140982eea48e22c1dcac01d8862b2550b2939e09a0809bbc5182a5bc\conf\settings.xml
[DEBUG] Reading user settings from C:\Users\acer\.m2\settings.xml
[DEBUG] Reading global toolchains from C:\Users\acer\.m2\wrapper\dists\apache-maven-3.9.11\03d7e36a140982eea48e22c1dcac01d8862b2550b2939e09a0809bbc5182a5bc\conf\toolchains.xml
[DEBUG] Reading user toolchains from C:\Users\acer\.m2\toolchains.xml
[DEBUG] Using local repository at C:\Users\acer\.m2\repository
[DEBUG] Using manager EnhancedLocalRepositoryManager with priority 10.0 for C:\Users\acer\.m2\repository
[INFO] Scanning for projects...
[DEBUG] Creating adapter using nameMapper 'gav' and factory 'rwlock-local'
[DEBUG] Extension realms for project pse.nebula:platform-core:jar:0.0.1-SNAPSHOT: (none)
[DEBUG] Looking up lifecycle mappings for packaging jar from ClassRealm[plexus.core, parent: null]
[DEBUG] Extension realms for project pse.nebula:nebula:pom:0.0.1-SNAPSHOT: (none)
[DEBUG] Looking up lifecycle mappings for packaging pom from ClassRealm[plexus.core, parent: null]
[DEBUG] Extension realms for project org.springframework.boot:spring-boot-starter-parent:pom:3.4.2: (none)
[DEBUG] Looking up lifecycle mappings for packaging pom from ClassRealm[plexus.core, parent: null]
[DEBUG] Extension realms for project org.springframework.boot:spring-boot-dependencies:pom:3.4.2: (none)
[DEBUG] Looking up lifecycle mappings for packaging pom from ClassRealm[plexus.core, parent: null]
[DEBUG] === REACTOR BUILD PLAN ================================================
[DEBUG] Project: pse.nebula:platform-core:jar:0.0.1-SNAPSHOT
[DEBUG] Tasks:   [clean, test]
[DEBUG] Style:   Regular
[DEBUG] =======================================================================
[INFO] 
[INFO] ----------------------< pse.nebula:platform-core >----------------------
[INFO] Building platform-core 0.0.1-SNAPSHOT
[INFO]   from pom.xml
[INFO] --------------------------------[ jar ]---------------------------------
[DEBUG] Lifecycle clean -> [pre-clean, clean, post-clean]
[DEBUG] Lifecycle default -> [validate, initialize, generate-sources, process-sources, generate-resources, process-resources, compile, process-classes, generate-test-sources, process-test-sources, generate-test-resources, process-test-resources, test-compile, process-test-classes, test, prepare-package, package, pre-integration-test, integration-test, post-integration-test, verify, install, deploy]
[DEBUG] Lifecycle site -> [pre-site, site, post-site, site-deploy]
[DEBUG] Lifecycle clean -> [pre-clean, clean, post-clean]
[DEBUG] Lifecycle default -> [validate, initialize, generate-sources, process-sources, generate-resources, process-resources, compile, process-classes, generate-test-sources, process-test-sources, generate-test-resources, process-test-resources, test-compile, process-test-classes, test, prepare-package, package, pre-integration-test, integration-test, post-integration-test, verify, install, deploy]
[DEBUG] Lifecycle site -> [pre-site, site, post-site, site-deploy]
[DEBUG] Lifecycle clean -> [pre-clean, clean, post-clean]
[DEBUG] Lifecycle default -> [validate, initialize, generate-sources, process-sources, generate-resources, process-resources, compile, process-classes, generate-test-sources, process-test-sources, generate-test-resources, process-test-resources, test-compile, process-test-classes, test, prepare-package, package, pre-integration-test, integration-test, post-integration-test, verify, install, deploy]
[DEBUG] Lifecycle site -> [pre-site, site, post-site, site-deploy]
[DEBUG] Lifecycle clean -> [pre-clean, clean, post-clean]
[DEBUG] Lifecycle default -> [validate, initialize, generate-sources, process-sources, generate-resources, process-resources, compile, process-classes, generate-test-sources, process-test-sources, generate-test-resources, process-test-resources, test-compile, process-test-classes, test, prepare-package, package, pre-integration-test, integration-test, post-integration-test, verify, install, deploy]
[DEBUG] Lifecycle site -> [pre-site, site, post-site, site-deploy]
[DEBUG] Lifecycle clean -> [pre-clean, clean, post-clean]
[DEBUG] Lifecycle default -> [validate, initialize, generate-sources, process-sources, generate-resources, process-resources, compile, process-classes, generate-test-sources, process-test-sources, generate-test-resources, process-test-resources, test-compile, process-test-classes, test, prepare-package, package, pre-integration-test, integration-test, post-integration-test, verify, install, deploy]
[DEBUG] Lifecycle site -> [pre-site, site, post-site, site-deploy]
[DEBUG] Lifecycle clean -> [pre-clean, clean, post-clean]
[DEBUG] Lifecycle default -> [validate, initialize, generate-sources, process-sources, generate-resources, process-resources, compile, process-classes, generate-test-sources, process-test-sources, generate-test-resources, process-test-resources, test-compile, process-test-classes, test, prepare-package, package, pre-integration-test, integration-test, post-integration-test, verify, install, deploy]
[DEBUG] Lifecycle site -> [pre-site, site, post-site, site-deploy]
[DEBUG] Lifecycle clean -> [pre-clean, clean, post-clean]
[DEBUG] Lifecycle default -> [validate, initialize, generate-sources, process-sources, generate-resources, process-resources, compile, process-classes, generate-test-sources, process-test-sources, generate-test-resources, process-test-resources, test-compile, process-test-classes, test, prepare-package, package, pre-integration-test, integration-test, post-integration-test, verify, install, deploy]
[DEBUG] Lifecycle site -> [pre-site, site, post-site, site-deploy]
[DEBUG] Lifecycle clean -> [pre-clean, clean, post-clean]
[DEBUG] Lifecycle default -> [validate, initialize, generate-sources, process-sources, generate-resources, process-resources, compile, process-classes, generate-test-sources, process-test-sources, generate-test-resources, process-test-resources, test-compile, process-test-classes, test, prepare-package, package, pre-integration-test, integration-test, post-integration-test, verify, install, deploy]
[DEBUG] Lifecycle site -> [pre-site, site, post-site, site-deploy]
[DEBUG] Lifecycle clean -> [pre-clean, clean, post-clean]
[DEBUG] Lifecycle default -> [validate, initialize, generate-sources, process-sources, generate-resources, process-resources, compile, process-classes, generate-test-sources, process-test-sources, generate-test-resources, process-test-resources, test-compile, process-test-classes, test, prepare-package, package, pre-integration-test, integration-test, post-integration-test, verify, install, deploy]
[DEBUG] Lifecycle site -> [pre-site, site, post-site, site-deploy]
[DEBUG] === PROJECT BUILD PLAN ================================================
[DEBUG] Project:       pse.nebula:platform-core:0.0.1-SNAPSHOT
[DEBUG] Dependencies (collect): []
[DEBUG] Dependencies (resolve): [compile, test]
[DEBUG] Repositories (dependencies): [central (https://repo.maven.apache.org/maven2, default, releases)]
[DEBUG] Repositories (plugins)     : [central (https://repo.maven.apache.org/maven2, default, releases)]
[DEBUG] -----------------------------------------------------------------------
[DEBUG] Goal:          org.apache.maven.plugins:maven-clean-plugin:3.4.0:clean (default-clean)
[DEBUG] Style:         Regular
[DEBUG] Configuration: <?xml version="1.0" encoding="UTF-8"?>
<configuration>
  <directory default-value="${project.build.directory}"/>
  <excludeDefaultDirectories default-value="false">${maven.clean.excludeDefaultDirectories}</excludeDefaultDirectories>
  <failOnError default-value="true">${maven.clean.failOnError}</failOnError>
  <fast default-value="false">${maven.clean.fast}</fast>
  <fastDir>${maven.clean.fastDir}</fastDir>
  <fastMode default-value="background">${maven.clean.fastMode}</fastMode>
  <followSymLinks default-value="false">${maven.clean.followSymLinks}</followSymLinks>
  <outputDirectory default-value="${project.build.outputDirectory}"/>
  <reportDirectory default-value="${project.build.outputDirectory}"/>
  <retryOnError default-value="true">${maven.clean.retryOnError}</retryOnError>
  <session default-value="${session}"/>
  <skip default-value="false">${maven.clean.skip}</skip>
  <testOutputDirectory default-value="${project.build.testOutputDirectory}"/>
  <verbose>${maven.clean.verbose}</verbose>
</configuration>
[DEBUG] -----------------------------------------------------------------------
[DEBUG] Goal:          org.springframework.boot:spring-boot-maven-plugin:3.4.2:build-info (default)
[DEBUG] Style:         Regular
[DEBUG] Configuration: <?xml version="1.0" encoding="UTF-8"?>
<configuration>
  <outputFile default-value="${project.build.outputDirectory}/META-INF/build-info.properties"/>
  <project default-value="${project}"/>
  <session default-value="${session}"/>
  <skip default-value="false">${spring-boot.build-info.skip}</skip>
  <time default-value="${project.build.outputTimestamp}"/>
</configuration>
[DEBUG] -----------------------------------------------------------------------
[DEBUG] Goal:          org.apache.maven.plugins:maven-resources-plugin:3.3.1:resources (default-resources)
[DEBUG] Style:         Regular
[DEBUG] Configuration: <?xml version="1.0" encoding="UTF-8"?>
<configuration>
  <addDefaultExcludes default-value="true"/>
  <buildFilters default-value="${project.build.filters}"/>
  <delimiters>
    <delimiter>@</delimiter>
  </delimiters>
  <encoding default-value="${project.build.sourceEncoding}"/>
  <escapeWindowsPaths default-value="true"/>
  <fileNameFiltering default-value="false"/>
  <includeEmptyDirs default-value="false"/>
  <outputDirectory default-value="${project.build.outputDirectory}"/>
  <overwrite default-value="false"/>
  <project default-value="${project}"/>
  <propertiesEncoding>UTF-8</propertiesEncoding>
  <resources default-value="${project.resources}"/>
  <session default-value="${session}"/>
  <skip default-value="false">${maven.resources.skip}</skip>
  <supportMultiLineFiltering default-value="false"/>
  <useBuildFilters default-value="true"/>
  <useDefaultDelimiters default-value="true">false</useDefaultDelimiters>
</configuration>
[DEBUG] -----------------------------------------------------------------------
[DEBUG] Goal:          org.apache.maven.plugins:maven-compiler-plugin:3.13.0:compile (default-compile)
[DEBUG] Style:         Regular
[DEBUG] Configuration: <?xml version="1.0" encoding="UTF-8"?>
<configuration>
  <annotationProcessorPathsUseDepMgmt default-value="false"/>
  <basedir default-value="${basedir}"/>
  <buildDirectory default-value="${project.build.directory}"/>
  <compilePath default-value="${project.compileClasspathElements}"/>
  <compileSourceRoots default-value="${project.compileSourceRoots}"/>
  <compilerArgs>
    <arg>-parameters</arg>
  </compilerArgs>
  <compilerId default-value="javac">${maven.compiler.compilerId}</compilerId>
  <compilerReuseStrategy default-value="${reuseCreated}">${maven.compiler.compilerReuseStrategy}</compilerReuseStrategy>
  <compilerVersion>${maven.compiler.compilerVersion}</compilerVersion>
  <createMissingPackageInfoClass default-value="true">${maven.compiler.createMissingPackageInfoClass}</createMissingPackageInfoClass>
  <debug default-value="true">${maven.compiler.debug}</debug>
  <debugFileName default-value="javac"/>
  <debuglevel>${maven.compiler.debuglevel}</debuglevel>
  <enablePreview default-value="false">${maven.compiler.enablePreview}</enablePreview>
  <encoding default-value="${project.build.sourceEncoding}">${encoding}</encoding>
  <executable>${maven.compiler.executable}</executable>
  <failOnError default-value="true">${maven.compiler.failOnError}</failOnError>
  <failOnWarning default-value="false">${maven.compiler.failOnWarning}</failOnWarning>
  <fileExtensions default-value="class,jar"/>
  <forceJavacCompilerUse default-value="false">${maven.compiler.forceJavacCompilerUse}</forceJavacCompilerUse>
  <forceLegacyJavacApi default-value="false">${maven.compiler.forceLegacyJavacApi}</forceLegacyJavacApi>
  <fork default-value="false">${maven.compiler.fork}</fork>
  <generatedSourcesDirectory default-value="${project.build.directory}/generated-sources/annotations"/>
  <implicit>${maven.compiler.implicit}</implicit>
  <maxmem>${maven.compiler.maxmem}</maxmem>
  <meminitial>${maven.compiler.meminitial}</meminitial>
  <mojoExecution default-value="${mojoExecution}"/>
  <optimize default-value="false">${maven.compiler.optimize}</optimize>
  <outputDirectory default-value="${project.build.outputDirectory}">${maven.compiler.outputDirectory}</outputDirectory>
  <outputTimestamp default-value="${project.build.outputTimestamp}"/>
  <parameters default-value="false">true</parameters>
  <proc>${maven.compiler.proc}</proc>
  <project default-value="${project}"/>
  <projectArtifact default-value="${project.artifact}"/>
  <release>17</release>
  <session default-value="${session}"/>
  <showCompilationChanges default-value="false">${maven.compiler.showCompilationChanges}</showCompilationChanges>
  <showDeprecation default-value="false">${maven.compiler.showDeprecation}</showDeprecation>
  <showWarnings default-value="true">${maven.compiler.showWarnings}</showWarnings>
  <skipMain>${maven.main.skip}</skipMain>
  <skipMultiThreadWarning default-value="false">${maven.compiler.skipMultiThreadWarning}</skipMultiThreadWarning>
  <source default-value="1.8">${maven.compiler.source}</source>
  <staleMillis default-value="0">${lastModGranularityMs}</staleMillis>
  <target default-value="1.8">${maven.compiler.target}</target>
  <useIncrementalCompilation default-value="true">${maven.compiler.useIncrementalCompilation}</useIncrementalCompilation>
  <verbose default-value="false">${maven.compiler.verbose}</verbose>
</configuration>
[DEBUG] -----------------------------------------------------------------------
[DEBUG] Goal:          org.apache.maven.plugins:maven-resources-plugin:3.3.1:testResources (default-testResources)
[DEBUG] Style:         Regular
[DEBUG] Configuration: <?xml version="1.0" encoding="UTF-8"?>
<configuration>
  <addDefaultExcludes default-value="true"/>
  <buildFilters default-value="${project.build.filters}"/>
  <delimiters>
    <delimiter>@</delimiter>
  </delimiters>
  <encoding default-value="${project.build.sourceEncoding}"/>
  <escapeWindowsPaths default-value="true"/>
  <fileNameFiltering default-value="false"/>
  <includeEmptyDirs default-value="false"/>
  <outputDirectory default-value="${project.build.testOutputDirectory}"/>
  <overwrite default-value="false"/>
  <project default-value="${project}"/>
  <propertiesEncoding>UTF-8</propertiesEncoding>
  <resources default-value="${project.testResources}"/>
  <session default-value="${session}"/>
  <skip default-value="false">${maven.test.skip}</skip>
  <supportMultiLineFiltering default-value="false"/>
  <useBuildFilters default-value="true"/>
  <useDefaultDelimiters default-value="true">false</useDefaultDelimiters>
</configuration>
[DEBUG] -----------------------------------------------------------------------
[DEBUG] Goal:          org.apache.maven.plugins:maven-compiler-plugin:3.13.0:testCompile (default-testCompile)
[DEBUG] Style:         Regular
[DEBUG] Configuration: <?xml version="1.0" encoding="UTF-8"?>
<configuration>
  <annotationProcessorPathsUseDepMgmt default-value="false"/>
  <basedir default-value="${basedir}"/>
  <buildDirectory default-value="${project.build.directory}"/>
  <compileSourceRoots default-value="${project.testCompileSourceRoots}"/>
  <compilerArgs>
    <arg>-parameters</arg>
  </compilerArgs>
  <compilerId default-value="javac">${maven.compiler.compilerId}</compilerId>
  <compilerReuseStrategy default-value="${reuseCreated}">${maven.compiler.compilerReuseStrategy}</compilerReuseStrategy>
  <compilerVersion>${maven.compiler.compilerVersion}</compilerVersion>
  <createMissingPackageInfoClass default-value="true">${maven.compiler.createMissingPackageInfoClass}</createMissingPackageInfoClass>
  <debug default-value="true">${maven.compiler.debug}</debug>
  <debugFileName default-value="javac-test"/>
  <debuglevel>${maven.compiler.debuglevel}</debuglevel>
  <enablePreview default-value="false">${maven.compiler.enablePreview}</enablePreview>
  <encoding default-value="${project.build.sourceEncoding}">${encoding}</encoding>
  <executable>${maven.compiler.executable}</executable>
  <failOnError default-value="true">${maven.compiler.failOnError}</failOnError>
  <failOnWarning default-value="false">${maven.compiler.failOnWarning}</failOnWarning>
  <fileExtensions default-value="class,jar"/>
  <forceJavacCompilerUse default-value="false">${maven.compiler.forceJavacCompilerUse}</forceJavacCompilerUse>
  <forceLegacyJavacApi default-value="false">${maven.compiler.forceLegacyJavacApi}</forceLegacyJavacApi>
  <fork default-value="false">${maven.compiler.fork}</fork>
  <generatedTestSourcesDirectory default-value="${project.build.directory}/generated-test-sources/test-annotations"/>
  <implicit>${maven.compiler.implicit}</implicit>
  <maxmem>${maven.compiler.maxmem}</maxmem>
  <meminitial>${maven.compiler.meminitial}</meminitial>
  <mojoExecution default-value="${mojoExecution}"/>
  <optimize default-value="false">${maven.compiler.optimize}</optimize>
  <outputDirectory default-value="${project.build.testOutputDirectory}"/>
  <outputTimestamp default-value="${project.build.outputTimestamp}"/>
  <parameters default-value="false">true</parameters>
  <proc>${maven.compiler.proc}</proc>
  <project default-value="${project}"/>
  <release>17</release>
  <session default-value="${session}"/>
  <showCompilationChanges default-value="false">${maven.compiler.showCompilationChanges}</showCompilationChanges>
  <showDeprecation default-value="false">${maven.compiler.showDeprecation}</showDeprecation>
  <showWarnings default-value="true">${maven.compiler.showWarnings}</showWarnings>
  <skip>${maven.test.skip}</skip>
  <skipMultiThreadWarning default-value="false">${maven.compiler.skipMultiThreadWarning}</skipMultiThreadWarning>
  <source default-value="1.8">${maven.compiler.source}</source>
  <staleMillis default-value="0">${lastModGranularityMs}</staleMillis>
  <target default-value="1.8">${maven.compiler.target}</target>
  <testPath default-value="${project.testClasspathElements}"/>
  <testRelease>${maven.compiler.testRelease}</testRelease>
  <testSource>${maven.compiler.testSource}</testSource>
  <testTarget>${maven.compiler.testTarget}</testTarget>
  <useIncrementalCompilation default-value="true">${maven.compiler.useIncrementalCompilation}</useIncrementalCompilation>
  <useModulePath default-value="true"/>
  <verbose default-value="false">${maven.compiler.verbose}</verbose>
</configuration>
[DEBUG] -----------------------------------------------------------------------
[DEBUG] Goal:          org.apache.maven.plugins:maven-surefire-plugin:3.5.2:test (default-test)
[DEBUG] Style:         Regular
[DEBUG] Configuration: <?xml version="1.0" encoding="UTF-8"?>
<configuration>
  <additionalClasspathDependencies>${maven.test.additionalClasspathDependencies}</additionalClasspathDependencies>
  <additionalClasspathElements>${maven.test.additionalClasspath}</additionalClasspathElements>
  <argLine>--add-opens java.base/java.lang=ALL-UNNAMED
                        --add-opens java.base/java.util=ALL-UNNAMED</argLine>
  <basedir default-value="${basedir}"/>
  <childDelegation default-value="false">${childDelegation}</childDelegation>
  <classesDirectory default-value="${project.build.outputDirectory}"/>
  <classpathDependencyExcludes>${maven.test.dependency.excludes}</classpathDependencyExcludes>
  <debugForkedProcess>${maven.surefire.debug}</debugForkedProcess>
  <dependenciesToScan>${dependenciesToScan}</dependenciesToScan>
  <disableXmlReport default-value="false">${disableXmlReport}</disableXmlReport>
  <enableAssertions default-value="true">${enableAssertions}</enableAssertions>
  <enableOutErrElements default-value="true">${enableOutErrElements}</enableOutErrElements>
  <enableProcessChecker>${surefire.enableProcessChecker}</enableProcessChecker>
  <enablePropertiesElement default-value="true">${enablePropertiesElement}</enablePropertiesElement>
  <encoding default-value="${project.reporting.outputEncoding}">${surefire.encoding}</encoding>
  <excludeJUnit5Engines>${surefire.excludeJUnit5Engines}</excludeJUnit5Engines>
  <excludedEnvironmentVariables>${surefire.excludedEnvironmentVariables}</excludedEnvironmentVariables>
  <excludedGroups>${excludedGroups}</excludedGroups>
  <excludes>${surefire.excludes}</excludes>
  <excludesFile>${surefire.excludesFile}</excludesFile>
  <failIfNoSpecifiedTests default-value="true">${surefire.failIfNoSpecifiedTests}</failIfNoSpecifiedTests>
  <failIfNoTests default-value="false">${failIfNoTests}</failIfNoTests>
  <failOnFlakeCount default-value="0">${surefire.failOnFlakeCount}</failOnFlakeCount>
  <forkCount default-value="1">${forkCount}</forkCount>
  <forkNode>${surefire.forkNode}</forkNode>
  <forkedProcessExitTimeoutInSeconds default-value="30">${surefire.exitTimeout}</forkedProcessExitTimeoutInSeconds>
  <forkedProcessTimeoutInSeconds>${surefire.timeout}</forkedProcessTimeoutInSeconds>
  <groups>${groups}</groups>
  <includeJUnit5Engines>${surefire.includeJUnit5Engines}</includeJUnit5Engines>
  <includes>${surefire.includes}</includes>
  <includesFile>${surefire.includesFile}</includesFile>
  <junitArtifactName default-value="junit:junit">${junitArtifactName}</junitArtifactName>
  <jvm>${jvm}</jvm>
  <objectFactory>${objectFactory}</objectFactory>
  <parallel>${parallel}</parallel>
  <parallelMavenExecution default-value="${session.parallel}"/>
  <parallelOptimized default-value="true">${parallelOptimized}</parallelOptimized>
  <parallelTestsTimeoutForcedInSeconds>${surefire.parallel.forcedTimeout}</parallelTestsTimeoutForcedInSeconds>
  <parallelTestsTimeoutInSeconds>${surefire.parallel.timeout}</parallelTestsTimeoutInSeconds>
  <perCoreThreadCount default-value="true">${perCoreThreadCount}</perCoreThreadCount>
  <pluginArtifactMap>${plugin.artifactMap}</pluginArtifactMap>
  <pluginDescriptor default-value="${plugin}"/>
  <printSummary default-value="true">${surefire.printSummary}</printSummary>
  <project default-value="${project}"/>
  <projectArtifactMap>${project.artifactMap}</projectArtifactMap>
  <projectBuildDirectory default-value="${project.build.directory}"/>
  <promoteUserPropertiesToSystemProperties default-value="true"/>
  <redirectTestOutputToFile default-value="false">${maven.test.redirectTestOutputToFile}</redirectTestOutputToFile>
  <reportFormat default-value="brief">${surefire.reportFormat}</reportFormat>
  <reportNameSuffix default-value="">${surefire.reportNameSuffix}</reportNameSuffix>
  <reportsDirectory default-value="${project.build.directory}/surefire-reports"/>
  <rerunFailingTestsCount default-value="0">${surefire.rerunFailingTestsCount}</rerunFailingTestsCount>
  <reuseForks default-value="true">${reuseForks}</reuseForks>
  <runOrder default-value="filesystem">${surefire.runOrder}</runOrder>
  <runOrderRandomSeed>${surefire.runOrder.random.seed}</runOrderRandomSeed>
  <session default-value="${session}"/>
  <shutdown default-value="exit">${surefire.shutdown}</shutdown>
  <skip default-value="false">${maven.test.skip}</skip>
  <skipAfterFailureCount default-value="0">${surefire.skipAfterFailureCount}</skipAfterFailureCount>
  <skipExec>${maven.test.skip.exec}</skipExec>
  <skipTests default-value="false">${skipTests}</skipTests>
  <suiteXmlFiles>${surefire.suiteXmlFiles}</suiteXmlFiles>
  <systemPropertiesFile>${surefire.systemPropertiesFile}</systemPropertiesFile>
  <tempDir default-value="surefire">${tempDir}</tempDir>
  <test>${test}</test>
  <testClassesDirectory default-value="${project.build.testOutputDirectory}"/>
  <testFailureIgnore default-value="false">${maven.test.failure.ignore}</testFailureIgnore>
  <testNGArtifactName default-value="org.testng:testng">${testNGArtifactName}</testNGArtifactName>
  <testSourceDirectory default-value="${project.build.testSourceDirectory}"/>
  <threadCount>${threadCount}</threadCount>
  <threadCountClasses default-value="0">${threadCountClasses}</threadCountClasses>
  <threadCountMethods default-value="0">${threadCountMethods}</threadCountMethods>
  <threadCountSuites default-value="0">${threadCountSuites}</threadCountSuites>
  <trimStackTrace default-value="false">${trimStackTrace}</trimStackTrace>
  <useFile default-value="true">${surefire.useFile}</useFile>
  <useManifestOnlyJar default-value="true">${surefire.useManifestOnlyJar}</useManifestOnlyJar>
  <useModulePath default-value="true">${surefire.useModulePath}</useModulePath>
  <useSystemClassLoader default-value="true">${surefire.useSystemClassLoader}</useSystemClassLoader>
  <useUnlimitedThreads default-value="false">${useUnlimitedThreads}</useUnlimitedThreads>
  <workingDirectory>${basedir}</workingDirectory>
</configuration>
[DEBUG] =======================================================================
[DEBUG] Using mirror maven-default-http-blocker (http://0.0.0.0/) for apache.snapshots (http://repository.apache.org/snapshots).
[DEBUG] Using mirror maven-default-http-blocker (http://0.0.0.0/) for apache.snapshots (http://people.apache.org/repo/m2-snapshot-repository).
[DEBUG] Using mirror maven-default-http-blocker (http://0.0.0.0/) for vaadin-snapshots (http://oss.sonatype.org/content/repositories/vaadin-snapshots/).
[DEBUG] Using mirror maven-default-http-blocker (http://0.0.0.0/) for vaadin-releases (http://oss.sonatype.org/content/repositories/vaadin-releases/).
[DEBUG] Dependency collection stats {ConflictMarker.analyzeTime=2243000, ConflictMarker.markTime=389300, ConflictMarker.nodeCount=661, ConflictIdSorter.graphTime=1660100, ConflictIdSorter.topsortTime=1134000, ConflictIdSorter.conflictIdCount=208, ConflictIdSorter.conflictIdCycleCount=0, ConflictResolver.totalTime=13704900, ConflictResolver.conflictItemCount=472, DfDependencyCollector.collectTime=793230200, DfDependencyCollector.transformTime=22028600}
[DEBUG] pse.nebula:platform-core:jar:0.0.1-SNAPSHOT
[DEBUG]    org.springframework.boot:spring-boot-starter-webflux:jar:3.4.2:compile
[DEBUG]       org.springframework.boot:spring-boot-starter:jar:3.4.2:compile (version managed from 3.4.2)
[DEBUG]          org.springframework.boot:spring-boot:jar:3.4.2:compile (version managed from 3.4.2)
[DEBUG]          org.springframework.boot:spring-boot-autoconfigure:jar:3.4.2:compile (version managed from 3.4.2)
[DEBUG]          org.springframework.boot:spring-boot-starter-logging:jar:3.4.2:compile (version managed from 3.4.2)
[DEBUG]             ch.qos.logback:logback-classic:jar:1.5.16:compile (version managed from 1.5.16)
[DEBUG]                ch.qos.logback:logback-core:jar:1.5.16:compile (version managed from 1.5.16)
[DEBUG]             org.apache.logging.log4j:log4j-to-slf4j:jar:2.24.3:compile (version managed from 2.24.3)
[DEBUG]                org.apache.logging.log4j:log4j-api:jar:2.24.3:compile (version managed from 2.24.3)
[DEBUG]             org.slf4j:jul-to-slf4j:jar:2.0.16:compile (version managed from 2.0.16)
[DEBUG]          jakarta.annotation:jakarta.annotation-api:jar:2.1.1:compile (version managed from 2.1.1)
[DEBUG]       org.springframework.boot:spring-boot-starter-json:jar:3.4.2:compile (version managed from 3.4.2)
[DEBUG]          com.fasterxml.jackson.core:jackson-databind:jar:2.18.2:compile (version managed from 2.18.2)
[DEBUG]          com.fasterxml.jackson.datatype:jackson-datatype-jdk8:jar:2.18.2:compile (version managed from 2.18.2)
[DEBUG]          com.fasterxml.jackson.datatype:jackson-datatype-jsr310:jar:2.18.2:compile (version managed from 2.18.2)
[DEBUG]          com.fasterxml.jackson.module:jackson-module-parameter-names:jar:2.18.2:compile (version managed from 2.18.2)
[DEBUG]       org.springframework.boot:spring-boot-starter-reactor-netty:jar:3.4.2:compile (version managed from 3.4.2)
[DEBUG]          io.projectreactor.netty:reactor-netty-http:jar:1.2.2:compile (version managed from 1.2.2)
[DEBUG]             io.netty:netty-codec-http:jar:4.1.130.Final:compile (version managed from 4.1.116.Final)
[DEBUG]                io.netty:netty-common:jar:4.1.130.Final:compile (version managed from 4.1.130.Final)
[DEBUG]                io.netty:netty-buffer:jar:4.1.130.Final:compile (version managed from 4.1.130.Final)
[DEBUG]                io.netty:netty-transport:jar:4.1.130.Final:compile (version managed from 4.1.130.Final)
[DEBUG]                io.netty:netty-codec:jar:4.1.130.Final:compile (version managed from 4.1.130.Final)
[DEBUG]                io.netty:netty-handler:jar:4.1.130.Final:compile (version managed from 4.1.130.Final)
[DEBUG]             io.netty:netty-codec-http2:jar:4.1.130.Final:compile (version managed from 4.1.116.Final)
[DEBUG]             io.netty:netty-resolver-dns:jar:4.1.130.Final:compile (version managed from 4.1.116.Final)
[DEBUG]                io.netty:netty-resolver:jar:4.1.130.Final:compile (version managed from 4.1.130.Final)
[DEBUG]                io.netty:netty-codec-dns:jar:4.1.130.Final:compile (version managed from 4.1.130.Final)
[DEBUG]             io.netty:netty-resolver-dns-native-macos:jar:osx-x86_64:4.1.130.Final:compile (version managed from 4.1.116.Final)
[DEBUG]                io.netty:netty-resolver-dns-classes-macos:jar:4.1.130.Final:compile (version managed from 4.1.130.Final)
[DEBUG]             io.netty:netty-transport-native-epoll:jar:linux-x86_64:4.1.130.Final:compile (version managed from 4.1.116.Final)
[DEBUG]                io.netty:netty-transport-native-unix-common:jar:4.1.130.Final:compile (version managed from 4.1.130.Final)
[DEBUG]                io.netty:netty-transport-classes-epoll:jar:4.1.130.Final:compile (version managed from 4.1.130.Final)
[DEBUG]             io.projectreactor.netty:reactor-netty-core:jar:1.2.2:compile (version managed from 1.2.2)
[DEBUG]                io.netty:netty-handler-proxy:jar:4.1.130.Final:compile (version managed from 4.1.116.Final)
[DEBUG]                   io.netty:netty-codec-socks:jar:4.1.130.Final:compile (version managed from 4.1.130.Final)
[DEBUG]       org.springframework:spring-web:jar:6.2.2:compile (version managed from 6.2.2)
[DEBUG]          org.springframework:spring-beans:jar:6.2.2:compile (version managed from 6.2.2)
[DEBUG]       org.springframework:spring-webflux:jar:6.2.2:compile (version managed from 6.2.2)
[DEBUG]    org.springframework.boot:spring-boot-starter-validation:jar:3.4.2:compile
[DEBUG]       org.apache.tomcat.embed:tomcat-embed-el:jar:10.1.34:compile (version managed from 10.1.34)
[DEBUG]       org.hibernate.validator:hibernate-validator:jar:8.0.2.Final:compile (version managed from 8.0.2.Final)
[DEBUG]          jakarta.validation:jakarta.validation-api:jar:3.0.2:compile (version managed from 3.0.2)
[DEBUG]          org.jboss.logging:jboss-logging:jar:3.6.1.Final:compile (version managed from 3.4.3.Final)
[DEBUG]          com.fasterxml:classmate:jar:1.7.0:compile (version managed from 1.5.1)
[DEBUG]    org.springframework.boot:spring-boot-starter-actuator:jar:3.4.2:compile
[DEBUG]       org.springframework.boot:spring-boot-actuator-autoconfigure:jar:3.4.2:compile (version managed from 3.4.2)
[DEBUG]          org.springframework.boot:spring-boot-actuator:jar:3.4.2:compile (version managed from 3.4.2)
[DEBUG]       io.micrometer:micrometer-observation:jar:1.14.3:compile (version managed from 1.14.3)
[DEBUG]          io.micrometer:micrometer-commons:jar:1.14.3:compile (version managed from 1.14.3)
[DEBUG]       io.micrometer:micrometer-jakarta9:jar:1.14.3:compile (version managed from 1.14.3)
[DEBUG]          io.micrometer:micrometer-core:jar:1.14.3:compile (version managed from 1.14.3)
[DEBUG]             org.hdrhistogram:HdrHistogram:jar:2.2.2:runtime
[DEBUG]             org.latencyutils:LatencyUtils:jar:2.0.3:runtime
[DEBUG]    org.springframework.cloud:spring-cloud-starter-gateway:jar:4.2.0:compile
[DEBUG]       org.springframework.cloud:spring-cloud-starter:jar:4.2.0:compile (version managed from 4.2.0)
[DEBUG]          org.springframework.cloud:spring-cloud-context:jar:4.2.0:compile (version managed from 4.2.0)
[DEBUG]          org.springframework.cloud:spring-cloud-commons:jar:4.2.0:compile (version managed from 4.2.0)
[DEBUG]          org.bouncycastle:bcprov-jdk18on:jar:1.78.1:compile
[DEBUG]       org.springframework.cloud:spring-cloud-gateway-server:jar:4.2.0:compile (version managed from 4.2.0)
[DEBUG]          io.projectreactor.addons:reactor-extra:jar:3.5.2:compile (version managed from 3.5.2)
[DEBUG]    org.springframework.cloud:spring-cloud-starter-netflix-eureka-server:jar:4.2.0:compile
[DEBUG]       org.springframework.cloud:spring-cloud-netflix-eureka-server:jar:4.2.0:compile (version managed from 4.2.0)
[DEBUG]          org.springframework.boot:spring-boot-starter-freemarker:jar:3.4.2:compile (version managed from 3.4.0)
[DEBUG]             org.freemarker:freemarker:jar:2.3.34:compile (version managed from 2.3.34)
[DEBUG]             org.springframework:spring-context-support:jar:6.2.2:compile (version managed from 6.2.2)
[DEBUG]          org.springframework.cloud:spring-cloud-netflix-eureka-client:jar:4.2.0:compile (version managed from 4.2.0)
[DEBUG]             com.netflix.eureka:eureka-client:jar:2.0.4:compile (version managed from 2.0.4) (exclusions managed from [com.netflix.archaius:archaius-core:*:*, com.github.vlsi.compactmap:compactmap:*:*, jakarta.servlet:jakarta.servlet-api:*:*, javax.servlet:servlet-api:*:*, commons-logging:commons-logging:*:*, com.google.code.findbugs:jsr305:*:*, com.google.code.findbugs:annotations:*:*, org.glassfish.jersey.core:jersey-client:*:*])
[DEBUG]                com.thoughtworks.xstream:xstream:jar:1.4.20:compile
[DEBUG]                   io.github.x-stream:mxparser:jar:1.2.2:compile
[DEBUG]                      xmlpull:xmlpull:jar:1.1.3.1:compile
[DEBUG]                com.netflix.spectator:spectator-api:jar:1.7.3:compile
[DEBUG]                commons-configuration:commons-configuration:jar:1.10:compile
[DEBUG]                   commons-lang:commons-lang:jar:2.6:compile
[DEBUG]                com.netflix.netflix-commons:netflix-eventbus:jar:0.3.0:runtime
[DEBUG]                   com.netflix.netflix-commons:netflix-infix:jar:0.3.0:runtime
[DEBUG]                      commons-jxpath:commons-jxpath:jar:1.3:runtime
[DEBUG]                      joda-time:joda-time:jar:2.3:runtime
[DEBUG]                      org.antlr:antlr-runtime:jar:3.4:runtime
[DEBUG]                         org.antlr:stringtemplate:jar:3.2.1:runtime
[DEBUG]                         antlr:antlr:jar:2.7.7:runtime
[DEBUG]                      com.google.code.gson:gson:jar:2.11.0:runtime (version managed from 2.1)
[DEBUG]                   com.netflix.servo:servo-core:jar:0.5.3:runtime
[DEBUG]                   org.apache.commons:commons-math:jar:2.2:runtime
[DEBUG]                javax.annotation:javax.annotation-api:jar:1.2:runtime
[DEBUG]                org.codehaus.jettison:jettison:jar:1.5.4:runtime
[DEBUG]          com.netflix.eureka:eureka-client-jersey3:jar:2.0.4:compile (version managed from 2.0.4) (exclusions managed from [aopalliance:aopalliance:*:*])
[DEBUG]             org.glassfish.jersey.connectors:jersey-apache-connector:jar:3.1.10:compile (version managed from 3.0.5)
[DEBUG]          com.netflix.eureka:eureka-core-jersey3:jar:2.0.4:compile (version managed from 2.0.4)
[DEBUG]             com.netflix.eureka:eureka-core:jar:2.0.4:compile (version managed from 2.0.4) (exclusions managed from [*:jsr311-api:*:*, com.sun.jersey:*:*:*, com.sun.jersey.contribs:*:*:*])
[DEBUG]                com.google.guava:guava:jar:33.3.1-jre:runtime (version managed from 33.0.0-jre)
[DEBUG]                   com.google.guava:failureaccess:jar:1.0.2:runtime
[DEBUG]                   com.google.guava:listenablefuture:jar:9999.0-empty-to-avoid-conflict-with-guava:runtime
[DEBUG]                   com.google.errorprone:error_prone_annotations:jar:2.28.0:runtime
[DEBUG]                   com.google.j2objc:j2objc-annotations:jar:3.0.0:runtime
[DEBUG]          org.glassfish.jersey.containers:jersey-container-servlet:jar:3.1.10:compile (version managed from 3.1.9)
[DEBUG]             org.glassfish.jersey.containers:jersey-container-servlet-core:jar:3.1.10:compile (version managed from 3.1.10)
[DEBUG]             org.glassfish.jersey.core:jersey-common:jar:3.1.10:compile (version managed from 3.1.10)
[DEBUG]                org.glassfish.hk2:osgi-resource-locator:jar:1.0.3:compile
[DEBUG]             jakarta.ws.rs:jakarta.ws.rs-api:jar:3.1.0:compile (version managed from 3.1.0)
[DEBUG]          org.glassfish.jersey.core:jersey-server:jar:3.1.10:compile (version managed from 3.1.9)
[DEBUG]          org.glassfish.jersey.core:jersey-client:jar:3.1.10:compile (version managed from 3.1.9)
[DEBUG]          org.glassfish.jersey.inject:jersey-hk2:jar:3.1.10:compile (version managed from 3.1.9)
[DEBUG]             org.glassfish.hk2:hk2-locator:jar:3.0.6:compile
[DEBUG]                org.glassfish.hk2.external:aopalliance-repackaged:jar:3.0.6:compile
[DEBUG]                org.glassfish.hk2:hk2-utils:jar:3.0.6:compile
[DEBUG]             org.javassist:javassist:jar:3.30.2-GA:compile
[DEBUG]          org.glassfish.hk2:spring-bridge:jar:3.1.1:compile
[DEBUG]             org.glassfish.hk2:hk2-api:jar:3.1.1:compile
[DEBUG]          com.fasterxml.jackson.dataformat:jackson-dataformat-xml:jar:2.18.2:compile (version managed from 2.18.1)
[DEBUG]             org.codehaus.woodstox:stax2-api:jar:4.2.2:compile
[DEBUG]             com.fasterxml.woodstox:woodstox-core:jar:7.0.0:compile
[DEBUG]       org.springframework.cloud:spring-cloud-starter-loadbalancer:jar:4.2.0:compile (version managed from 4.2.0)
[DEBUG]          org.springframework.cloud:spring-cloud-loadbalancer:jar:4.2.0:compile (version managed from 4.2.0)
[DEBUG]          org.springframework.boot:spring-boot-starter-cache:jar:3.4.2:compile (version managed from 3.4.0)
[DEBUG]          com.stoyanr:evictor:jar:1.0.0:compile
[DEBUG]       org.glassfish.jaxb:jaxb-runtime:jar:4.0.5:compile (version managed from 4.0.5)
[DEBUG]          org.glassfish.jaxb:jaxb-core:jar:4.0.5:compile (version managed from 4.0.5)
[DEBUG]             org.eclipse.angus:angus-activation:jar:2.0.2:runtime (version managed from 2.0.2)
[DEBUG]             org.glassfish.jaxb:txw2:jar:4.0.5:compile (version managed from 4.0.5)
[DEBUG]             com.sun.istack:istack-commons-runtime:jar:4.1.2:compile (version managed from 4.1.2)
[DEBUG]    org.springframework.cloud:spring-cloud-config-server:jar:4.2.0:compile
[DEBUG]       org.springframework.cloud:spring-cloud-config-client:jar:4.2.0:compile (version managed from 4.2.0)
[DEBUG]          com.fasterxml.jackson.core:jackson-annotations:jar:2.18.2:compile (version managed from 2.18.1)
[DEBUG]       org.springframework.boot:spring-boot-starter-web:jar:3.4.2:compile (version managed from 3.4.0)
[DEBUG]          org.springframework.boot:spring-boot-starter-tomcat:jar:3.4.2:compile (version managed from 3.4.2)
[DEBUG]             org.apache.tomcat.embed:tomcat-embed-core:jar:10.1.34:compile (version managed from 10.1.34)
[DEBUG]             org.apache.tomcat.embed:tomcat-embed-websocket:jar:10.1.34:compile (version managed from 10.1.34)
[DEBUG]          org.springframework:spring-webmvc:jar:6.2.2:compile (version managed from 6.2.2)
[DEBUG]             org.springframework:spring-expression:jar:6.2.2:compile (version managed from 6.2.2)
[DEBUG]       org.springframework.security:spring-security-crypto:jar:6.4.2:compile (version managed from 6.4.1)
[DEBUG]       org.apache.httpcomponents.client5:httpclient5:jar:5.4.1:compile (version managed from 5.4.1)
[DEBUG]          org.apache.httpcomponents.core5:httpcore5:jar:5.3.2:compile (version managed from 5.3.1)
[DEBUG]          org.apache.httpcomponents.core5:httpcore5-h2:jar:5.3.2:compile (version managed from 5.3.1)
[DEBUG]          org.slf4j:slf4j-api:jar:2.0.16:compile (version managed from 1.7.36)
[DEBUG]       org.eclipse.jgit:org.eclipse.jgit:jar:6.10.0.202406032230-r:compile (version managed from 6.10.0.202406032230-r)
[DEBUG]          com.googlecode.javaewah:JavaEWAH:jar:1.2.3:compile
[DEBUG]          commons-codec:commons-codec:jar:1.17.2:compile (version managed from 1.17.0)
[DEBUG]       org.eclipse.jgit:org.eclipse.jgit.http.apache:jar:6.10.0.202406032230-r:compile (version managed from 6.10.0.202406032230-r)
[DEBUG]          org.apache.httpcomponents:httpclient:jar:4.5.14:compile
[DEBUG]             commons-logging:commons-logging:jar:1.2:compile
[DEBUG]          org.apache.httpcomponents:httpcore:jar:4.4.16:compile (version managed from 4.4.16)
[DEBUG]       org.eclipse.jgit:org.eclipse.jgit.ssh.apache:jar:6.10.0.202406032230-r:compile (version managed from 6.10.0.202406032230-r)
[DEBUG]          org.apache.sshd:sshd-osgi:jar:2.12.1:compile
[DEBUG]             org.slf4j:jcl-over-slf4j:jar:2.0.16:compile (version managed from 1.7.32)
[DEBUG]          org.apache.sshd:sshd-sftp:jar:2.12.1:compile
[DEBUG]          net.i2p.crypto:eddsa:jar:0.3.0:compile
[DEBUG]       org.yaml:snakeyaml:jar:2.3:compile (version managed from 2.3)
[DEBUG]       com.fasterxml.jackson.dataformat:jackson-dataformat-yaml:jar:2.18.2:compile (version managed from 2.18.1)
[DEBUG]          com.fasterxml.jackson.core:jackson-core:jar:2.18.2:compile (version managed from 2.18.2)
[DEBUG]    org.springframework.boot:spring-boot-starter-data-jpa:jar:3.4.2:compile
[DEBUG]       org.springframework.boot:spring-boot-starter-jdbc:jar:3.4.2:compile (version managed from 3.4.2)
[DEBUG]          com.zaxxer:HikariCP:jar:5.1.0:compile (version managed from 5.1.0)
[DEBUG]          org.springframework:spring-jdbc:jar:6.2.2:compile (version managed from 6.2.2)
[DEBUG]       org.hibernate.orm:hibernate-core:jar:6.6.5.Final:compile (version managed from 6.6.5.Final)
[DEBUG]          jakarta.persistence:jakarta.persistence-api:jar:3.1.0:compile (version managed from 3.1.0)
[DEBUG]          jakarta.transaction:jakarta.transaction-api:jar:2.0.1:compile (version managed from 2.0.1)
[DEBUG]          org.hibernate.common:hibernate-commons-annotations:jar:7.0.3.Final:runtime
[DEBUG]          io.smallrye:jandex:jar:3.2.0:runtime
[DEBUG]          net.bytebuddy:byte-buddy:jar:1.15.11:runtime (version managed from 1.15.11)
[DEBUG]          jakarta.inject:jakarta.inject-api:jar:2.0.1:compile (version managed from 2.0.1)
[DEBUG]          org.antlr:antlr4-runtime:jar:4.13.0:compile
[DEBUG]       org.springframework.data:spring-data-jpa:jar:3.4.2:compile (version managed from 3.4.2)
[DEBUG]          org.springframework.data:spring-data-commons:jar:3.4.2:compile (version managed from 3.4.2)
[DEBUG]          org.springframework:spring-orm:jar:6.2.2:compile (version managed from 6.2.2)
[DEBUG]          org.springframework:spring-context:jar:6.2.2:compile (version managed from 6.2.2)
[DEBUG]          org.springframework:spring-aop:jar:6.2.2:compile (version managed from 6.2.2)
[DEBUG]          org.springframework:spring-tx:jar:6.2.2:compile (version managed from 6.2.2)
[DEBUG]       org.springframework:spring-aspects:jar:6.2.2:compile (version managed from 6.2.2)
[DEBUG]          org.aspectj:aspectjweaver:jar:1.9.22.1:compile (version managed from 1.9.22.1)
[DEBUG]    org.postgresql:postgresql:jar:42.7.7:runtime
[DEBUG]       org.checkerframework:checker-qual:jar:3.49.3:runtime
[DEBUG]    com.h2database:h2:jar:2.3.232:test
[DEBUG]    org.projectlombok:lombok:jar:1.18.36:compile (optional)
[DEBUG]    org.springframework.boot:spring-boot-configuration-processor:jar:3.4.2:compile (optional)
[DEBUG]    org.springframework.boot:spring-boot-starter-test:jar:3.4.2:test
[DEBUG]       org.springframework.boot:spring-boot-test:jar:3.4.2:test (version managed from 3.4.2)
[DEBUG]       org.springframework.boot:spring-boot-test-autoconfigure:jar:3.4.2:test (version managed from 3.4.2)
[DEBUG]       com.jayway.jsonpath:json-path:jar:2.9.0:test (version managed from 2.9.0)
[DEBUG]       jakarta.xml.bind:jakarta.xml.bind-api:jar:4.0.2:compile (version managed from 4.0.2)
[DEBUG]          jakarta.activation:jakarta.activation-api:jar:2.1.3:compile (version managed from 2.1.3)
[DEBUG]       net.minidev:json-smart:jar:2.5.1:test (version managed from 2.5.1)
[DEBUG]          net.minidev:accessors-smart:jar:2.5.1:test
[DEBUG]             org.ow2.asm:asm:jar:9.6:test
[DEBUG]       org.assertj:assertj-core:jar:3.26.3:test (version managed from 3.26.3)
[DEBUG]       org.awaitility:awaitility:jar:4.2.2:test (version managed from 4.2.2)
[DEBUG]       org.hamcrest:hamcrest:jar:2.2:test (version managed from 2.2)
[DEBUG]       org.junit.jupiter:junit-jupiter:jar:5.11.4:test (version managed from 5.11.4)
[DEBUG]          org.junit.jupiter:junit-jupiter-api:jar:5.11.4:test (version managed from 5.11.4)
[DEBUG]             org.opentest4j:opentest4j:jar:1.3.0:test
[DEBUG]             org.junit.platform:junit-platform-commons:jar:1.11.4:test (version managed from 1.11.4)
[DEBUG]             org.apiguardian:apiguardian-api:jar:1.1.2:test
[DEBUG]          org.junit.jupiter:junit-jupiter-params:jar:5.11.4:test (version managed from 5.11.4)
[DEBUG]          org.junit.jupiter:junit-jupiter-engine:jar:5.11.4:test (version managed from 5.11.4)
[DEBUG]             org.junit.platform:junit-platform-engine:jar:1.11.4:test (version managed from 1.11.4)
[DEBUG]       org.mockito:mockito-core:jar:5.14.2:test (version managed from 5.14.2)
[DEBUG]          net.bytebuddy:byte-buddy-agent:jar:1.15.11:test (version managed from 1.15.4)
[DEBUG]          org.objenesis:objenesis:jar:3.3:test
[DEBUG]       org.mockito:mockito-junit-jupiter:jar:5.14.2:test (version managed from 5.14.2)
[DEBUG]       org.skyscreamer:jsonassert:jar:1.5.3:test (version managed from 1.5.3)
[DEBUG]          com.vaadin.external.google:android-json:jar:0.0.20131108.vaadin1:test
[DEBUG]       org.springframework:spring-core:jar:6.2.2:compile (version managed from 6.2.2)
[DEBUG]          org.springframework:spring-jcl:jar:6.2.2:compile (version managed from 6.2.2)
[DEBUG]       org.springframework:spring-test:jar:6.2.2:test (version managed from 6.2.2)
[DEBUG]       org.xmlunit:xmlunit-core:jar:2.10.0:test (version managed from 2.10.0)
[DEBUG]    io.projectreactor:reactor-test:jar:3.7.2:test
[DEBUG]       io.projectreactor:reactor-core:jar:3.7.2:compile (version managed from 3.7.2)
[DEBUG]          org.reactivestreams:reactive-streams:jar:1.0.4:compile (version managed from 1.0.4)
[INFO] 
[INFO] --- clean:3.4.0:clean (default-clean) @ platform-core ---
[DEBUG] Dependency collection stats {ConflictMarker.analyzeTime=68400, ConflictMarker.markTime=14600, ConflictMarker.nodeCount=2, ConflictIdSorter.graphTime=39500, ConflictIdSorter.topsortTime=6900, ConflictIdSorter.conflictIdCount=2, ConflictIdSorter.conflictIdCycleCount=0, ConflictResolver.totalTime=89100, ConflictResolver.conflictItemCount=2, DfDependencyCollector.collectTime=6001000, DfDependencyCollector.transformTime=229700}
[DEBUG] org.apache.maven.plugins:maven-clean-plugin:jar:3.4.0
[DEBUG]    org.codehaus.plexus:plexus-utils:jar:4.0.1:compile
[DEBUG] Created new class realm plugin>org.apache.maven.plugins:maven-clean-plugin:3.4.0
[DEBUG] Importing foreign packages into class realm plugin>org.apache.maven.plugins:maven-clean-plugin:3.4.0
[DEBUG]   Imported:  < maven.api
[DEBUG] Populating class realm plugin>org.apache.maven.plugins:maven-clean-plugin:3.4.0
[DEBUG]   Included: org.apache.maven.plugins:maven-clean-plugin:jar:3.4.0
[DEBUG]   Included: org.codehaus.plexus:plexus-utils:jar:4.0.1
[DEBUG] Loading mojo org.apache.maven.plugins:maven-clean-plugin:3.4.0:clean from plugin realm ClassRealm[plugin>org.apache.maven.plugins:maven-clean-plugin:3.4.0, parent: jdk.internal.loader.ClassLoaders$AppClassLoader@70dea4e]
[DEBUG] Configuring mojo execution 'org.apache.maven.plugins:maven-clean-plugin:3.4.0:clean:default-clean' with basic configurator -->
[DEBUG]   (f) directory = E:\backend\nebula\services\platform-core\target
[DEBUG]   (f) excludeDefaultDirectories = false
[DEBUG]   (f) failOnError = true
[DEBUG]   (f) fast = false
[DEBUG]   (f) fastMode = background
[DEBUG]   (f) followSymLinks = false
[DEBUG]   (f) outputDirectory = E:\backend\nebula\services\platform-core\target\classes
[DEBUG]   (f) reportDirectory = E:\backend\nebula\services\platform-core\target\classes
[DEBUG]   (f) retryOnError = true
[DEBUG]   (f) session = org.apache.maven.execution.MavenSession@673c4f6e
[DEBUG]   (f) skip = false
[DEBUG]   (f) testOutputDirectory = E:\backend\nebula\services\platform-core\target\test-classes
[DEBUG] -- end configuration --
[INFO] Deleting E:\backend\nebula\services\platform-core\target
[INFO] Deleting file E:\backend\nebula\services\platform-core\target\test-classes\pse\nebula\platformcore\PlatformCoreApplicationTests.class
[INFO] Deleting directory E:\backend\nebula\services\platform-core\target\test-classes\pse\nebula\platformcore
[INFO] Deleting directory E:\backend\nebula\services\platform-core\target\test-classes\pse\nebula
[INFO] Deleting directory E:\backend\nebula\services\platform-core\target\test-classes\pse
[INFO] Deleting file E:\backend\nebula\services\platform-core\target\test-classes\application-test.yaml
[INFO] Deleting directory E:\backend\nebula\services\platform-core\target\test-classes
[INFO] Deleting file E:\backend\nebula\services\platform-core\target\surefire-reports\TEST-pse.nebula.platformcore.PlatformCoreApplicationTests.xml
[INFO] Deleting file E:\backend\nebula\services\platform-core\target\surefire-reports\pse.nebula.platformcore.PlatformCoreApplicationTests.txt
[INFO] Deleting file E:\backend\nebula\services\platform-core\target\surefire-reports\2026-01-03T11-53-20_394.dumpstream
[INFO] Deleting file E:\backend\nebula\services\platform-core\target\surefire-reports\2026-01-03T11-52-57_610.dumpstream
[INFO] Deleting file E:\backend\nebula\services\platform-core\target\surefire-reports\2026-01-03T11-52-34_480.dumpstream
[INFO] Deleting file E:\backend\nebula\services\platform-core\target\surefire-reports\2026-01-03T11-52-16_980.dumpstream
[INFO] Deleting file E:\backend\nebula\services\platform-core\target\surefire-reports\2026-01-03T11-51-49_579.dumpstream
[INFO] Deleting directory E:\backend\nebula\services\platform-core\target\surefire-reports
[INFO] Deleting file E:\backend\nebula\services\platform-core\target\maven-status\maven-compiler-plugin\testCompile\default-testCompile\inputFiles.lst
[INFO] Deleting file E:\backend\nebula\services\platform-core\target\maven-status\maven-compiler-plugin\testCompile\default-testCompile\createdFiles.lst
[INFO] Deleting directory E:\backend\nebula\services\platform-core\target\maven-status\maven-compiler-plugin\testCompile\default-testCompile
[INFO] Deleting directory E:\backend\nebula\services\platform-core\target\maven-status\maven-compiler-plugin\testCompile
[INFO] Deleting file E:\backend\nebula\services\platform-core\target\maven-status\maven-compiler-plugin\compile\default-compile\inputFiles.lst
[INFO] Deleting file E:\backend\nebula\services\platform-core\target\maven-status\maven-compiler-plugin\compile\default-compile\createdFiles.lst
[INFO] Deleting directory E:\backend\nebula\services\platform-core\target\maven-status\maven-compiler-plugin\compile\default-compile
[INFO] Deleting directory E:\backend\nebula\services\platform-core\target\maven-status\maven-compiler-plugin\compile
[INFO] Deleting directory E:\backend\nebula\services\platform-core\target\maven-status\maven-compiler-plugin
[INFO] Deleting directory E:\backend\nebula\services\platform-core\target\maven-status
[INFO] Deleting directory E:\backend\nebula\services\platform-core\target\generated-test-sources\test-annotations
[INFO] Deleting directory E:\backend\nebula\services\platform-core\target\generated-test-sources
[INFO] Deleting directory E:\backend\nebula\services\platform-core\target\generated-sources\annotations
[INFO] Deleting directory E:\backend\nebula\services\platform-core\target\generated-sources
[INFO] Deleting file E:\backend\nebula\services\platform-core\target\classes\pse\nebula\platformcore\PlatformCoreApplication.class
[INFO] Deleting file E:\backend\nebula\services\platform-core\target\classes\pse\nebula\platformcore\infrastructure\config\PlatformCoreConfig.class
[INFO] Deleting directory E:\backend\nebula\services\platform-core\target\classes\pse\nebula\platformcore\infrastructure\config
[INFO] Deleting file E:\backend\nebula\services\platform-core\target\classes\pse\nebula\platformcore\infrastructure\adapter\web\exception\GlobalExceptionHandler.class
[INFO] Deleting directory E:\backend\nebula\services\platform-core\target\classes\pse\nebula\platformcore\infrastructure\adapter\web\exception
[INFO] Deleting file E:\backend\nebula\services\platform-core\target\classes\pse\nebula\platformcore\infrastructure\adapter\web\controller\HealthController.class
[INFO] Deleting directory E:\backend\nebula\services\platform-core\target\classes\pse\nebula\platformcore\infrastructure\adapter\web\controller
[INFO] Deleting directory E:\backend\nebula\services\platform-core\target\classes\pse\nebula\platformcore\infrastructure\adapter\web
[INFO] Deleting file E:\backend\nebula\services\platform-core\target\classes\pse\nebula\platformcore\infrastructure\adapter\persistence\package-info.class
[INFO] Deleting directory E:\backend\nebula\services\platform-core\target\classes\pse\nebula\platformcore\infrastructure\adapter\persistence
[INFO] Deleting directory E:\backend\nebula\services\platform-core\target\classes\pse\nebula\platformcore\infrastructure\adapter
[INFO] Deleting directory E:\backend\nebula\services\platform-core\target\classes\pse\nebula\platformcore\infrastructure
[INFO] Deleting file E:\backend\nebula\services\platform-core\target\classes\pse\nebula\platformcore\domain\port\outbound\package-info.class
[INFO] Deleting directory E:\backend\nebula\services\platform-core\target\classes\pse\nebula\platformcore\domain\port\outbound
[INFO] Deleting file E:\backend\nebula\services\platform-core\target\classes\pse\nebula\platformcore\domain\port\inbound\package-info.class
[INFO] Deleting directory E:\backend\nebula\services\platform-core\target\classes\pse\nebula\platformcore\domain\port\inbound
[INFO] Deleting directory E:\backend\nebula\services\platform-core\target\classes\pse\nebula\platformcore\domain\port
[INFO] Deleting file E:\backend\nebula\services\platform-core\target\classes\pse\nebula\platformcore\domain\model\package-info.class
[INFO] Deleting directory E:\backend\nebula\services\platform-core\target\classes\pse\nebula\platformcore\domain\model
[INFO] Deleting file E:\backend\nebula\services\platform-core\target\classes\pse\nebula\platformcore\domain\exception\EntityNotFoundException.class
[INFO] Deleting file E:\backend\nebula\services\platform-core\target\classes\pse\nebula\platformcore\domain\exception\DomainException.class
[INFO] Deleting directory E:\backend\nebula\services\platform-core\target\classes\pse\nebula\platformcore\domain\exception
[INFO] Deleting directory E:\backend\nebula\services\platform-core\target\classes\pse\nebula\platformcore\domain
[INFO] Deleting file E:\backend\nebula\services\platform-core\target\classes\pse\nebula\platformcore\application\service\package-info.class
[INFO] Deleting directory E:\backend\nebula\services\platform-core\target\classes\pse\nebula\platformcore\application\service
[INFO] Deleting directory E:\backend\nebula\services\platform-core\target\classes\pse\nebula\platformcore\application
[INFO] Deleting directory E:\backend\nebula\services\platform-core\target\classes\pse\nebula\platformcore
[INFO] Deleting directory E:\backend\nebula\services\platform-core\target\classes\pse\nebula
[INFO] Deleting directory E:\backend\nebula\services\platform-core\target\classes\pse
[INFO] Deleting file E:\backend\nebula\services\platform-core\target\classes\META-INF\build-info.properties
[INFO] Deleting directory E:\backend\nebula\services\platform-core\target\classes\META-INF
[INFO] Deleting file E:\backend\nebula\services\platform-core\target\classes\application.yaml
[INFO] Deleting directory E:\backend\nebula\services\platform-core\target\classes
[INFO] Deleting directory E:\backend\nebula\services\platform-core\target
[DEBUG] Skipping non-existing directory E:\backend\nebula\services\platform-core\target\classes
[DEBUG] Skipping non-existing directory E:\backend\nebula\services\platform-core\target\test-classes
[DEBUG] Skipping non-existing directory E:\backend\nebula\services\platform-core\target\classes
[INFO] 
[INFO] --- spring-boot:3.4.2:build-info (default) @ platform-core ---
[DEBUG] Dependency collection stats {ConflictMarker.analyzeTime=78300, ConflictMarker.markTime=18300, ConflictMarker.nodeCount=55, ConflictIdSorter.graphTime=48800, ConflictIdSorter.topsortTime=18400, ConflictIdSorter.conflictIdCount=39, ConflictIdSorter.conflictIdCycleCount=0, ConflictResolver.totalTime=599300, ConflictResolver.conflictItemCount=55, DfDependencyCollector.collectTime=57538700, DfDependencyCollector.transformTime=780100}
[DEBUG] org.springframework.boot:spring-boot-maven-plugin:jar:3.4.2
[DEBUG]    org.springframework.boot:spring-boot-buildpack-platform:jar:3.4.2:runtime
[DEBUG]       com.fasterxml.jackson.core:jackson-databind:jar:2.18.2:runtime
[DEBUG]          com.fasterxml.jackson.core:jackson-annotations:jar:2.18.2:runtime
[DEBUG]          com.fasterxml.jackson.core:jackson-core:jar:2.18.2:runtime
[DEBUG]       com.fasterxml.jackson.module:jackson-module-parameter-names:jar:2.18.2:runtime
[DEBUG]       net.java.dev.jna:jna-platform:jar:5.13.0:runtime
[DEBUG]          net.java.dev.jna:jna:jar:5.13.0:runtime
[DEBUG]       org.apache.commons:commons-compress:jar:1.25.0:runtime
[DEBUG]       org.apache.httpcomponents.client5:httpclient5:jar:5.4.1:runtime
[DEBUG]          org.apache.httpcomponents.core5:httpcore5:jar:5.3.1:runtime
[DEBUG]          org.apache.httpcomponents.core5:httpcore5-h2:jar:5.3.1:runtime
[DEBUG]       org.tomlj:tomlj:jar:1.0.0:runtime
[DEBUG]          org.antlr:antlr4-runtime:jar:4.7.2:runtime
[DEBUG]          com.google.code.findbugs:jsr305:jar:3.0.2:runtime
[DEBUG]    org.springframework.boot:spring-boot-loader-tools:jar:3.4.2:runtime
[DEBUG]    org.apache.maven.shared:maven-common-artifact-filters:jar:3.3.2:runtime
[DEBUG]       org.slf4j:slf4j-api:jar:1.7.36:compile
[DEBUG]    org.sonatype.plexus:plexus-build-api:jar:0.0.7:runtime
[DEBUG]    org.springframework:spring-core:jar:6.2.2:runtime
[DEBUG]       org.springframework:spring-jcl:jar:6.2.2:runtime
[DEBUG]    org.springframework:spring-context:jar:6.2.2:runtime
[DEBUG]       org.springframework:spring-aop:jar:6.2.2:runtime
[DEBUG]       org.springframework:spring-beans:jar:6.2.2:runtime
[DEBUG]       org.springframework:spring-expression:jar:6.2.2:runtime
[DEBUG]       io.micrometer:micrometer-observation:jar:1.14.3:runtime
[DEBUG]          io.micrometer:micrometer-commons:jar:1.14.3:runtime
[DEBUG]    org.apache.maven.plugins:maven-shade-plugin:jar:3.5.0:compile (optional)
[DEBUG]       org.codehaus.plexus:plexus-utils:jar:3.5.1:compile (optional)
[DEBUG]       org.ow2.asm:asm:jar:9.5:compile (optional)
[DEBUG]       org.ow2.asm:asm-commons:jar:9.5:compile (optional)
[DEBUG]          org.ow2.asm:asm-tree:jar:9.5:compile (optional)
[DEBUG]       org.jdom:jdom2:jar:2.0.6.1:compile (optional)
[DEBUG]       org.apache.maven.shared:maven-dependency-tree:jar:3.2.1:compile (optional)
[DEBUG]          org.eclipse.aether:aether-util:jar:1.0.0.v20140518:compile (optional)
[DEBUG]             org.eclipse.aether:aether-api:jar:1.0.0.v20140518:compile (optional)
[DEBUG]       commons-io:commons-io:jar:2.13.0:compile (optional)
[DEBUG]       org.vafer:jdependency:jar:2.8.0:compile (optional)
[DEBUG]       org.apache.commons:commons-collections4:jar:4.4:compile (optional)
[DEBUG] Created new class realm plugin>org.springframework.boot:spring-boot-maven-plugin:3.4.2
[DEBUG] Importing foreign packages into class realm plugin>org.springframework.boot:spring-boot-maven-plugin:3.4.2
[DEBUG]   Imported:  < maven.api
[DEBUG] Populating class realm plugin>org.springframework.boot:spring-boot-maven-plugin:3.4.2
[DEBUG]   Included: org.springframework.boot:spring-boot-maven-plugin:jar:3.4.2
[DEBUG]   Included: org.springframework.boot:spring-boot-buildpack-platform:jar:3.4.2
[DEBUG]   Included: com.fasterxml.jackson.core:jackson-databind:jar:2.18.2
[DEBUG]   Included: com.fasterxml.jackson.core:jackson-annotations:jar:2.18.2
[DEBUG]   Included: com.fasterxml.jackson.core:jackson-core:jar:2.18.2
[DEBUG]   Included: com.fasterxml.jackson.module:jackson-module-parameter-names:jar:2.18.2
[DEBUG]   Included: net.java.dev.jna:jna-platform:jar:5.13.0
[DEBUG]   Included: net.java.dev.jna:jna:jar:5.13.0
[DEBUG]   Included: org.apache.commons:commons-compress:jar:1.25.0
[DEBUG]   Included: org.apache.httpcomponents.client5:httpclient5:jar:5.4.1
[DEBUG]   Included: org.apache.httpcomponents.core5:httpcore5:jar:5.3.1
[DEBUG]   Included: org.apache.httpcomponents.core5:httpcore5-h2:jar:5.3.1
[DEBUG]   Included: org.tomlj:tomlj:jar:1.0.0
[DEBUG]   Included: org.antlr:antlr4-runtime:jar:4.7.2
[DEBUG]   Included: com.google.code.findbugs:jsr305:jar:3.0.2
[DEBUG]   Included: org.springframework.boot:spring-boot-loader-tools:jar:3.4.2
[DEBUG]   Included: org.apache.maven.shared:maven-common-artifact-filters:jar:3.3.2
[DEBUG]   Included: org.sonatype.plexus:plexus-build-api:jar:0.0.7
[DEBUG]   Included: org.springframework:spring-core:jar:6.2.2
[DEBUG]   Included: org.springframework:spring-jcl:jar:6.2.2
[DEBUG]   Included: org.springframework:spring-context:jar:6.2.2
[DEBUG]   Included: org.springframework:spring-aop:jar:6.2.2
[DEBUG]   Included: org.springframework:spring-beans:jar:6.2.2
[DEBUG]   Included: org.springframework:spring-expression:jar:6.2.2
[DEBUG]   Included: io.micrometer:micrometer-observation:jar:1.14.3
[DEBUG]   Included: io.micrometer:micrometer-commons:jar:1.14.3
[DEBUG]   Included: org.apache.maven.plugins:maven-shade-plugin:jar:3.5.0
[DEBUG]   Included: org.codehaus.plexus:plexus-utils:jar:3.5.1
[DEBUG]   Included: org.ow2.asm:asm:jar:9.5
[DEBUG]   Included: org.ow2.asm:asm-commons:jar:9.5
[DEBUG]   Included: org.ow2.asm:asm-tree:jar:9.5
[DEBUG]   Included: org.jdom:jdom2:jar:2.0.6.1
[DEBUG]   Included: org.apache.maven.shared:maven-dependency-tree:jar:3.2.1
[DEBUG]   Included: commons-io:commons-io:jar:2.13.0
[DEBUG]   Included: org.vafer:jdependency:jar:2.8.0
[DEBUG]   Included: org.apache.commons:commons-collections4:jar:4.4
[DEBUG] Loading mojo org.springframework.boot:spring-boot-maven-plugin:3.4.2:build-info from plugin realm ClassRealm[plugin>org.springframework.boot:spring-boot-maven-plugin:3.4.2, parent: jdk.internal.loader.ClassLoaders$AppClassLoader@70dea4e]
[DEBUG] Configuring mojo execution 'org.springframework.boot:spring-boot-maven-plugin:3.4.2:build-info:default' with basic configurator -->
[DEBUG]   (f) outputFile = E:\backend\nebula\services\platform-core\target\classes\META-INF\build-info.properties
[DEBUG]   (f) project = MavenProject: pse.nebula:platform-core:0.0.1-SNAPSHOT @ E:\backend\nebula\services\platform-core\pom.xml
[DEBUG]   (f) session = org.apache.maven.execution.MavenSession@673c4f6e
[DEBUG]   (f) skip = false
[DEBUG] -- end configuration --
[INFO] 
[INFO] --- resources:3.3.1:resources (default-resources) @ platform-core ---
[DEBUG] Dependency collection stats {ConflictMarker.analyzeTime=39300, ConflictMarker.markTime=13200, ConflictMarker.nodeCount=13, ConflictIdSorter.graphTime=14400, ConflictIdSorter.topsortTime=12300, ConflictIdSorter.conflictIdCount=9, ConflictIdSorter.conflictIdCycleCount=0, ConflictResolver.totalTime=179000, ConflictResolver.conflictItemCount=13, DfDependencyCollector.collectTime=21808900, DfDependencyCollector.transformTime=273400}
[DEBUG] org.apache.maven.plugins:maven-resources-plugin:jar:3.3.1
[DEBUG]    org.codehaus.plexus:plexus-interpolation:jar:1.26:runtime
[DEBUG]    org.codehaus.plexus:plexus-utils:jar:3.5.1:compile
[DEBUG]    org.apache.maven.shared:maven-filtering:jar:3.3.1:compile
[DEBUG]       javax.inject:javax.inject:jar:1:compile
[DEBUG]       org.slf4j:slf4j-api:jar:1.7.36:compile
[DEBUG]       org.sonatype.plexus:plexus-build-api:jar:0.0.7:compile
[DEBUG]    commons-io:commons-io:jar:2.11.0:compile
[DEBUG]    org.apache.commons:commons-lang3:jar:3.12.0:compile
[DEBUG] Created new class realm plugin>org.apache.maven.plugins:maven-resources-plugin:3.3.1
[DEBUG] Importing foreign packages into class realm plugin>org.apache.maven.plugins:maven-resources-plugin:3.3.1
[DEBUG]   Imported:  < maven.api
[DEBUG] Populating class realm plugin>org.apache.maven.plugins:maven-resources-plugin:3.3.1
[DEBUG]   Included: org.apache.maven.plugins:maven-resources-plugin:jar:3.3.1
[DEBUG]   Included: org.codehaus.plexus:plexus-interpolation:jar:1.26
[DEBUG]   Included: org.codehaus.plexus:plexus-utils:jar:3.5.1
[DEBUG]   Included: org.apache.maven.shared:maven-filtering:jar:3.3.1
[DEBUG]   Included: org.sonatype.plexus:plexus-build-api:jar:0.0.7
[DEBUG]   Included: commons-io:commons-io:jar:2.11.0
[DEBUG]   Included: org.apache.commons:commons-lang3:jar:3.12.0
[DEBUG] Loading mojo org.apache.maven.plugins:maven-resources-plugin:3.3.1:resources from plugin realm ClassRealm[plugin>org.apache.maven.plugins:maven-resources-plugin:3.3.1, parent: jdk.internal.loader.ClassLoaders$AppClassLoader@70dea4e]
[DEBUG] Configuring mojo execution 'org.apache.maven.plugins:maven-resources-plugin:3.3.1:resources:default-resources' with basic configurator -->
[DEBUG]   (f) addDefaultExcludes = true
[DEBUG]   (f) buildFilters = []
[DEBUG]   (s) delimiters = [@]
[DEBUG]   (f) encoding = UTF-8
[DEBUG]   (f) escapeWindowsPaths = true
[DEBUG]   (f) fileNameFiltering = false
[DEBUG]   (s) includeEmptyDirs = false
[DEBUG]   (s) outputDirectory = E:\backend\nebula\services\platform-core\target\classes
[DEBUG]   (s) overwrite = false
[DEBUG]   (f) project = MavenProject: pse.nebula:platform-core:0.0.1-SNAPSHOT @ E:\backend\nebula\services\platform-core\pom.xml
[DEBUG]   (f) propertiesEncoding = UTF-8
[DEBUG]   (s) resources = [Resource {targetPath: null, filtering: true, FileSet {directory: E:\backend\nebula\services\platform-core\src\main\resources, PatternSet [includes: {**/application*.yml, **/application*.yaml, **/application*.properties}, excludes: {}]}}, Resource {targetPath: null, filtering: false, FileSet {directory: E:\backend\nebula\services\platform-core\src\main\resources, PatternSet [includes: {}, excludes: {**/application*.yml, **/application*.yaml, **/application*.properties}]}}]
[DEBUG]   (f) session = org.apache.maven.execution.MavenSession@673c4f6e
[DEBUG]   (f) skip = false
[DEBUG]   (f) supportMultiLineFiltering = false
[DEBUG]   (f) useBuildFilters = true
[DEBUG]   (s) useDefaultDelimiters = false
[DEBUG] -- end configuration --
[DEBUG] properties used:
[DEBUG] activemq.version: 6.1.5
[DEBUG] angus-mail.version: 2.0.3
[DEBUG] artemis.version: 2.37.0
[DEBUG] aspectj.version: 1.9.22.1
[DEBUG] assertj.version: 3.26.3
[DEBUG] awaitility.version: 4.2.2
[DEBUG] brave.version: 6.0.3
[DEBUG] build-helper-maven-plugin.version: 3.6.0
[DEBUG] byte-buddy.version: 1.15.11
[DEBUG] cache2k.version: 2.6.1.Final
[DEBUG] caffeine.version: 3.1.8
[DEBUG] cassandra-driver.version: 4.18.1
[DEBUG] classmate.version: 1.7.0
[DEBUG] classworlds.conf: C:\Users\acer\.m2\wrapper\dists\apache-maven-3.9.11\03d7e36a140982eea48e22c1dcac01d8862b2550b2939e09a0809bbc5182a5bc\bin\m2.conf
[DEBUG] commons-codec.version: 1.17.2
[DEBUG] commons-dbcp2.version: 2.12.0
[DEBUG] commons-lang3.version: 3.17.0
[DEBUG] commons-pool.version: 1.6
[DEBUG] commons-pool2.version: 2.12.0
[DEBUG] couchbase-client.version: 3.7.7
[DEBUG] crac.version: 1.5.0
[DEBUG] cyclonedx-maven-plugin.version: 2.9.1
[DEBUG] db2-jdbc.version: 11.5.9.0
[DEBUG] dependency-management-plugin.version: 1.1.7
[DEBUG] derby.version: 10.16.1.1
[DEBUG] ehcache3.version: 3.10.8
[DEBUG] elasticsearch-client.version: 8.15.5
[DEBUG] env.=::: ::\
[DEBUG] env.=E:: E:\backend\nebula\services\platform-core
[DEBUG] env.=EXITCODE: 00000000
[DEBUG] env.ALLUSERSPROFILE: C:\ProgramData
[DEBUG] env.APPDATA: C:\Users\acer\AppData\Roaming
[DEBUG] env.CLASSWORLDS_JAR: "C:\Users\acer\.m2\wrapper\dists\apache-maven-3.9.11\03d7e36a140982eea48e22c1dcac01d8862b2550b2939e09a0809bbc5182a5bc\boot\plexus-classworlds-2.9.0.jar"
[DEBUG] env.CLASSWORLDS_LAUNCHER: org.codehaus.plexus.classworlds.launcher.Launcher
[DEBUG] env.COMMONPROGRAMFILES: C:\Program Files\Common Files
[DEBUG] env.COMMONPROGRAMFILES(X86): C:\Program Files (x86)\Common Files
[DEBUG] env.COMMONPROGRAMW6432: C:\Program Files\Common Files
[DEBUG] env.COMPUTERNAME: DIVYANSH
[DEBUG] env.COMSPEC: C:\WINDOWS\system32\cmd.exe
[DEBUG] env.DRIVERDATA: C:\Windows\System32\Drivers\DriverData
[DEBUG] env.EFC_8940_1262719628: 1
[DEBUG] env.EFC_8940_1592913036: 1
[DEBUG] env.EFC_8940_2283032206: 1
[DEBUG] env.EFC_8940_2775293581: 1
[DEBUG] env.EFC_8940_3789132940: 1
[DEBUG] env.ERROR_CODE: 0
[DEBUG] env.EXEC_DIR: E:\backend\nebula\services\platform-core
[DEBUG] env.FILE_ARG: E:\backend\nebula\services\platform-core\pom.xml
[DEBUG] env.FPS_BROWSER_APP_PROFILE_STRING: Internet Explorer
[DEBUG] env.FPS_BROWSER_USER_PROFILE_STRING: Default
[DEBUG] env.HOMEDRIVE: C:
[DEBUG] env.HOMEPATH: \Users\acer
[DEBUG] env.INTELLIJ IDEA: C:\Program Files\JetBrains\IntelliJ IDEA 2025.3\bin
[DEBUG] env.INTELLIJ IDEA COMMUNITY EDITION: C:\Program Files\JetBrains\IntelliJ IDEA Community Edition 2025.1.2\bin;
[DEBUG] env.JAVACMD: C:\Program Files\Common Files\Oracle\Java\javapath\java.exe
[DEBUG] env.JVMCONFIG: \.mvn\jvm.config
[DEBUG] env.LOCALAPPDATA: C:\Users\acer\AppData\Local
[DEBUG] env.LOGONSERVER: \\DIVYANSH
[DEBUG] env.MAVEN_CMD_LINE_ARGS: -f E:\backend\nebula\services\platform-core\pom.xml clean test -X
[DEBUG] env.MAVEN_HOME: C:\Users\acer\.m2\wrapper\dists\apache-maven-3.9.11\03d7e36a140982eea48e22c1dcac01d8862b2550b2939e09a0809bbc5182a5bc
[DEBUG] env.MAVEN_OPTS: --enable-native-access=ALL-UNNAMED 
[DEBUG] env.MAVEN_PROJECTBASEDIR: E:\backend\nebula
[DEBUG] env.NUMBER_OF_PROCESSORS: 16
[DEBUG] env.ONEDRIVE: C:\Users\acer\OneDrive
[DEBUG] env.OS: Windows_NT
[DEBUG] env.PATH: C:\Program Files\Common Files\Oracle\Java\javapath;C:\Windows\system32;C:\Windows;C:\Windows\System32\Wbem;C:\Windows\System32\WindowsPowerShell\v1.0\;C:\Windows\System32\OpenSSH\;C:\Program Files (x86)\NVIDIA Corporation\PhysX\Common;C:\Program Files\Java\jdk-22\bin;C:\Program Files\NVIDIA Corporation\NVIDIA app\NvDLISR;C:\WINDOWS\system32;C:\WINDOWS;C:\WINDOWS\System32\Wbem;C:\WINDOWS\System32\WindowsPowerShell\v1.0\;C:\WINDOWS\System32\OpenSSH\;C:\Program Files\Git\cmd;C:\Program Files\Git\bin;C:\Program Files\MySQL\MySQL Server 8.0\bin;C:\Program Files\nodejs\;C:\Program Files\MongoDB\Server\8.0\bin;C:\Users\acer\AppData\Local\Programs\Python\Python313;C:\Users\acer\AppData\Local\Programs\Python\Python313\Scripts;D:\kubernetes\Minikube;C:\apache-maven-3.9.11\bin;;C:\Program Files\Docker\Docker\resources\bin;C:\Users\acer\AppData\Local\Programs\Python\Python313\Scripts\;C:\Users\acer\AppData\Local\Programs\Python\Python313\;C:\Users\acer\AppData\Local\Microsoft\WindowsApps;C:\Program Files\JetBrains\IntelliJ IDEA 2025.3\bin;C:\Users\acer\AppData\Local\Programs\Microsoft VS Code\bin;C:\Program Files\JetBrains\IntelliJ IDEA Community Edition 2025.1.2\bin;;C:\Users\acer\AppData\Roaming\npm;C:\Users\acer\AppData\Local\Programs\Ollama;C:\Users\acer\AppData\Local\Programs\Antigravity\bin;C:\Users\acer\.bun\bin
[DEBUG] env.PATHEXT: .COM;.EXE;.BAT;.CMD;.VBS;.VBE;.JS;.JSE;.WSF;.WSH;.MSC;.CPL
[DEBUG] env.POM_DIR: E:\backend\nebula\services\platform-core
[DEBUG] env.PROCESSOR_ARCHITECTURE: AMD64
[DEBUG] env.PROCESSOR_IDENTIFIER: Intel64 Family 6 Model 154 Stepping 3, GenuineIntel
[DEBUG] env.PROCESSOR_LEVEL: 6
[DEBUG] env.PROCESSOR_REVISION: 9a03
[DEBUG] env.PROGRAMDATA: C:\ProgramData
[DEBUG] env.PROGRAMFILES: C:\Program Files
[DEBUG] env.PROGRAMFILES(X86): C:\Program Files (x86)
[DEBUG] env.PROGRAMW6432: C:\Program Files
[DEBUG] env.PROMPT: $P$G
[DEBUG] env.PSEXECUTIONPOLICYPREFERENCE: Bypass
[DEBUG] env.PSMODULEPATH: C:\Users\acer\Documents\WindowsPowerShell\Modules;C:\Program Files\WindowsPowerShell\Modules;C:\WINDOWS\system32\WindowsPowerShell\v1.0\Modules
[DEBUG] env.PUBLIC: C:\Users\Public
[DEBUG] env.SESSIONNAME: Console
[DEBUG] env.SYSTEMDRIVE: C:
[DEBUG] env.SYSTEMROOT: C:\WINDOWS
[DEBUG] env.TEMP: C:\Users\acer\AppData\Local\Temp
[DEBUG] env.TERM: xterm
[DEBUG] env.TERMINAL_EMULATOR: JetBrains-JediTerm
[DEBUG] env.TERM_SESSION_ID: 2f0784b1-109d-477c-8cd4-7e25b6e640d4
[DEBUG] env.TMP: C:\Users\acer\AppData\Local\Temp
[DEBUG] env.USERDOMAIN: DIVYANSH
[DEBUG] env.USERDOMAIN_ROAMINGPROFILE: DIVYANSH
[DEBUG] env.USERNAME: acer
[DEBUG] env.USERPROFILE: C:\Users\acer
[DEBUG] env.WDIR: E:\backend\nebula
[DEBUG] env.WINDIR: C:\WINDOWS
[DEBUG] env.ZES_ENABLE_SYSMAN: 1
[DEBUG] env.__MVNW_CMD__: C:\Users\acer/.m2/wrapper/dists/apache-maven-3.9.11/03d7e36a140982eea48e22c1dcac01d8862b2550b2939e09a0809bbc5182a5bc/bin/mvn.cmd
[DEBUG] file.encoding: UTF-8
[DEBUG] file.separator: \
[DEBUG] flyway.version: 10.20.1
[DEBUG] freemarker.version: 2.3.34
[DEBUG] git-commit-id-maven-plugin.version: 9.0.1
[DEBUG] glassfish-jaxb.version: 4.0.5
[DEBUG] glassfish-jstl.version: 3.0.1
[DEBUG] graphql-java.version: 22.3
[DEBUG] groovy.version: 4.0.24
[DEBUG] gson.version: 2.11.0
[DEBUG] h2.version: 2.3.232
[DEBUG] hamcrest.version: 2.2
[DEBUG] hazelcast.version: 5.5.0
[DEBUG] hibernate-validator.version: 8.0.2.Final
[DEBUG] hibernate.version: 6.6.5.Final
[DEBUG] hikaricp.version: 5.1.0
[DEBUG] hivemq.version: 1.3.12
[DEBUG] hsqldb.version: 2.7.3
[DEBUG] htmlunit.version: 4.5.0
[DEBUG] httpasyncclient.version: 4.1.5
[DEBUG] httpclient5.version: 5.4.1
[DEBUG] httpcore.version: 4.4.16
[DEBUG] httpcore5.version: 5.3.2
[DEBUG] infinispan.version: 15.0.12.Final
[DEBUG] influxdb-java.version: 2.24
[DEBUG] jackson-bom.version: 2.18.2
[DEBUG] jakarta-activation.version: 2.1.3
[DEBUG] jakarta-annotation.version: 2.1.1
[DEBUG] jakarta-inject.version: 2.0.1
[DEBUG] jakarta-jms.version: 3.1.0
[DEBUG] jakarta-json-bind.version: 3.0.1
[DEBUG] jakarta-json.version: 2.1.3
[DEBUG] jakarta-mail.version: 2.1.3
[DEBUG] jakarta-management.version: 1.1.4
[DEBUG] jakarta-persistence.version: 3.1.0
[DEBUG] jakarta-servlet-jsp-jstl.version: 3.0.2
[DEBUG] jakarta-servlet.version: 6.0.0
[DEBUG] jakarta-transaction.version: 2.0.1
[DEBUG] jakarta-validation.version: 3.0.2
[DEBUG] jakarta-websocket.version: 2.1.1
[DEBUG] jakarta-ws-rs.version: 3.1.0
[DEBUG] jakarta-xml-bind.version: 4.0.2
[DEBUG] jakarta-xml-soap.version: 3.0.2
[DEBUG] jakarta-xml-ws.version: 4.0.2
[DEBUG] janino.version: 3.1.12
[DEBUG] java.class.path: C:\Users\acer\.m2\wrapper\dists\apache-maven-3.9.11\03d7e36a140982eea48e22c1dcac01d8862b2550b2939e09a0809bbc5182a5bc\boot\plexus-classworlds-2.9.0.jar
[DEBUG] java.class.version: 66.0
[DEBUG] java.home: C:\Program Files\Java\jdk-22
[DEBUG] java.io.tmpdir: C:\Users\acer\AppData\Local\Temp\
[DEBUG] java.library.path: C:\Program Files\Java\jdk-22\bin;C:\WINDOWS\Sun\Java\bin;C:\WINDOWS\system32;C:\WINDOWS;C:\Program Files\Common Files\Oracle\Java\javapath;C:\Windows\system32;C:\Windows;C:\Windows\System32\Wbem;C:\Windows\System32\WindowsPowerShell\v1.0\;C:\Windows\System32\OpenSSH\;C:\Program Files (x86)\NVIDIA Corporation\PhysX\Common;C:\Program Files\Java\jdk-22\bin;C:\Program Files\NVIDIA Corporation\NVIDIA app\NvDLISR;C:\WINDOWS\system32;C:\WINDOWS;C:\WINDOWS\System32\Wbem;C:\WINDOWS\System32\WindowsPowerShell\v1.0\;C:\WINDOWS\System32\OpenSSH\;C:\Program Files\Git\cmd;C:\Program Files\Git\bin;C:\Program Files\MySQL\MySQL Server 8.0\bin;C:\Program Files\nodejs\;C:\Program Files\MongoDB\Server\8.0\bin;C:\Users\acer\AppData\Local\Programs\Python\Python313;C:\Users\acer\AppData\Local\Programs\Python\Python313\Scripts;D:\kubernetes\Minikube;C:\apache-maven-3.9.11\bin;;C:\Program Files\Docker\Docker\resources\bin;C:\Users\acer\AppData\Local\Programs\Python\Python313\Scripts\;C:\Users\acer\AppData\Local\Programs\Python\Python313\;C:\Users\acer\AppData\Local\Microsoft\WindowsApps;C:\Program Files\JetBrains\IntelliJ IDEA 2025.3\bin;C:\Users\acer\AppData\Local\Programs\Microsoft VS Code\bin;C:\Program Files\JetBrains\IntelliJ IDEA Community Edition 2025.1.2\bin;;C:\Users\acer\AppData\Roaming\npm;C:\Users\acer\AppData\Local\Programs\Ollama;C:\Users\acer\AppData\Local\Programs\Antigravity\bin;C:\Users\acer\.bun\bin;.
[DEBUG] java.runtime.name: Java(TM) SE Runtime Environment
[DEBUG] java.runtime.version: 22.0.2+9-70
[DEBUG] java.specification.name: Java Platform API Specification
[DEBUG] java.specification.vendor: Oracle Corporation
[DEBUG] java.specification.version: 22
[DEBUG] java.vendor: Oracle Corporation
[DEBUG] java.vendor.url: https://java.oracle.com/
[DEBUG] java.vendor.url.bug: https://bugreport.java.com/bugreport/
[DEBUG] java.version: 22.0.2
[DEBUG] java.version.date: 2024-07-16
[DEBUG] java.vm.compressedOopsMode: Zero based
[DEBUG] java.vm.info: mixed mode, sharing
[DEBUG] java.vm.name: Java HotSpot(TM) 64-Bit Server VM
[DEBUG] java.vm.specification.name: Java Virtual Machine Specification
[DEBUG] java.vm.specification.vendor: Oracle Corporation
[DEBUG] java.vm.specification.version: 22
[DEBUG] java.vm.vendor: Oracle Corporation
[DEBUG] java.vm.version: 22.0.2+9-70
[DEBUG] javax-cache.version: 1.1.1
[DEBUG] javax-money.version: 1.1
[DEBUG] jaxen.version: 2.0.0
[DEBUG] jaybird.version: 5.0.6.java11
[DEBUG] jboss-logging.version: 3.6.1.Final
[DEBUG] jdk.debug: release
[DEBUG] jdom2.version: 2.0.6.1
[DEBUG] jedis.version: 5.2.0
[DEBUG] jersey.version: 3.1.10
[DEBUG] jetty-reactive-httpclient.version: 4.0.8
[DEBUG] jetty.version: 12.0.16
[DEBUG] jmustache.version: 1.16
[DEBUG] jooq.version: 3.19.18
[DEBUG] json-path.version: 2.9.0
[DEBUG] json-smart.version: 2.5.1
[DEBUG] jsonassert.version: 1.5.3
[DEBUG] jtds.version: 1.3.1
[DEBUG] junit-jupiter.version: 5.11.4
[DEBUG] junit.version: 4.13.2
[DEBUG] kafka.version: 3.8.1
[DEBUG] kotlin-coroutines.version: 1.8.1
[DEBUG] kotlin-serialization.version: 1.6.3
[DEBUG] kotlin.version: 1.9.25
[DEBUG] lettuce.version: 6.4.2.RELEASE
[DEBUG] library.jansi.path: C:\Users\acer\.m2\wrapper\dists\apache-maven-3.9.11\03d7e36a140982eea48e22c1dcac01d8862b2550b2939e09a0809bbc5182a5bc\lib\jansi-native
[DEBUG] line.separator: 

[DEBUG] liquibase.version: 4.29.2
[DEBUG] log4j2.version: 2.24.3
[DEBUG] logback.version: 1.5.16
[DEBUG] lombok.version: 1.18.36
[DEBUG] mariadb.version: 3.4.1
[DEBUG] maven-antrun-plugin.version: 3.1.0
[DEBUG] maven-assembly-plugin.version: 3.7.1
[DEBUG] maven-clean-plugin.version: 3.4.0
[DEBUG] maven-compiler-plugin.version: 3.13.0
[DEBUG] maven-dependency-plugin.version: 3.8.1
[DEBUG] maven-deploy-plugin.version: 3.1.3
[DEBUG] maven-enforcer-plugin.version: 3.5.0
[DEBUG] maven-failsafe-plugin.version: 3.5.2
[DEBUG] maven-help-plugin.version: 3.5.1
[DEBUG] maven-install-plugin.version: 3.1.3
[DEBUG] maven-invoker-plugin.version: 3.8.1
[DEBUG] maven-jar-plugin.version: 3.4.2
[DEBUG] maven-javadoc-plugin.version: 3.10.1
[DEBUG] maven-resources-plugin.version: 3.3.1
[DEBUG] maven-shade-plugin.version: 3.6.0
[DEBUG] maven-source-plugin.version: 3.3.1
[DEBUG] maven-surefire-plugin.version: 3.5.2
[DEBUG] maven-war-plugin.version: 3.4.0
[DEBUG] maven.build.timestamp: 2026-01-03T10:54:00Z
[DEBUG] maven.build.version: Apache Maven 3.9.11 (3e54c93a704957b63ee3494413a2b544fd3d825b)
[DEBUG] maven.compiler.release: 17
[DEBUG] maven.compiler.source: 17
[DEBUG] maven.compiler.target: 17
[DEBUG] maven.conf: C:\Users\acer\.m2\wrapper\dists\apache-maven-3.9.11\03d7e36a140982eea48e22c1dcac01d8862b2550b2939e09a0809bbc5182a5bc/conf
[DEBUG] maven.home: C:\Users\acer\.m2\wrapper\dists\apache-maven-3.9.11\03d7e36a140982eea48e22c1dcac01d8862b2550b2939e09a0809bbc5182a5bc
[DEBUG] maven.multiModuleProjectDirectory: E:\backend\nebula
[DEBUG] maven.version: 3.9.11
[DEBUG] micrometer-tracing.version: 1.4.2
[DEBUG] micrometer.version: 1.14.3
[DEBUG] mockito.version: 5.14.2
[DEBUG] mongodb.version: 5.2.1
[DEBUG] mssql-jdbc.version: 12.8.1.jre11
[DEBUG] mysql.version: 9.1.0
[DEBUG] native-build-tools-plugin.version: 0.10.4
[DEBUG] native.encoding: Cp1252
[DEBUG] nekohtml.version: 1.9.22
[DEBUG] neo4j-java-driver.version: 5.25.0
[DEBUG] netty.version: 4.1.130.Final
[DEBUG] opentelemetry.version: 1.43.0
[DEBUG] oracle-database.version: 23.5.0.24.07
[DEBUG] oracle-r2dbc.version: 1.2.0
[DEBUG] os.arch: amd64
[DEBUG] os.name: Windows 11
[DEBUG] os.version: 10.0
[DEBUG] path.separator: ;
[DEBUG] pooled-jms.version: 3.1.7
[DEBUG] postgresql.version: 42.7.7
[DEBUG] project.baseUri: file:/E:/backend/nebula/services/platform-core/
[DEBUG] project.build.sourceEncoding: UTF-8
[DEBUG] project.reporting.outputEncoding: UTF-8
[DEBUG] prometheus-client.version: 1.3.5
[DEBUG] prometheus-simpleclient.version: 0.16.0
[DEBUG] pulsar-reactive.version: 0.5.10
[DEBUG] pulsar.version: 3.3.4
[DEBUG] quartz.version: 2.3.2
[DEBUG] querydsl.version: 5.1.0
[DEBUG] r2dbc-h2.version: 1.0.0.RELEASE
[DEBUG] r2dbc-mariadb.version: 1.2.2
[DEBUG] r2dbc-mssql.version: 1.0.2.RELEASE
[DEBUG] r2dbc-mysql.version: 1.3.1
[DEBUG] r2dbc-pool.version: 1.0.2.RELEASE
[DEBUG] r2dbc-postgresql.version: 1.0.7.RELEASE
[DEBUG] r2dbc-proxy.version: 1.1.5.RELEASE
[DEBUG] r2dbc-spi.version: 1.0.0.RELEASE
[DEBUG] rabbit-amqp-client.version: 5.22.0
[DEBUG] rabbit-stream-client.version: 0.18.0
[DEBUG] reactive-streams.version: 1.0.4
[DEBUG] reactor-bom.version: 2024.0.2
[DEBUG] resource.delimiter: @
[DEBUG] rest-assured.version: 5.5.0
[DEBUG] rsocket.version: 1.1.3
[DEBUG] rxjava3.version: 3.1.10
[DEBUG] saaj-impl.version: 3.0.4
[DEBUG] selenium-htmlunit.version: 4.25.0
[DEBUG] selenium.version: 4.25.0
[DEBUG] sendgrid.version: 4.10.3
[DEBUG] slf4j.version: 2.0.16
[DEBUG] snakeyaml.version: 2.3
[DEBUG] sonar.exclusions: **/target/**,**/node_modules/**,**/*.min.js
[DEBUG] sonar.host.url: http://localhost:9000
[DEBUG] sonar.java.source: 17
[DEBUG] sonar.projectKey: nebula
[DEBUG] sonar.projectName: nebula
[DEBUG] spring-amqp.version: 3.2.2
[DEBUG] spring-authorization-server.version: 1.4.1
[DEBUG] spring-batch.version: 5.2.1
[DEBUG] spring-boot.run.main-class: ${start-class}
[DEBUG] spring-cloud.version: 2024.0.0
[DEBUG] spring-data-bom.version: 2024.1.2
[DEBUG] spring-framework.version: 6.2.2
[DEBUG] spring-graphql.version: 1.3.3
[DEBUG] spring-hateoas.version: 2.4.1
[DEBUG] spring-integration.version: 6.4.1
[DEBUG] spring-kafka.version: 3.3.2
[DEBUG] spring-ldap.version: 3.2.10
[DEBUG] spring-pulsar.version: 1.2.2
[DEBUG] spring-restdocs.version: 3.0.3
[DEBUG] spring-retry.version: 2.0.11
[DEBUG] spring-security.version: 6.4.2
[DEBUG] spring-session.version: 3.4.1
[DEBUG] spring-ws.version: 4.0.11
[DEBUG] sqlite-jdbc.version: 3.47.2.0
[DEBUG] stderr.encoding: Cp1252
[DEBUG] stdout.encoding: Cp1252
[DEBUG] sun.arch.data.model: 64
[DEBUG] sun.boot.library.path: C:\Program Files\Java\jdk-22\bin
[DEBUG] sun.cpu.endian: little
[DEBUG] sun.cpu.isalist: amd64
[DEBUG] sun.io.unicode.encoding: UnicodeLittle
[DEBUG] sun.java.command: org.codehaus.plexus.classworlds.launcher.Launcher -f E:\backend\nebula\services\platform-core\pom.xml clean test -X
[DEBUG] sun.java.launcher: SUN_STANDARD
[DEBUG] sun.jnu.encoding: Cp1252
[DEBUG] sun.management.compiler: HotSpot 64-Bit Tiered Compilers
[DEBUG] sun.os.patch.level: 
[DEBUG] testcontainers-redis-module.version: 2.2.2
[DEBUG] testcontainers.version: 1.20.4
[DEBUG] thymeleaf-extras-data-attribute.version: 2.0.1
[DEBUG] thymeleaf-extras-springsecurity.version: 3.1.3.RELEASE
[DEBUG] thymeleaf-layout-dialect.version: 3.3.0
[DEBUG] thymeleaf.version: 3.1.3.RELEASE
[DEBUG] tomcat.version: 10.1.34
[DEBUG] unboundid-ldapsdk.version: 6.0.11
[DEBUG] undertow.version: 2.3.18.Final
[DEBUG] user.country: IN
[DEBUG] user.dir: E:\backend\nebula\services\platform-core
[DEBUG] user.home: C:\Users\acer
[DEBUG] user.language: en
[DEBUG] user.name: acer
[DEBUG] user.script: 
[DEBUG] user.variant: 
[DEBUG] versions-maven-plugin.version: 2.17.1
[DEBUG] webjars-locator-core.version: 0.59
[DEBUG] webjars-locator-lite.version: 1.0.1
[DEBUG] wsdl4j.version: 1.6.3
[DEBUG] xml-maven-plugin.version: 1.1.0
[DEBUG] xmlunit2.version: 2.10.0
[DEBUG] yasson.version: 3.0.4
[DEBUG] zipkin-reporter.version: 3.4.3
[DEBUG] Using 'UTF-8' encoding to copy filtered resources.
[DEBUG] Using 'UTF-8' encoding to copy filtered properties files.
[DEBUG] resource with targetPath null
directory E:\backend\nebula\services\platform-core\src\main\resources
excludes []
includes [**/application*.yml, **/application*.yaml, **/application*.properties]
[DEBUG] ignoreDelta true
[INFO] Copying 1 resource from src\main\resources to target\classes
[DEBUG] Copying file application.yaml
[DEBUG] file application.yaml has a filtered file extension
[DEBUG] Using 'UTF-8' encoding to copy filtered resource 'application.yaml'.
[DEBUG] filtering E:\backend\nebula\services\platform-core\src\main\resources\application.yaml to E:\backend\nebula\services\platform-core\target\classes\application.yaml
[DEBUG] resource with targetPath null
directory E:\backend\nebula\services\platform-core\src\main\resources
excludes [**/application*.yml, **/application*.yaml, **/application*.properties]
includes []
[DEBUG] ignoreDelta true
[INFO] Copying 0 resource from src\main\resources to target\classes
[DEBUG] no user filter components
[INFO] 
[INFO] --- compiler:3.13.0:compile (default-compile) @ platform-core ---
[DEBUG] Dependency collection stats {ConflictMarker.analyzeTime=15300, ConflictMarker.markTime=13700, ConflictMarker.nodeCount=22, ConflictIdSorter.graphTime=6600, ConflictIdSorter.topsortTime=10200, ConflictIdSorter.conflictIdCount=14, ConflictIdSorter.conflictIdCycleCount=0, ConflictResolver.totalTime=247600, ConflictResolver.conflictItemCount=22, DfDependencyCollector.collectTime=25200900, DfDependencyCollector.transformTime=308600}
[DEBUG] org.apache.maven.plugins:maven-compiler-plugin:jar:3.13.0
[DEBUG]    org.apache.maven.shared:maven-shared-utils:jar:3.4.2:compile
[DEBUG]       org.slf4j:slf4j-api:jar:1.7.36:compile
[DEBUG]       commons-io:commons-io:jar:2.11.0:compile
[DEBUG]    org.apache.maven.shared:maven-shared-incremental:jar:1.1:compile
[DEBUG]    org.codehaus.plexus:plexus-java:jar:1.2.0:compile
[DEBUG]       org.ow2.asm:asm:jar:9.6:compile
[DEBUG]       com.thoughtworks.qdox:qdox:jar:2.0.3:compile
[DEBUG]    org.codehaus.plexus:plexus-compiler-api:jar:2.15.0:compile
[DEBUG]    org.codehaus.plexus:plexus-compiler-manager:jar:2.15.0:compile
[DEBUG]       javax.inject:javax.inject:jar:1:compile
[DEBUG]       org.codehaus.plexus:plexus-xml:jar:3.0.0:compile (version managed from default)
[DEBUG]    org.codehaus.plexus:plexus-compiler-javac:jar:2.15.0:runtime
[DEBUG]    org.codehaus.plexus:plexus-utils:jar:4.0.0:compile
[DEBUG] Created new class realm plugin>org.apache.maven.plugins:maven-compiler-plugin:3.13.0
[DEBUG] Importing foreign packages into class realm plugin>org.apache.maven.plugins:maven-compiler-plugin:3.13.0
[DEBUG]   Imported:  < maven.api
[DEBUG] Populating class realm plugin>org.apache.maven.plugins:maven-compiler-plugin:3.13.0
[DEBUG]   Included: org.apache.maven.plugins:maven-compiler-plugin:jar:3.13.0
[DEBUG]   Included: org.apache.maven.shared:maven-shared-utils:jar:3.4.2
[DEBUG]   Included: commons-io:commons-io:jar:2.11.0
[DEBUG]   Included: org.apache.maven.shared:maven-shared-incremental:jar:1.1
[DEBUG]   Included: org.codehaus.plexus:plexus-java:jar:1.2.0
[DEBUG]   Included: org.ow2.asm:asm:jar:9.6
[DEBUG]   Included: com.thoughtworks.qdox:qdox:jar:2.0.3
[DEBUG]   Included: org.codehaus.plexus:plexus-compiler-api:jar:2.15.0
[DEBUG]   Included: org.codehaus.plexus:plexus-compiler-manager:jar:2.15.0
[DEBUG]   Included: org.codehaus.plexus:plexus-xml:jar:3.0.0
[DEBUG]   Included: org.codehaus.plexus:plexus-compiler-javac:jar:2.15.0
[DEBUG]   Included: org.codehaus.plexus:plexus-utils:jar:4.0.0
[DEBUG] Loading mojo org.apache.maven.plugins:maven-compiler-plugin:3.13.0:compile from plugin realm ClassRealm[plugin>org.apache.maven.plugins:maven-compiler-plugin:3.13.0, parent: jdk.internal.loader.ClassLoaders$AppClassLoader@70dea4e]
[DEBUG] Configuring mojo execution 'org.apache.maven.plugins:maven-compiler-plugin:3.13.0:compile:default-compile' with basic configurator -->
[DEBUG]   (f) annotationProcessorPathsUseDepMgmt = false
[DEBUG]   (f) basedir = E:\backend\nebula\services\platform-core
[DEBUG]   (f) buildDirectory = E:\backend\nebula\services\platform-core\target
[DEBUG]   (f) compilePath = [E:\backend\nebula\services\platform-core\target\classes, C:\Users\acer\.m2\repository\org\springframework\boot\spring-boot-starter-webflux\3.4.2\spring-boot-starter-webflux-3.4.2.jar, C:\Users\acer\.m2\repository\org\springframework\boot\spring-boot-starter\3.4.2\spring-boot-starter-3.4.2.jar, C:\Users\acer\.m2\repository\org\springframework\boot\spring-boot\3.4.2\spring-boot-3.4.2.jar, C:\Users\acer\.m2\repository\org\springframework\boot\spring-boot-autoconfigure\3.4.2\spring-boot-autoconfigure-3.4.2.jar, C:\Users\acer\.m2\repository\org\springframework\boot\spring-boot-starter-logging\3.4.2\spring-boot-starter-logging-3.4.2.jar, C:\Users\acer\.m2\repository\ch\qos\logback\logback-classic\1.5.16\logback-classic-1.5.16.jar, C:\Users\acer\.m2\repository\ch\qos\logback\logback-core\1.5.16\logback-core-1.5.16.jar, C:\Users\acer\.m2\repository\org\apache\logging\log4j\log4j-to-slf4j\2.24.3\log4j-to-slf4j-2.24.3.jar, C:\Users\acer\.m2\repository\org\apache\logging\log4j\log4j-api\2.24.3\log4j-api-2.24.3.jar, C:\Users\acer\.m2\repository\org\slf4j\jul-to-slf4j\2.0.16\jul-to-slf4j-2.0.16.jar, C:\Users\acer\.m2\repository\jakarta\annotation\jakarta.annotation-api\2.1.1\jakarta.annotation-api-2.1.1.jar, C:\Users\acer\.m2\repository\org\springframework\boot\spring-boot-starter-json\3.4.2\spring-boot-starter-json-3.4.2.jar, C:\Users\acer\.m2\repository\com\fasterxml\jackson\core\jackson-databind\2.18.2\jackson-databind-2.18.2.jar, C:\Users\acer\.m2\repository\com\fasterxml\jackson\datatype\jackson-datatype-jdk8\2.18.2\jackson-datatype-jdk8-2.18.2.jar, C:\Users\acer\.m2\repository\com\fasterxml\jackson\datatype\jackson-datatype-jsr310\2.18.2\jackson-datatype-jsr310-2.18.2.jar, C:\Users\acer\.m2\repository\com\fasterxml\jackson\module\jackson-module-parameter-names\2.18.2\jackson-module-parameter-names-2.18.2.jar, C:\Users\acer\.m2\repository\org\springframework\boot\spring-boot-starter-reactor-netty\3.4.2\spring-boot-starter-reactor-netty-3.4.2.jar, C:\Users\acer\.m2\repository\io\projectreactor\netty\reactor-netty-http\1.2.2\reactor-netty-http-1.2.2.jar, C:\Users\acer\.m2\repository\io\netty\netty-codec-http\4.1.130.Final\netty-codec-http-4.1.130.Final.jar, C:\Users\acer\.m2\repository\io\netty\netty-common\4.1.130.Final\netty-common-4.1.130.Final.jar, C:\Users\acer\.m2\repository\io\netty\netty-buffer\4.1.130.Final\netty-buffer-4.1.130.Final.jar, C:\Users\acer\.m2\repository\io\netty\netty-transport\4.1.130.Final\netty-transport-4.1.130.Final.jar, C:\Users\acer\.m2\repository\io\netty\netty-codec\4.1.130.Final\netty-codec-4.1.130.Final.jar, C:\Users\acer\.m2\repository\io\netty\netty-handler\4.1.130.Final\netty-handler-4.1.130.Final.jar, C:\Users\acer\.m2\repository\io\netty\netty-codec-http2\4.1.130.Final\netty-codec-http2-4.1.130.Final.jar, C:\Users\acer\.m2\repository\io\netty\netty-resolver-dns\4.1.130.Final\netty-resolver-dns-4.1.130.Final.jar, C:\Users\acer\.m2\repository\io\netty\netty-resolver\4.1.130.Final\netty-resolver-4.1.130.Final.jar, C:\Users\acer\.m2\repository\io\netty\netty-codec-dns\4.1.130.Final\netty-codec-dns-4.1.130.Final.jar, C:\Users\acer\.m2\repository\io\netty\netty-resolver-dns-native-macos\4.1.130.Final\netty-resolver-dns-native-macos-4.1.130.Final-osx-x86_64.jar, C:\Users\acer\.m2\repository\io\netty\netty-resolver-dns-classes-macos\4.1.130.Final\netty-resolver-dns-classes-macos-4.1.130.Final.jar, C:\Users\acer\.m2\repository\io\netty\netty-transport-native-epoll\4.1.130.Final\netty-transport-native-epoll-4.1.130.Final-linux-x86_64.jar, C:\Users\acer\.m2\repository\io\netty\netty-transport-native-unix-common\4.1.130.Final\netty-transport-native-unix-common-4.1.130.Final.jar, C:\Users\acer\.m2\repository\io\netty\netty-transport-classes-epoll\4.1.130.Final\netty-transport-classes-epoll-4.1.130.Final.jar, C:\Users\acer\.m2\repository\io\projectreactor\netty\reactor-netty-core\1.2.2\reactor-netty-core-1.2.2.jar, C:\Users\acer\.m2\repository\io\netty\netty-handler-proxy\4.1.130.Final\netty-handler-proxy-4.1.130.Final.jar, C:\Users\acer\.m2\repository\io\netty\netty-codec-socks\4.1.130.Final\netty-codec-socks-4.1.130.Final.jar, C:\Users\acer\.m2\repository\org\springframework\spring-web\6.2.2\spring-web-6.2.2.jar, C:\Users\acer\.m2\repository\org\springframework\spring-beans\6.2.2\spring-beans-6.2.2.jar, C:\Users\acer\.m2\repository\org\springframework\spring-webflux\6.2.2\spring-webflux-6.2.2.jar, C:\Users\acer\.m2\repository\org\springframework\boot\spring-boot-starter-validation\3.4.2\spring-boot-starter-validation-3.4.2.jar, C:\Users\acer\.m2\repository\org\apache\tomcat\embed\tomcat-embed-el\10.1.34\tomcat-embed-el-10.1.34.jar, C:\Users\acer\.m2\repository\org\hibernate\validator\hibernate-validator\8.0.2.Final\hibernate-validator-8.0.2.Final.jar, C:\Users\acer\.m2\repository\jakarta\validation\jakarta.validation-api\3.0.2\jakarta.validation-api-3.0.2.jar, C:\Users\acer\.m2\repository\org\jboss\logging\jboss-logging\3.6.1.Final\jboss-logging-3.6.1.Final.jar, C:\Users\acer\.m2\repository\com\fasterxml\classmate\1.7.0\classmate-1.7.0.jar, C:\Users\acer\.m2\repository\org\springframework\boot\spring-boot-starter-actuator\3.4.2\spring-boot-starter-actuator-3.4.2.jar, C:\Users\acer\.m2\repository\org\springframework\boot\spring-boot-actuator-autoconfigure\3.4.2\spring-boot-actuator-autoconfigure-3.4.2.jar, C:\Users\acer\.m2\repository\org\springframework\boot\spring-boot-actuator\3.4.2\spring-boot-actuator-3.4.2.jar, C:\Users\acer\.m2\repository\io\micrometer\micrometer-observation\1.14.3\micrometer-observation-1.14.3.jar, C:\Users\acer\.m2\repository\io\micrometer\micrometer-commons\1.14.3\micrometer-commons-1.14.3.jar, C:\Users\acer\.m2\repository\io\micrometer\micrometer-jakarta9\1.14.3\micrometer-jakarta9-1.14.3.jar, C:\Users\acer\.m2\repository\io\micrometer\micrometer-core\1.14.3\micrometer-core-1.14.3.jar, C:\Users\acer\.m2\repository\org\springframework\cloud\spring-cloud-starter-gateway\4.2.0\spring-cloud-starter-gateway-4.2.0.jar, C:\Users\acer\.m2\repository\org\springframework\cloud\spring-cloud-starter\4.2.0\spring-cloud-starter-4.2.0.jar, C:\Users\acer\.m2\repository\org\springframework\cloud\spring-cloud-context\4.2.0\spring-cloud-context-4.2.0.jar, C:\Users\acer\.m2\repository\org\springframework\cloud\spring-cloud-commons\4.2.0\spring-cloud-commons-4.2.0.jar, C:\Users\acer\.m2\repository\org\bouncycastle\bcprov-jdk18on\1.78.1\bcprov-jdk18on-1.78.1.jar, C:\Users\acer\.m2\repository\org\springframework\cloud\spring-cloud-gateway-server\4.2.0\spring-cloud-gateway-server-4.2.0.jar, C:\Users\acer\.m2\repository\io\projectreactor\addons\reactor-extra\3.5.2\reactor-extra-3.5.2.jar, C:\Users\acer\.m2\repository\org\springframework\cloud\spring-cloud-starter-netflix-eureka-server\4.2.0\spring-cloud-starter-netflix-eureka-server-4.2.0.jar, C:\Users\acer\.m2\repository\org\springframework\cloud\spring-cloud-netflix-eureka-server\4.2.0\spring-cloud-netflix-eureka-server-4.2.0.jar, C:\Users\acer\.m2\repository\org\springframework\boot\spring-boot-starter-freemarker\3.4.2\spring-boot-starter-freemarker-3.4.2.jar, C:\Users\acer\.m2\repository\org\freemarker\freemarker\2.3.34\freemarker-2.3.34.jar, C:\Users\acer\.m2\repository\org\springframework\spring-context-support\6.2.2\spring-context-support-6.2.2.jar, C:\Users\acer\.m2\repository\org\springframework\cloud\spring-cloud-netflix-eureka-client\4.2.0\spring-cloud-netflix-eureka-client-4.2.0.jar, C:\Users\acer\.m2\repository\com\netflix\eureka\eureka-client\2.0.4\eureka-client-2.0.4.jar, C:\Users\acer\.m2\repository\com\thoughtworks\xstream\xstream\1.4.20\xstream-1.4.20.jar, C:\Users\acer\.m2\repository\io\github\x-stream\mxparser\1.2.2\mxparser-1.2.2.jar, C:\Users\acer\.m2\repository\xmlpull\xmlpull\1.1.3.1\xmlpull-1.1.3.1.jar, C:\Users\acer\.m2\repository\com\netflix\spectator\spectator-api\1.7.3\spectator-api-1.7.3.jar, C:\Users\acer\.m2\repository\commons-configuration\commons-configuration\1.10\commons-configuration-1.10.jar, C:\Users\acer\.m2\repository\commons-lang\commons-lang\2.6\commons-lang-2.6.jar, C:\Users\acer\.m2\repository\com\netflix\eureka\eureka-client-jersey3\2.0.4\eureka-client-jersey3-2.0.4.jar, C:\Users\acer\.m2\repository\org\glassfish\jersey\connectors\jersey-apache-connector\3.1.10\jersey-apache-connector-3.1.10.jar, C:\Users\acer\.m2\repository\com\netflix\eureka\eureka-core-jersey3\2.0.4\eureka-core-jersey3-2.0.4.jar, C:\Users\acer\.m2\repository\com\netflix\eureka\eureka-core\2.0.4\eureka-core-2.0.4.jar, C:\Users\acer\.m2\repository\org\glassfish\jersey\containers\jersey-container-servlet\3.1.10\jersey-container-servlet-3.1.10.jar, C:\Users\acer\.m2\repository\org\glassfish\jersey\containers\jersey-container-servlet-core\3.1.10\jersey-container-servlet-core-3.1.10.jar, C:\Users\acer\.m2\repository\org\glassfish\jersey\core\jersey-common\3.1.10\jersey-common-3.1.10.jar, C:\Users\acer\.m2\repository\org\glassfish\hk2\osgi-resource-locator\1.0.3\osgi-resource-locator-1.0.3.jar, C:\Users\acer\.m2\repository\jakarta\ws\rs\jakarta.ws.rs-api\3.1.0\jakarta.ws.rs-api-3.1.0.jar, C:\Users\acer\.m2\repository\org\glassfish\jersey\core\jersey-server\3.1.10\jersey-server-3.1.10.jar, C:\Users\acer\.m2\repository\org\glassfish\jersey\core\jersey-client\3.1.10\jersey-client-3.1.10.jar, C:\Users\acer\.m2\repository\org\glassfish\jersey\inject\jersey-hk2\3.1.10\jersey-hk2-3.1.10.jar, C:\Users\acer\.m2\repository\org\glassfish\hk2\hk2-locator\3.0.6\hk2-locator-3.0.6.jar, C:\Users\acer\.m2\repository\org\glassfish\hk2\external\aopalliance-repackaged\3.0.6\aopalliance-repackaged-3.0.6.jar, C:\Users\acer\.m2\repository\org\glassfish\hk2\hk2-utils\3.0.6\hk2-utils-3.0.6.jar, C:\Users\acer\.m2\repository\org\javassist\javassist\3.30.2-GA\javassist-3.30.2-GA.jar, C:\Users\acer\.m2\repository\org\glassfish\hk2\spring-bridge\3.1.1\spring-bridge-3.1.1.jar, C:\Users\acer\.m2\repository\org\glassfish\hk2\hk2-api\3.1.1\hk2-api-3.1.1.jar, C:\Users\acer\.m2\repository\com\fasterxml\jackson\dataformat\jackson-dataformat-xml\2.18.2\jackson-dataformat-xml-2.18.2.jar, C:\Users\acer\.m2\repository\org\codehaus\woodstox\stax2-api\4.2.2\stax2-api-4.2.2.jar, C:\Users\acer\.m2\repository\com\fasterxml\woodstox\woodstox-core\7.0.0\woodstox-core-7.0.0.jar, C:\Users\acer\.m2\repository\org\springframework\cloud\spring-cloud-starter-loadbalancer\4.2.0\spring-cloud-starter-loadbalancer-4.2.0.jar, C:\Users\acer\.m2\repository\org\springframework\cloud\spring-cloud-loadbalancer\4.2.0\spring-cloud-loadbalancer-4.2.0.jar, C:\Users\acer\.m2\repository\org\springframework\boot\spring-boot-starter-cache\3.4.2\spring-boot-starter-cache-3.4.2.jar, C:\Users\acer\.m2\repository\com\stoyanr\evictor\1.0.0\evictor-1.0.0.jar, C:\Users\acer\.m2\repository\org\glassfish\jaxb\jaxb-runtime\4.0.5\jaxb-runtime-4.0.5.jar, C:\Users\acer\.m2\repository\org\glassfish\jaxb\jaxb-core\4.0.5\jaxb-core-4.0.5.jar, C:\Users\acer\.m2\repository\org\glassfish\jaxb\txw2\4.0.5\txw2-4.0.5.jar, C:\Users\acer\.m2\repository\com\sun\istack\istack-commons-runtime\4.1.2\istack-commons-runtime-4.1.2.jar, C:\Users\acer\.m2\repository\org\springframework\cloud\spring-cloud-config-server\4.2.0\spring-cloud-config-server-4.2.0.jar, C:\Users\acer\.m2\repository\org\springframework\cloud\spring-cloud-config-client\4.2.0\spring-cloud-config-client-4.2.0.jar, C:\Users\acer\.m2\repository\com\fasterxml\jackson\core\jackson-annotations\2.18.2\jackson-annotations-2.18.2.jar, C:\Users\acer\.m2\repository\org\springframework\boot\spring-boot-starter-web\3.4.2\spring-boot-starter-web-3.4.2.jar, C:\Users\acer\.m2\repository\org\springframework\boot\spring-boot-starter-tomcat\3.4.2\spring-boot-starter-tomcat-3.4.2.jar, C:\Users\acer\.m2\repository\org\apache\tomcat\embed\tomcat-embed-core\10.1.34\tomcat-embed-core-10.1.34.jar, C:\Users\acer\.m2\repository\org\apache\tomcat\embed\tomcat-embed-websocket\10.1.34\tomcat-embed-websocket-10.1.34.jar, C:\Users\acer\.m2\repository\org\springframework\spring-webmvc\6.2.2\spring-webmvc-6.2.2.jar, C:\Users\acer\.m2\repository\org\springframework\spring-expression\6.2.2\spring-expression-6.2.2.jar, C:\Users\acer\.m2\repository\org\springframework\security\spring-security-crypto\6.4.2\spring-security-crypto-6.4.2.jar, C:\Users\acer\.m2\repository\org\apache\httpcomponents\client5\httpclient5\5.4.1\httpclient5-5.4.1.jar, C:\Users\acer\.m2\repository\org\apache\httpcomponents\core5\httpcore5\5.3.2\httpcore5-5.3.2.jar, C:\Users\acer\.m2\repository\org\apache\httpcomponents\core5\httpcore5-h2\5.3.2\httpcore5-h2-5.3.2.jar, C:\Users\acer\.m2\repository\org\slf4j\slf4j-api\2.0.16\slf4j-api-2.0.16.jar, C:\Users\acer\.m2\repository\org\eclipse\jgit\org.eclipse.jgit\6.10.0.202406032230-r\org.eclipse.jgit-6.10.0.202406032230-r.jar, C:\Users\acer\.m2\repository\com\googlecode\javaewah\JavaEWAH\1.2.3\JavaEWAH-1.2.3.jar, C:\Users\acer\.m2\repository\commons-codec\commons-codec\1.17.2\commons-codec-1.17.2.jar, C:\Users\acer\.m2\repository\org\eclipse\jgit\org.eclipse.jgit.http.apache\6.10.0.202406032230-r\org.eclipse.jgit.http.apache-6.10.0.202406032230-r.jar, C:\Users\acer\.m2\repository\org\apache\httpcomponents\httpclient\4.5.14\httpclient-4.5.14.jar, C:\Users\acer\.m2\repository\commons-logging\commons-logging\1.2\commons-logging-1.2.jar, C:\Users\acer\.m2\repository\org\apache\httpcomponents\httpcore\4.4.16\httpcore-4.4.16.jar, C:\Users\acer\.m2\repository\org\eclipse\jgit\org.eclipse.jgit.ssh.apache\6.10.0.202406032230-r\org.eclipse.jgit.ssh.apache-6.10.0.202406032230-r.jar, C:\Users\acer\.m2\repository\org\apache\sshd\sshd-osgi\2.12.1\sshd-osgi-2.12.1.jar, C:\Users\acer\.m2\repository\org\slf4j\jcl-over-slf4j\2.0.16\jcl-over-slf4j-2.0.16.jar, C:\Users\acer\.m2\repository\org\apache\sshd\sshd-sftp\2.12.1\sshd-sftp-2.12.1.jar, C:\Users\acer\.m2\repository\net\i2p\crypto\eddsa\0.3.0\eddsa-0.3.0.jar, C:\Users\acer\.m2\repository\org\yaml\snakeyaml\2.3\snakeyaml-2.3.jar, C:\Users\acer\.m2\repository\com\fasterxml\jackson\dataformat\jackson-dataformat-yaml\2.18.2\jackson-dataformat-yaml-2.18.2.jar, C:\Users\acer\.m2\repository\com\fasterxml\jackson\core\jackson-core\2.18.2\jackson-core-2.18.2.jar, C:\Users\acer\.m2\repository\org\springframework\boot\spring-boot-starter-data-jpa\3.4.2\spring-boot-starter-data-jpa-3.4.2.jar, C:\Users\acer\.m2\repository\org\springframework\boot\spring-boot-starter-jdbc\3.4.2\spring-boot-starter-jdbc-3.4.2.jar, C:\Users\acer\.m2\repository\com\zaxxer\HikariCP\5.1.0\HikariCP-5.1.0.jar, C:\Users\acer\.m2\repository\org\springframework\spring-jdbc\6.2.2\spring-jdbc-6.2.2.jar, C:\Users\acer\.m2\repository\org\hibernate\orm\hibernate-core\6.6.5.Final\hibernate-core-6.6.5.Final.jar, C:\Users\acer\.m2\repository\jakarta\persistence\jakarta.persistence-api\3.1.0\jakarta.persistence-api-3.1.0.jar, C:\Users\acer\.m2\repository\jakarta\transaction\jakarta.transaction-api\2.0.1\jakarta.transaction-api-2.0.1.jar, C:\Users\acer\.m2\repository\jakarta\inject\jakarta.inject-api\2.0.1\jakarta.inject-api-2.0.1.jar, C:\Users\acer\.m2\repository\org\antlr\antlr4-runtime\4.13.0\antlr4-runtime-4.13.0.jar, C:\Users\acer\.m2\repository\org\springframework\data\spring-data-jpa\3.4.2\spring-data-jpa-3.4.2.jar, C:\Users\acer\.m2\repository\org\springframework\data\spring-data-commons\3.4.2\spring-data-commons-3.4.2.jar, C:\Users\acer\.m2\repository\org\springframework\spring-orm\6.2.2\spring-orm-6.2.2.jar, C:\Users\acer\.m2\repository\org\springframework\spring-context\6.2.2\spring-context-6.2.2.jar, C:\Users\acer\.m2\repository\org\springframework\spring-aop\6.2.2\spring-aop-6.2.2.jar, C:\Users\acer\.m2\repository\org\springframework\spring-tx\6.2.2\spring-tx-6.2.2.jar, C:\Users\acer\.m2\repository\org\springframework\spring-aspects\6.2.2\spring-aspects-6.2.2.jar, C:\Users\acer\.m2\repository\org\aspectj\aspectjweaver\1.9.22.1\aspectjweaver-1.9.22.1.jar, C:\Users\acer\.m2\repository\org\projectlombok\lombok\1.18.36\lombok-1.18.36.jar, C:\Users\acer\.m2\repository\org\springframework\boot\spring-boot-configuration-processor\3.4.2\spring-boot-configuration-processor-3.4.2.jar, C:\Users\acer\.m2\repository\jakarta\xml\bind\jakarta.xml.bind-api\4.0.2\jakarta.xml.bind-api-4.0.2.jar, C:\Users\acer\.m2\repository\jakarta\activation\jakarta.activation-api\2.1.3\jakarta.activation-api-2.1.3.jar, C:\Users\acer\.m2\repository\org\springframework\spring-core\6.2.2\spring-core-6.2.2.jar, C:\Users\acer\.m2\repository\org\springframework\spring-jcl\6.2.2\spring-jcl-6.2.2.jar, C:\Users\acer\.m2\repository\io\projectreactor\reactor-core\3.7.2\reactor-core-3.7.2.jar, C:\Users\acer\.m2\repository\org\reactivestreams\reactive-streams\1.0.4\reactive-streams-1.0.4.jar]
[DEBUG]   (f) compileSourceRoots = [E:\backend\nebula\services\platform-core\src\main\java]
[DEBUG]   (f) compilerArgs = [-parameters]
[DEBUG]   (f) compilerId = javac
[DEBUG]   (f) createMissingPackageInfoClass = true
[DEBUG]   (f) debug = true
[DEBUG]   (f) debugFileName = javac
[DEBUG]   (f) enablePreview = false
[DEBUG]   (f) encoding = UTF-8
[DEBUG]   (f) failOnError = true
[DEBUG]   (f) failOnWarning = false
[DEBUG]   (f) fileExtensions = [jar, class]
[DEBUG]   (f) forceJavacCompilerUse = false
[DEBUG]   (f) forceLegacyJavacApi = false
[DEBUG]   (f) fork = false
[DEBUG]   (f) generatedSourcesDirectory = E:\backend\nebula\services\platform-core\target\generated-sources\annotations
[DEBUG]   (f) mojoExecution = org.apache.maven.plugins:maven-compiler-plugin:3.13.0:compile {execution: default-compile}
[DEBUG]   (f) optimize = false
[DEBUG]   (f) outputDirectory = E:\backend\nebula\services\platform-core\target\classes
[DEBUG]   (f) parameters = true
[DEBUG]   (f) project = MavenProject: pse.nebula:platform-core:0.0.1-SNAPSHOT @ E:\backend\nebula\services\platform-core\pom.xml
[DEBUG]   (f) projectArtifact = pse.nebula:platform-core:jar:0.0.1-SNAPSHOT
[DEBUG]   (s) release = 17
[DEBUG]   (f) session = org.apache.maven.execution.MavenSession@673c4f6e
[DEBUG]   (f) showCompilationChanges = false
[DEBUG]   (f) showDeprecation = false
[DEBUG]   (f) showWarnings = true
[DEBUG]   (f) skipMultiThreadWarning = false
[DEBUG]   (f) source = 17
[DEBUG]   (f) staleMillis = 0
[DEBUG]   (s) target = 17
[DEBUG]   (f) useIncrementalCompilation = true
[DEBUG]   (f) verbose = false
[DEBUG] -- end configuration --
[DEBUG] Using compiler 'javac'.
[DEBUG] Adding E:\backend\nebula\services\platform-core\target\generated-sources\annotations to compile source roots:
  E:\backend\nebula\services\platform-core\src\main\java
[DEBUG] New compile source roots:
  E:\backend\nebula\services\platform-core\src\main\java
  E:\backend\nebula\services\platform-core\target\generated-sources\annotations
[DEBUG] CompilerReuseStrategy: reuseCreated
[DEBUG] useIncrementalCompilation enabled
[INFO] 	Stale source detected: E:\backend\nebula\services\platform-core\src\main\java\pse\nebula\platformcore\domain\model\package-info.java
[INFO] 	Stale source detected: E:\backend\nebula\services\platform-core\src\main\java\pse\nebula\platformcore\application\service\package-info.java
[INFO] 	Stale source detected: E:\backend\nebula\services\platform-core\src\main\java\pse\nebula\platformcore\domain\exception\EntityNotFoundException.java
[INFO] 	Stale source detected: E:\backend\nebula\services\platform-core\src\main\java\pse\nebula\platformcore\infrastructure\adapter\web\controller\HealthController.java
[INFO] 	Stale source detected: E:\backend\nebula\services\platform-core\src\main\java\pse\nebula\platformcore\domain\exception\DomainException.java
[INFO] 	Stale source detected: E:\backend\nebula\services\platform-core\src\main\java\pse\nebula\platformcore\domain\port\inbound\package-info.java
[INFO] 	Stale source detected: E:\backend\nebula\services\platform-core\src\main\java\pse\nebula\platformcore\infrastructure\config\PlatformCoreConfig.java
[INFO] 	Stale source detected: E:\backend\nebula\services\platform-core\src\main\java\pse\nebula\platformcore\infrastructure\adapter\web\exception\GlobalExceptionHandler.java
[INFO] 	Stale source detected: E:\backend\nebula\services\platform-core\src\main\java\pse\nebula\platformcore\PlatformCoreApplication.java
[INFO] 	Stale source detected: E:\backend\nebula\services\platform-core\src\main\java\pse\nebula\platformcore\domain\port\outbound\package-info.java
[INFO] 	Stale source detected: E:\backend\nebula\services\platform-core\src\main\java\pse\nebula\platformcore\infrastructure\adapter\persistence\package-info.java
[INFO] 	Input tree files (+): E:\backend\nebula\services\platform-core\src\main\java\pse\nebula\platformcore\application\service\package-info.java
[INFO] 	Input tree files (+): E:\backend\nebula\services\platform-core\src\main\java\pse\nebula\platformcore\domain\exception\DomainException.java
[INFO] 	Input tree files (+): E:\backend\nebula\services\platform-core\src\main\java\pse\nebula\platformcore\domain\exception\EntityNotFoundException.java
[INFO] 	Input tree files (+): E:\backend\nebula\services\platform-core\src\main\java\pse\nebula\platformcore\domain\model\package-info.java
[INFO] 	Input tree files (+): E:\backend\nebula\services\platform-core\src\main\java\pse\nebula\platformcore\domain\port\inbound\package-info.java
[INFO] 	Input tree files (+): E:\backend\nebula\services\platform-core\src\main\java\pse\nebula\platformcore\domain\port\outbound\package-info.java
[INFO] 	Input tree files (+): E:\backend\nebula\services\platform-core\src\main\java\pse\nebula\platformcore\infrastructure\adapter\persistence\package-info.java
[INFO] 	Input tree files (+): E:\backend\nebula\services\platform-core\src\main\java\pse\nebula\platformcore\infrastructure\adapter\web\controller\HealthController.java
[INFO] 	Input tree files (+): E:\backend\nebula\services\platform-core\src\main\java\pse\nebula\platformcore\infrastructure\adapter\web\exception\GlobalExceptionHandler.java
[INFO] 	Input tree files (+): E:\backend\nebula\services\platform-core\src\main\java\pse\nebula\platformcore\infrastructure\config\PlatformCoreConfig.java
[INFO] 	Input tree files (+): E:\backend\nebula\services\platform-core\src\main\java\pse\nebula\platformcore\PlatformCoreApplication.java
[INFO] Recompiling the module because of changed source code.
[DEBUG] Classpath:
[DEBUG]  E:\backend\nebula\services\platform-core\target\classes
[DEBUG]  C:\Users\acer\.m2\repository\org\springframework\boot\spring-boot-starter-webflux\3.4.2\spring-boot-starter-webflux-3.4.2.jar
[DEBUG]  C:\Users\acer\.m2\repository\org\springframework\boot\spring-boot-starter\3.4.2\spring-boot-starter-3.4.2.jar
[DEBUG]  C:\Users\acer\.m2\repository\org\springframework\boot\spring-boot\3.4.2\spring-boot-3.4.2.jar
[DEBUG]  C:\Users\acer\.m2\repository\org\springframework\boot\spring-boot-autoconfigure\3.4.2\spring-boot-autoconfigure-3.4.2.jar
[DEBUG]  C:\Users\acer\.m2\repository\org\springframework\boot\spring-boot-starter-logging\3.4.2\spring-boot-starter-logging-3.4.2.jar
[DEBUG]  C:\Users\acer\.m2\repository\ch\qos\logback\logback-classic\1.5.16\logback-classic-1.5.16.jar
[DEBUG]  C:\Users\acer\.m2\repository\ch\qos\logback\logback-core\1.5.16\logback-core-1.5.16.jar
[DEBUG]  C:\Users\acer\.m2\repository\org\apache\logging\log4j\log4j-to-slf4j\2.24.3\log4j-to-slf4j-2.24.3.jar
[DEBUG]  C:\Users\acer\.m2\repository\org\apache\logging\log4j\log4j-api\2.24.3\log4j-api-2.24.3.jar
[DEBUG]  C:\Users\acer\.m2\repository\org\slf4j\jul-to-slf4j\2.0.16\jul-to-slf4j-2.0.16.jar
[DEBUG]  C:\Users\acer\.m2\repository\jakarta\annotation\jakarta.annotation-api\2.1.1\jakarta.annotation-api-2.1.1.jar
[DEBUG]  C:\Users\acer\.m2\repository\org\springframework\boot\spring-boot-starter-json\3.4.2\spring-boot-starter-json-3.4.2.jar
[DEBUG]  C:\Users\acer\.m2\repository\com\fasterxml\jackson\core\jackson-databind\2.18.2\jackson-databind-2.18.2.jar
[DEBUG]  C:\Users\acer\.m2\repository\com\fasterxml\jackson\datatype\jackson-datatype-jdk8\2.18.2\jackson-datatype-jdk8-2.18.2.jar
[DEBUG]  C:\Users\acer\.m2\repository\com\fasterxml\jackson\datatype\jackson-datatype-jsr310\2.18.2\jackson-datatype-jsr310-2.18.2.jar
[DEBUG]  C:\Users\acer\.m2\repository\com\fasterxml\jackson\module\jackson-module-parameter-names\2.18.2\jackson-module-parameter-names-2.18.2.jar
[DEBUG]  C:\Users\acer\.m2\repository\org\springframework\boot\spring-boot-starter-reactor-netty\3.4.2\spring-boot-starter-reactor-netty-3.4.2.jar
[DEBUG]  C:\Users\acer\.m2\repository\io\projectreactor\netty\reactor-netty-http\1.2.2\reactor-netty-http-1.2.2.jar
[DEBUG]  C:\Users\acer\.m2\repository\io\netty\netty-codec-http\4.1.130.Final\netty-codec-http-4.1.130.Final.jar
[DEBUG]  C:\Users\acer\.m2\repository\io\netty\netty-common\4.1.130.Final\netty-common-4.1.130.Final.jar
[DEBUG]  C:\Users\acer\.m2\repository\io\netty\netty-buffer\4.1.130.Final\netty-buffer-4.1.130.Final.jar
[DEBUG]  C:\Users\acer\.m2\repository\io\netty\netty-transport\4.1.130.Final\netty-transport-4.1.130.Final.jar
[DEBUG]  C:\Users\acer\.m2\repository\io\netty\netty-codec\4.1.130.Final\netty-codec-4.1.130.Final.jar
[DEBUG]  C:\Users\acer\.m2\repository\io\netty\netty-handler\4.1.130.Final\netty-handler-4.1.130.Final.jar
[DEBUG]  C:\Users\acer\.m2\repository\io\netty\netty-codec-http2\4.1.130.Final\netty-codec-http2-4.1.130.Final.jar
[DEBUG]  C:\Users\acer\.m2\repository\io\netty\netty-resolver-dns\4.1.130.Final\netty-resolver-dns-4.1.130.Final.jar
[DEBUG]  C:\Users\acer\.m2\repository\io\netty\netty-resolver\4.1.130.Final\netty-resolver-4.1.130.Final.jar
[DEBUG]  C:\Users\acer\.m2\repository\io\netty\netty-codec-dns\4.1.130.Final\netty-codec-dns-4.1.130.Final.jar
[DEBUG]  C:\Users\acer\.m2\repository\io\netty\netty-resolver-dns-native-macos\4.1.130.Final\netty-resolver-dns-native-macos-4.1.130.Final-osx-x86_64.jar
[DEBUG]  C:\Users\acer\.m2\repository\io\netty\netty-resolver-dns-classes-macos\4.1.130.Final\netty-resolver-dns-classes-macos-4.1.130.Final.jar
[DEBUG]  C:\Users\acer\.m2\repository\io\netty\netty-transport-native-epoll\4.1.130.Final\netty-transport-native-epoll-4.1.130.Final-linux-x86_64.jar
[DEBUG]  C:\Users\acer\.m2\repository\io\netty\netty-transport-native-unix-common\4.1.130.Final\netty-transport-native-unix-common-4.1.130.Final.jar
[DEBUG]  C:\Users\acer\.m2\repository\io\netty\netty-transport-classes-epoll\4.1.130.Final\netty-transport-classes-epoll-4.1.130.Final.jar
[DEBUG]  C:\Users\acer\.m2\repository\io\projectreactor\netty\reactor-netty-core\1.2.2\reactor-netty-core-1.2.2.jar
[DEBUG]  C:\Users\acer\.m2\repository\io\netty\netty-handler-proxy\4.1.130.Final\netty-handler-proxy-4.1.130.Final.jar
[DEBUG]  C:\Users\acer\.m2\repository\io\netty\netty-codec-socks\4.1.130.Final\netty-codec-socks-4.1.130.Final.jar
[DEBUG]  C:\Users\acer\.m2\repository\org\springframework\spring-web\6.2.2\spring-web-6.2.2.jar
[DEBUG]  C:\Users\acer\.m2\repository\org\springframework\spring-beans\6.2.2\spring-beans-6.2.2.jar
[DEBUG]  C:\Users\acer\.m2\repository\org\springframework\spring-webflux\6.2.2\spring-webflux-6.2.2.jar
[DEBUG]  C:\Users\acer\.m2\repository\org\springframework\boot\spring-boot-starter-validation\3.4.2\spring-boot-starter-validation-3.4.2.jar
[DEBUG]  C:\Users\acer\.m2\repository\org\apache\tomcat\embed\tomcat-embed-el\10.1.34\tomcat-embed-el-10.1.34.jar
[DEBUG]  C:\Users\acer\.m2\repository\org\hibernate\validator\hibernate-validator\8.0.2.Final\hibernate-validator-8.0.2.Final.jar
[DEBUG]  C:\Users\acer\.m2\repository\jakarta\validation\jakarta.validation-api\3.0.2\jakarta.validation-api-3.0.2.jar
[DEBUG]  C:\Users\acer\.m2\repository\org\jboss\logging\jboss-logging\3.6.1.Final\jboss-logging-3.6.1.Final.jar
[DEBUG]  C:\Users\acer\.m2\repository\com\fasterxml\classmate\1.7.0\classmate-1.7.0.jar
[DEBUG]  C:\Users\acer\.m2\repository\org\springframework\boot\spring-boot-starter-actuator\3.4.2\spring-boot-starter-actuator-3.4.2.jar
[DEBUG]  C:\Users\acer\.m2\repository\org\springframework\boot\spring-boot-actuator-autoconfigure\3.4.2\spring-boot-actuator-autoconfigure-3.4.2.jar
[DEBUG]  C:\Users\acer\.m2\repository\org\springframework\boot\spring-boot-actuator\3.4.2\spring-boot-actuator-3.4.2.jar
[DEBUG]  C:\Users\acer\.m2\repository\io\micrometer\micrometer-observation\1.14.3\micrometer-observation-1.14.3.jar
[DEBUG]  C:\Users\acer\.m2\repository\io\micrometer\micrometer-commons\1.14.3\micrometer-commons-1.14.3.jar
[DEBUG]  C:\Users\acer\.m2\repository\io\micrometer\micrometer-jakarta9\1.14.3\micrometer-jakarta9-1.14.3.jar
[DEBUG]  C:\Users\acer\.m2\repository\io\micrometer\micrometer-core\1.14.3\micrometer-core-1.14.3.jar
[DEBUG]  C:\Users\acer\.m2\repository\org\springframework\cloud\spring-cloud-starter-gateway\4.2.0\spring-cloud-starter-gateway-4.2.0.jar
[DEBUG]  C:\Users\acer\.m2\repository\org\springframework\cloud\spring-cloud-starter\4.2.0\spring-cloud-starter-4.2.0.jar
[DEBUG]  C:\Users\acer\.m2\repository\org\springframework\cloud\spring-cloud-context\4.2.0\spring-cloud-context-4.2.0.jar
[DEBUG]  C:\Users\acer\.m2\repository\org\springframework\cloud\spring-cloud-commons\4.2.0\spring-cloud-commons-4.2.0.jar
[DEBUG]  C:\Users\acer\.m2\repository\org\bouncycastle\bcprov-jdk18on\1.78.1\bcprov-jdk18on-1.78.1.jar
[DEBUG]  C:\Users\acer\.m2\repository\org\springframework\cloud\spring-cloud-gateway-server\4.2.0\spring-cloud-gateway-server-4.2.0.jar
[DEBUG]  C:\Users\acer\.m2\repository\io\projectreactor\addons\reactor-extra\3.5.2\reactor-extra-3.5.2.jar
[DEBUG]  C:\Users\acer\.m2\repository\org\springframework\cloud\spring-cloud-starter-netflix-eureka-server\4.2.0\spring-cloud-starter-netflix-eureka-server-4.2.0.jar
[DEBUG]  C:\Users\acer\.m2\repository\org\springframework\cloud\spring-cloud-netflix-eureka-server\4.2.0\spring-cloud-netflix-eureka-server-4.2.0.jar
[DEBUG]  C:\Users\acer\.m2\repository\org\springframework\boot\spring-boot-starter-freemarker\3.4.2\spring-boot-starter-freemarker-3.4.2.jar
[DEBUG]  C:\Users\acer\.m2\repository\org\freemarker\freemarker\2.3.34\freemarker-2.3.34.jar
[DEBUG]  C:\Users\acer\.m2\repository\org\springframework\spring-context-support\6.2.2\spring-context-support-6.2.2.jar
[DEBUG]  C:\Users\acer\.m2\repository\org\springframework\cloud\spring-cloud-netflix-eureka-client\4.2.0\spring-cloud-netflix-eureka-client-4.2.0.jar
[DEBUG]  C:\Users\acer\.m2\repository\com\netflix\eureka\eureka-client\2.0.4\eureka-client-2.0.4.jar
[DEBUG]  C:\Users\acer\.m2\repository\com\thoughtworks\xstream\xstream\1.4.20\xstream-1.4.20.jar
[DEBUG]  C:\Users\acer\.m2\repository\io\github\x-stream\mxparser\1.2.2\mxparser-1.2.2.jar
[DEBUG]  C:\Users\acer\.m2\repository\xmlpull\xmlpull\1.1.3.1\xmlpull-1.1.3.1.jar
[DEBUG]  C:\Users\acer\.m2\repository\com\netflix\spectator\spectator-api\1.7.3\spectator-api-1.7.3.jar
[DEBUG]  C:\Users\acer\.m2\repository\commons-configuration\commons-configuration\1.10\commons-configuration-1.10.jar
[DEBUG]  C:\Users\acer\.m2\repository\commons-lang\commons-lang\2.6\commons-lang-2.6.jar
[DEBUG]  C:\Users\acer\.m2\repository\com\netflix\eureka\eureka-client-jersey3\2.0.4\eureka-client-jersey3-2.0.4.jar
[DEBUG]  C:\Users\acer\.m2\repository\org\glassfish\jersey\connectors\jersey-apache-connector\3.1.10\jersey-apache-connector-3.1.10.jar
[DEBUG]  C:\Users\acer\.m2\repository\com\netflix\eureka\eureka-core-jersey3\2.0.4\eureka-core-jersey3-2.0.4.jar
[DEBUG]  C:\Users\acer\.m2\repository\com\netflix\eureka\eureka-core\2.0.4\eureka-core-2.0.4.jar
[DEBUG]  C:\Users\acer\.m2\repository\org\glassfish\jersey\containers\jersey-container-servlet\3.1.10\jersey-container-servlet-3.1.10.jar
[DEBUG]  C:\Users\acer\.m2\repository\org\glassfish\jersey\containers\jersey-container-servlet-core\3.1.10\jersey-container-servlet-core-3.1.10.jar
[DEBUG]  C:\Users\acer\.m2\repository\org\glassfish\jersey\core\jersey-common\3.1.10\jersey-common-3.1.10.jar
[DEBUG]  C:\Users\acer\.m2\repository\org\glassfish\hk2\osgi-resource-locator\1.0.3\osgi-resource-locator-1.0.3.jar
[DEBUG]  C:\Users\acer\.m2\repository\jakarta\ws\rs\jakarta.ws.rs-api\3.1.0\jakarta.ws.rs-api-3.1.0.jar
[DEBUG]  C:\Users\acer\.m2\repository\org\glassfish\jersey\core\jersey-server\3.1.10\jersey-server-3.1.10.jar
[DEBUG]  C:\Users\acer\.m2\repository\org\glassfish\jersey\core\jersey-client\3.1.10\jersey-client-3.1.10.jar
[DEBUG]  C:\Users\acer\.m2\repository\org\glassfish\jersey\inject\jersey-hk2\3.1.10\jersey-hk2-3.1.10.jar
[DEBUG]  C:\Users\acer\.m2\repository\org\glassfish\hk2\hk2-locator\3.0.6\hk2-locator-3.0.6.jar
[DEBUG]  C:\Users\acer\.m2\repository\org\glassfish\hk2\external\aopalliance-repackaged\3.0.6\aopalliance-repackaged-3.0.6.jar
[DEBUG]  C:\Users\acer\.m2\repository\org\glassfish\hk2\hk2-utils\3.0.6\hk2-utils-3.0.6.jar
[DEBUG]  C:\Users\acer\.m2\repository\org\javassist\javassist\3.30.2-GA\javassist-3.30.2-GA.jar
[DEBUG]  C:\Users\acer\.m2\repository\org\glassfish\hk2\spring-bridge\3.1.1\spring-bridge-3.1.1.jar
[DEBUG]  C:\Users\acer\.m2\repository\org\glassfish\hk2\hk2-api\3.1.1\hk2-api-3.1.1.jar
[DEBUG]  C:\Users\acer\.m2\repository\com\fasterxml\jackson\dataformat\jackson-dataformat-xml\2.18.2\jackson-dataformat-xml-2.18.2.jar
[DEBUG]  C:\Users\acer\.m2\repository\org\codehaus\woodstox\stax2-api\4.2.2\stax2-api-4.2.2.jar
[DEBUG]  C:\Users\acer\.m2\repository\com\fasterxml\woodstox\woodstox-core\7.0.0\woodstox-core-7.0.0.jar
[DEBUG]  C:\Users\acer\.m2\repository\org\springframework\cloud\spring-cloud-starter-loadbalancer\4.2.0\spring-cloud-starter-loadbalancer-4.2.0.jar
[DEBUG]  C:\Users\acer\.m2\repository\org\springframework\cloud\spring-cloud-loadbalancer\4.2.0\spring-cloud-loadbalancer-4.2.0.jar
[DEBUG]  C:\Users\acer\.m2\repository\org\springframework\boot\spring-boot-starter-cache\3.4.2\spring-boot-starter-cache-3.4.2.jar
[DEBUG]  C:\Users\acer\.m2\repository\com\stoyanr\evictor\1.0.0\evictor-1.0.0.jar
[DEBUG]  C:\Users\acer\.m2\repository\org\glassfish\jaxb\jaxb-runtime\4.0.5\jaxb-runtime-4.0.5.jar
[DEBUG]  C:\Users\acer\.m2\repository\org\glassfish\jaxb\jaxb-core\4.0.5\jaxb-core-4.0.5.jar
[DEBUG]  C:\Users\acer\.m2\repository\org\glassfish\jaxb\txw2\4.0.5\txw2-4.0.5.jar
[DEBUG]  C:\Users\acer\.m2\repository\com\sun\istack\istack-commons-runtime\4.1.2\istack-commons-runtime-4.1.2.jar
[DEBUG]  C:\Users\acer\.m2\repository\org\springframework\cloud\spring-cloud-config-server\4.2.0\spring-cloud-config-server-4.2.0.jar
[DEBUG]  C:\Users\acer\.m2\repository\org\springframework\cloud\spring-cloud-config-client\4.2.0\spring-cloud-config-client-4.2.0.jar
[DEBUG]  C:\Users\acer\.m2\repository\com\fasterxml\jackson\core\jackson-annotations\2.18.2\jackson-annotations-2.18.2.jar
[DEBUG]  C:\Users\acer\.m2\repository\org\springframework\boot\spring-boot-starter-web\3.4.2\spring-boot-starter-web-3.4.2.jar
[DEBUG]  C:\Users\acer\.m2\repository\org\springframework\boot\spring-boot-starter-tomcat\3.4.2\spring-boot-starter-tomcat-3.4.2.jar
[DEBUG]  C:\Users\acer\.m2\repository\org\apache\tomcat\embed\tomcat-embed-core\10.1.34\tomcat-embed-core-10.1.34.jar
[DEBUG]  C:\Users\acer\.m2\repository\org\apache\tomcat\embed\tomcat-embed-websocket\10.1.34\tomcat-embed-websocket-10.1.34.jar
[DEBUG]  C:\Users\acer\.m2\repository\org\springframework\spring-webmvc\6.2.2\spring-webmvc-6.2.2.jar
[DEBUG]  C:\Users\acer\.m2\repository\org\springframework\spring-expression\6.2.2\spring-expression-6.2.2.jar
[DEBUG]  C:\Users\acer\.m2\repository\org\springframework\security\spring-security-crypto\6.4.2\spring-security-crypto-6.4.2.jar
[DEBUG]  C:\Users\acer\.m2\repository\org\apache\httpcomponents\client5\httpclient5\5.4.1\httpclient5-5.4.1.jar
[DEBUG]  C:\Users\acer\.m2\repository\org\apache\httpcomponents\core5\httpcore5\5.3.2\httpcore5-5.3.2.jar
[DEBUG]  C:\Users\acer\.m2\repository\org\apache\httpcomponents\core5\httpcore5-h2\5.3.2\httpcore5-h2-5.3.2.jar
[DEBUG]  C:\Users\acer\.m2\repository\org\slf4j\slf4j-api\2.0.16\slf4j-api-2.0.16.jar
[DEBUG]  C:\Users\acer\.m2\repository\org\eclipse\jgit\org.eclipse.jgit\6.10.0.202406032230-r\org.eclipse.jgit-6.10.0.202406032230-r.jar
[DEBUG]  C:\Users\acer\.m2\repository\com\googlecode\javaewah\JavaEWAH\1.2.3\JavaEWAH-1.2.3.jar
[DEBUG]  C:\Users\acer\.m2\repository\commons-codec\commons-codec\1.17.2\commons-codec-1.17.2.jar
[DEBUG]  C:\Users\acer\.m2\repository\org\eclipse\jgit\org.eclipse.jgit.http.apache\6.10.0.202406032230-r\org.eclipse.jgit.http.apache-6.10.0.202406032230-r.jar
[DEBUG]  C:\Users\acer\.m2\repository\org\apache\httpcomponents\httpclient\4.5.14\httpclient-4.5.14.jar
[DEBUG]  C:\Users\acer\.m2\repository\commons-logging\commons-logging\1.2\commons-logging-1.2.jar
[DEBUG]  C:\Users\acer\.m2\repository\org\apache\httpcomponents\httpcore\4.4.16\httpcore-4.4.16.jar
[DEBUG]  C:\Users\acer\.m2\repository\org\eclipse\jgit\org.eclipse.jgit.ssh.apache\6.10.0.202406032230-r\org.eclipse.jgit.ssh.apache-6.10.0.202406032230-r.jar
[DEBUG]  C:\Users\acer\.m2\repository\org\apache\sshd\sshd-osgi\2.12.1\sshd-osgi-2.12.1.jar
[DEBUG]  C:\Users\acer\.m2\repository\org\slf4j\jcl-over-slf4j\2.0.16\jcl-over-slf4j-2.0.16.jar
[DEBUG]  C:\Users\acer\.m2\repository\org\apache\sshd\sshd-sftp\2.12.1\sshd-sftp-2.12.1.jar
[DEBUG]  C:\Users\acer\.m2\repository\net\i2p\crypto\eddsa\0.3.0\eddsa-0.3.0.jar
[DEBUG]  C:\Users\acer\.m2\repository\org\yaml\snakeyaml\2.3\snakeyaml-2.3.jar
[DEBUG]  C:\Users\acer\.m2\repository\com\fasterxml\jackson\dataformat\jackson-dataformat-yaml\2.18.2\jackson-dataformat-yaml-2.18.2.jar
[DEBUG]  C:\Users\acer\.m2\repository\com\fasterxml\jackson\core\jackson-core\2.18.2\jackson-core-2.18.2.jar
[DEBUG]  C:\Users\acer\.m2\repository\org\springframework\boot\spring-boot-starter-data-jpa\3.4.2\spring-boot-starter-data-jpa-3.4.2.jar
[DEBUG]  C:\Users\acer\.m2\repository\org\springframework\boot\spring-boot-starter-jdbc\3.4.2\spring-boot-starter-jdbc-3.4.2.jar
[DEBUG]  C:\Users\acer\.m2\repository\com\zaxxer\HikariCP\5.1.0\HikariCP-5.1.0.jar
[DEBUG]  C:\Users\acer\.m2\repository\org\springframework\spring-jdbc\6.2.2\spring-jdbc-6.2.2.jar
[DEBUG]  C:\Users\acer\.m2\repository\org\hibernate\orm\hibernate-core\6.6.5.Final\hibernate-core-6.6.5.Final.jar
[DEBUG]  C:\Users\acer\.m2\repository\jakarta\persistence\jakarta.persistence-api\3.1.0\jakarta.persistence-api-3.1.0.jar
[DEBUG]  C:\Users\acer\.m2\repository\jakarta\transaction\jakarta.transaction-api\2.0.1\jakarta.transaction-api-2.0.1.jar
[DEBUG]  C:\Users\acer\.m2\repository\jakarta\inject\jakarta.inject-api\2.0.1\jakarta.inject-api-2.0.1.jar
[DEBUG]  C:\Users\acer\.m2\repository\org\antlr\antlr4-runtime\4.13.0\antlr4-runtime-4.13.0.jar
[DEBUG]  C:\Users\acer\.m2\repository\org\springframework\data\spring-data-jpa\3.4.2\spring-data-jpa-3.4.2.jar
[DEBUG]  C:\Users\acer\.m2\repository\org\springframework\data\spring-data-commons\3.4.2\spring-data-commons-3.4.2.jar
[DEBUG]  C:\Users\acer\.m2\repository\org\springframework\spring-orm\6.2.2\spring-orm-6.2.2.jar
[DEBUG]  C:\Users\acer\.m2\repository\org\springframework\spring-context\6.2.2\spring-context-6.2.2.jar
[DEBUG]  C:\Users\acer\.m2\repository\org\springframework\spring-aop\6.2.2\spring-aop-6.2.2.jar
[DEBUG]  C:\Users\acer\.m2\repository\org\springframework\spring-tx\6.2.2\spring-tx-6.2.2.jar
[DEBUG]  C:\Users\acer\.m2\repository\org\springframework\spring-aspects\6.2.2\spring-aspects-6.2.2.jar
[DEBUG]  C:\Users\acer\.m2\repository\org\aspectj\aspectjweaver\1.9.22.1\aspectjweaver-1.9.22.1.jar
[DEBUG]  C:\Users\acer\.m2\repository\org\projectlombok\lombok\1.18.36\lombok-1.18.36.jar
[DEBUG]  C:\Users\acer\.m2\repository\org\springframework\boot\spring-boot-configuration-processor\3.4.2\spring-boot-configuration-processor-3.4.2.jar
[DEBUG]  C:\Users\acer\.m2\repository\jakarta\xml\bind\jakarta.xml.bind-api\4.0.2\jakarta.xml.bind-api-4.0.2.jar
[DEBUG]  C:\Users\acer\.m2\repository\jakarta\activation\jakarta.activation-api\2.1.3\jakarta.activation-api-2.1.3.jar
[DEBUG]  C:\Users\acer\.m2\repository\org\springframework\spring-core\6.2.2\spring-core-6.2.2.jar
[DEBUG]  C:\Users\acer\.m2\repository\org\springframework\spring-jcl\6.2.2\spring-jcl-6.2.2.jar
[DEBUG]  C:\Users\acer\.m2\repository\io\projectreactor\reactor-core\3.7.2\reactor-core-3.7.2.jar
[DEBUG]  C:\Users\acer\.m2\repository\org\reactivestreams\reactive-streams\1.0.4\reactive-streams-1.0.4.jar
[DEBUG] Source roots:
[DEBUG]  E:\backend\nebula\services\platform-core\src\main\java
[DEBUG]  E:\backend\nebula\services\platform-core\target\generated-sources\annotations
[DEBUG] Command line options:
[DEBUG] -d E:\backend\nebula\services\platform-core\target\classes -classpath E:\backend\nebula\services\platform-core\target\classes;C:\Users\acer\.m2\repository\org\springframework\boot\spring-boot-starter-webflux\3.4.2\spring-boot-starter-webflux-3.4.2.jar;C:\Users\acer\.m2\repository\org\springframework\boot\spring-boot-starter\3.4.2\spring-boot-starter-3.4.2.jar;C:\Users\acer\.m2\repository\org\springframework\boot\spring-boot\3.4.2\spring-boot-3.4.2.jar;C:\Users\acer\.m2\repository\org\springframework\boot\spring-boot-autoconfigure\3.4.2\spring-boot-autoconfigure-3.4.2.jar;C:\Users\acer\.m2\repository\org\springframework\boot\spring-boot-starter-logging\3.4.2\spring-boot-starter-logging-3.4.2.jar;C:\Users\acer\.m2\repository\ch\qos\logback\logback-classic\1.5.16\logback-classic-1.5.16.jar;C:\Users\acer\.m2\repository\ch\qos\logback\logback-core\1.5.16\logback-core-1.5.16.jar;C:\Users\acer\.m2\repository\org\apache\logging\log4j\log4j-to-slf4j\2.24.3\log4j-to-slf4j-2.24.3.jar;C:\Users\acer\.m2\repository\org\apache\logging\log4j\log4j-api\2.24.3\log4j-api-2.24.3.jar;C:\Users\acer\.m2\repository\org\slf4j\jul-to-slf4j\2.0.16\jul-to-slf4j-2.0.16.jar;C:\Users\acer\.m2\repository\jakarta\annotation\jakarta.annotation-api\2.1.1\jakarta.annotation-api-2.1.1.jar;C:\Users\acer\.m2\repository\org\springframework\boot\spring-boot-starter-json\3.4.2\spring-boot-starter-json-3.4.2.jar;C:\Users\acer\.m2\repository\com\fasterxml\jackson\core\jackson-databind\2.18.2\jackson-databind-2.18.2.jar;C:\Users\acer\.m2\repository\com\fasterxml\jackson\datatype\jackson-datatype-jdk8\2.18.2\jackson-datatype-jdk8-2.18.2.jar;C:\Users\acer\.m2\repository\com\fasterxml\jackson\datatype\jackson-datatype-jsr310\2.18.2\jackson-datatype-jsr310-2.18.2.jar;C:\Users\acer\.m2\repository\com\fasterxml\jackson\module\jackson-module-parameter-names\2.18.2\jackson-module-parameter-names-2.18.2.jar;C:\Users\acer\.m2\repository\org\springframework\boot\spring-boot-starter-reactor-netty\3.4.2\spring-boot-starter-reactor-netty-3.4.2.jar;C:\Users\acer\.m2\repository\io\projectreactor\netty\reactor-netty-http\1.2.2\reactor-netty-http-1.2.2.jar;C:\Users\acer\.m2\repository\io\netty\netty-codec-http\4.1.130.Final\netty-codec-http-4.1.130.Final.jar;C:\Users\acer\.m2\repository\io\netty\netty-common\4.1.130.Final\netty-common-4.1.130.Final.jar;C:\Users\acer\.m2\repository\io\netty\netty-buffer\4.1.130.Final\netty-buffer-4.1.130.Final.jar;C:\Users\acer\.m2\repository\io\netty\netty-transport\4.1.130.Final\netty-transport-4.1.130.Final.jar;C:\Users\acer\.m2\repository\io\netty\netty-codec\4.1.130.Final\netty-codec-4.1.130.Final.jar;C:\Users\acer\.m2\repository\io\netty\netty-handler\4.1.130.Final\netty-handler-4.1.130.Final.jar;C:\Users\acer\.m2\repository\io\netty\netty-codec-http2\4.1.130.Final\netty-codec-http2-4.1.130.Final.jar;C:\Users\acer\.m2\repository\io\netty\netty-resolver-dns\4.1.130.Final\netty-resolver-dns-4.1.130.Final.jar;C:\Users\acer\.m2\repository\io\netty\netty-resolver\4.1.130.Final\netty-resolver-4.1.130.Final.jar;C:\Users\acer\.m2\repository\io\netty\netty-codec-dns\4.1.130.Final\netty-codec-dns-4.1.130.Final.jar;C:\Users\acer\.m2\repository\io\netty\netty-resolver-dns-native-macos\4.1.130.Final\netty-resolver-dns-native-macos-4.1.130.Final-osx-x86_64.jar;C:\Users\acer\.m2\repository\io\netty\netty-resolver-dns-classes-macos\4.1.130.Final\netty-resolver-dns-classes-macos-4.1.130.Final.jar;C:\Users\acer\.m2\repository\io\netty\netty-transport-native-epoll\4.1.130.Final\netty-transport-native-epoll-4.1.130.Final-linux-x86_64.jar;C:\Users\acer\.m2\repository\io\netty\netty-transport-native-unix-common\4.1.130.Final\netty-transport-native-unix-common-4.1.130.Final.jar;C:\Users\acer\.m2\repository\io\netty\netty-transport-classes-epoll\4.1.130.Final\netty-transport-classes-epoll-4.1.130.Final.jar;C:\Users\acer\.m2\repository\io\projectreactor\netty\reactor-netty-core\1.2.2\reactor-netty-core-1.2.2.jar;C:\Users\acer\.m2\repository\io\netty\netty-handler-proxy\4.1.130.Final\netty-handler-proxy-4.1.130.Final.jar;C:\Users\acer\.m2\repository\io\netty\netty-codec-socks\4.1.130.Final\netty-codec-socks-4.1.130.Final.jar;C:\Users\acer\.m2\repository\org\springframework\spring-web\6.2.2\spring-web-6.2.2.jar;C:\Users\acer\.m2\repository\org\springframework\spring-beans\6.2.2\spring-beans-6.2.2.jar;C:\Users\acer\.m2\repository\org\springframework\spring-webflux\6.2.2\spring-webflux-6.2.2.jar;C:\Users\acer\.m2\repository\org\springframework\boot\spring-boot-starter-validation\3.4.2\spring-boot-starter-validation-3.4.2.jar;C:\Users\acer\.m2\repository\org\apache\tomcat\embed\tomcat-embed-el\10.1.34\tomcat-embed-el-10.1.34.jar;C:\Users\acer\.m2\repository\org\hibernate\validator\hibernate-validator\8.0.2.Final\hibernate-validator-8.0.2.Final.jar;C:\Users\acer\.m2\repository\jakarta\validation\jakarta.validation-api\3.0.2\jakarta.validation-api-3.0.2.jar;C:\Users\acer\.m2\repository\org\jboss\logging\jboss-logging\3.6.1.Final\jboss-logging-3.6.1.Final.jar;C:\Users\acer\.m2\repository\com\fasterxml\classmate\1.7.0\classmate-1.7.0.jar;C:\Users\acer\.m2\repository\org\springframework\boot\spring-boot-starter-actuator\3.4.2\spring-boot-starter-actuator-3.4.2.jar;C:\Users\acer\.m2\repository\org\springframework\boot\spring-boot-actuator-autoconfigure\3.4.2\spring-boot-actuator-autoconfigure-3.4.2.jar;C:\Users\acer\.m2\repository\org\springframework\boot\spring-boot-actuator\3.4.2\spring-boot-actuator-3.4.2.jar;C:\Users\acer\.m2\repository\io\micrometer\micrometer-observation\1.14.3\micrometer-observation-1.14.3.jar;C:\Users\acer\.m2\repository\io\micrometer\micrometer-commons\1.14.3\micrometer-commons-1.14.3.jar;C:\Users\acer\.m2\repository\io\micrometer\micrometer-jakarta9\1.14.3\micrometer-jakarta9-1.14.3.jar;C:\Users\acer\.m2\repository\io\micrometer\micrometer-core\1.14.3\micrometer-core-1.14.3.jar;C:\Users\acer\.m2\repository\org\springframework\cloud\spring-cloud-starter-gateway\4.2.0\spring-cloud-starter-gateway-4.2.0.jar;C:\Users\acer\.m2\repository\org\springframework\cloud\spring-cloud-starter\4.2.0\spring-cloud-starter-4.2.0.jar;C:\Users\acer\.m2\repository\org\springframework\cloud\spring-cloud-context\4.2.0\spring-cloud-context-4.2.0.jar;C:\Users\acer\.m2\repository\org\springframework\cloud\spring-cloud-commons\4.2.0\spring-cloud-commons-4.2.0.jar;C:\Users\acer\.m2\repository\org\bouncycastle\bcprov-jdk18on\1.78.1\bcprov-jdk18on-1.78.1.jar;C:\Users\acer\.m2\repository\org\springframework\cloud\spring-cloud-gateway-server\4.2.0\spring-cloud-gateway-server-4.2.0.jar;C:\Users\acer\.m2\repository\io\projectreactor\addons\reactor-extra\3.5.2\reactor-extra-3.5.2.jar;C:\Users\acer\.m2\repository\org\springframework\cloud\spring-cloud-starter-netflix-eureka-server\4.2.0\spring-cloud-starter-netflix-eureka-server-4.2.0.jar;C:\Users\acer\.m2\repository\org\springframework\cloud\spring-cloud-netflix-eureka-server\4.2.0\spring-cloud-netflix-eureka-server-4.2.0.jar;C:\Users\acer\.m2\repository\org\springframework\boot\spring-boot-starter-freemarker\3.4.2\spring-boot-starter-freemarker-3.4.2.jar;C:\Users\acer\.m2\repository\org\freemarker\freemarker\2.3.34\freemarker-2.3.34.jar;C:\Users\acer\.m2\repository\org\springframework\spring-context-support\6.2.2\spring-context-support-6.2.2.jar;C:\Users\acer\.m2\repository\org\springframework\cloud\spring-cloud-netflix-eureka-client\4.2.0\spring-cloud-netflix-eureka-client-4.2.0.jar;C:\Users\acer\.m2\repository\com\netflix\eureka\eureka-client\2.0.4\eureka-client-2.0.4.jar;C:\Users\acer\.m2\repository\com\thoughtworks\xstream\xstream\1.4.20\xstream-1.4.20.jar;C:\Users\acer\.m2\repository\io\github\x-stream\mxparser\1.2.2\mxparser-1.2.2.jar;C:\Users\acer\.m2\repository\xmlpull\xmlpull\1.1.3.1\xmlpull-1.1.3.1.jar;C:\Users\acer\.m2\repository\com\netflix\spectator\spectator-api\1.7.3\spectator-api-1.7.3.jar;C:\Users\acer\.m2\repository\commons-configuration\commons-configuration\1.10\commons-configuration-1.10.jar;C:\Users\acer\.m2\repository\commons-lang\commons-lang\2.6\commons-lang-2.6.jar;C:\Users\acer\.m2\repository\com\netflix\eureka\eureka-client-jersey3\2.0.4\eureka-client-jersey3-2.0.4.jar;C:\Users\acer\.m2\repository\org\glassfish\jersey\connectors\jersey-apache-connector\3.1.10\jersey-apache-connector-3.1.10.jar;C:\Users\acer\.m2\repository\com\netflix\eureka\eureka-core-jersey3\2.0.4\eureka-core-jersey3-2.0.4.jar;C:\Users\acer\.m2\repository\com\netflix\eureka\eureka-core\2.0.4\eureka-core-2.0.4.jar;C:\Users\acer\.m2\repository\org\glassfish\jersey\containers\jersey-container-servlet\3.1.10\jersey-container-servlet-3.1.10.jar;C:\Users\acer\.m2\repository\org\glassfish\jersey\containers\jersey-container-servlet-core\3.1.10\jersey-container-servlet-core-3.1.10.jar;C:\Users\acer\.m2\repository\org\glassfish\jersey\core\jersey-common\3.1.10\jersey-common-3.1.10.jar;C:\Users\acer\.m2\repository\org\glassfish\hk2\osgi-resource-locator\1.0.3\osgi-resource-locator-1.0.3.jar;C:\Users\acer\.m2\repository\jakarta\ws\rs\jakarta.ws.rs-api\3.1.0\jakarta.ws.rs-api-3.1.0.jar;C:\Users\acer\.m2\repository\org\glassfish\jersey\core\jersey-server\3.1.10\jersey-server-3.1.10.jar;C:\Users\acer\.m2\repository\org\glassfish\jersey\core\jersey-client\3.1.10\jersey-client-3.1.10.jar;C:\Users\acer\.m2\repository\org\glassfish\jersey\inject\jersey-hk2\3.1.10\jersey-hk2-3.1.10.jar;C:\Users\acer\.m2\repository\org\glassfish\hk2\hk2-locator\3.0.6\hk2-locator-3.0.6.jar;C:\Users\acer\.m2\repository\org\glassfish\hk2\external\aopalliance-repackaged\3.0.6\aopalliance-repackaged-3.0.6.jar;C:\Users\acer\.m2\repository\org\glassfish\hk2\hk2-utils\3.0.6\hk2-utils-3.0.6.jar;C:\Users\acer\.m2\repository\org\javassist\javassist\3.30.2-GA\javassist-3.30.2-GA.jar;C:\Users\acer\.m2\repository\org\glassfish\hk2\spring-bridge\3.1.1\spring-bridge-3.1.1.jar;C:\Users\acer\.m2\repository\org\glassfish\hk2\hk2-api\3.1.1\hk2-api-3.1.1.jar;C:\Users\acer\.m2\repository\com\fasterxml\jackson\dataformat\jackson-dataformat-xml\2.18.2\jackson-dataformat-xml-2.18.2.jar;C:\Users\acer\.m2\repository\org\codehaus\woodstox\stax2-api\4.2.2\stax2-api-4.2.2.jar;C:\Users\acer\.m2\repository\com\fasterxml\woodstox\woodstox-core\7.0.0\woodstox-core-7.0.0.jar;C:\Users\acer\.m2\repository\org\springframework\cloud\spring-cloud-starter-loadbalancer\4.2.0\spring-cloud-starter-loadbalancer-4.2.0.jar;C:\Users\acer\.m2\repository\org\springframework\cloud\spring-cloud-loadbalancer\4.2.0\spring-cloud-loadbalancer-4.2.0.jar;C:\Users\acer\.m2\repository\org\springframework\boot\spring-boot-starter-cache\3.4.2\spring-boot-starter-cache-3.4.2.jar;C:\Users\acer\.m2\repository\com\stoyanr\evictor\1.0.0\evictor-1.0.0.jar;C:\Users\acer\.m2\repository\org\glassfish\jaxb\jaxb-runtime\4.0.5\jaxb-runtime-4.0.5.jar;C:\Users\acer\.m2\repository\org\glassfish\jaxb\jaxb-core\4.0.5\jaxb-core-4.0.5.jar;C:\Users\acer\.m2\repository\org\glassfish\jaxb\txw2\4.0.5\txw2-4.0.5.jar;C:\Users\acer\.m2\repository\com\sun\istack\istack-commons-runtime\4.1.2\istack-commons-runtime-4.1.2.jar;C:\Users\acer\.m2\repository\org\springframework\cloud\spring-cloud-config-server\4.2.0\spring-cloud-config-server-4.2.0.jar;C:\Users\acer\.m2\repository\org\springframework\cloud\spring-cloud-config-client\4.2.0\spring-cloud-config-client-4.2.0.jar;C:\Users\acer\.m2\repository\com\fasterxml\jackson\core\jackson-annotations\2.18.2\jackson-annotations-2.18.2.jar;C:\Users\acer\.m2\repository\org\springframework\boot\spring-boot-starter-web\3.4.2\spring-boot-starter-web-3.4.2.jar;C:\Users\acer\.m2\repository\org\springframework\boot\spring-boot-starter-tomcat\3.4.2\spring-boot-starter-tomcat-3.4.2.jar;C:\Users\acer\.m2\repository\org\apache\tomcat\embed\tomcat-embed-core\10.1.34\tomcat-embed-core-10.1.34.jar;C:\Users\acer\.m2\repository\org\apache\tomcat\embed\tomcat-embed-websocket\10.1.34\tomcat-embed-websocket-10.1.34.jar;C:\Users\acer\.m2\repository\org\springframework\spring-webmvc\6.2.2\spring-webmvc-6.2.2.jar;C:\Users\acer\.m2\repository\org\springframework\spring-expression\6.2.2\spring-expression-6.2.2.jar;C:\Users\acer\.m2\repository\org\springframework\security\spring-security-crypto\6.4.2\spring-security-crypto-6.4.2.jar;C:\Users\acer\.m2\repository\org\apache\httpcomponents\client5\httpclient5\5.4.1\httpclient5-5.4.1.jar;C:\Users\acer\.m2\repository\org\apache\httpcomponents\core5\httpcore5\5.3.2\httpcore5-5.3.2.jar;C:\Users\acer\.m2\repository\org\apache\httpcomponents\core5\httpcore5-h2\5.3.2\httpcore5-h2-5.3.2.jar;C:\Users\acer\.m2\repository\org\slf4j\slf4j-api\2.0.16\slf4j-api-2.0.16.jar;C:\Users\acer\.m2\repository\org\eclipse\jgit\org.eclipse.jgit\6.10.0.202406032230-r\org.eclipse.jgit-6.10.0.202406032230-r.jar;C:\Users\acer\.m2\repository\com\googlecode\javaewah\JavaEWAH\1.2.3\JavaEWAH-1.2.3.jar;C:\Users\acer\.m2\repository\commons-codec\commons-codec\1.17.2\commons-codec-1.17.2.jar;C:\Users\acer\.m2\repository\org\eclipse\jgit\org.eclipse.jgit.http.apache\6.10.0.202406032230-r\org.eclipse.jgit.http.apache-6.10.0.202406032230-r.jar;C:\Users\acer\.m2\repository\org\apache\httpcomponents\httpclient\4.5.14\httpclient-4.5.14.jar;C:\Users\acer\.m2\repository\commons-logging\commons-logging\1.2\commons-logging-1.2.jar;C:\Users\acer\.m2\repository\org\apache\httpcomponents\httpcore\4.4.16\httpcore-4.4.16.jar;C:\Users\acer\.m2\repository\org\eclipse\jgit\org.eclipse.jgit.ssh.apache\6.10.0.202406032230-r\org.eclipse.jgit.ssh.apache-6.10.0.202406032230-r.jar;C:\Users\acer\.m2\repository\org\apache\sshd\sshd-osgi\2.12.1\sshd-osgi-2.12.1.jar;C:\Users\acer\.m2\repository\org\slf4j\jcl-over-slf4j\2.0.16\jcl-over-slf4j-2.0.16.jar;C:\Users\acer\.m2\repository\org\apache\sshd\sshd-sftp\2.12.1\sshd-sftp-2.12.1.jar;C:\Users\acer\.m2\repository\net\i2p\crypto\eddsa\0.3.0\eddsa-0.3.0.jar;C:\Users\acer\.m2\repository\org\yaml\snakeyaml\2.3\snakeyaml-2.3.jar;C:\Users\acer\.m2\repository\com\fasterxml\jackson\dataformat\jackson-dataformat-yaml\2.18.2\jackson-dataformat-yaml-2.18.2.jar;C:\Users\acer\.m2\repository\com\fasterxml\jackson\core\jackson-core\2.18.2\jackson-core-2.18.2.jar;C:\Users\acer\.m2\repository\org\springframework\boot\spring-boot-starter-data-jpa\3.4.2\spring-boot-starter-data-jpa-3.4.2.jar;C:\Users\acer\.m2\repository\org\springframework\boot\spring-boot-starter-jdbc\3.4.2\spring-boot-starter-jdbc-3.4.2.jar;C:\Users\acer\.m2\repository\com\zaxxer\HikariCP\5.1.0\HikariCP-5.1.0.jar;C:\Users\acer\.m2\repository\org\springframework\spring-jdbc\6.2.2\spring-jdbc-6.2.2.jar;C:\Users\acer\.m2\repository\org\hibernate\orm\hibernate-core\6.6.5.Final\hibernate-core-6.6.5.Final.jar;C:\Users\acer\.m2\repository\jakarta\persistence\jakarta.persistence-api\3.1.0\jakarta.persistence-api-3.1.0.jar;C:\Users\acer\.m2\repository\jakarta\transaction\jakarta.transaction-api\2.0.1\jakarta.transaction-api-2.0.1.jar;C:\Users\acer\.m2\repository\jakarta\inject\jakarta.inject-api\2.0.1\jakarta.inject-api-2.0.1.jar;C:\Users\acer\.m2\repository\org\antlr\antlr4-runtime\4.13.0\antlr4-runtime-4.13.0.jar;C:\Users\acer\.m2\repository\org\springframework\data\spring-data-jpa\3.4.2\spring-data-jpa-3.4.2.jar;C:\Users\acer\.m2\repository\org\springframework\data\spring-data-commons\3.4.2\spring-data-commons-3.4.2.jar;C:\Users\acer\.m2\repository\org\springframework\spring-orm\6.2.2\spring-orm-6.2.2.jar;C:\Users\acer\.m2\repository\org\springframework\spring-context\6.2.2\spring-context-6.2.2.jar;C:\Users\acer\.m2\repository\org\springframework\spring-aop\6.2.2\spring-aop-6.2.2.jar;C:\Users\acer\.m2\repository\org\springframework\spring-tx\6.2.2\spring-tx-6.2.2.jar;C:\Users\acer\.m2\repository\org\springframework\spring-aspects\6.2.2\spring-aspects-6.2.2.jar;C:\Users\acer\.m2\repository\org\aspectj\aspectjweaver\1.9.22.1\aspectjweaver-1.9.22.1.jar;C:\Users\acer\.m2\repository\org\projectlombok\lombok\1.18.36\lombok-1.18.36.jar;C:\Users\acer\.m2\repository\org\springframework\boot\spring-boot-configuration-processor\3.4.2\spring-boot-configuration-processor-3.4.2.jar;C:\Users\acer\.m2\repository\jakarta\xml\bind\jakarta.xml.bind-api\4.0.2\jakarta.xml.bind-api-4.0.2.jar;C:\Users\acer\.m2\repository\jakarta\activation\jakarta.activation-api\2.1.3\jakarta.activation-api-2.1.3.jar;C:\Users\acer\.m2\repository\org\springframework\spring-core\6.2.2\spring-core-6.2.2.jar;C:\Users\acer\.m2\repository\org\springframework\spring-jcl\6.2.2\spring-jcl-6.2.2.jar;C:\Users\acer\.m2\repository\io\projectreactor\reactor-core\3.7.2\reactor-core-3.7.2.jar;C:\Users\acer\.m2\repository\org\reactivestreams\reactive-streams\1.0.4\reactive-streams-1.0.4.jar; -sourcepath E:\backend\nebula\services\platform-core\src\main\java;E:\backend\nebula\services\platform-core\target\generated-sources\annotations; -s E:\backend\nebula\services\platform-core\target\generated-sources\annotations -g -parameters --release 17 -encoding UTF-8 -parameters -XDuseUnsharedTable=true
[DEBUG] incrementalBuildHelper#beforeRebuildExecution
[INFO] Compiling 11 source files with javac [debug parameters release 17] to target\classes
[DEBUG] incrementalBuildHelper#afterRebuildExecution
[INFO] Annotation processing is enabled because one or more processors were found
  on the class path. A future release of javac may disable annotation processing
  unless at least one processor is specified by name (-processor), or a search
  path is specified (--processor-path, --processor-module-path), or annotation
  processing is enabled explicitly (-proc:only, -proc:full).
  Use -Xlint:-options to suppress this message.
  Use -proc:none to disable annotation processing.
[INFO] 
[INFO] --- resources:3.3.1:testResources (default-testResources) @ platform-core ---
[DEBUG] Loading mojo org.apache.maven.plugins:maven-resources-plugin:3.3.1:testResources from plugin realm ClassRealm[plugin>org.apache.maven.plugins:maven-resources-plugin:3.3.1, parent: jdk.internal.loader.ClassLoaders$AppClassLoader@70dea4e]
[DEBUG] Configuring mojo execution 'org.apache.maven.plugins:maven-resources-plugin:3.3.1:testResources:default-testResources' with basic configurator -->
[DEBUG]   (f) addDefaultExcludes = true
[DEBUG]   (f) buildFilters = []
[DEBUG]   (s) delimiters = [@]
[DEBUG]   (f) encoding = UTF-8
[DEBUG]   (f) escapeWindowsPaths = true
[DEBUG]   (f) fileNameFiltering = false
[DEBUG]   (s) includeEmptyDirs = false
[DEBUG]   (s) outputDirectory = E:\backend\nebula\services\platform-core\target\test-classes
[DEBUG]   (s) overwrite = false
[DEBUG]   (f) project = MavenProject: pse.nebula:platform-core:0.0.1-SNAPSHOT @ E:\backend\nebula\services\platform-core\pom.xml
[DEBUG]   (f) propertiesEncoding = UTF-8
[DEBUG]   (s) resources = [Resource {targetPath: null, filtering: false, FileSet {directory: E:\backend\nebula\services\platform-core\src\test\resources, PatternSet [includes: {}, excludes: {}]}}]
[DEBUG]   (f) session = org.apache.maven.execution.MavenSession@673c4f6e
[DEBUG]   (f) skip = false
[DEBUG]   (f) supportMultiLineFiltering = false
[DEBUG]   (f) useBuildFilters = true
[DEBUG]   (s) useDefaultDelimiters = false
[DEBUG] -- end configuration --
[DEBUG] properties used:
[DEBUG] activemq.version: 6.1.5
[DEBUG] angus-mail.version: 2.0.3
[DEBUG] artemis.version: 2.37.0
[DEBUG] aspectj.version: 1.9.22.1
[DEBUG] assertj.version: 3.26.3
[DEBUG] awaitility.version: 4.2.2
[DEBUG] brave.version: 6.0.3
[DEBUG] build-helper-maven-plugin.version: 3.6.0
[DEBUG] byte-buddy.version: 1.15.11
[DEBUG] cache2k.version: 2.6.1.Final
[DEBUG] caffeine.version: 3.1.8
[DEBUG] cassandra-driver.version: 4.18.1
[DEBUG] classmate.version: 1.7.0
[DEBUG] classworlds.conf: C:\Users\acer\.m2\wrapper\dists\apache-maven-3.9.11\03d7e36a140982eea48e22c1dcac01d8862b2550b2939e09a0809bbc5182a5bc\bin\m2.conf
[DEBUG] commons-codec.version: 1.17.2
[DEBUG] commons-dbcp2.version: 2.12.0
[DEBUG] commons-lang3.version: 3.17.0
[DEBUG] commons-pool.version: 1.6
[DEBUG] commons-pool2.version: 2.12.0
[DEBUG] couchbase-client.version: 3.7.7
[DEBUG] crac.version: 1.5.0
[DEBUG] cyclonedx-maven-plugin.version: 2.9.1
[DEBUG] db2-jdbc.version: 11.5.9.0
[DEBUG] dependency-management-plugin.version: 1.1.7
[DEBUG] derby.version: 10.16.1.1
[DEBUG] ehcache3.version: 3.10.8
[DEBUG] elasticsearch-client.version: 8.15.5
[DEBUG] env.=::: ::\
[DEBUG] env.=E:: E:\backend\nebula\services\platform-core
[DEBUG] env.=EXITCODE: 00000000
[DEBUG] env.ALLUSERSPROFILE: C:\ProgramData
[DEBUG] env.APPDATA: C:\Users\acer\AppData\Roaming
[DEBUG] env.CLASSWORLDS_JAR: "C:\Users\acer\.m2\wrapper\dists\apache-maven-3.9.11\03d7e36a140982eea48e22c1dcac01d8862b2550b2939e09a0809bbc5182a5bc\boot\plexus-classworlds-2.9.0.jar"
[DEBUG] env.CLASSWORLDS_LAUNCHER: org.codehaus.plexus.classworlds.launcher.Launcher
[DEBUG] env.COMMONPROGRAMFILES: C:\Program Files\Common Files
[DEBUG] env.COMMONPROGRAMFILES(X86): C:\Program Files (x86)\Common Files
[DEBUG] env.COMMONPROGRAMW6432: C:\Program Files\Common Files
[DEBUG] env.COMPUTERNAME: DIVYANSH
[DEBUG] env.COMSPEC: C:\WINDOWS\system32\cmd.exe
[DEBUG] env.DRIVERDATA: C:\Windows\System32\Drivers\DriverData
[DEBUG] env.EFC_8940_1262719628: 1
[DEBUG] env.EFC_8940_1592913036: 1
[DEBUG] env.EFC_8940_2283032206: 1
[DEBUG] env.EFC_8940_2775293581: 1
[DEBUG] env.EFC_8940_3789132940: 1
[DEBUG] env.ERROR_CODE: 0
[DEBUG] env.EXEC_DIR: E:\backend\nebula\services\platform-core
[DEBUG] env.FILE_ARG: E:\backend\nebula\services\platform-core\pom.xml
[DEBUG] env.FPS_BROWSER_APP_PROFILE_STRING: Internet Explorer
[DEBUG] env.FPS_BROWSER_USER_PROFILE_STRING: Default
[DEBUG] env.HOMEDRIVE: C:
[DEBUG] env.HOMEPATH: \Users\acer
[DEBUG] env.INTELLIJ IDEA: C:\Program Files\JetBrains\IntelliJ IDEA 2025.3\bin
[DEBUG] env.INTELLIJ IDEA COMMUNITY EDITION: C:\Program Files\JetBrains\IntelliJ IDEA Community Edition 2025.1.2\bin;
[DEBUG] env.JAVACMD: C:\Program Files\Common Files\Oracle\Java\javapath\java.exe
[DEBUG] env.JVMCONFIG: \.mvn\jvm.config
[DEBUG] env.LOCALAPPDATA: C:\Users\acer\AppData\Local
[DEBUG] env.LOGONSERVER: \\DIVYANSH
[DEBUG] env.MAVEN_CMD_LINE_ARGS: -f E:\backend\nebula\services\platform-core\pom.xml clean test -X
[DEBUG] env.MAVEN_HOME: C:\Users\acer\.m2\wrapper\dists\apache-maven-3.9.11\03d7e36a140982eea48e22c1dcac01d8862b2550b2939e09a0809bbc5182a5bc
[DEBUG] env.MAVEN_OPTS: --enable-native-access=ALL-UNNAMED 
[DEBUG] env.MAVEN_PROJECTBASEDIR: E:\backend\nebula
[DEBUG] env.NUMBER_OF_PROCESSORS: 16
[DEBUG] env.ONEDRIVE: C:\Users\acer\OneDrive
[DEBUG] env.OS: Windows_NT
[DEBUG] env.PATH: C:\Program Files\Common Files\Oracle\Java\javapath;C:\Windows\system32;C:\Windows;C:\Windows\System32\Wbem;C:\Windows\System32\WindowsPowerShell\v1.0\;C:\Windows\System32\OpenSSH\;C:\Program Files (x86)\NVIDIA Corporation\PhysX\Common;C:\Program Files\Java\jdk-22\bin;C:\Program Files\NVIDIA Corporation\NVIDIA app\NvDLISR;C:\WINDOWS\system32;C:\WINDOWS;C:\WINDOWS\System32\Wbem;C:\WINDOWS\System32\WindowsPowerShell\v1.0\;C:\WINDOWS\System32\OpenSSH\;C:\Program Files\Git\cmd;C:\Program Files\Git\bin;C:\Program Files\MySQL\MySQL Server 8.0\bin;C:\Program Files\nodejs\;C:\Program Files\MongoDB\Server\8.0\bin;C:\Users\acer\AppData\Local\Programs\Python\Python313;C:\Users\acer\AppData\Local\Programs\Python\Python313\Scripts;D:\kubernetes\Minikube;C:\apache-maven-3.9.11\bin;;C:\Program Files\Docker\Docker\resources\bin;C:\Users\acer\AppData\Local\Programs\Python\Python313\Scripts\;C:\Users\acer\AppData\Local\Programs\Python\Python313\;C:\Users\acer\AppData\Local\Microsoft\WindowsApps;C:\Program Files\JetBrains\IntelliJ IDEA 2025.3\bin;C:\Users\acer\AppData\Local\Programs\Microsoft VS Code\bin;C:\Program Files\JetBrains\IntelliJ IDEA Community Edition 2025.1.2\bin;;C:\Users\acer\AppData\Roaming\npm;C:\Users\acer\AppData\Local\Programs\Ollama;C:\Users\acer\AppData\Local\Programs\Antigravity\bin;C:\Users\acer\.bun\bin
[DEBUG] env.PATHEXT: .COM;.EXE;.BAT;.CMD;.VBS;.VBE;.JS;.JSE;.WSF;.WSH;.MSC;.CPL
[DEBUG] env.POM_DIR: E:\backend\nebula\services\platform-core
[DEBUG] env.PROCESSOR_ARCHITECTURE: AMD64
[DEBUG] env.PROCESSOR_IDENTIFIER: Intel64 Family 6 Model 154 Stepping 3, GenuineIntel
[DEBUG] env.PROCESSOR_LEVEL: 6
[DEBUG] env.PROCESSOR_REVISION: 9a03
[DEBUG] env.PROGRAMDATA: C:\ProgramData
[DEBUG] env.PROGRAMFILES: C:\Program Files
[DEBUG] env.PROGRAMFILES(X86): C:\Program Files (x86)
[DEBUG] env.PROGRAMW6432: C:\Program Files
[DEBUG] env.PROMPT: $P$G
[DEBUG] env.PSEXECUTIONPOLICYPREFERENCE: Bypass
[DEBUG] env.PSMODULEPATH: C:\Users\acer\Documents\WindowsPowerShell\Modules;C:\Program Files\WindowsPowerShell\Modules;C:\WINDOWS\system32\WindowsPowerShell\v1.0\Modules
[DEBUG] env.PUBLIC: C:\Users\Public
[DEBUG] env.SESSIONNAME: Console
[DEBUG] env.SYSTEMDRIVE: C:
[DEBUG] env.SYSTEMROOT: C:\WINDOWS
[DEBUG] env.TEMP: C:\Users\acer\AppData\Local\Temp
[DEBUG] env.TERM: xterm
[DEBUG] env.TERMINAL_EMULATOR: JetBrains-JediTerm
[DEBUG] env.TERM_SESSION_ID: 2f0784b1-109d-477c-8cd4-7e25b6e640d4
[DEBUG] env.TMP: C:\Users\acer\AppData\Local\Temp
[DEBUG] env.USERDOMAIN: DIVYANSH
[DEBUG] env.USERDOMAIN_ROAMINGPROFILE: DIVYANSH
[DEBUG] env.USERNAME: acer
[DEBUG] env.USERPROFILE: C:\Users\acer
[DEBUG] env.WDIR: E:\backend\nebula
[DEBUG] env.WINDIR: C:\WINDOWS
[DEBUG] env.ZES_ENABLE_SYSMAN: 1
[DEBUG] env.__MVNW_CMD__: C:\Users\acer/.m2/wrapper/dists/apache-maven-3.9.11/03d7e36a140982eea48e22c1dcac01d8862b2550b2939e09a0809bbc5182a5bc/bin/mvn.cmd
[DEBUG] file.encoding: UTF-8
[DEBUG] file.separator: \
[DEBUG] flyway.version: 10.20.1
[DEBUG] freemarker.version: 2.3.34
[DEBUG] git-commit-id-maven-plugin.version: 9.0.1
[DEBUG] glassfish-jaxb.version: 4.0.5
[DEBUG] glassfish-jstl.version: 3.0.1
[DEBUG] graphql-java.version: 22.3
[DEBUG] groovy.version: 4.0.24
[DEBUG] gson.version: 2.11.0
[DEBUG] h2.version: 2.3.232
[DEBUG] hamcrest.version: 2.2
[DEBUG] hazelcast.version: 5.5.0
[DEBUG] hibernate-validator.version: 8.0.2.Final
[DEBUG] hibernate.version: 6.6.5.Final
[DEBUG] hikaricp.version: 5.1.0
[DEBUG] hivemq.version: 1.3.12
[DEBUG] hsqldb.version: 2.7.3
[DEBUG] htmlunit.version: 4.5.0
[DEBUG] httpasyncclient.version: 4.1.5
[DEBUG] httpclient5.version: 5.4.1
[DEBUG] httpcore.version: 4.4.16
[DEBUG] httpcore5.version: 5.3.2
[DEBUG] infinispan.version: 15.0.12.Final
[DEBUG] influxdb-java.version: 2.24
[DEBUG] jackson-bom.version: 2.18.2
[DEBUG] jakarta-activation.version: 2.1.3
[DEBUG] jakarta-annotation.version: 2.1.1
[DEBUG] jakarta-inject.version: 2.0.1
[DEBUG] jakarta-jms.version: 3.1.0
[DEBUG] jakarta-json-bind.version: 3.0.1
[DEBUG] jakarta-json.version: 2.1.3
[DEBUG] jakarta-mail.version: 2.1.3
[DEBUG] jakarta-management.version: 1.1.4
[DEBUG] jakarta-persistence.version: 3.1.0
[DEBUG] jakarta-servlet-jsp-jstl.version: 3.0.2
[DEBUG] jakarta-servlet.version: 6.0.0
[DEBUG] jakarta-transaction.version: 2.0.1
[DEBUG] jakarta-validation.version: 3.0.2
[DEBUG] jakarta-websocket.version: 2.1.1
[DEBUG] jakarta-ws-rs.version: 3.1.0
[DEBUG] jakarta-xml-bind.version: 4.0.2
[DEBUG] jakarta-xml-soap.version: 3.0.2
[DEBUG] jakarta-xml-ws.version: 4.0.2
[DEBUG] janino.version: 3.1.12
[DEBUG] java.class.path: C:\Users\acer\.m2\wrapper\dists\apache-maven-3.9.11\03d7e36a140982eea48e22c1dcac01d8862b2550b2939e09a0809bbc5182a5bc\boot\plexus-classworlds-2.9.0.jar
[DEBUG] java.class.version: 66.0
[DEBUG] java.home: C:\Program Files\Java\jdk-22
[DEBUG] java.io.tmpdir: C:\Users\acer\AppData\Local\Temp\
[DEBUG] java.library.path: C:\Program Files\Java\jdk-22\bin;C:\WINDOWS\Sun\Java\bin;C:\WINDOWS\system32;C:\WINDOWS;C:\Program Files\Common Files\Oracle\Java\javapath;C:\Windows\system32;C:\Windows;C:\Windows\System32\Wbem;C:\Windows\System32\WindowsPowerShell\v1.0\;C:\Windows\System32\OpenSSH\;C:\Program Files (x86)\NVIDIA Corporation\PhysX\Common;C:\Program Files\Java\jdk-22\bin;C:\Program Files\NVIDIA Corporation\NVIDIA app\NvDLISR;C:\WINDOWS\system32;C:\WINDOWS;C:\WINDOWS\System32\Wbem;C:\WINDOWS\System32\WindowsPowerShell\v1.0\;C:\WINDOWS\System32\OpenSSH\;C:\Program Files\Git\cmd;C:\Program Files\Git\bin;C:\Program Files\MySQL\MySQL Server 8.0\bin;C:\Program Files\nodejs\;C:\Program Files\MongoDB\Server\8.0\bin;C:\Users\acer\AppData\Local\Programs\Python\Python313;C:\Users\acer\AppData\Local\Programs\Python\Python313\Scripts;D:\kubernetes\Minikube;C:\apache-maven-3.9.11\bin;;C:\Program Files\Docker\Docker\resources\bin;C:\Users\acer\AppData\Local\Programs\Python\Python313\Scripts\;C:\Users\acer\AppData\Local\Programs\Python\Python313\;C:\Users\acer\AppData\Local\Microsoft\WindowsApps;C:\Program Files\JetBrains\IntelliJ IDEA 2025.3\bin;C:\Users\acer\AppData\Local\Programs\Microsoft VS Code\bin;C:\Program Files\JetBrains\IntelliJ IDEA Community Edition 2025.1.2\bin;;C:\Users\acer\AppData\Roaming\npm;C:\Users\acer\AppData\Local\Programs\Ollama;C:\Users\acer\AppData\Local\Programs\Antigravity\bin;C:\Users\acer\.bun\bin;.
[DEBUG] java.runtime.name: Java(TM) SE Runtime Environment
[DEBUG] java.runtime.version: 22.0.2+9-70
[DEBUG] java.specification.name: Java Platform API Specification
[DEBUG] java.specification.vendor: Oracle Corporation
[DEBUG] java.specification.version: 22
[DEBUG] java.vendor: Oracle Corporation
[DEBUG] java.vendor.url: https://java.oracle.com/
[DEBUG] java.vendor.url.bug: https://bugreport.java.com/bugreport/
[DEBUG] java.version: 22.0.2
[DEBUG] java.version.date: 2024-07-16
[DEBUG] java.vm.compressedOopsMode: Zero based
[DEBUG] java.vm.info: mixed mode, sharing
[DEBUG] java.vm.name: Java HotSpot(TM) 64-Bit Server VM
[DEBUG] java.vm.specification.name: Java Virtual Machine Specification
[DEBUG] java.vm.specification.vendor: Oracle Corporation
[DEBUG] java.vm.specification.version: 22
[DEBUG] java.vm.vendor: Oracle Corporation
[DEBUG] java.vm.version: 22.0.2+9-70
[DEBUG] javax-cache.version: 1.1.1
[DEBUG] javax-money.version: 1.1
[DEBUG] jaxen.version: 2.0.0
[DEBUG] jaybird.version: 5.0.6.java11
[DEBUG] jboss-logging.version: 3.6.1.Final
[DEBUG] jdk.debug: release
[DEBUG] jdom2.version: 2.0.6.1
[DEBUG] jedis.version: 5.2.0
[DEBUG] jersey.version: 3.1.10
[DEBUG] jetty-reactive-httpclient.version: 4.0.8
[DEBUG] jetty.version: 12.0.16
[DEBUG] jmustache.version: 1.16
[DEBUG] jooq.version: 3.19.18
[DEBUG] json-path.version: 2.9.0
[DEBUG] json-smart.version: 2.5.1
[DEBUG] jsonassert.version: 1.5.3
[DEBUG] jtds.version: 1.3.1
[DEBUG] junit-jupiter.version: 5.11.4
[DEBUG] junit.version: 4.13.2
[DEBUG] kafka.version: 3.8.1
[DEBUG] kotlin-coroutines.version: 1.8.1
[DEBUG] kotlin-serialization.version: 1.6.3
[DEBUG] kotlin.version: 1.9.25
[DEBUG] lettuce.version: 6.4.2.RELEASE
[DEBUG] library.jansi.path: C:\Users\acer\.m2\wrapper\dists\apache-maven-3.9.11\03d7e36a140982eea48e22c1dcac01d8862b2550b2939e09a0809bbc5182a5bc\lib\jansi-native
[DEBUG] line.separator: 

[DEBUG] liquibase.version: 4.29.2
[DEBUG] log4j2.version: 2.24.3
[DEBUG] logback.version: 1.5.16
[DEBUG] lombok.version: 1.18.36
[DEBUG] mariadb.version: 3.4.1
[DEBUG] maven-antrun-plugin.version: 3.1.0
[DEBUG] maven-assembly-plugin.version: 3.7.1
[DEBUG] maven-clean-plugin.version: 3.4.0
[DEBUG] maven-compiler-plugin.version: 3.13.0
[DEBUG] maven-dependency-plugin.version: 3.8.1
[DEBUG] maven-deploy-plugin.version: 3.1.3
[DEBUG] maven-enforcer-plugin.version: 3.5.0
[DEBUG] maven-failsafe-plugin.version: 3.5.2
[DEBUG] maven-help-plugin.version: 3.5.1
[DEBUG] maven-install-plugin.version: 3.1.3
[DEBUG] maven-invoker-plugin.version: 3.8.1
[DEBUG] maven-jar-plugin.version: 3.4.2
[DEBUG] maven-javadoc-plugin.version: 3.10.1
[DEBUG] maven-resources-plugin.version: 3.3.1
[DEBUG] maven-shade-plugin.version: 3.6.0
[DEBUG] maven-source-plugin.version: 3.3.1
[DEBUG] maven-surefire-plugin.version: 3.5.2
[DEBUG] maven-war-plugin.version: 3.4.0
[DEBUG] maven.build.timestamp: 2026-01-03T10:54:02Z
[DEBUG] maven.build.version: Apache Maven 3.9.11 (3e54c93a704957b63ee3494413a2b544fd3d825b)
[DEBUG] maven.compiler.release: 17
[DEBUG] maven.compiler.source: 17
[DEBUG] maven.compiler.target: 17
[DEBUG] maven.conf: C:\Users\acer\.m2\wrapper\dists\apache-maven-3.9.11\03d7e36a140982eea48e22c1dcac01d8862b2550b2939e09a0809bbc5182a5bc/conf
[DEBUG] maven.home: C:\Users\acer\.m2\wrapper\dists\apache-maven-3.9.11\03d7e36a140982eea48e22c1dcac01d8862b2550b2939e09a0809bbc5182a5bc
[DEBUG] maven.multiModuleProjectDirectory: E:\backend\nebula
[DEBUG] maven.version: 3.9.11
[DEBUG] micrometer-tracing.version: 1.4.2
[DEBUG] micrometer.version: 1.14.3
[DEBUG] mockito.version: 5.14.2
[DEBUG] mongodb.version: 5.2.1
[DEBUG] mssql-jdbc.version: 12.8.1.jre11
[DEBUG] mysql.version: 9.1.0
[DEBUG] native-build-tools-plugin.version: 0.10.4
[DEBUG] native.encoding: Cp1252
[DEBUG] nekohtml.version: 1.9.22
[DEBUG] neo4j-java-driver.version: 5.25.0
[DEBUG] netty.version: 4.1.130.Final
[DEBUG] opentelemetry.version: 1.43.0
[DEBUG] oracle-database.version: 23.5.0.24.07
[DEBUG] oracle-r2dbc.version: 1.2.0
[DEBUG] os.arch: amd64
[DEBUG] os.name: Windows 11
[DEBUG] os.version: 10.0
[DEBUG] path.separator: ;
[DEBUG] pooled-jms.version: 3.1.7
[DEBUG] postgresql.version: 42.7.7
[DEBUG] project.baseUri: file:/E:/backend/nebula/services/platform-core/
[DEBUG] project.build.sourceEncoding: UTF-8
[DEBUG] project.reporting.outputEncoding: UTF-8
[DEBUG] prometheus-client.version: 1.3.5
[DEBUG] prometheus-simpleclient.version: 0.16.0
[DEBUG] pulsar-reactive.version: 0.5.10
[DEBUG] pulsar.version: 3.3.4
[DEBUG] quartz.version: 2.3.2
[DEBUG] querydsl.version: 5.1.0
[DEBUG] r2dbc-h2.version: 1.0.0.RELEASE
[DEBUG] r2dbc-mariadb.version: 1.2.2
[DEBUG] r2dbc-mssql.version: 1.0.2.RELEASE
[DEBUG] r2dbc-mysql.version: 1.3.1
[DEBUG] r2dbc-pool.version: 1.0.2.RELEASE
[DEBUG] r2dbc-postgresql.version: 1.0.7.RELEASE
[DEBUG] r2dbc-proxy.version: 1.1.5.RELEASE
[DEBUG] r2dbc-spi.version: 1.0.0.RELEASE
[DEBUG] rabbit-amqp-client.version: 5.22.0
[DEBUG] rabbit-stream-client.version: 0.18.0
[DEBUG] reactive-streams.version: 1.0.4
[DEBUG] reactor-bom.version: 2024.0.2
[DEBUG] resource.delimiter: @
[DEBUG] rest-assured.version: 5.5.0
[DEBUG] rsocket.version: 1.1.3
[DEBUG] rxjava3.version: 3.1.10
[DEBUG] saaj-impl.version: 3.0.4
[DEBUG] selenium-htmlunit.version: 4.25.0
[DEBUG] selenium.version: 4.25.0
[DEBUG] sendgrid.version: 4.10.3
[DEBUG] slf4j.version: 2.0.16
[DEBUG] snakeyaml.version: 2.3
[DEBUG] sonar.exclusions: **/target/**,**/node_modules/**,**/*.min.js
[DEBUG] sonar.host.url: http://localhost:9000
[DEBUG] sonar.java.source: 17
[DEBUG] sonar.projectKey: nebula
[DEBUG] sonar.projectName: nebula
[DEBUG] spring-amqp.version: 3.2.2
[DEBUG] spring-authorization-server.version: 1.4.1
[DEBUG] spring-batch.version: 5.2.1
[DEBUG] spring-boot.run.main-class: ${start-class}
[DEBUG] spring-cloud.version: 2024.0.0
[DEBUG] spring-data-bom.version: 2024.1.2
[DEBUG] spring-framework.version: 6.2.2
[DEBUG] spring-graphql.version: 1.3.3
[DEBUG] spring-hateoas.version: 2.4.1
[DEBUG] spring-integration.version: 6.4.1
[DEBUG] spring-kafka.version: 3.3.2
[DEBUG] spring-ldap.version: 3.2.10
[DEBUG] spring-pulsar.version: 1.2.2
[DEBUG] spring-restdocs.version: 3.0.3
[DEBUG] spring-retry.version: 2.0.11
[DEBUG] spring-security.version: 6.4.2
[DEBUG] spring-session.version: 3.4.1
[DEBUG] spring-ws.version: 4.0.11
[DEBUG] sqlite-jdbc.version: 3.47.2.0
[DEBUG] stderr.encoding: Cp1252
[DEBUG] stdout.encoding: Cp1252
[DEBUG] sun.arch.data.model: 64
[DEBUG] sun.boot.library.path: C:\Program Files\Java\jdk-22\bin
[DEBUG] sun.cpu.endian: little
[DEBUG] sun.cpu.isalist: amd64
[DEBUG] sun.io.unicode.encoding: UnicodeLittle
[DEBUG] sun.java.command: org.codehaus.plexus.classworlds.launcher.Launcher -f E:\backend\nebula\services\platform-core\pom.xml clean test -X
[DEBUG] sun.java.launcher: SUN_STANDARD
[DEBUG] sun.jnu.encoding: Cp1252
[DEBUG] sun.management.compiler: HotSpot 64-Bit Tiered Compilers
[DEBUG] sun.os.patch.level: 
[DEBUG] testcontainers-redis-module.version: 2.2.2
[DEBUG] testcontainers.version: 1.20.4
[DEBUG] thymeleaf-extras-data-attribute.version: 2.0.1
[DEBUG] thymeleaf-extras-springsecurity.version: 3.1.3.RELEASE
[DEBUG] thymeleaf-layout-dialect.version: 3.3.0
[DEBUG] thymeleaf.version: 3.1.3.RELEASE
[DEBUG] tomcat.version: 10.1.34
[DEBUG] unboundid-ldapsdk.version: 6.0.11
[DEBUG] undertow.version: 2.3.18.Final
[DEBUG] user.country: IN
[DEBUG] user.dir: E:\backend\nebula\services\platform-core
[DEBUG] user.home: C:\Users\acer
[DEBUG] user.language: en
[DEBUG] user.name: acer
[DEBUG] user.script: 
[DEBUG] user.variant: 
[DEBUG] versions-maven-plugin.version: 2.17.1
[DEBUG] webjars-locator-core.version: 0.59
[DEBUG] webjars-locator-lite.version: 1.0.1
[DEBUG] wsdl4j.version: 1.6.3
[DEBUG] xml-maven-plugin.version: 1.1.0
[DEBUG] xmlunit2.version: 2.10.0
[DEBUG] yasson.version: 3.0.4
[DEBUG] zipkin-reporter.version: 3.4.3
[DEBUG] Using 'UTF-8' encoding to copy filtered resources.
[DEBUG] Using 'UTF-8' encoding to copy filtered properties files.
[DEBUG] resource with targetPath null
directory E:\backend\nebula\services\platform-core\src\test\resources
excludes []
includes []
[DEBUG] ignoreDelta true
[INFO] Copying 1 resource from src\test\resources to target\test-classes
[DEBUG] Copying file application-test.yaml
[DEBUG] file application-test.yaml has a filtered file extension
[DEBUG] Using 'UTF-8' encoding to copy filtered resource 'application-test.yaml'.
[DEBUG] copy E:\backend\nebula\services\platform-core\src\test\resources\application-test.yaml to E:\backend\nebula\services\platform-core\target\test-classes\application-test.yaml
[DEBUG] no user filter components
[INFO] 
[INFO] --- compiler:3.13.0:testCompile (default-testCompile) @ platform-core ---
[DEBUG] Loading mojo org.apache.maven.plugins:maven-compiler-plugin:3.13.0:testCompile from plugin realm ClassRealm[plugin>org.apache.maven.plugins:maven-compiler-plugin:3.13.0, parent: jdk.internal.loader.ClassLoaders$AppClassLoader@70dea4e]
[DEBUG] Configuring mojo execution 'org.apache.maven.plugins:maven-compiler-plugin:3.13.0:testCompile:default-testCompile' with basic configurator -->
[DEBUG]   (f) annotationProcessorPathsUseDepMgmt = false
[DEBUG]   (f) basedir = E:\backend\nebula\services\platform-core
[DEBUG]   (f) buildDirectory = E:\backend\nebula\services\platform-core\target
[DEBUG]   (f) compileSourceRoots = [E:\backend\nebula\services\platform-core\src\test\java]
[DEBUG]   (f) compilerArgs = [-parameters]
[DEBUG]   (f) compilerId = javac
[DEBUG]   (f) createMissingPackageInfoClass = true
[DEBUG]   (f) debug = true
[DEBUG]   (f) debugFileName = javac-test
[DEBUG]   (f) enablePreview = false
[DEBUG]   (f) encoding = UTF-8
[DEBUG]   (f) failOnError = true
[DEBUG]   (f) failOnWarning = false
[DEBUG]   (f) fileExtensions = [jar, class]
[DEBUG]   (f) forceJavacCompilerUse = false
[DEBUG]   (f) forceLegacyJavacApi = false
[DEBUG]   (f) fork = false
[DEBUG]   (f) generatedTestSourcesDirectory = E:\backend\nebula\services\platform-core\target\generated-test-sources\test-annotations
[DEBUG]   (f) mojoExecution = org.apache.maven.plugins:maven-compiler-plugin:3.13.0:testCompile {execution: default-testCompile}
[DEBUG]   (f) optimize = false
[DEBUG]   (f) outputDirectory = E:\backend\nebula\services\platform-core\target\test-classes
[DEBUG]   (f) parameters = true
[DEBUG]   (f) project = MavenProject: pse.nebula:platform-core:0.0.1-SNAPSHOT @ E:\backend\nebula\services\platform-core\pom.xml
[DEBUG]   (s) release = 17
[DEBUG]   (f) session = org.apache.maven.execution.MavenSession@673c4f6e
[DEBUG]   (f) showCompilationChanges = false
[DEBUG]   (f) showDeprecation = false
[DEBUG]   (f) showWarnings = true
[DEBUG]   (f) skipMultiThreadWarning = false
[DEBUG]   (f) source = 17
[DEBUG]   (f) staleMillis = 0
[DEBUG]   (s) target = 17
[DEBUG]   (f) testPath = [E:\backend\nebula\services\platform-core\target\test-classes, E:\backend\nebula\services\platform-core\target\classes, C:\Users\acer\.m2\repository\org\springframework\boot\spring-boot-starter-webflux\3.4.2\spring-boot-starter-webflux-3.4.2.jar, C:\Users\acer\.m2\repository\org\springframework\boot\spring-boot-starter\3.4.2\spring-boot-starter-3.4.2.jar, C:\Users\acer\.m2\repository\org\springframework\boot\spring-boot\3.4.2\spring-boot-3.4.2.jar, C:\Users\acer\.m2\repository\org\springframework\boot\spring-boot-autoconfigure\3.4.2\spring-boot-autoconfigure-3.4.2.jar, C:\Users\acer\.m2\repository\org\springframework\boot\spring-boot-starter-logging\3.4.2\spring-boot-starter-logging-3.4.2.jar, C:\Users\acer\.m2\repository\ch\qos\logback\logback-classic\1.5.16\logback-classic-1.5.16.jar, C:\Users\acer\.m2\repository\ch\qos\logback\logback-core\1.5.16\logback-core-1.5.16.jar, C:\Users\acer\.m2\repository\org\apache\logging\log4j\log4j-to-slf4j\2.24.3\log4j-to-slf4j-2.24.3.jar, C:\Users\acer\.m2\repository\org\apache\logging\log4j\log4j-api\2.24.3\log4j-api-2.24.3.jar, C:\Users\acer\.m2\repository\org\slf4j\jul-to-slf4j\2.0.16\jul-to-slf4j-2.0.16.jar, C:\Users\acer\.m2\repository\jakarta\annotation\jakarta.annotation-api\2.1.1\jakarta.annotation-api-2.1.1.jar, C:\Users\acer\.m2\repository\org\springframework\boot\spring-boot-starter-json\3.4.2\spring-boot-starter-json-3.4.2.jar, C:\Users\acer\.m2\repository\com\fasterxml\jackson\core\jackson-databind\2.18.2\jackson-databind-2.18.2.jar, C:\Users\acer\.m2\repository\com\fasterxml\jackson\datatype\jackson-datatype-jdk8\2.18.2\jackson-datatype-jdk8-2.18.2.jar, C:\Users\acer\.m2\repository\com\fasterxml\jackson\datatype\jackson-datatype-jsr310\2.18.2\jackson-datatype-jsr310-2.18.2.jar, C:\Users\acer\.m2\repository\com\fasterxml\jackson\module\jackson-module-parameter-names\2.18.2\jackson-module-parameter-names-2.18.2.jar, C:\Users\acer\.m2\repository\org\springframework\boot\spring-boot-starter-reactor-netty\3.4.2\spring-boot-starter-reactor-netty-3.4.2.jar, C:\Users\acer\.m2\repository\io\projectreactor\netty\reactor-netty-http\1.2.2\reactor-netty-http-1.2.2.jar, C:\Users\acer\.m2\repository\io\netty\netty-codec-http\4.1.130.Final\netty-codec-http-4.1.130.Final.jar, C:\Users\acer\.m2\repository\io\netty\netty-common\4.1.130.Final\netty-common-4.1.130.Final.jar, C:\Users\acer\.m2\repository\io\netty\netty-buffer\4.1.130.Final\netty-buffer-4.1.130.Final.jar, C:\Users\acer\.m2\repository\io\netty\netty-transport\4.1.130.Final\netty-transport-4.1.130.Final.jar, C:\Users\acer\.m2\repository\io\netty\netty-codec\4.1.130.Final\netty-codec-4.1.130.Final.jar, C:\Users\acer\.m2\repository\io\netty\netty-handler\4.1.130.Final\netty-handler-4.1.130.Final.jar, C:\Users\acer\.m2\repository\io\netty\netty-codec-http2\4.1.130.Final\netty-codec-http2-4.1.130.Final.jar, C:\Users\acer\.m2\repository\io\netty\netty-resolver-dns\4.1.130.Final\netty-resolver-dns-4.1.130.Final.jar, C:\Users\acer\.m2\repository\io\netty\netty-resolver\4.1.130.Final\netty-resolver-4.1.130.Final.jar, C:\Users\acer\.m2\repository\io\netty\netty-codec-dns\4.1.130.Final\netty-codec-dns-4.1.130.Final.jar, C:\Users\acer\.m2\repository\io\netty\netty-resolver-dns-native-macos\4.1.130.Final\netty-resolver-dns-native-macos-4.1.130.Final-osx-x86_64.jar, C:\Users\acer\.m2\repository\io\netty\netty-resolver-dns-classes-macos\4.1.130.Final\netty-resolver-dns-classes-macos-4.1.130.Final.jar, C:\Users\acer\.m2\repository\io\netty\netty-transport-native-epoll\4.1.130.Final\netty-transport-native-epoll-4.1.130.Final-linux-x86_64.jar, C:\Users\acer\.m2\repository\io\netty\netty-transport-native-unix-common\4.1.130.Final\netty-transport-native-unix-common-4.1.130.Final.jar, C:\Users\acer\.m2\repository\io\netty\netty-transport-classes-epoll\4.1.130.Final\netty-transport-classes-epoll-4.1.130.Final.jar, C:\Users\acer\.m2\repository\io\projectreactor\netty\reactor-netty-core\1.2.2\reactor-netty-core-1.2.2.jar, C:\Users\acer\.m2\repository\io\netty\netty-handler-proxy\4.1.130.Final\netty-handler-proxy-4.1.130.Final.jar, C:\Users\acer\.m2\repository\io\netty\netty-codec-socks\4.1.130.Final\netty-codec-socks-4.1.130.Final.jar, C:\Users\acer\.m2\repository\org\springframework\spring-web\6.2.2\spring-web-6.2.2.jar, C:\Users\acer\.m2\repository\org\springframework\spring-beans\6.2.2\spring-beans-6.2.2.jar, C:\Users\acer\.m2\repository\org\springframework\spring-webflux\6.2.2\spring-webflux-6.2.2.jar, C:\Users\acer\.m2\repository\org\springframework\boot\spring-boot-starter-validation\3.4.2\spring-boot-starter-validation-3.4.2.jar, C:\Users\acer\.m2\repository\org\apache\tomcat\embed\tomcat-embed-el\10.1.34\tomcat-embed-el-10.1.34.jar, C:\Users\acer\.m2\repository\org\hibernate\validator\hibernate-validator\8.0.2.Final\hibernate-validator-8.0.2.Final.jar, C:\Users\acer\.m2\repository\jakarta\validation\jakarta.validation-api\3.0.2\jakarta.validation-api-3.0.2.jar, C:\Users\acer\.m2\repository\org\jboss\logging\jboss-logging\3.6.1.Final\jboss-logging-3.6.1.Final.jar, C:\Users\acer\.m2\repository\com\fasterxml\classmate\1.7.0\classmate-1.7.0.jar, C:\Users\acer\.m2\repository\org\springframework\boot\spring-boot-starter-actuator\3.4.2\spring-boot-starter-actuator-3.4.2.jar, C:\Users\acer\.m2\repository\org\springframework\boot\spring-boot-actuator-autoconfigure\3.4.2\spring-boot-actuator-autoconfigure-3.4.2.jar, C:\Users\acer\.m2\repository\org\springframework\boot\spring-boot-actuator\3.4.2\spring-boot-actuator-3.4.2.jar, C:\Users\acer\.m2\repository\io\micrometer\micrometer-observation\1.14.3\micrometer-observation-1.14.3.jar, C:\Users\acer\.m2\repository\io\micrometer\micrometer-commons\1.14.3\micrometer-commons-1.14.3.jar, C:\Users\acer\.m2\repository\io\micrometer\micrometer-jakarta9\1.14.3\micrometer-jakarta9-1.14.3.jar, C:\Users\acer\.m2\repository\io\micrometer\micrometer-core\1.14.3\micrometer-core-1.14.3.jar, C:\Users\acer\.m2\repository\org\hdrhistogram\HdrHistogram\2.2.2\HdrHistogram-2.2.2.jar, C:\Users\acer\.m2\repository\org\latencyutils\LatencyUtils\2.0.3\LatencyUtils-2.0.3.jar, C:\Users\acer\.m2\repository\org\springframework\cloud\spring-cloud-starter-gateway\4.2.0\spring-cloud-starter-gateway-4.2.0.jar, C:\Users\acer\.m2\repository\org\springframework\cloud\spring-cloud-starter\4.2.0\spring-cloud-starter-4.2.0.jar, C:\Users\acer\.m2\repository\org\springframework\cloud\spring-cloud-context\4.2.0\spring-cloud-context-4.2.0.jar, C:\Users\acer\.m2\repository\org\springframework\cloud\spring-cloud-commons\4.2.0\spring-cloud-commons-4.2.0.jar, C:\Users\acer\.m2\repository\org\bouncycastle\bcprov-jdk18on\1.78.1\bcprov-jdk18on-1.78.1.jar, C:\Users\acer\.m2\repository\org\springframework\cloud\spring-cloud-gateway-server\4.2.0\spring-cloud-gateway-server-4.2.0.jar, C:\Users\acer\.m2\repository\io\projectreactor\addons\reactor-extra\3.5.2\reactor-extra-3.5.2.jar, C:\Users\acer\.m2\repository\org\springframework\cloud\spring-cloud-starter-netflix-eureka-server\4.2.0\spring-cloud-starter-netflix-eureka-server-4.2.0.jar, C:\Users\acer\.m2\repository\org\springframework\cloud\spring-cloud-netflix-eureka-server\4.2.0\spring-cloud-netflix-eureka-server-4.2.0.jar, C:\Users\acer\.m2\repository\org\springframework\boot\spring-boot-starter-freemarker\3.4.2\spring-boot-starter-freemarker-3.4.2.jar, C:\Users\acer\.m2\repository\org\freemarker\freemarker\2.3.34\freemarker-2.3.34.jar, C:\Users\acer\.m2\repository\org\springframework\spring-context-support\6.2.2\spring-context-support-6.2.2.jar, C:\Users\acer\.m2\repository\org\springframework\cloud\spring-cloud-netflix-eureka-client\4.2.0\spring-cloud-netflix-eureka-client-4.2.0.jar, C:\Users\acer\.m2\repository\com\netflix\eureka\eureka-client\2.0.4\eureka-client-2.0.4.jar, C:\Users\acer\.m2\repository\com\thoughtworks\xstream\xstream\1.4.20\xstream-1.4.20.jar, C:\Users\acer\.m2\repository\io\github\x-stream\mxparser\1.2.2\mxparser-1.2.2.jar, C:\Users\acer\.m2\repository\xmlpull\xmlpull\1.1.3.1\xmlpull-1.1.3.1.jar, C:\Users\acer\.m2\repository\com\netflix\spectator\spectator-api\1.7.3\spectator-api-1.7.3.jar, C:\Users\acer\.m2\repository\commons-configuration\commons-configuration\1.10\commons-configuration-1.10.jar, C:\Users\acer\.m2\repository\commons-lang\commons-lang\2.6\commons-lang-2.6.jar, C:\Users\acer\.m2\repository\com\netflix\netflix-commons\netflix-eventbus\0.3.0\netflix-eventbus-0.3.0.jar, C:\Users\acer\.m2\repository\com\netflix\netflix-commons\netflix-infix\0.3.0\netflix-infix-0.3.0.jar, C:\Users\acer\.m2\repository\commons-jxpath\commons-jxpath\1.3\commons-jxpath-1.3.jar, C:\Users\acer\.m2\repository\joda-time\joda-time\2.3\joda-time-2.3.jar, C:\Users\acer\.m2\repository\org\antlr\antlr-runtime\3.4\antlr-runtime-3.4.jar, C:\Users\acer\.m2\repository\org\antlr\stringtemplate\3.2.1\stringtemplate-3.2.1.jar, C:\Users\acer\.m2\repository\antlr\antlr\2.7.7\antlr-2.7.7.jar, C:\Users\acer\.m2\repository\com\google\code\gson\gson\2.11.0\gson-2.11.0.jar, C:\Users\acer\.m2\repository\com\netflix\servo\servo-core\0.5.3\servo-core-0.5.3.jar, C:\Users\acer\.m2\repository\org\apache\commons\commons-math\2.2\commons-math-2.2.jar, C:\Users\acer\.m2\repository\javax\annotation\javax.annotation-api\1.2\javax.annotation-api-1.2.jar, C:\Users\acer\.m2\repository\org\codehaus\jettison\jettison\1.5.4\jettison-1.5.4.jar, C:\Users\acer\.m2\repository\com\netflix\eureka\eureka-client-jersey3\2.0.4\eureka-client-jersey3-2.0.4.jar, C:\Users\acer\.m2\repository\org\glassfish\jersey\connectors\jersey-apache-connector\3.1.10\jersey-apache-connector-3.1.10.jar, C:\Users\acer\.m2\repository\com\netflix\eureka\eureka-core-jersey3\2.0.4\eureka-core-jersey3-2.0.4.jar, C:\Users\acer\.m2\repository\com\netflix\eureka\eureka-core\2.0.4\eureka-core-2.0.4.jar, C:\Users\acer\.m2\repository\com\google\guava\guava\33.3.1-jre\guava-33.3.1-jre.jar, C:\Users\acer\.m2\repository\com\google\guava\failureaccess\1.0.2\failureaccess-1.0.2.jar, C:\Users\acer\.m2\repository\com\google\guava\listenablefuture\9999.0-empty-to-avoid-conflict-with-guava\listenablefuture-9999.0-empty-to-avoid-conflict-with-guava.jar, C:\Users\acer\.m2\repository\com\google\errorprone\error_prone_annotations\2.28.0\error_prone_annotations-2.28.0.jar, C:\Users\acer\.m2\repository\com\google\j2objc\j2objc-annotations\3.0.0\j2objc-annotations-3.0.0.jar, C:\Users\acer\.m2\repository\org\glassfish\jersey\containers\jersey-container-servlet\3.1.10\jersey-container-servlet-3.1.10.jar, C:\Users\acer\.m2\repository\org\glassfish\jersey\containers\jersey-container-servlet-core\3.1.10\jersey-container-servlet-core-3.1.10.jar, C:\Users\acer\.m2\repository\org\glassfish\jersey\core\jersey-common\3.1.10\jersey-common-3.1.10.jar, C:\Users\acer\.m2\repository\org\glassfish\hk2\osgi-resource-locator\1.0.3\osgi-resource-locator-1.0.3.jar, C:\Users\acer\.m2\repository\jakarta\ws\rs\jakarta.ws.rs-api\3.1.0\jakarta.ws.rs-api-3.1.0.jar, C:\Users\acer\.m2\repository\org\glassfish\jersey\core\jersey-server\3.1.10\jersey-server-3.1.10.jar, C:\Users\acer\.m2\repository\org\glassfish\jersey\core\jersey-client\3.1.10\jersey-client-3.1.10.jar, C:\Users\acer\.m2\repository\org\glassfish\jersey\inject\jersey-hk2\3.1.10\jersey-hk2-3.1.10.jar, C:\Users\acer\.m2\repository\org\glassfish\hk2\hk2-locator\3.0.6\hk2-locator-3.0.6.jar, C:\Users\acer\.m2\repository\org\glassfish\hk2\external\aopalliance-repackaged\3.0.6\aopalliance-repackaged-3.0.6.jar, C:\Users\acer\.m2\repository\org\glassfish\hk2\hk2-utils\3.0.6\hk2-utils-3.0.6.jar, C:\Users\acer\.m2\repository\org\javassist\javassist\3.30.2-GA\javassist-3.30.2-GA.jar, C:\Users\acer\.m2\repository\org\glassfish\hk2\spring-bridge\3.1.1\spring-bridge-3.1.1.jar, C:\Users\acer\.m2\repository\org\glassfish\hk2\hk2-api\3.1.1\hk2-api-3.1.1.jar, C:\Users\acer\.m2\repository\com\fasterxml\jackson\dataformat\jackson-dataformat-xml\2.18.2\jackson-dataformat-xml-2.18.2.jar, C:\Users\acer\.m2\repository\org\codehaus\woodstox\stax2-api\4.2.2\stax2-api-4.2.2.jar, C:\Users\acer\.m2\repository\com\fasterxml\woodstox\woodstox-core\7.0.0\woodstox-core-7.0.0.jar, C:\Users\acer\.m2\repository\org\springframework\cloud\spring-cloud-starter-loadbalancer\4.2.0\spring-cloud-starter-loadbalancer-4.2.0.jar, C:\Users\acer\.m2\repository\org\springframework\cloud\spring-cloud-loadbalancer\4.2.0\spring-cloud-loadbalancer-4.2.0.jar, C:\Users\acer\.m2\repository\org\springframework\boot\spring-boot-starter-cache\3.4.2\spring-boot-starter-cache-3.4.2.jar, C:\Users\acer\.m2\repository\com\stoyanr\evictor\1.0.0\evictor-1.0.0.jar, C:\Users\acer\.m2\repository\org\glassfish\jaxb\jaxb-runtime\4.0.5\jaxb-runtime-4.0.5.jar, C:\Users\acer\.m2\repository\org\glassfish\jaxb\jaxb-core\4.0.5\jaxb-core-4.0.5.jar, C:\Users\acer\.m2\repository\org\eclipse\angus\angus-activation\2.0.2\angus-activation-2.0.2.jar, C:\Users\acer\.m2\repository\org\glassfish\jaxb\txw2\4.0.5\txw2-4.0.5.jar, C:\Users\acer\.m2\repository\com\sun\istack\istack-commons-runtime\4.1.2\istack-commons-runtime-4.1.2.jar, C:\Users\acer\.m2\repository\org\springframework\cloud\spring-cloud-config-server\4.2.0\spring-cloud-config-server-4.2.0.jar, C:\Users\acer\.m2\repository\org\springframework\cloud\spring-cloud-config-client\4.2.0\spring-cloud-config-client-4.2.0.jar, C:\Users\acer\.m2\repository\com\fasterxml\jackson\core\jackson-annotations\2.18.2\jackson-annotations-2.18.2.jar, C:\Users\acer\.m2\repository\org\springframework\boot\spring-boot-starter-web\3.4.2\spring-boot-starter-web-3.4.2.jar, C:\Users\acer\.m2\repository\org\springframework\boot\spring-boot-starter-tomcat\3.4.2\spring-boot-starter-tomcat-3.4.2.jar, C:\Users\acer\.m2\repository\org\apache\tomcat\embed\tomcat-embed-core\10.1.34\tomcat-embed-core-10.1.34.jar, C:\Users\acer\.m2\repository\org\apache\tomcat\embed\tomcat-embed-websocket\10.1.34\tomcat-embed-websocket-10.1.34.jar, C:\Users\acer\.m2\repository\org\springframework\spring-webmvc\6.2.2\spring-webmvc-6.2.2.jar, C:\Users\acer\.m2\repository\org\springframework\spring-expression\6.2.2\spring-expression-6.2.2.jar, C:\Users\acer\.m2\repository\org\springframework\security\spring-security-crypto\6.4.2\spring-security-crypto-6.4.2.jar, C:\Users\acer\.m2\repository\org\apache\httpcomponents\client5\httpclient5\5.4.1\httpclient5-5.4.1.jar, C:\Users\acer\.m2\repository\org\apache\httpcomponents\core5\httpcore5\5.3.2\httpcore5-5.3.2.jar, C:\Users\acer\.m2\repository\org\apache\httpcomponents\core5\httpcore5-h2\5.3.2\httpcore5-h2-5.3.2.jar, C:\Users\acer\.m2\repository\org\slf4j\slf4j-api\2.0.16\slf4j-api-2.0.16.jar, C:\Users\acer\.m2\repository\org\eclipse\jgit\org.eclipse.jgit\6.10.0.202406032230-r\org.eclipse.jgit-6.10.0.202406032230-r.jar, C:\Users\acer\.m2\repository\com\googlecode\javaewah\JavaEWAH\1.2.3\JavaEWAH-1.2.3.jar, C:\Users\acer\.m2\repository\commons-codec\commons-codec\1.17.2\commons-codec-1.17.2.jar, C:\Users\acer\.m2\repository\org\eclipse\jgit\org.eclipse.jgit.http.apache\6.10.0.202406032230-r\org.eclipse.jgit.http.apache-6.10.0.202406032230-r.jar, C:\Users\acer\.m2\repository\org\apache\httpcomponents\httpclient\4.5.14\httpclient-4.5.14.jar, C:\Users\acer\.m2\repository\commons-logging\commons-logging\1.2\commons-logging-1.2.jar, C:\Users\acer\.m2\repository\org\apache\httpcomponents\httpcore\4.4.16\httpcore-4.4.16.jar, C:\Users\acer\.m2\repository\org\eclipse\jgit\org.eclipse.jgit.ssh.apache\6.10.0.202406032230-r\org.eclipse.jgit.ssh.apache-6.10.0.202406032230-r.jar, C:\Users\acer\.m2\repository\org\apache\sshd\sshd-osgi\2.12.1\sshd-osgi-2.12.1.jar, C:\Users\acer\.m2\repository\org\slf4j\jcl-over-slf4j\2.0.16\jcl-over-slf4j-2.0.16.jar, C:\Users\acer\.m2\repository\org\apache\sshd\sshd-sftp\2.12.1\sshd-sftp-2.12.1.jar, C:\Users\acer\.m2\repository\net\i2p\crypto\eddsa\0.3.0\eddsa-0.3.0.jar, C:\Users\acer\.m2\repository\org\yaml\snakeyaml\2.3\snakeyaml-2.3.jar, C:\Users\acer\.m2\repository\com\fasterxml\jackson\dataformat\jackson-dataformat-yaml\2.18.2\jackson-dataformat-yaml-2.18.2.jar, C:\Users\acer\.m2\repository\com\fasterxml\jackson\core\jackson-core\2.18.2\jackson-core-2.18.2.jar, C:\Users\acer\.m2\repository\org\springframework\boot\spring-boot-starter-data-jpa\3.4.2\spring-boot-starter-data-jpa-3.4.2.jar, C:\Users\acer\.m2\repository\org\springframework\boot\spring-boot-starter-jdbc\3.4.2\spring-boot-starter-jdbc-3.4.2.jar, C:\Users\acer\.m2\repository\com\zaxxer\HikariCP\5.1.0\HikariCP-5.1.0.jar, C:\Users\acer\.m2\repository\org\springframework\spring-jdbc\6.2.2\spring-jdbc-6.2.2.jar, C:\Users\acer\.m2\repository\org\hibernate\orm\hibernate-core\6.6.5.Final\hibernate-core-6.6.5.Final.jar, C:\Users\acer\.m2\repository\jakarta\persistence\jakarta.persistence-api\3.1.0\jakarta.persistence-api-3.1.0.jar, C:\Users\acer\.m2\repository\jakarta\transaction\jakarta.transaction-api\2.0.1\jakarta.transaction-api-2.0.1.jar, C:\Users\acer\.m2\repository\org\hibernate\common\hibernate-commons-annotations\7.0.3.Final\hibernate-commons-annotations-7.0.3.Final.jar, C:\Users\acer\.m2\repository\io\smallrye\jandex\3.2.0\jandex-3.2.0.jar, C:\Users\acer\.m2\repository\net\bytebuddy\byte-buddy\1.15.11\byte-buddy-1.15.11.jar, C:\Users\acer\.m2\repository\jakarta\inject\jakarta.inject-api\2.0.1\jakarta.inject-api-2.0.1.jar, C:\Users\acer\.m2\repository\org\antlr\antlr4-runtime\4.13.0\antlr4-runtime-4.13.0.jar, C:\Users\acer\.m2\repository\org\springframework\data\spring-data-jpa\3.4.2\spring-data-jpa-3.4.2.jar, C:\Users\acer\.m2\repository\org\springframework\data\spring-data-commons\3.4.2\spring-data-commons-3.4.2.jar, C:\Users\acer\.m2\repository\org\springframework\spring-orm\6.2.2\spring-orm-6.2.2.jar, C:\Users\acer\.m2\repository\org\springframework\spring-context\6.2.2\spring-context-6.2.2.jar, C:\Users\acer\.m2\repository\org\springframework\spring-aop\6.2.2\spring-aop-6.2.2.jar, C:\Users\acer\.m2\repository\org\springframework\spring-tx\6.2.2\spring-tx-6.2.2.jar, C:\Users\acer\.m2\repository\org\springframework\spring-aspects\6.2.2\spring-aspects-6.2.2.jar, C:\Users\acer\.m2\repository\org\aspectj\aspectjweaver\1.9.22.1\aspectjweaver-1.9.22.1.jar, C:\Users\acer\.m2\repository\org\postgresql\postgresql\42.7.7\postgresql-42.7.7.jar, C:\Users\acer\.m2\repository\org\checkerframework\checker-qual\3.49.3\checker-qual-3.49.3.jar, C:\Users\acer\.m2\repository\com\h2database\h2\2.3.232\h2-2.3.232.jar, C:\Users\acer\.m2\repository\org\projectlombok\lombok\1.18.36\lombok-1.18.36.jar, C:\Users\acer\.m2\repository\org\springframework\boot\spring-boot-configuration-processor\3.4.2\spring-boot-configuration-processor-3.4.2.jar, C:\Users\acer\.m2\repository\org\springframework\boot\spring-boot-starter-test\3.4.2\spring-boot-starter-test-3.4.2.jar, C:\Users\acer\.m2\repository\org\springframework\boot\spring-boot-test\3.4.2\spring-boot-test-3.4.2.jar, C:\Users\acer\.m2\repository\org\springframework\boot\spring-boot-test-autoconfigure\3.4.2\spring-boot-test-autoconfigure-3.4.2.jar, C:\Users\acer\.m2\repository\com\jayway\jsonpath\json-path\2.9.0\json-path-2.9.0.jar, C:\Users\acer\.m2\repository\jakarta\xml\bind\jakarta.xml.bind-api\4.0.2\jakarta.xml.bind-api-4.0.2.jar, C:\Users\acer\.m2\repository\jakarta\activation\jakarta.activation-api\2.1.3\jakarta.activation-api-2.1.3.jar, C:\Users\acer\.m2\repository\net\minidev\json-smart\2.5.1\json-smart-2.5.1.jar, C:\Users\acer\.m2\repository\net\minidev\accessors-smart\2.5.1\accessors-smart-2.5.1.jar, C:\Users\acer\.m2\repository\org\ow2\asm\asm\9.6\asm-9.6.jar, C:\Users\acer\.m2\repository\org\assertj\assertj-core\3.26.3\assertj-core-3.26.3.jar, C:\Users\acer\.m2\repository\org\awaitility\awaitility\4.2.2\awaitility-4.2.2.jar, C:\Users\acer\.m2\repository\org\hamcrest\hamcrest\2.2\hamcrest-2.2.jar, C:\Users\acer\.m2\repository\org\junit\jupiter\junit-jupiter\5.11.4\junit-jupiter-5.11.4.jar, C:\Users\acer\.m2\repository\org\junit\jupiter\junit-jupiter-api\5.11.4\junit-jupiter-api-5.11.4.jar, C:\Users\acer\.m2\repository\org\opentest4j\opentest4j\1.3.0\opentest4j-1.3.0.jar, C:\Users\acer\.m2\repository\org\junit\platform\junit-platform-commons\1.11.4\junit-platform-commons-1.11.4.jar, C:\Users\acer\.m2\repository\org\apiguardian\apiguardian-api\1.1.2\apiguardian-api-1.1.2.jar, C:\Users\acer\.m2\repository\org\junit\jupiter\junit-jupiter-params\5.11.4\junit-jupiter-params-5.11.4.jar, C:\Users\acer\.m2\repository\org\junit\jupiter\junit-jupiter-engine\5.11.4\junit-jupiter-engine-5.11.4.jar, C:\Users\acer\.m2\repository\org\junit\platform\junit-platform-engine\1.11.4\junit-platform-engine-1.11.4.jar, C:\Users\acer\.m2\repository\org\mockito\mockito-core\5.14.2\mockito-core-5.14.2.jar, C:\Users\acer\.m2\repository\net\bytebuddy\byte-buddy-agent\1.15.11\byte-buddy-agent-1.15.11.jar, C:\Users\acer\.m2\repository\org\objenesis\objenesis\3.3\objenesis-3.3.jar, C:\Users\acer\.m2\repository\org\mockito\mockito-junit-jupiter\5.14.2\mockito-junit-jupiter-5.14.2.jar, C:\Users\acer\.m2\repository\org\skyscreamer\jsonassert\1.5.3\jsonassert-1.5.3.jar, C:\Users\acer\.m2\repository\com\vaadin\external\google\android-json\0.0.20131108.vaadin1\android-json-0.0.20131108.vaadin1.jar, C:\Users\acer\.m2\repository\org\springframework\spring-core\6.2.2\spring-core-6.2.2.jar, C:\Users\acer\.m2\repository\org\springframework\spring-jcl\6.2.2\spring-jcl-6.2.2.jar, C:\Users\acer\.m2\repository\org\springframework\spring-test\6.2.2\spring-test-6.2.2.jar, C:\Users\acer\.m2\repository\org\xmlunit\xmlunit-core\2.10.0\xmlunit-core-2.10.0.jar, C:\Users\acer\.m2\repository\io\projectreactor\reactor-test\3.7.2\reactor-test-3.7.2.jar, C:\Users\acer\.m2\repository\io\projectreactor\reactor-core\3.7.2\reactor-core-3.7.2.jar, C:\Users\acer\.m2\repository\org\reactivestreams\reactive-streams\1.0.4\reactive-streams-1.0.4.jar]
[DEBUG]   (f) useIncrementalCompilation = true
[DEBUG]   (f) useModulePath = true
[DEBUG]   (f) verbose = false
[DEBUG] -- end configuration --
[DEBUG] Using compiler 'javac'.
[DEBUG] Adding E:\backend\nebula\services\platform-core\target\generated-test-sources\test-annotations to test-compile source roots:
  E:\backend\nebula\services\platform-core\src\test\java
[DEBUG] New test-compile source roots:
  E:\backend\nebula\services\platform-core\src\test\java
  E:\backend\nebula\services\platform-core\target\generated-test-sources\test-annotations
[DEBUG] CompilerReuseStrategy: reuseCreated
[DEBUG] useIncrementalCompilation enabled
[INFO] 	New dependency detected: E:\backend\nebula\services\platform-core\target\classes\pse\nebula\platformcore\application\service\package-info.class
[INFO] 	Stale source detected: E:\backend\nebula\services\platform-core\src\test\java\pse\nebula\platformcore\PlatformCoreApplicationTests.java
[INFO] 	Input tree files (+): E:\backend\nebula\services\platform-core\src\test\java\pse\nebula\platformcore\PlatformCoreApplicationTests.java
[INFO] Recompiling the module because of changed dependency.
[DEBUG] Classpath:
[DEBUG]  E:\backend\nebula\services\platform-core\target\test-classes
[DEBUG]  E:\backend\nebula\services\platform-core\target\classes
[DEBUG]  C:\Users\acer\.m2\repository\org\springframework\boot\spring-boot-starter-webflux\3.4.2\spring-boot-starter-webflux-3.4.2.jar
[DEBUG]  C:\Users\acer\.m2\repository\org\springframework\boot\spring-boot-starter\3.4.2\spring-boot-starter-3.4.2.jar
[DEBUG]  C:\Users\acer\.m2\repository\org\springframework\boot\spring-boot\3.4.2\spring-boot-3.4.2.jar
[DEBUG]  C:\Users\acer\.m2\repository\org\springframework\boot\spring-boot-autoconfigure\3.4.2\spring-boot-autoconfigure-3.4.2.jar
[DEBUG]  C:\Users\acer\.m2\repository\org\springframework\boot\spring-boot-starter-logging\3.4.2\spring-boot-starter-logging-3.4.2.jar
[DEBUG]  C:\Users\acer\.m2\repository\ch\qos\logback\logback-classic\1.5.16\logback-classic-1.5.16.jar
[DEBUG]  C:\Users\acer\.m2\repository\ch\qos\logback\logback-core\1.5.16\logback-core-1.5.16.jar
[DEBUG]  C:\Users\acer\.m2\repository\org\apache\logging\log4j\log4j-to-slf4j\2.24.3\log4j-to-slf4j-2.24.3.jar
[DEBUG]  C:\Users\acer\.m2\repository\org\apache\logging\log4j\log4j-api\2.24.3\log4j-api-2.24.3.jar
[DEBUG]  C:\Users\acer\.m2\repository\org\slf4j\jul-to-slf4j\2.0.16\jul-to-slf4j-2.0.16.jar
[DEBUG]  C:\Users\acer\.m2\repository\jakarta\annotation\jakarta.annotation-api\2.1.1\jakarta.annotation-api-2.1.1.jar
[DEBUG]  C:\Users\acer\.m2\repository\org\springframework\boot\spring-boot-starter-json\3.4.2\spring-boot-starter-json-3.4.2.jar
[DEBUG]  C:\Users\acer\.m2\repository\com\fasterxml\jackson\core\jackson-databind\2.18.2\jackson-databind-2.18.2.jar
[DEBUG]  C:\Users\acer\.m2\repository\com\fasterxml\jackson\datatype\jackson-datatype-jdk8\2.18.2\jackson-datatype-jdk8-2.18.2.jar
[DEBUG]  C:\Users\acer\.m2\repository\com\fasterxml\jackson\datatype\jackson-datatype-jsr310\2.18.2\jackson-datatype-jsr310-2.18.2.jar
[DEBUG]  C:\Users\acer\.m2\repository\com\fasterxml\jackson\module\jackson-module-parameter-names\2.18.2\jackson-module-parameter-names-2.18.2.jar
[DEBUG]  C:\Users\acer\.m2\repository\org\springframework\boot\spring-boot-starter-reactor-netty\3.4.2\spring-boot-starter-reactor-netty-3.4.2.jar
[DEBUG]  C:\Users\acer\.m2\repository\io\projectreactor\netty\reactor-netty-http\1.2.2\reactor-netty-http-1.2.2.jar
[DEBUG]  C:\Users\acer\.m2\repository\io\netty\netty-codec-http\4.1.130.Final\netty-codec-http-4.1.130.Final.jar
[DEBUG]  C:\Users\acer\.m2\repository\io\netty\netty-common\4.1.130.Final\netty-common-4.1.130.Final.jar
[DEBUG]  C:\Users\acer\.m2\repository\io\netty\netty-buffer\4.1.130.Final\netty-buffer-4.1.130.Final.jar
[DEBUG]  C:\Users\acer\.m2\repository\io\netty\netty-transport\4.1.130.Final\netty-transport-4.1.130.Final.jar
[DEBUG]  C:\Users\acer\.m2\repository\io\netty\netty-codec\4.1.130.Final\netty-codec-4.1.130.Final.jar
[DEBUG]  C:\Users\acer\.m2\repository\io\netty\netty-handler\4.1.130.Final\netty-handler-4.1.130.Final.jar
[DEBUG]  C:\Users\acer\.m2\repository\io\netty\netty-codec-http2\4.1.130.Final\netty-codec-http2-4.1.130.Final.jar
[DEBUG]  C:\Users\acer\.m2\repository\io\netty\netty-resolver-dns\4.1.130.Final\netty-resolver-dns-4.1.130.Final.jar
[DEBUG]  C:\Users\acer\.m2\repository\io\netty\netty-resolver\4.1.130.Final\netty-resolver-4.1.130.Final.jar
[DEBUG]  C:\Users\acer\.m2\repository\io\netty\netty-codec-dns\4.1.130.Final\netty-codec-dns-4.1.130.Final.jar
[DEBUG]  C:\Users\acer\.m2\repository\io\netty\netty-resolver-dns-native-macos\4.1.130.Final\netty-resolver-dns-native-macos-4.1.130.Final-osx-x86_64.jar
[DEBUG]  C:\Users\acer\.m2\repository\io\netty\netty-resolver-dns-classes-macos\4.1.130.Final\netty-resolver-dns-classes-macos-4.1.130.Final.jar
[DEBUG]  C:\Users\acer\.m2\repository\io\netty\netty-transport-native-epoll\4.1.130.Final\netty-transport-native-epoll-4.1.130.Final-linux-x86_64.jar
[DEBUG]  C:\Users\acer\.m2\repository\io\netty\netty-transport-native-unix-common\4.1.130.Final\netty-transport-native-unix-common-4.1.130.Final.jar
[DEBUG]  C:\Users\acer\.m2\repository\io\netty\netty-transport-classes-epoll\4.1.130.Final\netty-transport-classes-epoll-4.1.130.Final.jar
[DEBUG]  C:\Users\acer\.m2\repository\io\projectreactor\netty\reactor-netty-core\1.2.2\reactor-netty-core-1.2.2.jar
[DEBUG]  C:\Users\acer\.m2\repository\io\netty\netty-handler-proxy\4.1.130.Final\netty-handler-proxy-4.1.130.Final.jar
[DEBUG]  C:\Users\acer\.m2\repository\io\netty\netty-codec-socks\4.1.130.Final\netty-codec-socks-4.1.130.Final.jar
[DEBUG]  C:\Users\acer\.m2\repository\org\springframework\spring-web\6.2.2\spring-web-6.2.2.jar
[DEBUG]  C:\Users\acer\.m2\repository\org\springframework\spring-beans\6.2.2\spring-beans-6.2.2.jar
[DEBUG]  C:\Users\acer\.m2\repository\org\springframework\spring-webflux\6.2.2\spring-webflux-6.2.2.jar
[DEBUG]  C:\Users\acer\.m2\repository\org\springframework\boot\spring-boot-starter-validation\3.4.2\spring-boot-starter-validation-3.4.2.jar
[DEBUG]  C:\Users\acer\.m2\repository\org\apache\tomcat\embed\tomcat-embed-el\10.1.34\tomcat-embed-el-10.1.34.jar
[DEBUG]  C:\Users\acer\.m2\repository\org\hibernate\validator\hibernate-validator\8.0.2.Final\hibernate-validator-8.0.2.Final.jar
[DEBUG]  C:\Users\acer\.m2\repository\jakarta\validation\jakarta.validation-api\3.0.2\jakarta.validation-api-3.0.2.jar
[DEBUG]  C:\Users\acer\.m2\repository\org\jboss\logging\jboss-logging\3.6.1.Final\jboss-logging-3.6.1.Final.jar
[DEBUG]  C:\Users\acer\.m2\repository\com\fasterxml\classmate\1.7.0\classmate-1.7.0.jar
[DEBUG]  C:\Users\acer\.m2\repository\org\springframework\boot\spring-boot-starter-actuator\3.4.2\spring-boot-starter-actuator-3.4.2.jar
[DEBUG]  C:\Users\acer\.m2\repository\org\springframework\boot\spring-boot-actuator-autoconfigure\3.4.2\spring-boot-actuator-autoconfigure-3.4.2.jar
[DEBUG]  C:\Users\acer\.m2\repository\org\springframework\boot\spring-boot-actuator\3.4.2\spring-boot-actuator-3.4.2.jar
[DEBUG]  C:\Users\acer\.m2\repository\io\micrometer\micrometer-observation\1.14.3\micrometer-observation-1.14.3.jar
[DEBUG]  C:\Users\acer\.m2\repository\io\micrometer\micrometer-commons\1.14.3\micrometer-commons-1.14.3.jar
[DEBUG]  C:\Users\acer\.m2\repository\io\micrometer\micrometer-jakarta9\1.14.3\micrometer-jakarta9-1.14.3.jar
[DEBUG]  C:\Users\acer\.m2\repository\io\micrometer\micrometer-core\1.14.3\micrometer-core-1.14.3.jar
[DEBUG]  C:\Users\acer\.m2\repository\org\hdrhistogram\HdrHistogram\2.2.2\HdrHistogram-2.2.2.jar
[DEBUG]  C:\Users\acer\.m2\repository\org\latencyutils\LatencyUtils\2.0.3\LatencyUtils-2.0.3.jar
[DEBUG]  C:\Users\acer\.m2\repository\org\springframework\cloud\spring-cloud-starter-gateway\4.2.0\spring-cloud-starter-gateway-4.2.0.jar
[DEBUG]  C:\Users\acer\.m2\repository\org\springframework\cloud\spring-cloud-starter\4.2.0\spring-cloud-starter-4.2.0.jar
[DEBUG]  C:\Users\acer\.m2\repository\org\springframework\cloud\spring-cloud-context\4.2.0\spring-cloud-context-4.2.0.jar
[DEBUG]  C:\Users\acer\.m2\repository\org\springframework\cloud\spring-cloud-commons\4.2.0\spring-cloud-commons-4.2.0.jar
[DEBUG]  C:\Users\acer\.m2\repository\org\bouncycastle\bcprov-jdk18on\1.78.1\bcprov-jdk18on-1.78.1.jar
[DEBUG]  C:\Users\acer\.m2\repository\org\springframework\cloud\spring-cloud-gateway-server\4.2.0\spring-cloud-gateway-server-4.2.0.jar
[DEBUG]  C:\Users\acer\.m2\repository\io\projectreactor\addons\reactor-extra\3.5.2\reactor-extra-3.5.2.jar
[DEBUG]  C:\Users\acer\.m2\repository\org\springframework\cloud\spring-cloud-starter-netflix-eureka-server\4.2.0\spring-cloud-starter-netflix-eureka-server-4.2.0.jar
[DEBUG]  C:\Users\acer\.m2\repository\org\springframework\cloud\spring-cloud-netflix-eureka-server\4.2.0\spring-cloud-netflix-eureka-server-4.2.0.jar
[DEBUG]  C:\Users\acer\.m2\repository\org\springframework\boot\spring-boot-starter-freemarker\3.4.2\spring-boot-starter-freemarker-3.4.2.jar
[DEBUG]  C:\Users\acer\.m2\repository\org\freemarker\freemarker\2.3.34\freemarker-2.3.34.jar
[DEBUG]  C:\Users\acer\.m2\repository\org\springframework\spring-context-support\6.2.2\spring-context-support-6.2.2.jar
[DEBUG]  C:\Users\acer\.m2\repository\org\springframework\cloud\spring-cloud-netflix-eureka-client\4.2.0\spring-cloud-netflix-eureka-client-4.2.0.jar
[DEBUG]  C:\Users\acer\.m2\repository\com\netflix\eureka\eureka-client\2.0.4\eureka-client-2.0.4.jar
[DEBUG]  C:\Users\acer\.m2\repository\com\thoughtworks\xstream\xstream\1.4.20\xstream-1.4.20.jar
[DEBUG]  C:\Users\acer\.m2\repository\io\github\x-stream\mxparser\1.2.2\mxparser-1.2.2.jar
[DEBUG]  C:\Users\acer\.m2\repository\xmlpull\xmlpull\1.1.3.1\xmlpull-1.1.3.1.jar
[DEBUG]  C:\Users\acer\.m2\repository\com\netflix\spectator\spectator-api\1.7.3\spectator-api-1.7.3.jar
[DEBUG]  C:\Users\acer\.m2\repository\commons-configuration\commons-configuration\1.10\commons-configuration-1.10.jar
[DEBUG]  C:\Users\acer\.m2\repository\commons-lang\commons-lang\2.6\commons-lang-2.6.jar
[DEBUG]  C:\Users\acer\.m2\repository\com\netflix\netflix-commons\netflix-eventbus\0.3.0\netflix-eventbus-0.3.0.jar
[DEBUG]  C:\Users\acer\.m2\repository\com\netflix\netflix-commons\netflix-infix\0.3.0\netflix-infix-0.3.0.jar
[DEBUG]  C:\Users\acer\.m2\repository\commons-jxpath\commons-jxpath\1.3\commons-jxpath-1.3.jar
[DEBUG]  C:\Users\acer\.m2\repository\joda-time\joda-time\2.3\joda-time-2.3.jar
[DEBUG]  C:\Users\acer\.m2\repository\org\antlr\antlr-runtime\3.4\antlr-runtime-3.4.jar
[DEBUG]  C:\Users\acer\.m2\repository\org\antlr\stringtemplate\3.2.1\stringtemplate-3.2.1.jar
[DEBUG]  C:\Users\acer\.m2\repository\antlr\antlr\2.7.7\antlr-2.7.7.jar
[DEBUG]  C:\Users\acer\.m2\repository\com\google\code\gson\gson\2.11.0\gson-2.11.0.jar
[DEBUG]  C:\Users\acer\.m2\repository\com\netflix\servo\servo-core\0.5.3\servo-core-0.5.3.jar
[DEBUG]  C:\Users\acer\.m2\repository\org\apache\commons\commons-math\2.2\commons-math-2.2.jar
[DEBUG]  C:\Users\acer\.m2\repository\javax\annotation\javax.annotation-api\1.2\javax.annotation-api-1.2.jar
[DEBUG]  C:\Users\acer\.m2\repository\org\codehaus\jettison\jettison\1.5.4\jettison-1.5.4.jar
[DEBUG]  C:\Users\acer\.m2\repository\com\netflix\eureka\eureka-client-jersey3\2.0.4\eureka-client-jersey3-2.0.4.jar
[DEBUG]  C:\Users\acer\.m2\repository\org\glassfish\jersey\connectors\jersey-apache-connector\3.1.10\jersey-apache-connector-3.1.10.jar
[DEBUG]  C:\Users\acer\.m2\repository\com\netflix\eureka\eureka-core-jersey3\2.0.4\eureka-core-jersey3-2.0.4.jar
[DEBUG]  C:\Users\acer\.m2\repository\com\netflix\eureka\eureka-core\2.0.4\eureka-core-2.0.4.jar
[DEBUG]  C:\Users\acer\.m2\repository\com\google\guava\guava\33.3.1-jre\guava-33.3.1-jre.jar
[DEBUG]  C:\Users\acer\.m2\repository\com\google\guava\failureaccess\1.0.2\failureaccess-1.0.2.jar
[DEBUG]  C:\Users\acer\.m2\repository\com\google\guava\listenablefuture\9999.0-empty-to-avoid-conflict-with-guava\listenablefuture-9999.0-empty-to-avoid-conflict-with-guava.jar
[DEBUG]  C:\Users\acer\.m2\repository\com\google\errorprone\error_prone_annotations\2.28.0\error_prone_annotations-2.28.0.jar
[DEBUG]  C:\Users\acer\.m2\repository\com\google\j2objc\j2objc-annotations\3.0.0\j2objc-annotations-3.0.0.jar
[DEBUG]  C:\Users\acer\.m2\repository\org\glassfish\jersey\containers\jersey-container-servlet\3.1.10\jersey-container-servlet-3.1.10.jar
[DEBUG]  C:\Users\acer\.m2\repository\org\glassfish\jersey\containers\jersey-container-servlet-core\3.1.10\jersey-container-servlet-core-3.1.10.jar
[DEBUG]  C:\Users\acer\.m2\repository\org\glassfish\jersey\core\jersey-common\3.1.10\jersey-common-3.1.10.jar
[DEBUG]  C:\Users\acer\.m2\repository\org\glassfish\hk2\osgi-resource-locator\1.0.3\osgi-resource-locator-1.0.3.jar
[DEBUG]  C:\Users\acer\.m2\repository\jakarta\ws\rs\jakarta.ws.rs-api\3.1.0\jakarta.ws.rs-api-3.1.0.jar
[DEBUG]  C:\Users\acer\.m2\repository\org\glassfish\jersey\core\jersey-server\3.1.10\jersey-server-3.1.10.jar
[DEBUG]  C:\Users\acer\.m2\repository\org\glassfish\jersey\core\jersey-client\3.1.10\jersey-client-3.1.10.jar
[DEBUG]  C:\Users\acer\.m2\repository\org\glassfish\jersey\inject\jersey-hk2\3.1.10\jersey-hk2-3.1.10.jar
[DEBUG]  C:\Users\acer\.m2\repository\org\glassfish\hk2\hk2-locator\3.0.6\hk2-locator-3.0.6.jar
[DEBUG]  C:\Users\acer\.m2\repository\org\glassfish\hk2\external\aopalliance-repackaged\3.0.6\aopalliance-repackaged-3.0.6.jar
[DEBUG]  C:\Users\acer\.m2\repository\org\glassfish\hk2\hk2-utils\3.0.6\hk2-utils-3.0.6.jar
[DEBUG]  C:\Users\acer\.m2\repository\org\javassist\javassist\3.30.2-GA\javassist-3.30.2-GA.jar
[DEBUG]  C:\Users\acer\.m2\repository\org\glassfish\hk2\spring-bridge\3.1.1\spring-bridge-3.1.1.jar
[DEBUG]  C:\Users\acer\.m2\repository\org\glassfish\hk2\hk2-api\3.1.1\hk2-api-3.1.1.jar
[DEBUG]  C:\Users\acer\.m2\repository\com\fasterxml\jackson\dataformat\jackson-dataformat-xml\2.18.2\jackson-dataformat-xml-2.18.2.jar
[DEBUG]  C:\Users\acer\.m2\repository\org\codehaus\woodstox\stax2-api\4.2.2\stax2-api-4.2.2.jar
[DEBUG]  C:\Users\acer\.m2\repository\com\fasterxml\woodstox\woodstox-core\7.0.0\woodstox-core-7.0.0.jar
[DEBUG]  C:\Users\acer\.m2\repository\org\springframework\cloud\spring-cloud-starter-loadbalancer\4.2.0\spring-cloud-starter-loadbalancer-4.2.0.jar
[DEBUG]  C:\Users\acer\.m2\repository\org\springframework\cloud\spring-cloud-loadbalancer\4.2.0\spring-cloud-loadbalancer-4.2.0.jar
[DEBUG]  C:\Users\acer\.m2\repository\org\springframework\boot\spring-boot-starter-cache\3.4.2\spring-boot-starter-cache-3.4.2.jar
[DEBUG]  C:\Users\acer\.m2\repository\com\stoyanr\evictor\1.0.0\evictor-1.0.0.jar
[DEBUG]  C:\Users\acer\.m2\repository\org\glassfish\jaxb\jaxb-runtime\4.0.5\jaxb-runtime-4.0.5.jar
[DEBUG]  C:\Users\acer\.m2\repository\org\glassfish\jaxb\jaxb-core\4.0.5\jaxb-core-4.0.5.jar
[DEBUG]  C:\Users\acer\.m2\repository\org\eclipse\angus\angus-activation\2.0.2\angus-activation-2.0.2.jar
[DEBUG]  C:\Users\acer\.m2\repository\org\glassfish\jaxb\txw2\4.0.5\txw2-4.0.5.jar
[DEBUG]  C:\Users\acer\.m2\repository\com\sun\istack\istack-commons-runtime\4.1.2\istack-commons-runtime-4.1.2.jar
[DEBUG]  C:\Users\acer\.m2\repository\org\springframework\cloud\spring-cloud-config-server\4.2.0\spring-cloud-config-server-4.2.0.jar
[DEBUG]  C:\Users\acer\.m2\repository\org\springframework\cloud\spring-cloud-config-client\4.2.0\spring-cloud-config-client-4.2.0.jar
[DEBUG]  C:\Users\acer\.m2\repository\com\fasterxml\jackson\core\jackson-annotations\2.18.2\jackson-annotations-2.18.2.jar
[DEBUG]  C:\Users\acer\.m2\repository\org\springframework\boot\spring-boot-starter-web\3.4.2\spring-boot-starter-web-3.4.2.jar
[DEBUG]  C:\Users\acer\.m2\repository\org\springframework\boot\spring-boot-starter-tomcat\3.4.2\spring-boot-starter-tomcat-3.4.2.jar
[DEBUG]  C:\Users\acer\.m2\repository\org\apache\tomcat\embed\tomcat-embed-core\10.1.34\tomcat-embed-core-10.1.34.jar
[DEBUG]  C:\Users\acer\.m2\repository\org\apache\tomcat\embed\tomcat-embed-websocket\10.1.34\tomcat-embed-websocket-10.1.34.jar
[DEBUG]  C:\Users\acer\.m2\repository\org\springframework\spring-webmvc\6.2.2\spring-webmvc-6.2.2.jar
[DEBUG]  C:\Users\acer\.m2\repository\org\springframework\spring-expression\6.2.2\spring-expression-6.2.2.jar
[DEBUG]  C:\Users\acer\.m2\repository\org\springframework\security\spring-security-crypto\6.4.2\spring-security-crypto-6.4.2.jar
[DEBUG]  C:\Users\acer\.m2\repository\org\apache\httpcomponents\client5\httpclient5\5.4.1\httpclient5-5.4.1.jar
[DEBUG]  C:\Users\acer\.m2\repository\org\apache\httpcomponents\core5\httpcore5\5.3.2\httpcore5-5.3.2.jar
[DEBUG]  C:\Users\acer\.m2\repository\org\apache\httpcomponents\core5\httpcore5-h2\5.3.2\httpcore5-h2-5.3.2.jar
[DEBUG]  C:\Users\acer\.m2\repository\org\slf4j\slf4j-api\2.0.16\slf4j-api-2.0.16.jar
[DEBUG]  C:\Users\acer\.m2\repository\org\eclipse\jgit\org.eclipse.jgit\6.10.0.202406032230-r\org.eclipse.jgit-6.10.0.202406032230-r.jar
[DEBUG]  C:\Users\acer\.m2\repository\com\googlecode\javaewah\JavaEWAH\1.2.3\JavaEWAH-1.2.3.jar
[DEBUG]  C:\Users\acer\.m2\repository\commons-codec\commons-codec\1.17.2\commons-codec-1.17.2.jar
[DEBUG]  C:\Users\acer\.m2\repository\org\eclipse\jgit\org.eclipse.jgit.http.apache\6.10.0.202406032230-r\org.eclipse.jgit.http.apache-6.10.0.202406032230-r.jar
[DEBUG]  C:\Users\acer\.m2\repository\org\apache\httpcomponents\httpclient\4.5.14\httpclient-4.5.14.jar
[DEBUG]  C:\Users\acer\.m2\repository\commons-logging\commons-logging\1.2\commons-logging-1.2.jar
[DEBUG]  C:\Users\acer\.m2\repository\org\apache\httpcomponents\httpcore\4.4.16\httpcore-4.4.16.jar
[DEBUG]  C:\Users\acer\.m2\repository\org\eclipse\jgit\org.eclipse.jgit.ssh.apache\6.10.0.202406032230-r\org.eclipse.jgit.ssh.apache-6.10.0.202406032230-r.jar
[DEBUG]  C:\Users\acer\.m2\repository\org\apache\sshd\sshd-osgi\2.12.1\sshd-osgi-2.12.1.jar
[DEBUG]  C:\Users\acer\.m2\repository\org\slf4j\jcl-over-slf4j\2.0.16\jcl-over-slf4j-2.0.16.jar
[DEBUG]  C:\Users\acer\.m2\repository\org\apache\sshd\sshd-sftp\2.12.1\sshd-sftp-2.12.1.jar
[DEBUG]  C:\Users\acer\.m2\repository\net\i2p\crypto\eddsa\0.3.0\eddsa-0.3.0.jar
[DEBUG]  C:\Users\acer\.m2\repository\org\yaml\snakeyaml\2.3\snakeyaml-2.3.jar
[DEBUG]  C:\Users\acer\.m2\repository\com\fasterxml\jackson\dataformat\jackson-dataformat-yaml\2.18.2\jackson-dataformat-yaml-2.18.2.jar
[DEBUG]  C:\Users\acer\.m2\repository\com\fasterxml\jackson\core\jackson-core\2.18.2\jackson-core-2.18.2.jar
[DEBUG]  C:\Users\acer\.m2\repository\org\springframework\boot\spring-boot-starter-data-jpa\3.4.2\spring-boot-starter-data-jpa-3.4.2.jar
[DEBUG]  C:\Users\acer\.m2\repository\org\springframework\boot\spring-boot-starter-jdbc\3.4.2\spring-boot-starter-jdbc-3.4.2.jar
[DEBUG]  C:\Users\acer\.m2\repository\com\zaxxer\HikariCP\5.1.0\HikariCP-5.1.0.jar
[DEBUG]  C:\Users\acer\.m2\repository\org\springframework\spring-jdbc\6.2.2\spring-jdbc-6.2.2.jar
[DEBUG]  C:\Users\acer\.m2\repository\org\hibernate\orm\hibernate-core\6.6.5.Final\hibernate-core-6.6.5.Final.jar
[DEBUG]  C:\Users\acer\.m2\repository\jakarta\persistence\jakarta.persistence-api\3.1.0\jakarta.persistence-api-3.1.0.jar
[DEBUG]  C:\Users\acer\.m2\repository\jakarta\transaction\jakarta.transaction-api\2.0.1\jakarta.transaction-api-2.0.1.jar
[DEBUG]  C:\Users\acer\.m2\repository\org\hibernate\common\hibernate-commons-annotations\7.0.3.Final\hibernate-commons-annotations-7.0.3.Final.jar
[DEBUG]  C:\Users\acer\.m2\repository\io\smallrye\jandex\3.2.0\jandex-3.2.0.jar
[DEBUG]  C:\Users\acer\.m2\repository\net\bytebuddy\byte-buddy\1.15.11\byte-buddy-1.15.11.jar
[DEBUG]  C:\Users\acer\.m2\repository\jakarta\inject\jakarta.inject-api\2.0.1\jakarta.inject-api-2.0.1.jar
[DEBUG]  C:\Users\acer\.m2\repository\org\antlr\antlr4-runtime\4.13.0\antlr4-runtime-4.13.0.jar
[DEBUG]  C:\Users\acer\.m2\repository\org\springframework\data\spring-data-jpa\3.4.2\spring-data-jpa-3.4.2.jar
[DEBUG]  C:\Users\acer\.m2\repository\org\springframework\data\spring-data-commons\3.4.2\spring-data-commons-3.4.2.jar
[DEBUG]  C:\Users\acer\.m2\repository\org\springframework\spring-orm\6.2.2\spring-orm-6.2.2.jar
[DEBUG]  C:\Users\acer\.m2\repository\org\springframework\spring-context\6.2.2\spring-context-6.2.2.jar
[DEBUG]  C:\Users\acer\.m2\repository\org\springframework\spring-aop\6.2.2\spring-aop-6.2.2.jar
[DEBUG]  C:\Users\acer\.m2\repository\org\springframework\spring-tx\6.2.2\spring-tx-6.2.2.jar
[DEBUG]  C:\Users\acer\.m2\repository\org\springframework\spring-aspects\6.2.2\spring-aspects-6.2.2.jar
[DEBUG]  C:\Users\acer\.m2\repository\org\aspectj\aspectjweaver\1.9.22.1\aspectjweaver-1.9.22.1.jar
[DEBUG]  C:\Users\acer\.m2\repository\org\postgresql\postgresql\42.7.7\postgresql-42.7.7.jar
[DEBUG]  C:\Users\acer\.m2\repository\org\checkerframework\checker-qual\3.49.3\checker-qual-3.49.3.jar
[DEBUG]  C:\Users\acer\.m2\repository\com\h2database\h2\2.3.232\h2-2.3.232.jar
[DEBUG]  C:\Users\acer\.m2\repository\org\projectlombok\lombok\1.18.36\lombok-1.18.36.jar
[DEBUG]  C:\Users\acer\.m2\repository\org\springframework\boot\spring-boot-configuration-processor\3.4.2\spring-boot-configuration-processor-3.4.2.jar
[DEBUG]  C:\Users\acer\.m2\repository\org\springframework\boot\spring-boot-starter-test\3.4.2\spring-boot-starter-test-3.4.2.jar
[DEBUG]  C:\Users\acer\.m2\repository\org\springframework\boot\spring-boot-test\3.4.2\spring-boot-test-3.4.2.jar
[DEBUG]  C:\Users\acer\.m2\repository\org\springframework\boot\spring-boot-test-autoconfigure\3.4.2\spring-boot-test-autoconfigure-3.4.2.jar
[DEBUG]  C:\Users\acer\.m2\repository\com\jayway\jsonpath\json-path\2.9.0\json-path-2.9.0.jar
[DEBUG]  C:\Users\acer\.m2\repository\jakarta\xml\bind\jakarta.xml.bind-api\4.0.2\jakarta.xml.bind-api-4.0.2.jar
[DEBUG]  C:\Users\acer\.m2\repository\jakarta\activation\jakarta.activation-api\2.1.3\jakarta.activation-api-2.1.3.jar
[DEBUG]  C:\Users\acer\.m2\repository\net\minidev\json-smart\2.5.1\json-smart-2.5.1.jar
[DEBUG]  C:\Users\acer\.m2\repository\net\minidev\accessors-smart\2.5.1\accessors-smart-2.5.1.jar
[DEBUG]  C:\Users\acer\.m2\repository\org\ow2\asm\asm\9.6\asm-9.6.jar
[DEBUG]  C:\Users\acer\.m2\repository\org\assertj\assertj-core\3.26.3\assertj-core-3.26.3.jar
[DEBUG]  C:\Users\acer\.m2\repository\org\awaitility\awaitility\4.2.2\awaitility-4.2.2.jar
[DEBUG]  C:\Users\acer\.m2\repository\org\hamcrest\hamcrest\2.2\hamcrest-2.2.jar
[DEBUG]  C:\Users\acer\.m2\repository\org\junit\jupiter\junit-jupiter\5.11.4\junit-jupiter-5.11.4.jar
[DEBUG]  C:\Users\acer\.m2\repository\org\junit\jupiter\junit-jupiter-api\5.11.4\junit-jupiter-api-5.11.4.jar
[DEBUG]  C:\Users\acer\.m2\repository\org\opentest4j\opentest4j\1.3.0\opentest4j-1.3.0.jar
[DEBUG]  C:\Users\acer\.m2\repository\org\junit\platform\junit-platform-commons\1.11.4\junit-platform-commons-1.11.4.jar
[DEBUG]  C:\Users\acer\.m2\repository\org\apiguardian\apiguardian-api\1.1.2\apiguardian-api-1.1.2.jar
[DEBUG]  C:\Users\acer\.m2\repository\org\junit\jupiter\junit-jupiter-params\5.11.4\junit-jupiter-params-5.11.4.jar
[DEBUG]  C:\Users\acer\.m2\repository\org\junit\jupiter\junit-jupiter-engine\5.11.4\junit-jupiter-engine-5.11.4.jar
[DEBUG]  C:\Users\acer\.m2\repository\org\junit\platform\junit-platform-engine\1.11.4\junit-platform-engine-1.11.4.jar
[DEBUG]  C:\Users\acer\.m2\repository\org\mockito\mockito-core\5.14.2\mockito-core-5.14.2.jar
[DEBUG]  C:\Users\acer\.m2\repository\net\bytebuddy\byte-buddy-agent\1.15.11\byte-buddy-agent-1.15.11.jar
[DEBUG]  C:\Users\acer\.m2\repository\org\objenesis\objenesis\3.3\objenesis-3.3.jar
[DEBUG]  C:\Users\acer\.m2\repository\org\mockito\mockito-junit-jupiter\5.14.2\mockito-junit-jupiter-5.14.2.jar
[DEBUG]  C:\Users\acer\.m2\repository\org\skyscreamer\jsonassert\1.5.3\jsonassert-1.5.3.jar
[DEBUG]  C:\Users\acer\.m2\repository\com\vaadin\external\google\android-json\0.0.20131108.vaadin1\android-json-0.0.20131108.vaadin1.jar
[DEBUG]  C:\Users\acer\.m2\repository\org\springframework\spring-core\6.2.2\spring-core-6.2.2.jar
[DEBUG]  C:\Users\acer\.m2\repository\org\springframework\spring-jcl\6.2.2\spring-jcl-6.2.2.jar
[DEBUG]  C:\Users\acer\.m2\repository\org\springframework\spring-test\6.2.2\spring-test-6.2.2.jar
[DEBUG]  C:\Users\acer\.m2\repository\org\xmlunit\xmlunit-core\2.10.0\xmlunit-core-2.10.0.jar
[DEBUG]  C:\Users\acer\.m2\repository\io\projectreactor\reactor-test\3.7.2\reactor-test-3.7.2.jar
[DEBUG]  C:\Users\acer\.m2\repository\io\projectreactor\reactor-core\3.7.2\reactor-core-3.7.2.jar
[DEBUG]  C:\Users\acer\.m2\repository\org\reactivestreams\reactive-streams\1.0.4\reactive-streams-1.0.4.jar
[DEBUG] Source roots:
[DEBUG]  E:\backend\nebula\services\platform-core\src\test\java
[DEBUG]  E:\backend\nebula\services\platform-core\target\generated-test-sources\test-annotations
[DEBUG] Command line options:
[DEBUG] -d E:\backend\nebula\services\platform-core\target\test-classes -classpath E:\backend\nebula\services\platform-core\target\test-classes;E:\backend\nebula\services\platform-core\target\classes;C:\Users\acer\.m2\repository\org\springframework\boot\spring-boot-starter-webflux\3.4.2\spring-boot-starter-webflux-3.4.2.jar;C:\Users\acer\.m2\repository\org\springframework\boot\spring-boot-starter\3.4.2\spring-boot-starter-3.4.2.jar;C:\Users\acer\.m2\repository\org\springframework\boot\spring-boot\3.4.2\spring-boot-3.4.2.jar;C:\Users\acer\.m2\repository\org\springframework\boot\spring-boot-autoconfigure\3.4.2\spring-boot-autoconfigure-3.4.2.jar;C:\Users\acer\.m2\repository\org\springframework\boot\spring-boot-starter-logging\3.4.2\spring-boot-starter-logging-3.4.2.jar;C:\Users\acer\.m2\repository\ch\qos\logback\logback-classic\1.5.16\logback-classic-1.5.16.jar;C:\Users\acer\.m2\repository\ch\qos\logback\logback-core\1.5.16\logback-core-1.5.16.jar;C:\Users\acer\.m2\repository\org\apache\logging\log4j\log4j-to-slf4j\2.24.3\log4j-to-slf4j-2.24.3.jar;C:\Users\acer\.m2\repository\org\apache\logging\log4j\log4j-api\2.24.3\log4j-api-2.24.3.jar;C:\Users\acer\.m2\repository\org\slf4j\jul-to-slf4j\2.0.16\jul-to-slf4j-2.0.16.jar;C:\Users\acer\.m2\repository\jakarta\annotation\jakarta.annotation-api\2.1.1\jakarta.annotation-api-2.1.1.jar;C:\Users\acer\.m2\repository\org\springframework\boot\spring-boot-starter-json\3.4.2\spring-boot-starter-json-3.4.2.jar;C:\Users\acer\.m2\repository\com\fasterxml\jackson\core\jackson-databind\2.18.2\jackson-databind-2.18.2.jar;C:\Users\acer\.m2\repository\com\fasterxml\jackson\datatype\jackson-datatype-jdk8\2.18.2\jackson-datatype-jdk8-2.18.2.jar;C:\Users\acer\.m2\repository\com\fasterxml\jackson\datatype\jackson-datatype-jsr310\2.18.2\jackson-datatype-jsr310-2.18.2.jar;C:\Users\acer\.m2\repository\com\fasterxml\jackson\module\jackson-module-parameter-names\2.18.2\jackson-module-parameter-names-2.18.2.jar;C:\Users\acer\.m2\repository\org\springframework\boot\spring-boot-starter-reactor-netty\3.4.2\spring-boot-starter-reactor-netty-3.4.2.jar;C:\Users\acer\.m2\repository\io\projectreactor\netty\reactor-netty-http\1.2.2\reactor-netty-http-1.2.2.jar;C:\Users\acer\.m2\repository\io\netty\netty-codec-http\4.1.130.Final\netty-codec-http-4.1.130.Final.jar;C:\Users\acer\.m2\repository\io\netty\netty-common\4.1.130.Final\netty-common-4.1.130.Final.jar;C:\Users\acer\.m2\repository\io\netty\netty-buffer\4.1.130.Final\netty-buffer-4.1.130.Final.jar;C:\Users\acer\.m2\repository\io\netty\netty-transport\4.1.130.Final\netty-transport-4.1.130.Final.jar;C:\Users\acer\.m2\repository\io\netty\netty-codec\4.1.130.Final\netty-codec-4.1.130.Final.jar;C:\Users\acer\.m2\repository\io\netty\netty-handler\4.1.130.Final\netty-handler-4.1.130.Final.jar;C:\Users\acer\.m2\repository\io\netty\netty-codec-http2\4.1.130.Final\netty-codec-http2-4.1.130.Final.jar;C:\Users\acer\.m2\repository\io\netty\netty-resolver-dns\4.1.130.Final\netty-resolver-dns-4.1.130.Final.jar;C:\Users\acer\.m2\repository\io\netty\netty-resolver\4.1.130.Final\netty-resolver-4.1.130.Final.jar;C:\Users\acer\.m2\repository\io\netty\netty-codec-dns\4.1.130.Final\netty-codec-dns-4.1.130.Final.jar;C:\Users\acer\.m2\repository\io\netty\netty-resolver-dns-native-macos\4.1.130.Final\netty-resolver-dns-native-macos-4.1.130.Final-osx-x86_64.jar;C:\Users\acer\.m2\repository\io\netty\netty-resolver-dns-classes-macos\4.1.130.Final\netty-resolver-dns-classes-macos-4.1.130.Final.jar;C:\Users\acer\.m2\repository\io\netty\netty-transport-native-epoll\4.1.130.Final\netty-transport-native-epoll-4.1.130.Final-linux-x86_64.jar;C:\Users\acer\.m2\repository\io\netty\netty-transport-native-unix-common\4.1.130.Final\netty-transport-native-unix-common-4.1.130.Final.jar;C:\Users\acer\.m2\repository\io\netty\netty-transport-classes-epoll\4.1.130.Final\netty-transport-classes-epoll-4.1.130.Final.jar;C:\Users\acer\.m2\repository\io\projectreactor\netty\reactor-netty-core\1.2.2\reactor-netty-core-1.2.2.jar;C:\Users\acer\.m2\repository\io\netty\netty-handler-proxy\4.1.130.Final\netty-handler-proxy-4.1.130.Final.jar;C:\Users\acer\.m2\repository\io\netty\netty-codec-socks\4.1.130.Final\netty-codec-socks-4.1.130.Final.jar;C:\Users\acer\.m2\repository\org\springframework\spring-web\6.2.2\spring-web-6.2.2.jar;C:\Users\acer\.m2\repository\org\springframework\spring-beans\6.2.2\spring-beans-6.2.2.jar;C:\Users\acer\.m2\repository\org\springframework\spring-webflux\6.2.2\spring-webflux-6.2.2.jar;C:\Users\acer\.m2\repository\org\springframework\boot\spring-boot-starter-validation\3.4.2\spring-boot-starter-validation-3.4.2.jar;C:\Users\acer\.m2\repository\org\apache\tomcat\embed\tomcat-embed-el\10.1.34\tomcat-embed-el-10.1.34.jar;C:\Users\acer\.m2\repository\org\hibernate\validator\hibernate-validator\8.0.2.Final\hibernate-validator-8.0.2.Final.jar;C:\Users\acer\.m2\repository\jakarta\validation\jakarta.validation-api\3.0.2\jakarta.validation-api-3.0.2.jar;C:\Users\acer\.m2\repository\org\jboss\logging\jboss-logging\3.6.1.Final\jboss-logging-3.6.1.Final.jar;C:\Users\acer\.m2\repository\com\fasterxml\classmate\1.7.0\classmate-1.7.0.jar;C:\Users\acer\.m2\repository\org\springframework\boot\spring-boot-starter-actuator\3.4.2\spring-boot-starter-actuator-3.4.2.jar;C:\Users\acer\.m2\repository\org\springframework\boot\spring-boot-actuator-autoconfigure\3.4.2\spring-boot-actuator-autoconfigure-3.4.2.jar;C:\Users\acer\.m2\repository\org\springframework\boot\spring-boot-actuator\3.4.2\spring-boot-actuator-3.4.2.jar;C:\Users\acer\.m2\repository\io\micrometer\micrometer-observation\1.14.3\micrometer-observation-1.14.3.jar;C:\Users\acer\.m2\repository\io\micrometer\micrometer-commons\1.14.3\micrometer-commons-1.14.3.jar;C:\Users\acer\.m2\repository\io\micrometer\micrometer-jakarta9\1.14.3\micrometer-jakarta9-1.14.3.jar;C:\Users\acer\.m2\repository\io\micrometer\micrometer-core\1.14.3\micrometer-core-1.14.3.jar;C:\Users\acer\.m2\repository\org\hdrhistogram\HdrHistogram\2.2.2\HdrHistogram-2.2.2.jar;C:\Users\acer\.m2\repository\org\latencyutils\LatencyUtils\2.0.3\LatencyUtils-2.0.3.jar;C:\Users\acer\.m2\repository\org\springframework\cloud\spring-cloud-starter-gateway\4.2.0\spring-cloud-starter-gateway-4.2.0.jar;C:\Users\acer\.m2\repository\org\springframework\cloud\spring-cloud-starter\4.2.0\spring-cloud-starter-4.2.0.jar;C:\Users\acer\.m2\repository\org\springframework\cloud\spring-cloud-context\4.2.0\spring-cloud-context-4.2.0.jar;C:\Users\acer\.m2\repository\org\springframework\cloud\spring-cloud-commons\4.2.0\spring-cloud-commons-4.2.0.jar;C:\Users\acer\.m2\repository\org\bouncycastle\bcprov-jdk18on\1.78.1\bcprov-jdk18on-1.78.1.jar;C:\Users\acer\.m2\repository\org\springframework\cloud\spring-cloud-gateway-server\4.2.0\spring-cloud-gateway-server-4.2.0.jar;C:\Users\acer\.m2\repository\io\projectreactor\addons\reactor-extra\3.5.2\reactor-extra-3.5.2.jar;C:\Users\acer\.m2\repository\org\springframework\cloud\spring-cloud-starter-netflix-eureka-server\4.2.0\spring-cloud-starter-netflix-eureka-server-4.2.0.jar;C:\Users\acer\.m2\repository\org\springframework\cloud\spring-cloud-netflix-eureka-server\4.2.0\spring-cloud-netflix-eureka-server-4.2.0.jar;C:\Users\acer\.m2\repository\org\springframework\boot\spring-boot-starter-freemarker\3.4.2\spring-boot-starter-freemarker-3.4.2.jar;C:\Users\acer\.m2\repository\org\freemarker\freemarker\2.3.34\freemarker-2.3.34.jar;C:\Users\acer\.m2\repository\org\springframework\spring-context-support\6.2.2\spring-context-support-6.2.2.jar;C:\Users\acer\.m2\repository\org\springframework\cloud\spring-cloud-netflix-eureka-client\4.2.0\spring-cloud-netflix-eureka-client-4.2.0.jar;C:\Users\acer\.m2\repository\com\netflix\eureka\eureka-client\2.0.4\eureka-client-2.0.4.jar;C:\Users\acer\.m2\repository\com\thoughtworks\xstream\xstream\1.4.20\xstream-1.4.20.jar;C:\Users\acer\.m2\repository\io\github\x-stream\mxparser\1.2.2\mxparser-1.2.2.jar;C:\Users\acer\.m2\repository\xmlpull\xmlpull\1.1.3.1\xmlpull-1.1.3.1.jar;C:\Users\acer\.m2\repository\com\netflix\spectator\spectator-api\1.7.3\spectator-api-1.7.3.jar;C:\Users\acer\.m2\repository\commons-configuration\commons-configuration\1.10\commons-configuration-1.10.jar;C:\Users\acer\.m2\repository\commons-lang\commons-lang\2.6\commons-lang-2.6.jar;C:\Users\acer\.m2\repository\com\netflix\netflix-commons\netflix-eventbus\0.3.0\netflix-eventbus-0.3.0.jar;C:\Users\acer\.m2\repository\com\netflix\netflix-commons\netflix-infix\0.3.0\netflix-infix-0.3.0.jar;C:\Users\acer\.m2\repository\commons-jxpath\commons-jxpath\1.3\commons-jxpath-1.3.jar;C:\Users\acer\.m2\repository\joda-time\joda-time\2.3\joda-time-2.3.jar;C:\Users\acer\.m2\repository\org\antlr\antlr-runtime\3.4\antlr-runtime-3.4.jar;C:\Users\acer\.m2\repository\org\antlr\stringtemplate\3.2.1\stringtemplate-3.2.1.jar;C:\Users\acer\.m2\repository\antlr\antlr\2.7.7\antlr-2.7.7.jar;C:\Users\acer\.m2\repository\com\google\code\gson\gson\2.11.0\gson-2.11.0.jar;C:\Users\acer\.m2\repository\com\netflix\servo\servo-core\0.5.3\servo-core-0.5.3.jar;C:\Users\acer\.m2\repository\org\apache\commons\commons-math\2.2\commons-math-2.2.jar;C:\Users\acer\.m2\repository\javax\annotation\javax.annotation-api\1.2\javax.annotation-api-1.2.jar;C:\Users\acer\.m2\repository\org\codehaus\jettison\jettison\1.5.4\jettison-1.5.4.jar;C:\Users\acer\.m2\repository\com\netflix\eureka\eureka-client-jersey3\2.0.4\eureka-client-jersey3-2.0.4.jar;C:\Users\acer\.m2\repository\org\glassfish\jersey\connectors\jersey-apache-connector\3.1.10\jersey-apache-connector-3.1.10.jar;C:\Users\acer\.m2\repository\com\netflix\eureka\eureka-core-jersey3\2.0.4\eureka-core-jersey3-2.0.4.jar;C:\Users\acer\.m2\repository\com\netflix\eureka\eureka-core\2.0.4\eureka-core-2.0.4.jar;C:\Users\acer\.m2\repository\com\google\guava\guava\33.3.1-jre\guava-33.3.1-jre.jar;C:\Users\acer\.m2\repository\com\google\guava\failureaccess\1.0.2\failureaccess-1.0.2.jar;C:\Users\acer\.m2\repository\com\google\guava\listenablefuture\9999.0-empty-to-avoid-conflict-with-guava\listenablefuture-9999.0-empty-to-avoid-conflict-with-guava.jar;C:\Users\acer\.m2\repository\com\google\errorprone\error_prone_annotations\2.28.0\error_prone_annotations-2.28.0.jar;C:\Users\acer\.m2\repository\com\google\j2objc\j2objc-annotations\3.0.0\j2objc-annotations-3.0.0.jar;C:\Users\acer\.m2\repository\org\glassfish\jersey\containers\jersey-container-servlet\3.1.10\jersey-container-servlet-3.1.10.jar;C:\Users\acer\.m2\repository\org\glassfish\jersey\containers\jersey-container-servlet-core\3.1.10\jersey-container-servlet-core-3.1.10.jar;C:\Users\acer\.m2\repository\org\glassfish\jersey\core\jersey-common\3.1.10\jersey-common-3.1.10.jar;C:\Users\acer\.m2\repository\org\glassfish\hk2\osgi-resource-locator\1.0.3\osgi-resource-locator-1.0.3.jar;C:\Users\acer\.m2\repository\jakarta\ws\rs\jakarta.ws.rs-api\3.1.0\jakarta.ws.rs-api-3.1.0.jar;C:\Users\acer\.m2\repository\org\glassfish\jersey\core\jersey-server\3.1.10\jersey-server-3.1.10.jar;C:\Users\acer\.m2\repository\org\glassfish\jersey\core\jersey-client\3.1.10\jersey-client-3.1.10.jar;C:\Users\acer\.m2\repository\org\glassfish\jersey\inject\jersey-hk2\3.1.10\jersey-hk2-3.1.10.jar;C:\Users\acer\.m2\repository\org\glassfish\hk2\hk2-locator\3.0.6\hk2-locator-3.0.6.jar;C:\Users\acer\.m2\repository\org\glassfish\hk2\external\aopalliance-repackaged\3.0.6\aopalliance-repackaged-3.0.6.jar;C:\Users\acer\.m2\repository\org\glassfish\hk2\hk2-utils\3.0.6\hk2-utils-3.0.6.jar;C:\Users\acer\.m2\repository\org\javassist\javassist\3.30.2-GA\javassist-3.30.2-GA.jar;C:\Users\acer\.m2\repository\org\glassfish\hk2\spring-bridge\3.1.1\spring-bridge-3.1.1.jar;C:\Users\acer\.m2\repository\org\glassfish\hk2\hk2-api\3.1.1\hk2-api-3.1.1.jar;C:\Users\acer\.m2\repository\com\fasterxml\jackson\dataformat\jackson-dataformat-xml\2.18.2\jackson-dataformat-xml-2.18.2.jar;C:\Users\acer\.m2\repository\org\codehaus\woodstox\stax2-api\4.2.2\stax2-api-4.2.2.jar;C:\Users\acer\.m2\repository\com\fasterxml\woodstox\woodstox-core\7.0.0\woodstox-core-7.0.0.jar;C:\Users\acer\.m2\repository\org\springframework\cloud\spring-cloud-starter-loadbalancer\4.2.0\spring-cloud-starter-loadbalancer-4.2.0.jar;C:\Users\acer\.m2\repository\org\springframework\cloud\spring-cloud-loadbalancer\4.2.0\spring-cloud-loadbalancer-4.2.0.jar;C:\Users\acer\.m2\repository\org\springframework\boot\spring-boot-starter-cache\3.4.2\spring-boot-starter-cache-3.4.2.jar;C:\Users\acer\.m2\repository\com\stoyanr\evictor\1.0.0\evictor-1.0.0.jar;C:\Users\acer\.m2\repository\org\glassfish\jaxb\jaxb-runtime\4.0.5\jaxb-runtime-4.0.5.jar;C:\Users\acer\.m2\repository\org\glassfish\jaxb\jaxb-core\4.0.5\jaxb-core-4.0.5.jar;C:\Users\acer\.m2\repository\org\eclipse\angus\angus-activation\2.0.2\angus-activation-2.0.2.jar;C:\Users\acer\.m2\repository\org\glassfish\jaxb\txw2\4.0.5\txw2-4.0.5.jar;C:\Users\acer\.m2\repository\com\sun\istack\istack-commons-runtime\4.1.2\istack-commons-runtime-4.1.2.jar;C:\Users\acer\.m2\repository\org\springframework\cloud\spring-cloud-config-server\4.2.0\spring-cloud-config-server-4.2.0.jar;C:\Users\acer\.m2\repository\org\springframework\cloud\spring-cloud-config-client\4.2.0\spring-cloud-config-client-4.2.0.jar;C:\Users\acer\.m2\repository\com\fasterxml\jackson\core\jackson-annotations\2.18.2\jackson-annotations-2.18.2.jar;C:\Users\acer\.m2\repository\org\springframework\boot\spring-boot-starter-web\3.4.2\spring-boot-starter-web-3.4.2.jar;C:\Users\acer\.m2\repository\org\springframework\boot\spring-boot-starter-tomcat\3.4.2\spring-boot-starter-tomcat-3.4.2.jar;C:\Users\acer\.m2\repository\org\apache\tomcat\embed\tomcat-embed-core\10.1.34\tomcat-embed-core-10.1.34.jar;C:\Users\acer\.m2\repository\org\apache\tomcat\embed\tomcat-embed-websocket\10.1.34\tomcat-embed-websocket-10.1.34.jar;C:\Users\acer\.m2\repository\org\springframework\spring-webmvc\6.2.2\spring-webmvc-6.2.2.jar;C:\Users\acer\.m2\repository\org\springframework\spring-expression\6.2.2\spring-expression-6.2.2.jar;C:\Users\acer\.m2\repository\org\springframework\security\spring-security-crypto\6.4.2\spring-security-crypto-6.4.2.jar;C:\Users\acer\.m2\repository\org\apache\httpcomponents\client5\httpclient5\5.4.1\httpclient5-5.4.1.jar;C:\Users\acer\.m2\repository\org\apache\httpcomponents\core5\httpcore5\5.3.2\httpcore5-5.3.2.jar;C:\Users\acer\.m2\repository\org\apache\httpcomponents\core5\httpcore5-h2\5.3.2\httpcore5-h2-5.3.2.jar;C:\Users\acer\.m2\repository\org\slf4j\slf4j-api\2.0.16\slf4j-api-2.0.16.jar;C:\Users\acer\.m2\repository\org\eclipse\jgit\org.eclipse.jgit\6.10.0.202406032230-r\org.eclipse.jgit-6.10.0.202406032230-r.jar;C:\Users\acer\.m2\repository\com\googlecode\javaewah\JavaEWAH\1.2.3\JavaEWAH-1.2.3.jar;C:\Users\acer\.m2\repository\commons-codec\commons-codec\1.17.2\commons-codec-1.17.2.jar;C:\Users\acer\.m2\repository\org\eclipse\jgit\org.eclipse.jgit.http.apache\6.10.0.202406032230-r\org.eclipse.jgit.http.apache-6.10.0.202406032230-r.jar;C:\Users\acer\.m2\repository\org\apache\httpcomponents\httpclient\4.5.14\httpclient-4.5.14.jar;C:\Users\acer\.m2\repository\commons-logging\commons-logging\1.2\commons-logging-1.2.jar;C:\Users\acer\.m2\repository\org\apache\httpcomponents\httpcore\4.4.16\httpcore-4.4.16.jar;C:\Users\acer\.m2\repository\org\eclipse\jgit\org.eclipse.jgit.ssh.apache\6.10.0.202406032230-r\org.eclipse.jgit.ssh.apache-6.10.0.202406032230-r.jar;C:\Users\acer\.m2\repository\org\apache\sshd\sshd-osgi\2.12.1\sshd-osgi-2.12.1.jar;C:\Users\acer\.m2\repository\org\slf4j\jcl-over-slf4j\2.0.16\jcl-over-slf4j-2.0.16.jar;C:\Users\acer\.m2\repository\org\apache\sshd\sshd-sftp\2.12.1\sshd-sftp-2.12.1.jar;C:\Users\acer\.m2\repository\net\i2p\crypto\eddsa\0.3.0\eddsa-0.3.0.jar;C:\Users\acer\.m2\repository\org\yaml\snakeyaml\2.3\snakeyaml-2.3.jar;C:\Users\acer\.m2\repository\com\fasterxml\jackson\dataformat\jackson-dataformat-yaml\2.18.2\jackson-dataformat-yaml-2.18.2.jar;C:\Users\acer\.m2\repository\com\fasterxml\jackson\core\jackson-core\2.18.2\jackson-core-2.18.2.jar;C:\Users\acer\.m2\repository\org\springframework\boot\spring-boot-starter-data-jpa\3.4.2\spring-boot-starter-data-jpa-3.4.2.jar;C:\Users\acer\.m2\repository\org\springframework\boot\spring-boot-starter-jdbc\3.4.2\spring-boot-starter-jdbc-3.4.2.jar;C:\Users\acer\.m2\repository\com\zaxxer\HikariCP\5.1.0\HikariCP-5.1.0.jar;C:\Users\acer\.m2\repository\org\springframework\spring-jdbc\6.2.2\spring-jdbc-6.2.2.jar;C:\Users\acer\.m2\repository\org\hibernate\orm\hibernate-core\6.6.5.Final\hibernate-core-6.6.5.Final.jar;C:\Users\acer\.m2\repository\jakarta\persistence\jakarta.persistence-api\3.1.0\jakarta.persistence-api-3.1.0.jar;C:\Users\acer\.m2\repository\jakarta\transaction\jakarta.transaction-api\2.0.1\jakarta.transaction-api-2.0.1.jar;C:\Users\acer\.m2\repository\org\hibernate\common\hibernate-commons-annotations\7.0.3.Final\hibernate-commons-annotations-7.0.3.Final.jar;C:\Users\acer\.m2\repository\io\smallrye\jandex\3.2.0\jandex-3.2.0.jar;C:\Users\acer\.m2\repository\net\bytebuddy\byte-buddy\1.15.11\byte-buddy-1.15.11.jar;C:\Users\acer\.m2\repository\jakarta\inject\jakarta.inject-api\2.0.1\jakarta.inject-api-2.0.1.jar;C:\Users\acer\.m2\repository\org\antlr\antlr4-runtime\4.13.0\antlr4-runtime-4.13.0.jar;C:\Users\acer\.m2\repository\org\springframework\data\spring-data-jpa\3.4.2\spring-data-jpa-3.4.2.jar;C:\Users\acer\.m2\repository\org\springframework\data\spring-data-commons\3.4.2\spring-data-commons-3.4.2.jar;C:\Users\acer\.m2\repository\org\springframework\spring-orm\6.2.2\spring-orm-6.2.2.jar;C:\Users\acer\.m2\repository\org\springframework\spring-context\6.2.2\spring-context-6.2.2.jar;C:\Users\acer\.m2\repository\org\springframework\spring-aop\6.2.2\spring-aop-6.2.2.jar;C:\Users\acer\.m2\repository\org\springframework\spring-tx\6.2.2\spring-tx-6.2.2.jar;C:\Users\acer\.m2\repository\org\springframework\spring-aspects\6.2.2\spring-aspects-6.2.2.jar;C:\Users\acer\.m2\repository\org\aspectj\aspectjweaver\1.9.22.1\aspectjweaver-1.9.22.1.jar;C:\Users\acer\.m2\repository\org\postgresql\postgresql\42.7.7\postgresql-42.7.7.jar;C:\Users\acer\.m2\repository\org\checkerframework\checker-qual\3.49.3\checker-qual-3.49.3.jar;C:\Users\acer\.m2\repository\com\h2database\h2\2.3.232\h2-2.3.232.jar;C:\Users\acer\.m2\repository\org\projectlombok\lombok\1.18.36\lombok-1.18.36.jar;C:\Users\acer\.m2\repository\org\springframework\boot\spring-boot-configuration-processor\3.4.2\spring-boot-configuration-processor-3.4.2.jar;C:\Users\acer\.m2\repository\org\springframework\boot\spring-boot-starter-test\3.4.2\spring-boot-starter-test-3.4.2.jar;C:\Users\acer\.m2\repository\org\springframework\boot\spring-boot-test\3.4.2\spring-boot-test-3.4.2.jar;C:\Users\acer\.m2\repository\org\springframework\boot\spring-boot-test-autoconfigure\3.4.2\spring-boot-test-autoconfigure-3.4.2.jar;C:\Users\acer\.m2\repository\com\jayway\jsonpath\json-path\2.9.0\json-path-2.9.0.jar;C:\Users\acer\.m2\repository\jakarta\xml\bind\jakarta.xml.bind-api\4.0.2\jakarta.xml.bind-api-4.0.2.jar;C:\Users\acer\.m2\repository\jakarta\activation\jakarta.activation-api\2.1.3\jakarta.activation-api-2.1.3.jar;C:\Users\acer\.m2\repository\net\minidev\json-smart\2.5.1\json-smart-2.5.1.jar;C:\Users\acer\.m2\repository\net\minidev\accessors-smart\2.5.1\accessors-smart-2.5.1.jar;C:\Users\acer\.m2\repository\org\ow2\asm\asm\9.6\asm-9.6.jar;C:\Users\acer\.m2\repository\org\assertj\assertj-core\3.26.3\assertj-core-3.26.3.jar;C:\Users\acer\.m2\repository\org\awaitility\awaitility\4.2.2\awaitility-4.2.2.jar;C:\Users\acer\.m2\repository\org\hamcrest\hamcrest\2.2\hamcrest-2.2.jar;C:\Users\acer\.m2\repository\org\junit\jupiter\junit-jupiter\5.11.4\junit-jupiter-5.11.4.jar;C:\Users\acer\.m2\repository\org\junit\jupiter\junit-jupiter-api\5.11.4\junit-jupiter-api-5.11.4.jar;C:\Users\acer\.m2\repository\org\opentest4j\opentest4j\1.3.0\opentest4j-1.3.0.jar;C:\Users\acer\.m2\repository\org\junit\platform\junit-platform-commons\1.11.4\junit-platform-commons-1.11.4.jar;C:\Users\acer\.m2\repository\org\apiguardian\apiguardian-api\1.1.2\apiguardian-api-1.1.2.jar;C:\Users\acer\.m2\repository\org\junit\jupiter\junit-jupiter-params\5.11.4\junit-jupiter-params-5.11.4.jar;C:\Users\acer\.m2\repository\org\junit\jupiter\junit-jupiter-engine\5.11.4\junit-jupiter-engine-5.11.4.jar;C:\Users\acer\.m2\repository\org\junit\platform\junit-platform-engine\1.11.4\junit-platform-engine-1.11.4.jar;C:\Users\acer\.m2\repository\org\mockito\mockito-core\5.14.2\mockito-core-5.14.2.jar;C:\Users\acer\.m2\repository\net\bytebuddy\byte-buddy-agent\1.15.11\byte-buddy-agent-1.15.11.jar;C:\Users\acer\.m2\repository\org\objenesis\objenesis\3.3\objenesis-3.3.jar;C:\Users\acer\.m2\repository\org\mockito\mockito-junit-jupiter\5.14.2\mockito-junit-jupiter-5.14.2.jar;C:\Users\acer\.m2\repository\org\skyscreamer\jsonassert\1.5.3\jsonassert-1.5.3.jar;C:\Users\acer\.m2\repository\com\vaadin\external\google\android-json\0.0.20131108.vaadin1\android-json-0.0.20131108.vaadin1.jar;C:\Users\acer\.m2\repository\org\springframework\spring-core\6.2.2\spring-core-6.2.2.jar;C:\Users\acer\.m2\repository\org\springframework\spring-jcl\6.2.2\spring-jcl-6.2.2.jar;C:\Users\acer\.m2\repository\org\springframework\spring-test\6.2.2\spring-test-6.2.2.jar;C:\Users\acer\.m2\repository\org\xmlunit\xmlunit-core\2.10.0\xmlunit-core-2.10.0.jar;C:\Users\acer\.m2\repository\io\projectreactor\reactor-test\3.7.2\reactor-test-3.7.2.jar;C:\Users\acer\.m2\repository\io\projectreactor\reactor-core\3.7.2\reactor-core-3.7.2.jar;C:\Users\acer\.m2\repository\org\reactivestreams\reactive-streams\1.0.4\reactive-streams-1.0.4.jar; -sourcepath E:\backend\nebula\services\platform-core\src\test\java;E:\backend\nebula\services\platform-core\target\generated-test-sources\test-annotations; -s E:\backend\nebula\services\platform-core\target\generated-test-sources\test-annotations -g -parameters --release 17 -encoding UTF-8 -parameters -XDuseUnsharedTable=true
[DEBUG] incrementalBuildHelper#beforeRebuildExecution
[INFO] Compiling 1 source file with javac [debug parameters release 17] to target\test-classes
[DEBUG] incrementalBuildHelper#afterRebuildExecution
[INFO] Annotation processing is enabled because one or more processors were found
  on the class path. A future release of javac may disable annotation processing
  unless at least one processor is specified by name (-processor), or a search
  path is specified (--processor-path, --processor-module-path), or annotation
  processing is enabled explicitly (-proc:only, -proc:full).
  Use -Xlint:-options to suppress this message.
  Use -proc:none to disable annotation processing.
[INFO] 
[INFO] --- surefire:3.5.2:test (default-test) @ platform-core ---
[DEBUG] Dependency collection stats {ConflictMarker.analyzeTime=29400, ConflictMarker.markTime=11500, ConflictMarker.nodeCount=25, ConflictIdSorter.graphTime=17600, ConflictIdSorter.topsortTime=11200, ConflictIdSorter.conflictIdCount=15, ConflictIdSorter.conflictIdCycleCount=0, ConflictResolver.totalTime=116700, ConflictResolver.conflictItemCount=25, DfDependencyCollector.collectTime=30409900, DfDependencyCollector.transformTime=201200}
[DEBUG] org.apache.maven.plugins:maven-surefire-plugin:jar:3.5.2
[DEBUG]    org.apache.maven.surefire:surefire-api:jar:3.5.2:compile
[DEBUG]       org.apache.maven.surefire:surefire-logger-api:jar:3.5.2:compile
[DEBUG]       org.apache.maven.surefire:surefire-shared-utils:jar:3.5.2:compile
[DEBUG]    org.apache.maven.surefire:surefire-extensions-api:jar:3.5.2:compile
[DEBUG]    org.apache.maven.surefire:maven-surefire-common:jar:3.5.2:compile
[DEBUG]       org.apache.maven.surefire:surefire-booter:jar:3.5.2:compile
[DEBUG]          org.apache.maven.surefire:surefire-extensions-spi:jar:3.5.2:compile
[DEBUG]       org.apache.maven.resolver:maven-resolver-util:jar:1.4.1:compile
[DEBUG]          org.apache.maven.resolver:maven-resolver-api:jar:1.4.1:compile
[DEBUG]       org.apache.maven.shared:maven-common-artifact-filters:jar:3.4.0:compile (version managed from default)
[DEBUG]          org.slf4j:slf4j-api:jar:1.7.36:compile
[DEBUG]       org.codehaus.plexus:plexus-java:jar:1.3.0:compile (version managed from default)
[DEBUG]          org.ow2.asm:asm:jar:9.7:compile
[DEBUG]          com.thoughtworks.qdox:qdox:jar:2.1.0:compile
[DEBUG] Created new class realm plugin>org.apache.maven.plugins:maven-surefire-plugin:3.5.2
[DEBUG] Importing foreign packages into class realm plugin>org.apache.maven.plugins:maven-surefire-plugin:3.5.2
[DEBUG]   Imported:  < maven.api
[DEBUG] Populating class realm plugin>org.apache.maven.plugins:maven-surefire-plugin:3.5.2
[DEBUG]   Included: org.apache.maven.plugins:maven-surefire-plugin:jar:3.5.2
[DEBUG]   Included: org.apache.maven.surefire:surefire-api:jar:3.5.2
[DEBUG]   Included: org.apache.maven.surefire:surefire-logger-api:jar:3.5.2
[DEBUG]   Included: org.apache.maven.surefire:surefire-shared-utils:jar:3.5.2
[DEBUG]   Included: org.apache.maven.surefire:surefire-extensions-api:jar:3.5.2
[DEBUG]   Included: org.apache.maven.surefire:maven-surefire-common:jar:3.5.2
[DEBUG]   Included: org.apache.maven.surefire:surefire-booter:jar:3.5.2
[DEBUG]   Included: org.apache.maven.surefire:surefire-extensions-spi:jar:3.5.2
[DEBUG]   Included: org.apache.maven.shared:maven-common-artifact-filters:jar:3.4.0
[DEBUG]   Included: org.codehaus.plexus:plexus-java:jar:1.3.0
[DEBUG]   Included: org.ow2.asm:asm:jar:9.7
[DEBUG]   Included: com.thoughtworks.qdox:qdox:jar:2.1.0
[DEBUG] Loading mojo org.apache.maven.plugins:maven-surefire-plugin:3.5.2:test from plugin realm ClassRealm[plugin>org.apache.maven.plugins:maven-surefire-plugin:3.5.2, parent: jdk.internal.loader.ClassLoaders$AppClassLoader@70dea4e]
[DEBUG] Configuring mojo execution 'org.apache.maven.plugins:maven-surefire-plugin:3.5.2:test:default-test' with basic configurator -->
[DEBUG]   (f) additionalClasspathDependencies = []
[DEBUG]   (s) additionalClasspathElements = []
[DEBUG]   (s) argLine = --add-opens java.base/java.lang=ALL-UNNAMED
                        --add-opens java.base/java.util=ALL-UNNAMED
[DEBUG]   (s) basedir = E:\backend\nebula\services\platform-core
[DEBUG]   (s) childDelegation = false
[DEBUG]   (f) classesDirectory = E:\backend\nebula\services\platform-core\target\classes
[DEBUG]   (s) classpathDependencyExcludes = []
[DEBUG]   (s) dependenciesToScan = []
[DEBUG]   (s) disableXmlReport = false
[DEBUG]   (s) enableAssertions = true
[DEBUG]   (s) enableOutErrElements = true
[DEBUG]   (s) enablePropertiesElement = true
[DEBUG]   (s) encoding = UTF-8
[DEBUG]   (s) excludeJUnit5Engines = []
[DEBUG]   (f) excludedEnvironmentVariables = []
[DEBUG]   (s) excludes = []
[DEBUG]   (s) failIfNoSpecifiedTests = true
[DEBUG]   (s) failIfNoTests = false
[DEBUG]   (s) failOnFlakeCount = 0
[DEBUG]   (f) forkCount = 1
[DEBUG]   (s) forkedProcessExitTimeoutInSeconds = 30
[DEBUG]   (s) includeJUnit5Engines = []
[DEBUG]   (s) includes = []
[DEBUG]   (s) junitArtifactName = junit:junit
[DEBUG]   (f) parallelMavenExecution = false
[DEBUG]   (s) parallelOptimized = true
[DEBUG]   (s) perCoreThreadCount = true
[DEBUG]   (s) pluginArtifactMap = {org.apache.maven.plugins:maven-surefire-plugin=org.apache.maven.plugins:maven-surefire-plugin:maven-plugin:3.5.2:, org.apache.maven.surefire:surefire-api=org.apache.maven.surefire:surefire-api:jar:3.5.2:compile, org.apache.maven.surefire:surefire-logger-api=org.apache.maven.surefire:surefire-logger-api:jar:3.5.2:compile, org.apache.maven.surefire:surefire-shared-utils=org.apache.maven.surefire:surefire-shared-utils:jar:3.5.2:compile, org.apache.maven.surefire:surefire-extensions-api=org.apache.maven.surefire:surefire-extensions-api:jar:3.5.2:compile, org.apache.maven.surefire:maven-surefire-common=org.apache.maven.surefire:maven-surefire-common:jar:3.5.2:compile, org.apache.maven.surefire:surefire-booter=org.apache.maven.surefire:surefire-booter:jar:3.5.2:compile, org.apache.maven.surefire:surefire-extensions-spi=org.apache.maven.surefire:surefire-extensions-spi:jar:3.5.2:compile, org.apache.maven.resolver:maven-resolver-util=org.apache.maven.resolver:maven-resolver-util:jar:1.4.1:compile, org.apache.maven.resolver:maven-resolver-api=org.apache.maven.resolver:maven-resolver-api:jar:1.4.1:compile, org.apache.maven.shared:maven-common-artifact-filters=org.apache.maven.shared:maven-common-artifact-filters:jar:3.4.0:compile, org.slf4j:slf4j-api=org.slf4j:slf4j-api:jar:1.7.36:compile, org.codehaus.plexus:plexus-java=org.codehaus.plexus:plexus-java:jar:1.3.0:compile, org.ow2.asm:asm=org.ow2.asm:asm:jar:9.7:compile, com.thoughtworks.qdox:qdox=com.thoughtworks.qdox:qdox:jar:2.1.0:compile}
[DEBUG]   (f) pluginDescriptor = Component Descriptor: role: 'org.apache.maven.plugin.Mojo', implementation: 'org.apache.maven.plugins.maven_surefire_plugin.HelpMojo', role hint: 'org.apache.maven.plugins:maven-surefire-plugin:3.5.2:help'
role: 'org.apache.maven.plugin.Mojo', implementation: 'org.apache.maven.plugin.surefire.SurefireMojo', role hint: 'org.apache.maven.plugins:maven-surefire-plugin:3.5.2:test'
---
[DEBUG]   (s) printSummary = true
[DEBUG]   (s) project = MavenProject: pse.nebula:platform-core:0.0.1-SNAPSHOT @ E:\backend\nebula\services\platform-core\pom.xml
[DEBUG]   (s) projectArtifactMap = {org.springframework.boot:spring-boot-starter-webflux=org.springframework.boot:spring-boot-starter-webflux:jar:3.4.2:compile, org.springframework.boot:spring-boot-starter=org.springframework.boot:spring-boot-starter:jar:3.4.2:compile, org.springframework.boot:spring-boot=org.springframework.boot:spring-boot:jar:3.4.2:compile, org.springframework.boot:spring-boot-autoconfigure=org.springframework.boot:spring-boot-autoconfigure:jar:3.4.2:compile, org.springframework.boot:spring-boot-starter-logging=org.springframework.boot:spring-boot-starter-logging:jar:3.4.2:compile, ch.qos.logback:logback-classic=ch.qos.logback:logback-classic:jar:1.5.16:compile, ch.qos.logback:logback-core=ch.qos.logback:logback-core:jar:1.5.16:compile, org.apache.logging.log4j:log4j-to-slf4j=org.apache.logging.log4j:log4j-to-slf4j:jar:2.24.3:compile, org.apache.logging.log4j:log4j-api=org.apache.logging.log4j:log4j-api:jar:2.24.3:compile, org.slf4j:jul-to-slf4j=org.slf4j:jul-to-slf4j:jar:2.0.16:compile, jakarta.annotation:jakarta.annotation-api=jakarta.annotation:jakarta.annotation-api:jar:2.1.1:compile, org.springframework.boot:spring-boot-starter-json=org.springframework.boot:spring-boot-starter-json:jar:3.4.2:compile, com.fasterxml.jackson.core:jackson-databind=com.fasterxml.jackson.core:jackson-databind:jar:2.18.2:compile, com.fasterxml.jackson.datatype:jackson-datatype-jdk8=com.fasterxml.jackson.datatype:jackson-datatype-jdk8:jar:2.18.2:compile, com.fasterxml.jackson.datatype:jackson-datatype-jsr310=com.fasterxml.jackson.datatype:jackson-datatype-jsr310:jar:2.18.2:compile, com.fasterxml.jackson.module:jackson-module-parameter-names=com.fasterxml.jackson.module:jackson-module-parameter-names:jar:2.18.2:compile, org.springframework.boot:spring-boot-starter-reactor-netty=org.springframework.boot:spring-boot-starter-reactor-netty:jar:3.4.2:compile, io.projectreactor.netty:reactor-netty-http=io.projectreactor.netty:reactor-netty-http:jar:1.2.2:compile, io.netty:netty-codec-http=io.netty:netty-codec-http:jar:4.1.130.Final:compile, io.netty:netty-common=io.netty:netty-common:jar:4.1.130.Final:compile, io.netty:netty-buffer=io.netty:netty-buffer:jar:4.1.130.Final:compile, io.netty:netty-transport=io.netty:netty-transport:jar:4.1.130.Final:compile, io.netty:netty-codec=io.netty:netty-codec:jar:4.1.130.Final:compile, io.netty:netty-handler=io.netty:netty-handler:jar:4.1.130.Final:compile, io.netty:netty-codec-http2=io.netty:netty-codec-http2:jar:4.1.130.Final:compile, io.netty:netty-resolver-dns=io.netty:netty-resolver-dns:jar:4.1.130.Final:compile, io.netty:netty-resolver=io.netty:netty-resolver:jar:4.1.130.Final:compile, io.netty:netty-codec-dns=io.netty:netty-codec-dns:jar:4.1.130.Final:compile, io.netty:netty-resolver-dns-native-macos=io.netty:netty-resolver-dns-native-macos:jar:osx-x86_64:4.1.130.Final:compile, io.netty:netty-resolver-dns-classes-macos=io.netty:netty-resolver-dns-classes-macos:jar:4.1.130.Final:compile, io.netty:netty-transport-native-epoll=io.netty:netty-transport-native-epoll:jar:linux-x86_64:4.1.130.Final:compile, io.netty:netty-transport-native-unix-common=io.netty:netty-transport-native-unix-common:jar:4.1.130.Final:compile, io.netty:netty-transport-classes-epoll=io.netty:netty-transport-classes-epoll:jar:4.1.130.Final:compile, io.projectreactor.netty:reactor-netty-core=io.projectreactor.netty:reactor-netty-core:jar:1.2.2:compile, io.netty:netty-handler-proxy=io.netty:netty-handler-proxy:jar:4.1.130.Final:compile, io.netty:netty-codec-socks=io.netty:netty-codec-socks:jar:4.1.130.Final:compile, org.springframework:spring-web=org.springframework:spring-web:jar:6.2.2:compile, org.springframework:spring-beans=org.springframework:spring-beans:jar:6.2.2:compile, org.springframework:spring-webflux=org.springframework:spring-webflux:jar:6.2.2:compile, org.springframework.boot:spring-boot-starter-validation=org.springframework.boot:spring-boot-starter-validation:jar:3.4.2:compile, org.apache.tomcat.embed:tomcat-embed-el=org.apache.tomcat.embed:tomcat-embed-el:jar:10.1.34:compile, org.hibernate.validator:hibernate-validator=org.hibernate.validator:hibernate-validator:jar:8.0.2.Final:compile, jakarta.validation:jakarta.validation-api=jakarta.validation:jakarta.validation-api:jar:3.0.2:compile, org.jboss.logging:jboss-logging=org.jboss.logging:jboss-logging:jar:3.6.1.Final:compile, com.fasterxml:classmate=com.fasterxml:classmate:jar:1.7.0:compile, org.springframework.boot:spring-boot-starter-actuator=org.springframework.boot:spring-boot-starter-actuator:jar:3.4.2:compile, org.springframework.boot:spring-boot-actuator-autoconfigure=org.springframework.boot:spring-boot-actuator-autoconfigure:jar:3.4.2:compile, org.springframework.boot:spring-boot-actuator=org.springframework.boot:spring-boot-actuator:jar:3.4.2:compile, io.micrometer:micrometer-observation=io.micrometer:micrometer-observation:jar:1.14.3:compile, io.micrometer:micrometer-commons=io.micrometer:micrometer-commons:jar:1.14.3:compile, io.micrometer:micrometer-jakarta9=io.micrometer:micrometer-jakarta9:jar:1.14.3:compile, io.micrometer:micrometer-core=io.micrometer:micrometer-core:jar:1.14.3:compile, org.hdrhistogram:HdrHistogram=org.hdrhistogram:HdrHistogram:jar:2.2.2:runtime, org.latencyutils:LatencyUtils=org.latencyutils:LatencyUtils:jar:2.0.3:runtime, org.springframework.cloud:spring-cloud-starter-gateway=org.springframework.cloud:spring-cloud-starter-gateway:jar:4.2.0:compile, org.springframework.cloud:spring-cloud-starter=org.springframework.cloud:spring-cloud-starter:jar:4.2.0:compile, org.springframework.cloud:spring-cloud-context=org.springframework.cloud:spring-cloud-context:jar:4.2.0:compile, org.springframework.cloud:spring-cloud-commons=org.springframework.cloud:spring-cloud-commons:jar:4.2.0:compile, org.bouncycastle:bcprov-jdk18on=org.bouncycastle:bcprov-jdk18on:jar:1.78.1:compile, org.springframework.cloud:spring-cloud-gateway-server=org.springframework.cloud:spring-cloud-gateway-server:jar:4.2.0:compile, io.projectreactor.addons:reactor-extra=io.projectreactor.addons:reactor-extra:jar:3.5.2:compile, org.springframework.cloud:spring-cloud-starter-netflix-eureka-server=org.springframework.cloud:spring-cloud-starter-netflix-eureka-server:jar:4.2.0:compile, org.springframework.cloud:spring-cloud-netflix-eureka-server=org.springframework.cloud:spring-cloud-netflix-eureka-server:jar:4.2.0:compile, org.springframework.boot:spring-boot-starter-freemarker=org.springframework.boot:spring-boot-starter-freemarker:jar:3.4.2:compile, org.freemarker:freemarker=org.freemarker:freemarker:jar:2.3.34:compile, org.springframework:spring-context-support=org.springframework:spring-context-support:jar:6.2.2:compile, org.springframework.cloud:spring-cloud-netflix-eureka-client=org.springframework.cloud:spring-cloud-netflix-eureka-client:jar:4.2.0:compile, com.netflix.eureka:eureka-client=com.netflix.eureka:eureka-client:jar:2.0.4:compile, com.thoughtworks.xstream:xstream=com.thoughtworks.xstream:xstream:jar:1.4.20:compile, io.github.x-stream:mxparser=io.github.x-stream:mxparser:jar:1.2.2:compile, xmlpull:xmlpull=xmlpull:xmlpull:jar:1.1.3.1:compile, com.netflix.spectator:spectator-api=com.netflix.spectator:spectator-api:jar:1.7.3:compile, commons-configuration:commons-configuration=commons-configuration:commons-configuration:jar:1.10:compile, commons-lang:commons-lang=commons-lang:commons-lang:jar:2.6:compile, com.netflix.netflix-commons:netflix-eventbus=com.netflix.netflix-commons:netflix-eventbus:jar:0.3.0:runtime, com.netflix.netflix-commons:netflix-infix=com.netflix.netflix-commons:netflix-infix:jar:0.3.0:runtime, commons-jxpath:commons-jxpath=commons-jxpath:commons-jxpath:jar:1.3:runtime, joda-time:joda-time=joda-time:joda-time:jar:2.3:runtime, org.antlr:antlr-runtime=org.antlr:antlr-runtime:jar:3.4:runtime, org.antlr:stringtemplate=org.antlr:stringtemplate:jar:3.2.1:runtime, antlr:antlr=antlr:antlr:jar:2.7.7:runtime, com.google.code.gson:gson=com.google.code.gson:gson:jar:2.11.0:runtime, com.netflix.servo:servo-core=com.netflix.servo:servo-core:jar:0.5.3:runtime, org.apache.commons:commons-math=org.apache.commons:commons-math:jar:2.2:runtime, javax.annotation:javax.annotation-api=javax.annotation:javax.annotation-api:jar:1.2:runtime, org.codehaus.jettison:jettison=org.codehaus.jettison:jettison:jar:1.5.4:runtime, com.netflix.eureka:eureka-client-jersey3=com.netflix.eureka:eureka-client-jersey3:jar:2.0.4:compile, org.glassfish.jersey.connectors:jersey-apache-connector=org.glassfish.jersey.connectors:jersey-apache-connector:jar:3.1.10:compile, com.netflix.eureka:eureka-core-jersey3=com.netflix.eureka:eureka-core-jersey3:jar:2.0.4:compile, com.netflix.eureka:eureka-core=com.netflix.eureka:eureka-core:jar:2.0.4:compile, com.google.guava:guava=com.google.guava:guava:jar:33.3.1-jre:runtime, com.google.guava:failureaccess=com.google.guava:failureaccess:jar:1.0.2:runtime, com.google.guava:listenablefuture=com.google.guava:listenablefuture:jar:9999.0-empty-to-avoid-conflict-with-guava:runtime, com.google.errorprone:error_prone_annotations=com.google.errorprone:error_prone_annotations:jar:2.28.0:runtime, com.google.j2objc:j2objc-annotations=com.google.j2objc:j2objc-annotations:jar:3.0.0:runtime, org.glassfish.jersey.containers:jersey-container-servlet=org.glassfish.jersey.containers:jersey-container-servlet:jar:3.1.10:compile, org.glassfish.jersey.containers:jersey-container-servlet-core=org.glassfish.jersey.containers:jersey-container-servlet-core:jar:3.1.10:compile, org.glassfish.jersey.core:jersey-common=org.glassfish.jersey.core:jersey-common:jar:3.1.10:compile, org.glassfish.hk2:osgi-resource-locator=org.glassfish.hk2:osgi-resource-locator:jar:1.0.3:compile, jakarta.ws.rs:jakarta.ws.rs-api=jakarta.ws.rs:jakarta.ws.rs-api:jar:3.1.0:compile, org.glassfish.jersey.core:jersey-server=org.glassfish.jersey.core:jersey-server:jar:3.1.10:compile, org.glassfish.jersey.core:jersey-client=org.glassfish.jersey.core:jersey-client:jar:3.1.10:compile, org.glassfish.jersey.inject:jersey-hk2=org.glassfish.jersey.inject:jersey-hk2:jar:3.1.10:compile, org.glassfish.hk2:hk2-locator=org.glassfish.hk2:hk2-locator:jar:3.0.6:compile, org.glassfish.hk2.external:aopalliance-repackaged=org.glassfish.hk2.external:aopalliance-repackaged:jar:3.0.6:compile, org.glassfish.hk2:hk2-utils=org.glassfish.hk2:hk2-utils:jar:3.0.6:compile, org.javassist:javassist=org.javassist:javassist:jar:3.30.2-GA:compile, org.glassfish.hk2:spring-bridge=org.glassfish.hk2:spring-bridge:jar:3.1.1:compile, org.glassfish.hk2:hk2-api=org.glassfish.hk2:hk2-api:jar:3.1.1:compile, com.fasterxml.jackson.dataformat:jackson-dataformat-xml=com.fasterxml.jackson.dataformat:jackson-dataformat-xml:jar:2.18.2:compile, org.codehaus.woodstox:stax2-api=org.codehaus.woodstox:stax2-api:jar:4.2.2:compile, com.fasterxml.woodstox:woodstox-core=com.fasterxml.woodstox:woodstox-core:jar:7.0.0:compile, org.springframework.cloud:spring-cloud-starter-loadbalancer=org.springframework.cloud:spring-cloud-starter-loadbalancer:jar:4.2.0:compile, org.springframework.cloud:spring-cloud-loadbalancer=org.springframework.cloud:spring-cloud-loadbalancer:jar:4.2.0:compile, org.springframework.boot:spring-boot-starter-cache=org.springframework.boot:spring-boot-starter-cache:jar:3.4.2:compile, com.stoyanr:evictor=com.stoyanr:evictor:jar:1.0.0:compile, org.glassfish.jaxb:jaxb-runtime=org.glassfish.jaxb:jaxb-runtime:jar:4.0.5:compile, org.glassfish.jaxb:jaxb-core=org.glassfish.jaxb:jaxb-core:jar:4.0.5:compile, org.eclipse.angus:angus-activation=org.eclipse.angus:angus-activation:jar:2.0.2:runtime, org.glassfish.jaxb:txw2=org.glassfish.jaxb:txw2:jar:4.0.5:compile, com.sun.istack:istack-commons-runtime=com.sun.istack:istack-commons-runtime:jar:4.1.2:compile, org.springframework.cloud:spring-cloud-config-server=org.springframework.cloud:spring-cloud-config-server:jar:4.2.0:compile, org.springframework.cloud:spring-cloud-config-client=org.springframework.cloud:spring-cloud-config-client:jar:4.2.0:compile, com.fasterxml.jackson.core:jackson-annotations=com.fasterxml.jackson.core:jackson-annotations:jar:2.18.2:compile, org.springframework.boot:spring-boot-starter-web=org.springframework.boot:spring-boot-starter-web:jar:3.4.2:compile, org.springframework.boot:spring-boot-starter-tomcat=org.springframework.boot:spring-boot-starter-tomcat:jar:3.4.2:compile, org.apache.tomcat.embed:tomcat-embed-core=org.apache.tomcat.embed:tomcat-embed-core:jar:10.1.34:compile, org.apache.tomcat.embed:tomcat-embed-websocket=org.apache.tomcat.embed:tomcat-embed-websocket:jar:10.1.34:compile, org.springframework:spring-webmvc=org.springframework:spring-webmvc:jar:6.2.2:compile, org.springframework:spring-expression=org.springframework:spring-expression:jar:6.2.2:compile, org.springframework.security:spring-security-crypto=org.springframework.security:spring-security-crypto:jar:6.4.2:compile, org.apache.httpcomponents.client5:httpclient5=org.apache.httpcomponents.client5:httpclient5:jar:5.4.1:compile, org.apache.httpcomponents.core5:httpcore5=org.apache.httpcomponents.core5:httpcore5:jar:5.3.2:compile, org.apache.httpcomponents.core5:httpcore5-h2=org.apache.httpcomponents.core5:httpcore5-h2:jar:5.3.2:compile, org.slf4j:slf4j-api=org.slf4j:slf4j-api:jar:2.0.16:compile, org.eclipse.jgit:org.eclipse.jgit=org.eclipse.jgit:org.eclipse.jgit:jar:6.10.0.202406032230-r:compile, com.googlecode.javaewah:JavaEWAH=com.googlecode.javaewah:JavaEWAH:jar:1.2.3:compile, commons-codec:commons-codec=commons-codec:commons-codec:jar:1.17.2:compile, org.eclipse.jgit:org.eclipse.jgit.http.apache=org.eclipse.jgit:org.eclipse.jgit.http.apache:jar:6.10.0.202406032230-r:compile, org.apache.httpcomponents:httpclient=org.apache.httpcomponents:httpclient:jar:4.5.14:compile, commons-logging:commons-logging=commons-logging:commons-logging:jar:1.2:compile, org.apache.httpcomponents:httpcore=org.apache.httpcomponents:httpcore:jar:4.4.16:compile, org.eclipse.jgit:org.eclipse.jgit.ssh.apache=org.eclipse.jgit:org.eclipse.jgit.ssh.apache:jar:6.10.0.202406032230-r:compile, org.apache.sshd:sshd-osgi=org.apache.sshd:sshd-osgi:jar:2.12.1:compile, org.slf4j:jcl-over-slf4j=org.slf4j:jcl-over-slf4j:jar:2.0.16:compile, org.apache.sshd:sshd-sftp=org.apache.sshd:sshd-sftp:jar:2.12.1:compile, net.i2p.crypto:eddsa=net.i2p.crypto:eddsa:jar:0.3.0:compile, org.yaml:snakeyaml=org.yaml:snakeyaml:jar:2.3:compile, com.fasterxml.jackson.dataformat:jackson-dataformat-yaml=com.fasterxml.jackson.dataformat:jackson-dataformat-yaml:jar:2.18.2:compile, com.fasterxml.jackson.core:jackson-core=com.fasterxml.jackson.core:jackson-core:jar:2.18.2:compile, org.springframework.boot:spring-boot-starter-data-jpa=org.springframework.boot:spring-boot-starter-data-jpa:jar:3.4.2:compile, org.springframework.boot:spring-boot-starter-jdbc=org.springframework.boot:spring-boot-starter-jdbc:jar:3.4.2:compile, com.zaxxer:HikariCP=com.zaxxer:HikariCP:jar:5.1.0:compile, org.springframework:spring-jdbc=org.springframework:spring-jdbc:jar:6.2.2:compile, org.hibernate.orm:hibernate-core=org.hibernate.orm:hibernate-core:jar:6.6.5.Final:compile, jakarta.persistence:jakarta.persistence-api=jakarta.persistence:jakarta.persistence-api:jar:3.1.0:compile, jakarta.transaction:jakarta.transaction-api=jakarta.transaction:jakarta.transaction-api:jar:2.0.1:compile, org.hibernate.common:hibernate-commons-annotations=org.hibernate.common:hibernate-commons-annotations:jar:7.0.3.Final:runtime, io.smallrye:jandex=io.smallrye:jandex:jar:3.2.0:runtime, net.bytebuddy:byte-buddy=net.bytebuddy:byte-buddy:jar:1.15.11:runtime, jakarta.inject:jakarta.inject-api=jakarta.inject:jakarta.inject-api:jar:2.0.1:compile, org.antlr:antlr4-runtime=org.antlr:antlr4-runtime:jar:4.13.0:compile, org.springframework.data:spring-data-jpa=org.springframework.data:spring-data-jpa:jar:3.4.2:compile, org.springframework.data:spring-data-commons=org.springframework.data:spring-data-commons:jar:3.4.2:compile, org.springframework:spring-orm=org.springframework:spring-orm:jar:6.2.2:compile, org.springframework:spring-context=org.springframework:spring-context:jar:6.2.2:compile, org.springframework:spring-aop=org.springframework:spring-aop:jar:6.2.2:compile, org.springframework:spring-tx=org.springframework:spring-tx:jar:6.2.2:compile, org.springframework:spring-aspects=org.springframework:spring-aspects:jar:6.2.2:compile, org.aspectj:aspectjweaver=org.aspectj:aspectjweaver:jar:1.9.22.1:compile, org.postgresql:postgresql=org.postgresql:postgresql:jar:42.7.7:runtime, org.checkerframework:checker-qual=org.checkerframework:checker-qual:jar:3.49.3:runtime, com.h2database:h2=com.h2database:h2:jar:2.3.232:test, org.projectlombok:lombok=org.projectlombok:lombok:jar:1.18.36:compile, org.springframework.boot:spring-boot-configuration-processor=org.springframework.boot:spring-boot-configuration-processor:jar:3.4.2:compile, org.springframework.boot:spring-boot-starter-test=org.springframework.boot:spring-boot-starter-test:jar:3.4.2:test, org.springframework.boot:spring-boot-test=org.springframework.boot:spring-boot-test:jar:3.4.2:test, org.springframework.boot:spring-boot-test-autoconfigure=org.springframework.boot:spring-boot-test-autoconfigure:jar:3.4.2:test, com.jayway.jsonpath:json-path=com.jayway.jsonpath:json-path:jar:2.9.0:test, jakarta.xml.bind:jakarta.xml.bind-api=jakarta.xml.bind:jakarta.xml.bind-api:jar:4.0.2:compile, jakarta.activation:jakarta.activation-api=jakarta.activation:jakarta.activation-api:jar:2.1.3:compile, net.minidev:json-smart=net.minidev:json-smart:jar:2.5.1:test, net.minidev:accessors-smart=net.minidev:accessors-smart:jar:2.5.1:test, org.ow2.asm:asm=org.ow2.asm:asm:jar:9.6:test, org.assertj:assertj-core=org.assertj:assertj-core:jar:3.26.3:test, org.awaitility:awaitility=org.awaitility:awaitility:jar:4.2.2:test, org.hamcrest:hamcrest=org.hamcrest:hamcrest:jar:2.2:test, org.junit.jupiter:junit-jupiter=org.junit.jupiter:junit-jupiter:jar:5.11.4:test, org.junit.jupiter:junit-jupiter-api=org.junit.jupiter:junit-jupiter-api:jar:5.11.4:test, org.opentest4j:opentest4j=org.opentest4j:opentest4j:jar:1.3.0:test, org.junit.platform:junit-platform-commons=org.junit.platform:junit-platform-commons:jar:1.11.4:test, org.apiguardian:apiguardian-api=org.apiguardian:apiguardian-api:jar:1.1.2:test, org.junit.jupiter:junit-jupiter-params=org.junit.jupiter:junit-jupiter-params:jar:5.11.4:test, org.junit.jupiter:junit-jupiter-engine=org.junit.jupiter:junit-jupiter-engine:jar:5.11.4:test, org.junit.platform:junit-platform-engine=org.junit.platform:junit-platform-engine:jar:1.11.4:test, org.mockito:mockito-core=org.mockito:mockito-core:jar:5.14.2:test, net.bytebuddy:byte-buddy-agent=net.bytebuddy:byte-buddy-agent:jar:1.15.11:test, org.objenesis:objenesis=org.objenesis:objenesis:jar:3.3:test, org.mockito:mockito-junit-jupiter=org.mockito:mockito-junit-jupiter:jar:5.14.2:test, org.skyscreamer:jsonassert=org.skyscreamer:jsonassert:jar:1.5.3:test, com.vaadin.external.google:android-json=com.vaadin.external.google:android-json:jar:0.0.20131108.vaadin1:test, org.springframework:spring-core=org.springframework:spring-core:jar:6.2.2:compile, org.springframework:spring-jcl=org.springframework:spring-jcl:jar:6.2.2:compile, org.springframework:spring-test=org.springframework:spring-test:jar:6.2.2:test, org.xmlunit:xmlunit-core=org.xmlunit:xmlunit-core:jar:2.10.0:test, io.projectreactor:reactor-test=io.projectreactor:reactor-test:jar:3.7.2:test, io.projectreactor:reactor-core=io.projectreactor:reactor-core:jar:3.7.2:compile, org.reactivestreams:reactive-streams=org.reactivestreams:reactive-streams:jar:1.0.4:compile}
[DEBUG]   (s) projectBuildDirectory = E:\backend\nebula\services\platform-core\target
[DEBUG]   (f) promoteUserPropertiesToSystemProperties = true
[DEBUG]   (s) redirectTestOutputToFile = false
[DEBUG]   (s) reportFormat = brief
[DEBUG]   (s) reportsDirectory = E:\backend\nebula\services\platform-core\target\surefire-reports
[DEBUG]   (f) rerunFailingTestsCount = 0
[DEBUG]   (f) reuseForks = true
[DEBUG]   (s) runOrder = filesystem
[DEBUG]   (s) session = org.apache.maven.execution.MavenSession@673c4f6e
[DEBUG]   (f) shutdown = exit
[DEBUG]   (s) skip = false
[DEBUG]   (f) skipAfterFailureCount = 0
[DEBUG]   (s) skipTests = false
[DEBUG]   (s) suiteXmlFiles = []
[DEBUG]   (s) tempDir = surefire
[DEBUG]   (s) testClassesDirectory = E:\backend\nebula\services\platform-core\target\test-classes
[DEBUG]   (s) testFailureIgnore = false
[DEBUG]   (s) testNGArtifactName = org.testng:testng
[DEBUG]   (s) testSourceDirectory = E:\backend\nebula\services\platform-core\src\test\java
[DEBUG]   (s) threadCountClasses = 0
[DEBUG]   (s) threadCountMethods = 0
[DEBUG]   (s) threadCountSuites = 0
[DEBUG]   (s) trimStackTrace = false
[DEBUG]   (s) useFile = true
[DEBUG]   (s) useManifestOnlyJar = true
[DEBUG]   (f) useModulePath = true
[DEBUG]   (s) useSystemClassLoader = true
[DEBUG]   (s) useUnlimitedThreads = false
[DEBUG]   (s) workingDirectory = E:\backend\nebula\services\platform-core
[DEBUG] -- end configuration --
[DEBUG] Using JVM: C:\Program Files\Java\jdk-22\bin\java with Java version 22.0
[DEBUG] Resolved included and excluded patterns: **/Test*.java, **/*Test.java, **/*Tests.java, **/*TestCase.java, !**/*$*
[DEBUG] Surefire report directory: E:\backend\nebula\services\platform-core\target\surefire-reports
[INFO] Using auto detected provider org.apache.maven.surefire.junitplatform.JUnitPlatformProvider
[DEBUG] Using the provider org.apache.maven.surefire.junitplatform.JUnitPlatformProvider
[DEBUG] Setting system property [basedir]=[E:\backend\nebula\services\platform-core]
[DEBUG] Setting system property [localRepository]=[C:\Users\acer\.m2\repository]
[DEBUG] Dependency collection stats {ConflictMarker.analyzeTime=29200, ConflictMarker.markTime=14800, ConflictMarker.nodeCount=9, ConflictIdSorter.graphTime=7200, ConflictIdSorter.topsortTime=11300, ConflictIdSorter.conflictIdCount=5, ConflictIdSorter.conflictIdCycleCount=0, ConflictResolver.totalTime=89000, ConflictResolver.conflictItemCount=8, DfDependencyCollector.collectTime=4519500, DfDependencyCollector.transformTime=174300}
[DEBUG] Found implementation of fork node factory: org.apache.maven.plugin.surefire.extensions.LegacyForkNodeFactory
[DEBUG] Using fork starter with configuration implementation org.apache.maven.plugin.surefire.booterclient.JarManifestForkConfiguration
[DEBUG] Dependency collection stats {ConflictMarker.analyzeTime=17700, ConflictMarker.markTime=11200, ConflictMarker.nodeCount=17, ConflictIdSorter.graphTime=23300, ConflictIdSorter.topsortTime=9300, ConflictIdSorter.conflictIdCount=10, ConflictIdSorter.conflictIdCycleCount=0, ConflictResolver.totalTime=89000, ConflictResolver.conflictItemCount=16, DfDependencyCollector.collectTime=13140000, DfDependencyCollector.transformTime=165600}
[DEBUG] Resolving artifact org.junit.platform:junit-platform-launcher:1.11.4
[DEBUG] Dependency collection stats {ConflictMarker.analyzeTime=10400, ConflictMarker.markTime=9700, ConflictMarker.nodeCount=8, ConflictIdSorter.graphTime=4200, ConflictIdSorter.topsortTime=8400, ConflictIdSorter.conflictIdCount=5, ConflictIdSorter.conflictIdCycleCount=0, ConflictResolver.totalTime=69800, ConflictResolver.conflictItemCount=7, DfDependencyCollector.collectTime=1342100, DfDependencyCollector.transformTime=116500}
[DEBUG] Resolved artifact org.junit.platform:junit-platform-launcher:1.11.4 to [org.junit.platform:junit-platform-launcher:jar:1.11.4, org.junit.platform:junit-platform-engine:jar:1.11.4, org.opentest4j:opentest4j:jar:1.3.0, org.junit.platform:junit-platform-commons:jar:1.11.4, org.apiguardian:apiguardian-api:jar:1.1.2]
[DEBUG] test classpath:  E:\backend\nebula\services\platform-core\target\test-classes  E:\backend\nebula\services\platform-core\target\classes  C:\Users\acer\.m2\repository\org\springframework\boot\spring-boot-starter-webflux\3.4.2\spring-boot-starter-webflux-3.4.2.jar  C:\Users\acer\.m2\repository\org\springframework\boot\spring-boot-starter\3.4.2\spring-boot-starter-3.4.2.jar  C:\Users\acer\.m2\repository\org\springframework\boot\spring-boot\3.4.2\spring-boot-3.4.2.jar  C:\Users\acer\.m2\repository\org\springframework\boot\spring-boot-autoconfigure\3.4.2\spring-boot-autoconfigure-3.4.2.jar  C:\Users\acer\.m2\repository\org\springframework\boot\spring-boot-starter-logging\3.4.2\spring-boot-starter-logging-3.4.2.jar  C:\Users\acer\.m2\repository\ch\qos\logback\logback-classic\1.5.16\logback-classic-1.5.16.jar  C:\Users\acer\.m2\repository\ch\qos\logback\logback-core\1.5.16\logback-core-1.5.16.jar  C:\Users\acer\.m2\repository\org\apache\logging\log4j\log4j-to-slf4j\2.24.3\log4j-to-slf4j-2.24.3.jar  C:\Users\acer\.m2\repository\org\apache\logging\log4j\log4j-api\2.24.3\log4j-api-2.24.3.jar  C:\Users\acer\.m2\repository\org\slf4j\jul-to-slf4j\2.0.16\jul-to-slf4j-2.0.16.jar  C:\Users\acer\.m2\repository\jakarta\annotation\jakarta.annotation-api\2.1.1\jakarta.annotation-api-2.1.1.jar  C:\Users\acer\.m2\repository\org\springframework\boot\spring-boot-starter-json\3.4.2\spring-boot-starter-json-3.4.2.jar  C:\Users\acer\.m2\repository\com\fasterxml\jackson\core\jackson-databind\2.18.2\jackson-databind-2.18.2.jar  C:\Users\acer\.m2\repository\com\fasterxml\jackson\datatype\jackson-datatype-jdk8\2.18.2\jackson-datatype-jdk8-2.18.2.jar  C:\Users\acer\.m2\repository\com\fasterxml\jackson\datatype\jackson-datatype-jsr310\2.18.2\jackson-datatype-jsr310-2.18.2.jar  C:\Users\acer\.m2\repository\com\fasterxml\jackson\module\jackson-module-parameter-names\2.18.2\jackson-module-parameter-names-2.18.2.jar  C:\Users\acer\.m2\repository\org\springframework\boot\spring-boot-starter-reactor-netty\3.4.2\spring-boot-starter-reactor-netty-3.4.2.jar  C:\Users\acer\.m2\repository\io\projectreactor\netty\reactor-netty-http\1.2.2\reactor-netty-http-1.2.2.jar  C:\Users\acer\.m2\repository\io\netty\netty-codec-http\4.1.130.Final\netty-codec-http-4.1.130.Final.jar  C:\Users\acer\.m2\repository\io\netty\netty-common\4.1.130.Final\netty-common-4.1.130.Final.jar  C:\Users\acer\.m2\repository\io\netty\netty-buffer\4.1.130.Final\netty-buffer-4.1.130.Final.jar  C:\Users\acer\.m2\repository\io\netty\netty-transport\4.1.130.Final\netty-transport-4.1.130.Final.jar  C:\Users\acer\.m2\repository\io\netty\netty-codec\4.1.130.Final\netty-codec-4.1.130.Final.jar  C:\Users\acer\.m2\repository\io\netty\netty-handler\4.1.130.Final\netty-handler-4.1.130.Final.jar  C:\Users\acer\.m2\repository\io\netty\netty-codec-http2\4.1.130.Final\netty-codec-http2-4.1.130.Final.jar  C:\Users\acer\.m2\repository\io\netty\netty-resolver-dns\4.1.130.Final\netty-resolver-dns-4.1.130.Final.jar  C:\Users\acer\.m2\repository\io\netty\netty-resolver\4.1.130.Final\netty-resolver-4.1.130.Final.jar  C:\Users\acer\.m2\repository\io\netty\netty-codec-dns\4.1.130.Final\netty-codec-dns-4.1.130.Final.jar  C:\Users\acer\.m2\repository\io\netty\netty-resolver-dns-native-macos\4.1.130.Final\netty-resolver-dns-native-macos-4.1.130.Final-osx-x86_64.jar  C:\Users\acer\.m2\repository\io\netty\netty-resolver-dns-classes-macos\4.1.130.Final\netty-resolver-dns-classes-macos-4.1.130.Final.jar  C:\Users\acer\.m2\repository\io\netty\netty-transport-native-epoll\4.1.130.Final\netty-transport-native-epoll-4.1.130.Final-linux-x86_64.jar  C:\Users\acer\.m2\repository\io\netty\netty-transport-native-unix-common\4.1.130.Final\netty-transport-native-unix-common-4.1.130.Final.jar  C:\Users\acer\.m2\repository\io\netty\netty-transport-classes-epoll\4.1.130.Final\netty-transport-classes-epoll-4.1.130.Final.jar  C:\Users\acer\.m2\repository\io\projectreactor\netty\reactor-netty-core\1.2.2\reactor-netty-core-1.2.2.jar  C:\Users\acer\.m2\repository\io\netty\netty-handler-proxy\4.1.130.Final\netty-handler-proxy-4.1.130.Final.jar  C:\Users\acer\.m2\repository\io\netty\netty-codec-socks\4.1.130.Final\netty-codec-socks-4.1.130.Final.jar  C:\Users\acer\.m2\repository\org\springframework\spring-web\6.2.2\spring-web-6.2.2.jar  C:\Users\acer\.m2\repository\org\springframework\spring-beans\6.2.2\spring-beans-6.2.2.jar  C:\Users\acer\.m2\repository\org\springframework\spring-webflux\6.2.2\spring-webflux-6.2.2.jar  C:\Users\acer\.m2\repository\org\springframework\boot\spring-boot-starter-validation\3.4.2\spring-boot-starter-validation-3.4.2.jar  C:\Users\acer\.m2\repository\org\apache\tomcat\embed\tomcat-embed-el\10.1.34\tomcat-embed-el-10.1.34.jar  C:\Users\acer\.m2\repository\org\hibernate\validator\hibernate-validator\8.0.2.Final\hibernate-validator-8.0.2.Final.jar  C:\Users\acer\.m2\repository\jakarta\validation\jakarta.validation-api\3.0.2\jakarta.validation-api-3.0.2.jar  C:\Users\acer\.m2\repository\org\jboss\logging\jboss-logging\3.6.1.Final\jboss-logging-3.6.1.Final.jar  C:\Users\acer\.m2\repository\com\fasterxml\classmate\1.7.0\classmate-1.7.0.jar  C:\Users\acer\.m2\repository\org\springframework\boot\spring-boot-starter-actuator\3.4.2\spring-boot-starter-actuator-3.4.2.jar  C:\Users\acer\.m2\repository\org\springframework\boot\spring-boot-actuator-autoconfigure\3.4.2\spring-boot-actuator-autoconfigure-3.4.2.jar  C:\Users\acer\.m2\repository\org\springframework\boot\spring-boot-actuator\3.4.2\spring-boot-actuator-3.4.2.jar  C:\Users\acer\.m2\repository\io\micrometer\micrometer-observation\1.14.3\micrometer-observation-1.14.3.jar  C:\Users\acer\.m2\repository\io\micrometer\micrometer-commons\1.14.3\micrometer-commons-1.14.3.jar  C:\Users\acer\.m2\repository\io\micrometer\micrometer-jakarta9\1.14.3\micrometer-jakarta9-1.14.3.jar  C:\Users\acer\.m2\repository\io\micrometer\micrometer-core\1.14.3\micrometer-core-1.14.3.jar  C:\Users\acer\.m2\repository\org\hdrhistogram\HdrHistogram\2.2.2\HdrHistogram-2.2.2.jar  C:\Users\acer\.m2\repository\org\latencyutils\LatencyUtils\2.0.3\LatencyUtils-2.0.3.jar  C:\Users\acer\.m2\repository\org\springframework\cloud\spring-cloud-starter-gateway\4.2.0\spring-cloud-starter-gateway-4.2.0.jar  C:\Users\acer\.m2\repository\org\springframework\cloud\spring-cloud-starter\4.2.0\spring-cloud-starter-4.2.0.jar  C:\Users\acer\.m2\repository\org\springframework\cloud\spring-cloud-context\4.2.0\spring-cloud-context-4.2.0.jar  C:\Users\acer\.m2\repository\org\springframework\cloud\spring-cloud-commons\4.2.0\spring-cloud-commons-4.2.0.jar  C:\Users\acer\.m2\repository\org\bouncycastle\bcprov-jdk18on\1.78.1\bcprov-jdk18on-1.78.1.jar  C:\Users\acer\.m2\repository\org\springframework\cloud\spring-cloud-gateway-server\4.2.0\spring-cloud-gateway-server-4.2.0.jar  C:\Users\acer\.m2\repository\io\projectreactor\addons\reactor-extra\3.5.2\reactor-extra-3.5.2.jar  C:\Users\acer\.m2\repository\org\springframework\cloud\spring-cloud-starter-netflix-eureka-server\4.2.0\spring-cloud-starter-netflix-eureka-server-4.2.0.jar  C:\Users\acer\.m2\repository\org\springframework\cloud\spring-cloud-netflix-eureka-server\4.2.0\spring-cloud-netflix-eureka-server-4.2.0.jar  C:\Users\acer\.m2\repository\org\springframework\boot\spring-boot-starter-freemarker\3.4.2\spring-boot-starter-freemarker-3.4.2.jar  C:\Users\acer\.m2\repository\org\freemarker\freemarker\2.3.34\freemarker-2.3.34.jar  C:\Users\acer\.m2\repository\org\springframework\spring-context-support\6.2.2\spring-context-support-6.2.2.jar  C:\Users\acer\.m2\repository\org\springframework\cloud\spring-cloud-netflix-eureka-client\4.2.0\spring-cloud-netflix-eureka-client-4.2.0.jar  C:\Users\acer\.m2\repository\com\netflix\eureka\eureka-client\2.0.4\eureka-client-2.0.4.jar  C:\Users\acer\.m2\repository\com\thoughtworks\xstream\xstream\1.4.20\xstream-1.4.20.jar  C:\Users\acer\.m2\repository\io\github\x-stream\mxparser\1.2.2\mxparser-1.2.2.jar  C:\Users\acer\.m2\repository\xmlpull\xmlpull\1.1.3.1\xmlpull-1.1.3.1.jar  C:\Users\acer\.m2\repository\com\netflix\spectator\spectator-api\1.7.3\spectator-api-1.7.3.jar  C:\Users\acer\.m2\repository\commons-configuration\commons-configuration\1.10\commons-configuration-1.10.jar  C:\Users\acer\.m2\repository\commons-lang\commons-lang\2.6\commons-lang-2.6.jar  C:\Users\acer\.m2\repository\com\netflix\netflix-commons\netflix-eventbus\0.3.0\netflix-eventbus-0.3.0.jar  C:\Users\acer\.m2\repository\com\netflix\netflix-commons\netflix-infix\0.3.0\netflix-infix-0.3.0.jar  C:\Users\acer\.m2\repository\commons-jxpath\commons-jxpath\1.3\commons-jxpath-1.3.jar  C:\Users\acer\.m2\repository\joda-time\joda-time\2.3\joda-time-2.3.jar  C:\Users\acer\.m2\repository\org\antlr\antlr-runtime\3.4\antlr-runtime-3.4.jar  C:\Users\acer\.m2\repository\org\antlr\stringtemplate\3.2.1\stringtemplate-3.2.1.jar  C:\Users\acer\.m2\repository\antlr\antlr\2.7.7\antlr-2.7.7.jar  C:\Users\acer\.m2\repository\com\google\code\gson\gson\2.11.0\gson-2.11.0.jar  C:\Users\acer\.m2\repository\com\netflix\servo\servo-core\0.5.3\servo-core-0.5.3.jar  C:\Users\acer\.m2\repository\org\apache\commons\commons-math\2.2\commons-math-2.2.jar  C:\Users\acer\.m2\repository\javax\annotation\javax.annotation-api\1.2\javax.annotation-api-1.2.jar  C:\Users\acer\.m2\repository\org\codehaus\jettison\jettison\1.5.4\jettison-1.5.4.jar  C:\Users\acer\.m2\repository\com\netflix\eureka\eureka-client-jersey3\2.0.4\eureka-client-jersey3-2.0.4.jar  C:\Users\acer\.m2\repository\org\glassfish\jersey\connectors\jersey-apache-connector\3.1.10\jersey-apache-connector-3.1.10.jar  C:\Users\acer\.m2\repository\com\netflix\eureka\eureka-core-jersey3\2.0.4\eureka-core-jersey3-2.0.4.jar  C:\Users\acer\.m2\repository\com\netflix\eureka\eureka-core\2.0.4\eureka-core-2.0.4.jar  C:\Users\acer\.m2\repository\com\google\guava\guava\33.3.1-jre\guava-33.3.1-jre.jar  C:\Users\acer\.m2\repository\com\google\guava\failureaccess\1.0.2\failureaccess-1.0.2.jar  C:\Users\acer\.m2\repository\com\google\guava\listenablefuture\9999.0-empty-to-avoid-conflict-with-guava\listenablefuture-9999.0-empty-to-avoid-conflict-with-guava.jar  C:\Users\acer\.m2\repository\com\google\errorprone\error_prone_annotations\2.28.0\error_prone_annotations-2.28.0.jar  C:\Users\acer\.m2\repository\com\google\j2objc\j2objc-annotations\3.0.0\j2objc-annotations-3.0.0.jar  C:\Users\acer\.m2\repository\org\glassfish\jersey\containers\jersey-container-servlet\3.1.10\jersey-container-servlet-3.1.10.jar  C:\Users\acer\.m2\repository\org\glassfish\jersey\containers\jersey-container-servlet-core\3.1.10\jersey-container-servlet-core-3.1.10.jar  C:\Users\acer\.m2\repository\org\glassfish\jersey\core\jersey-common\3.1.10\jersey-common-3.1.10.jar  C:\Users\acer\.m2\repository\org\glassfish\hk2\osgi-resource-locator\1.0.3\osgi-resource-locator-1.0.3.jar  C:\Users\acer\.m2\repository\jakarta\ws\rs\jakarta.ws.rs-api\3.1.0\jakarta.ws.rs-api-3.1.0.jar  C:\Users\acer\.m2\repository\org\glassfish\jersey\core\jersey-server\3.1.10\jersey-server-3.1.10.jar  C:\Users\acer\.m2\repository\org\glassfish\jersey\core\jersey-client\3.1.10\jersey-client-3.1.10.jar  C:\Users\acer\.m2\repository\org\glassfish\jersey\inject\jersey-hk2\3.1.10\jersey-hk2-3.1.10.jar  C:\Users\acer\.m2\repository\org\glassfish\hk2\hk2-locator\3.0.6\hk2-locator-3.0.6.jar  C:\Users\acer\.m2\repository\org\glassfish\hk2\external\aopalliance-repackaged\3.0.6\aopalliance-repackaged-3.0.6.jar  C:\Users\acer\.m2\repository\org\glassfish\hk2\hk2-utils\3.0.6\hk2-utils-3.0.6.jar  C:\Users\acer\.m2\repository\org\javassist\javassist\3.30.2-GA\javassist-3.30.2-GA.jar  C:\Users\acer\.m2\repository\org\glassfish\hk2\spring-bridge\3.1.1\spring-bridge-3.1.1.jar  C:\Users\acer\.m2\repository\org\glassfish\hk2\hk2-api\3.1.1\hk2-api-3.1.1.jar  C:\Users\acer\.m2\repository\com\fasterxml\jackson\dataformat\jackson-dataformat-xml\2.18.2\jackson-dataformat-xml-2.18.2.jar  C:\Users\acer\.m2\repository\org\codehaus\woodstox\stax2-api\4.2.2\stax2-api-4.2.2.jar  C:\Users\acer\.m2\repository\com\fasterxml\woodstox\woodstox-core\7.0.0\woodstox-core-7.0.0.jar  C:\Users\acer\.m2\repository\org\springframework\cloud\spring-cloud-starter-loadbalancer\4.2.0\spring-cloud-starter-loadbalancer-4.2.0.jar  C:\Users\acer\.m2\repository\org\springframework\cloud\spring-cloud-loadbalancer\4.2.0\spring-cloud-loadbalancer-4.2.0.jar  C:\Users\acer\.m2\repository\org\springframework\boot\spring-boot-starter-cache\3.4.2\spring-boot-starter-cache-3.4.2.jar  C:\Users\acer\.m2\repository\com\stoyanr\evictor\1.0.0\evictor-1.0.0.jar  C:\Users\acer\.m2\repository\org\glassfish\jaxb\jaxb-runtime\4.0.5\jaxb-runtime-4.0.5.jar  C:\Users\acer\.m2\repository\org\glassfish\jaxb\jaxb-core\4.0.5\jaxb-core-4.0.5.jar  C:\Users\acer\.m2\repository\org\eclipse\angus\angus-activation\2.0.2\angus-activation-2.0.2.jar  C:\Users\acer\.m2\repository\org\glassfish\jaxb\txw2\4.0.5\txw2-4.0.5.jar  C:\Users\acer\.m2\repository\com\sun\istack\istack-commons-runtime\4.1.2\istack-commons-runtime-4.1.2.jar  C:\Users\acer\.m2\repository\org\springframework\cloud\spring-cloud-config-server\4.2.0\spring-cloud-config-server-4.2.0.jar  C:\Users\acer\.m2\repository\org\springframework\cloud\spring-cloud-config-client\4.2.0\spring-cloud-config-client-4.2.0.jar  C:\Users\acer\.m2\repository\com\fasterxml\jackson\core\jackson-annotations\2.18.2\jackson-annotations-2.18.2.jar  C:\Users\acer\.m2\repository\org\springframework\boot\spring-boot-starter-web\3.4.2\spring-boot-starter-web-3.4.2.jar  C:\Users\acer\.m2\repository\org\springframework\boot\spring-boot-starter-tomcat\3.4.2\spring-boot-starter-tomcat-3.4.2.jar  C:\Users\acer\.m2\repository\org\apache\tomcat\embed\tomcat-embed-core\10.1.34\tomcat-embed-core-10.1.34.jar  C:\Users\acer\.m2\repository\org\apache\tomcat\embed\tomcat-embed-websocket\10.1.34\tomcat-embed-websocket-10.1.34.jar  C:\Users\acer\.m2\repository\org\springframework\spring-webmvc\6.2.2\spring-webmvc-6.2.2.jar  C:\Users\acer\.m2\repository\org\springframework\spring-expression\6.2.2\spring-expression-6.2.2.jar  C:\Users\acer\.m2\repository\org\springframework\security\spring-security-crypto\6.4.2\spring-security-crypto-6.4.2.jar  C:\Users\acer\.m2\repository\org\apache\httpcomponents\client5\httpclient5\5.4.1\httpclient5-5.4.1.jar  C:\Users\acer\.m2\repository\org\apache\httpcomponents\core5\httpcore5\5.3.2\httpcore5-5.3.2.jar  C:\Users\acer\.m2\repository\org\apache\httpcomponents\core5\httpcore5-h2\5.3.2\httpcore5-h2-5.3.2.jar  C:\Users\acer\.m2\repository\org\slf4j\slf4j-api\2.0.16\slf4j-api-2.0.16.jar  C:\Users\acer\.m2\repository\org\eclipse\jgit\org.eclipse.jgit\6.10.0.202406032230-r\org.eclipse.jgit-6.10.0.202406032230-r.jar  C:\Users\acer\.m2\repository\com\googlecode\javaewah\JavaEWAH\1.2.3\JavaEWAH-1.2.3.jar  C:\Users\acer\.m2\repository\commons-codec\commons-codec\1.17.2\commons-codec-1.17.2.jar  C:\Users\acer\.m2\repository\org\eclipse\jgit\org.eclipse.jgit.http.apache\6.10.0.202406032230-r\org.eclipse.jgit.http.apache-6.10.0.202406032230-r.jar  C:\Users\acer\.m2\repository\org\apache\httpcomponents\httpclient\4.5.14\httpclient-4.5.14.jar  C:\Users\acer\.m2\repository\commons-logging\commons-logging\1.2\commons-logging-1.2.jar  C:\Users\acer\.m2\repository\org\apache\httpcomponents\httpcore\4.4.16\httpcore-4.4.16.jar  C:\Users\acer\.m2\repository\org\eclipse\jgit\org.eclipse.jgit.ssh.apache\6.10.0.202406032230-r\org.eclipse.jgit.ssh.apache-6.10.0.202406032230-r.jar  C:\Users\acer\.m2\repository\org\apache\sshd\sshd-osgi\2.12.1\sshd-osgi-2.12.1.jar  C:\Users\acer\.m2\repository\org\slf4j\jcl-over-slf4j\2.0.16\jcl-over-slf4j-2.0.16.jar  C:\Users\acer\.m2\repository\org\apache\sshd\sshd-sftp\2.12.1\sshd-sftp-2.12.1.jar  C:\Users\acer\.m2\repository\net\i2p\crypto\eddsa\0.3.0\eddsa-0.3.0.jar  C:\Users\acer\.m2\repository\org\yaml\snakeyaml\2.3\snakeyaml-2.3.jar  C:\Users\acer\.m2\repository\com\fasterxml\jackson\dataformat\jackson-dataformat-yaml\2.18.2\jackson-dataformat-yaml-2.18.2.jar  C:\Users\acer\.m2\repository\com\fasterxml\jackson\core\jackson-core\2.18.2\jackson-core-2.18.2.jar  C:\Users\acer\.m2\repository\org\springframework\boot\spring-boot-starter-data-jpa\3.4.2\spring-boot-starter-data-jpa-3.4.2.jar  C:\Users\acer\.m2\repository\org\springframework\boot\spring-boot-starter-jdbc\3.4.2\spring-boot-starter-jdbc-3.4.2.jar  C:\Users\acer\.m2\repository\com\zaxxer\HikariCP\5.1.0\HikariCP-5.1.0.jar  C:\Users\acer\.m2\repository\org\springframework\spring-jdbc\6.2.2\spring-jdbc-6.2.2.jar  C:\Users\acer\.m2\repository\org\hibernate\orm\hibernate-core\6.6.5.Final\hibernate-core-6.6.5.Final.jar  C:\Users\acer\.m2\repository\jakarta\persistence\jakarta.persistence-api\3.1.0\jakarta.persistence-api-3.1.0.jar  C:\Users\acer\.m2\repository\jakarta\transaction\jakarta.transaction-api\2.0.1\jakarta.transaction-api-2.0.1.jar  C:\Users\acer\.m2\repository\org\hibernate\common\hibernate-commons-annotations\7.0.3.Final\hibernate-commons-annotations-7.0.3.Final.jar  C:\Users\acer\.m2\repository\io\smallrye\jandex\3.2.0\jandex-3.2.0.jar  C:\Users\acer\.m2\repository\net\bytebuddy\byte-buddy\1.15.11\byte-buddy-1.15.11.jar  C:\Users\acer\.m2\repository\jakarta\inject\jakarta.inject-api\2.0.1\jakarta.inject-api-2.0.1.jar  C:\Users\acer\.m2\repository\org\antlr\antlr4-runtime\4.13.0\antlr4-runtime-4.13.0.jar  C:\Users\acer\.m2\repository\org\springframework\data\spring-data-jpa\3.4.2\spring-data-jpa-3.4.2.jar  C:\Users\acer\.m2\repository\org\springframework\data\spring-data-commons\3.4.2\spring-data-commons-3.4.2.jar  C:\Users\acer\.m2\repository\org\springframework\spring-orm\6.2.2\spring-orm-6.2.2.jar  C:\Users\acer\.m2\repository\org\springframework\spring-context\6.2.2\spring-context-6.2.2.jar  C:\Users\acer\.m2\repository\org\springframework\spring-aop\6.2.2\spring-aop-6.2.2.jar  C:\Users\acer\.m2\repository\org\springframework\spring-tx\6.2.2\spring-tx-6.2.2.jar  C:\Users\acer\.m2\repository\org\springframework\spring-aspects\6.2.2\spring-aspects-6.2.2.jar  C:\Users\acer\.m2\repository\org\aspectj\aspectjweaver\1.9.22.1\aspectjweaver-1.9.22.1.jar  C:\Users\acer\.m2\repository\org\postgresql\postgresql\42.7.7\postgresql-42.7.7.jar  C:\Users\acer\.m2\repository\org\checkerframework\checker-qual\3.49.3\checker-qual-3.49.3.jar  C:\Users\acer\.m2\repository\com\h2database\h2\2.3.232\h2-2.3.232.jar  C:\Users\acer\.m2\repository\org\projectlombok\lombok\1.18.36\lombok-1.18.36.jar  C:\Users\acer\.m2\repository\org\springframework\boot\spring-boot-configuration-processor\3.4.2\spring-boot-configuration-processor-3.4.2.jar  C:\Users\acer\.m2\repository\org\springframework\boot\spring-boot-starter-test\3.4.2\spring-boot-starter-test-3.4.2.jar  C:\Users\acer\.m2\repository\org\springframework\boot\spring-boot-test\3.4.2\spring-boot-test-3.4.2.jar  C:\Users\acer\.m2\repository\org\springframework\boot\spring-boot-test-autoconfigure\3.4.2\spring-boot-test-autoconfigure-3.4.2.jar  C:\Users\acer\.m2\repository\com\jayway\jsonpath\json-path\2.9.0\json-path-2.9.0.jar  C:\Users\acer\.m2\repository\jakarta\xml\bind\jakarta.xml.bind-api\4.0.2\jakarta.xml.bind-api-4.0.2.jar  C:\Users\acer\.m2\repository\jakarta\activation\jakarta.activation-api\2.1.3\jakarta.activation-api-2.1.3.jar  C:\Users\acer\.m2\repository\net\minidev\json-smart\2.5.1\json-smart-2.5.1.jar  C:\Users\acer\.m2\repository\net\minidev\accessors-smart\2.5.1\accessors-smart-2.5.1.jar  C:\Users\acer\.m2\repository\org\ow2\asm\asm\9.6\asm-9.6.jar  C:\Users\acer\.m2\repository\org\assertj\assertj-core\3.26.3\assertj-core-3.26.3.jar  C:\Users\acer\.m2\repository\org\awaitility\awaitility\4.2.2\awaitility-4.2.2.jar  C:\Users\acer\.m2\repository\org\hamcrest\hamcrest\2.2\hamcrest-2.2.jar  C:\Users\acer\.m2\repository\org\junit\jupiter\junit-jupiter\5.11.4\junit-jupiter-5.11.4.jar  C:\Users\acer\.m2\repository\org\junit\jupiter\junit-jupiter-api\5.11.4\junit-jupiter-api-5.11.4.jar  C:\Users\acer\.m2\repository\org\opentest4j\opentest4j\1.3.0\opentest4j-1.3.0.jar  C:\Users\acer\.m2\repository\org\junit\platform\junit-platform-commons\1.11.4\junit-platform-commons-1.11.4.jar  C:\Users\acer\.m2\repository\org\apiguardian\apiguardian-api\1.1.2\apiguardian-api-1.1.2.jar  C:\Users\acer\.m2\repository\org\junit\jupiter\junit-jupiter-params\5.11.4\junit-jupiter-params-5.11.4.jar  C:\Users\acer\.m2\repository\org\junit\jupiter\junit-jupiter-engine\5.11.4\junit-jupiter-engine-5.11.4.jar  C:\Users\acer\.m2\repository\org\junit\platform\junit-platform-engine\1.11.4\junit-platform-engine-1.11.4.jar  C:\Users\acer\.m2\repository\org\mockito\mockito-core\5.14.2\mockito-core-5.14.2.jar  C:\Users\acer\.m2\repository\net\bytebuddy\byte-buddy-agent\1.15.11\byte-buddy-agent-1.15.11.jar  C:\Users\acer\.m2\repository\org\objenesis\objenesis\3.3\objenesis-3.3.jar  C:\Users\acer\.m2\repository\org\mockito\mockito-junit-jupiter\5.14.2\mockito-junit-jupiter-5.14.2.jar  C:\Users\acer\.m2\repository\org\skyscreamer\jsonassert\1.5.3\jsonassert-1.5.3.jar  C:\Users\acer\.m2\repository\com\vaadin\external\google\android-json\0.0.20131108.vaadin1\android-json-0.0.20131108.vaadin1.jar  C:\Users\acer\.m2\repository\org\springframework\spring-core\6.2.2\spring-core-6.2.2.jar  C:\Users\acer\.m2\repository\org\springframework\spring-jcl\6.2.2\spring-jcl-6.2.2.jar  C:\Users\acer\.m2\repository\org\springframework\spring-test\6.2.2\spring-test-6.2.2.jar  C:\Users\acer\.m2\repository\org\xmlunit\xmlunit-core\2.10.0\xmlunit-core-2.10.0.jar  C:\Users\acer\.m2\repository\io\projectreactor\reactor-test\3.7.2\reactor-test-3.7.2.jar  C:\Users\acer\.m2\repository\io\projectreactor\reactor-core\3.7.2\reactor-core-3.7.2.jar  C:\Users\acer\.m2\repository\org\reactivestreams\reactive-streams\1.0.4\reactive-streams-1.0.4.jar
[DEBUG] provider classpath:  C:\Users\acer\.m2\repository\org\apache\maven\surefire\surefire-junit-platform\3.5.2\surefire-junit-platform-3.5.2.jar  C:\Users\acer\.m2\repository\org\apache\maven\surefire\surefire-api\3.5.2\surefire-api-3.5.2.jar  C:\Users\acer\.m2\repository\org\apache\maven\surefire\surefire-logger-api\3.5.2\surefire-logger-api-3.5.2.jar  C:\Users\acer\.m2\repository\org\apache\maven\surefire\surefire-shared-utils\3.5.2\surefire-shared-utils-3.5.2.jar  C:\Users\acer\.m2\repository\org\apache\maven\surefire\common-java5\3.5.2\common-java5-3.5.2.jar  C:\Users\acer\.m2\repository\org\junit\platform\junit-platform-launcher\1.11.4\junit-platform-launcher-1.11.4.jar
[DEBUG] test(compact) classpath:  test-classes  classes  spring-boot-starter-webflux-3.4.2.jar  spring-boot-starter-3.4.2.jar  spring-boot-3.4.2.jar  spring-boot-autoconfigure-3.4.2.jar  spring-boot-starter-logging-3.4.2.jar  logback-classic-1.5.16.jar  logback-core-1.5.16.jar  log4j-to-slf4j-2.24.3.jar  log4j-api-2.24.3.jar  jul-to-slf4j-2.0.16.jar  jakarta.annotation-api-2.1.1.jar  spring-boot-starter-json-3.4.2.jar  jackson-databind-2.18.2.jar  jackson-datatype-jdk8-2.18.2.jar  jackson-datatype-jsr310-2.18.2.jar  jackson-module-parameter-names-2.18.2.jar  spring-boot-starter-reactor-netty-3.4.2.jar  reactor-netty-http-1.2.2.jar  netty-codec-http-4.1.130.Final.jar  netty-common-4.1.130.Final.jar  netty-buffer-4.1.130.Final.jar  netty-transport-4.1.130.Final.jar  netty-codec-4.1.130.Final.jar  netty-handler-4.1.130.Final.jar  netty-codec-http2-4.1.130.Final.jar  netty-resolver-dns-4.1.130.Final.jar  netty-resolver-4.1.130.Final.jar  netty-codec-dns-4.1.130.Final.jar  netty-resolver-dns-native-macos-4.1.130.Final-osx-x86_64.jar  netty-resolver-dns-classes-macos-4.1.130.Final.jar  netty-transport-native-epoll-4.1.130.Final-linux-x86_64.jar  netty-transport-native-unix-common-4.1.130.Final.jar  netty-transport-classes-epoll-4.1.130.Final.jar  reactor-netty-core-1.2.2.jar  netty-handler-proxy-4.1.130.Final.jar  netty-codec-socks-4.1.130.Final.jar  spring-web-6.2.2.jar  spring-beans-6.2.2.jar  spring-webflux-6.2.2.jar  spring-boot-starter-validation-3.4.2.jar  tomcat-embed-el-10.1.34.jar  hibernate-validator-8.0.2.Final.jar  jakarta.validation-api-3.0.2.jar  jboss-logging-3.6.1.Final.jar  classmate-1.7.0.jar  spring-boot-starter-actuator-3.4.2.jar  spring-boot-actuator-autoconfigure-3.4.2.jar  spring-boot-actuator-3.4.2.jar  micrometer-observation-1.14.3.jar  micrometer-commons-1.14.3.jar  micrometer-jakarta9-1.14.3.jar  micrometer-core-1.14.3.jar  HdrHistogram-2.2.2.jar  LatencyUtils-2.0.3.jar  spring-cloud-starter-gateway-4.2.0.jar  spring-cloud-starter-4.2.0.jar  spring-cloud-context-4.2.0.jar  spring-cloud-commons-4.2.0.jar  bcprov-jdk18on-1.78.1.jar  spring-cloud-gateway-server-4.2.0.jar  reactor-extra-3.5.2.jar  spring-cloud-starter-netflix-eureka-server-4.2.0.jar  spring-cloud-netflix-eureka-server-4.2.0.jar  spring-boot-starter-freemarker-3.4.2.jar  freemarker-2.3.34.jar  spring-context-support-6.2.2.jar  spring-cloud-netflix-eureka-client-4.2.0.jar  eureka-client-2.0.4.jar  xstream-1.4.20.jar  mxparser-1.2.2.jar  xmlpull-1.1.3.1.jar  spectator-api-1.7.3.jar  commons-configuration-1.10.jar  commons-lang-2.6.jar  netflix-eventbus-0.3.0.jar  netflix-infix-0.3.0.jar  commons-jxpath-1.3.jar  joda-time-2.3.jar  antlr-runtime-3.4.jar  stringtemplate-3.2.1.jar  antlr-2.7.7.jar  gson-2.11.0.jar  servo-core-0.5.3.jar  commons-math-2.2.jar  javax.annotation-api-1.2.jar  jettison-1.5.4.jar  eureka-client-jersey3-2.0.4.jar  jersey-apache-connector-3.1.10.jar  eureka-core-jersey3-2.0.4.jar  eureka-core-2.0.4.jar  guava-33.3.1-jre.jar  failureaccess-1.0.2.jar  listenablefuture-9999.0-empty-to-avoid-conflict-with-guava.jar  error_prone_annotations-2.28.0.jar  j2objc-annotations-3.0.0.jar  jersey-container-servlet-3.1.10.jar  jersey-container-servlet-core-3.1.10.jar  jersey-common-3.1.10.jar  osgi-resource-locator-1.0.3.jar  jakarta.ws.rs-api-3.1.0.jar  jersey-server-3.1.10.jar  jersey-client-3.1.10.jar  jersey-hk2-3.1.10.jar  hk2-locator-3.0.6.jar  aopalliance-repackaged-3.0.6.jar  hk2-utils-3.0.6.jar  javassist-3.30.2-GA.jar  spring-bridge-3.1.1.jar  hk2-api-3.1.1.jar  jackson-dataformat-xml-2.18.2.jar  stax2-api-4.2.2.jar  woodstox-core-7.0.0.jar  spring-cloud-starter-loadbalancer-4.2.0.jar  spring-cloud-loadbalancer-4.2.0.jar  spring-boot-starter-cache-3.4.2.jar  evictor-1.0.0.jar  jaxb-runtime-4.0.5.jar  jaxb-core-4.0.5.jar  angus-activation-2.0.2.jar  txw2-4.0.5.jar  istack-commons-runtime-4.1.2.jar  spring-cloud-config-server-4.2.0.jar  spring-cloud-config-client-4.2.0.jar  jackson-annotations-2.18.2.jar  spring-boot-starter-web-3.4.2.jar  spring-boot-starter-tomcat-3.4.2.jar  tomcat-embed-core-10.1.34.jar  tomcat-embed-websocket-10.1.34.jar  spring-webmvc-6.2.2.jar  spring-expression-6.2.2.jar  spring-security-crypto-6.4.2.jar  httpclient5-5.4.1.jar  httpcore5-5.3.2.jar  httpcore5-h2-5.3.2.jar  slf4j-api-2.0.16.jar  org.eclipse.jgit-6.10.0.202406032230-r.jar  JavaEWAH-1.2.3.jar  commons-codec-1.17.2.jar  org.eclipse.jgit.http.apache-6.10.0.202406032230-r.jar  httpclient-4.5.14.jar  commons-logging-1.2.jar  httpcore-4.4.16.jar  org.eclipse.jgit.ssh.apache-6.10.0.202406032230-r.jar  sshd-osgi-2.12.1.jar  jcl-over-slf4j-2.0.16.jar  sshd-sftp-2.12.1.jar  eddsa-0.3.0.jar  snakeyaml-2.3.jar  jackson-dataformat-yaml-2.18.2.jar  jackson-core-2.18.2.jar  spring-boot-starter-data-jpa-3.4.2.jar  spring-boot-starter-jdbc-3.4.2.jar  HikariCP-5.1.0.jar  spring-jdbc-6.2.2.jar  hibernate-core-6.6.5.Final.jar  jakarta.persistence-api-3.1.0.jar  jakarta.transaction-api-2.0.1.jar  hibernate-commons-annotations-7.0.3.Final.jar  jandex-3.2.0.jar  byte-buddy-1.15.11.jar  jakarta.inject-api-2.0.1.jar  antlr4-runtime-4.13.0.jar  spring-data-jpa-3.4.2.jar  spring-data-commons-3.4.2.jar  spring-orm-6.2.2.jar  spring-context-6.2.2.jar  spring-aop-6.2.2.jar  spring-tx-6.2.2.jar  spring-aspects-6.2.2.jar  aspectjweaver-1.9.22.1.jar  postgresql-42.7.7.jar  checker-qual-3.49.3.jar  h2-2.3.232.jar  lombok-1.18.36.jar  spring-boot-configuration-processor-3.4.2.jar  spring-boot-starter-test-3.4.2.jar  spring-boot-test-3.4.2.jar  spring-boot-test-autoconfigure-3.4.2.jar  json-path-2.9.0.jar  jakarta.xml.bind-api-4.0.2.jar  jakarta.activation-api-2.1.3.jar  json-smart-2.5.1.jar  accessors-smart-2.5.1.jar  asm-9.6.jar  assertj-core-3.26.3.jar  awaitility-4.2.2.jar  hamcrest-2.2.jar  junit-jupiter-5.11.4.jar  junit-jupiter-api-5.11.4.jar  opentest4j-1.3.0.jar  junit-platform-commons-1.11.4.jar  apiguardian-api-1.1.2.jar  junit-jupiter-params-5.11.4.jar  junit-jupiter-engine-5.11.4.jar  junit-platform-engine-1.11.4.jar  mockito-core-5.14.2.jar  byte-buddy-agent-1.15.11.jar  objenesis-3.3.jar  mockito-junit-jupiter-5.14.2.jar  jsonassert-1.5.3.jar  android-json-0.0.20131108.vaadin1.jar  spring-core-6.2.2.jar  spring-jcl-6.2.2.jar  spring-test-6.2.2.jar  xmlunit-core-2.10.0.jar  reactor-test-3.7.2.jar  reactor-core-3.7.2.jar  reactive-streams-1.0.4.jar
[DEBUG] provider(compact) classpath:  surefire-junit-platform-3.5.2.jar  surefire-api-3.5.2.jar  surefire-logger-api-3.5.2.jar  surefire-shared-utils-3.5.2.jar  common-java5-3.5.2.jar  junit-platform-launcher-1.11.4.jar
[DEBUG] in-process classpath:  C:\Users\acer\.m2\repository\org\apache\maven\surefire\surefire-junit-platform\3.5.2\surefire-junit-platform-3.5.2.jar  C:\Users\acer\.m2\repository\org\apache\maven\surefire\surefire-api\3.5.2\surefire-api-3.5.2.jar  C:\Users\acer\.m2\repository\org\apache\maven\surefire\surefire-logger-api\3.5.2\surefire-logger-api-3.5.2.jar  C:\Users\acer\.m2\repository\org\apache\maven\surefire\surefire-shared-utils\3.5.2\surefire-shared-utils-3.5.2.jar  C:\Users\acer\.m2\repository\org\apache\maven\surefire\common-java5\3.5.2\common-java5-3.5.2.jar  C:\Users\acer\.m2\repository\org\junit\platform\junit-platform-launcher\1.11.4\junit-platform-launcher-1.11.4.jar  C:\Users\acer\.m2\repository\org\apache\maven\surefire\maven-surefire-common\3.5.2\maven-surefire-common-3.5.2.jar  C:\Users\acer\.m2\repository\org\apache\maven\surefire\surefire-booter\3.5.2\surefire-booter-3.5.2.jar  C:\Users\acer\.m2\repository\org\apache\maven\surefire\surefire-extensions-api\3.5.2\surefire-extensions-api-3.5.2.jar  C:\Users\acer\.m2\repository\org\apache\maven\surefire\surefire-extensions-spi\3.5.2\surefire-extensions-spi-3.5.2.jar
[DEBUG] in-process(compact) classpath:  surefire-junit-platform-3.5.2.jar  surefire-api-3.5.2.jar  surefire-logger-api-3.5.2.jar  surefire-shared-utils-3.5.2.jar  common-java5-3.5.2.jar  junit-platform-launcher-1.11.4.jar  maven-surefire-common-3.5.2.jar  surefire-booter-3.5.2.jar  surefire-extensions-api-3.5.2.jar  surefire-extensions-spi-3.5.2.jar
[INFO] 
[INFO] -------------------------------------------------------
[INFO]  T E S T S
[INFO] -------------------------------------------------------
[DEBUG] Determined Maven Process ID 17404
[DEBUG] Fork Channel [1] connection string 'pipe://1' for the implementation class org.apache.maven.plugin.surefire.extensions.LegacyForkChannel
[DEBUG] boot classpath:  C:\Users\acer\.m2\repository\org\apache\maven\surefire\surefire-booter\3.5.2\surefire-booter-3.5.2.jar  C:\Users\acer\.m2\repository\org\apache\maven\surefire\surefire-api\3.5.2\surefire-api-3.5.2.jar  C:\Users\acer\.m2\repository\org\apache\maven\surefire\surefire-extensions-spi\3.5.2\surefire-extensions-spi-3.5.2.jar  C:\Users\acer\.m2\repository\org\apache\maven\surefire\surefire-shared-utils\3.5.2\surefire-shared-utils-3.5.2.jar  C:\Users\acer\.m2\repository\org\apache\maven\surefire\surefire-logger-api\3.5.2\surefire-logger-api-3.5.2.jar  E:\backend\nebula\services\platform-core\target\test-classes  E:\backend\nebula\services\platform-core\target\classes  C:\Users\acer\.m2\repository\org\springframework\boot\spring-boot-starter-webflux\3.4.2\spring-boot-starter-webflux-3.4.2.jar  C:\Users\acer\.m2\repository\org\springframework\boot\spring-boot-starter\3.4.2\spring-boot-starter-3.4.2.jar  C:\Users\acer\.m2\repository\org\springframework\boot\spring-boot\3.4.2\spring-boot-3.4.2.jar  C:\Users\acer\.m2\repository\org\springframework\boot\spring-boot-autoconfigure\3.4.2\spring-boot-autoconfigure-3.4.2.jar  C:\Users\acer\.m2\repository\org\springframework\boot\spring-boot-starter-logging\3.4.2\spring-boot-starter-logging-3.4.2.jar  C:\Users\acer\.m2\repository\ch\qos\logback\logback-classic\1.5.16\logback-classic-1.5.16.jar  C:\Users\acer\.m2\repository\ch\qos\logback\logback-core\1.5.16\logback-core-1.5.16.jar  C:\Users\acer\.m2\repository\org\apache\logging\log4j\log4j-to-slf4j\2.24.3\log4j-to-slf4j-2.24.3.jar  C:\Users\acer\.m2\repository\org\apache\logging\log4j\log4j-api\2.24.3\log4j-api-2.24.3.jar  C:\Users\acer\.m2\repository\org\slf4j\jul-to-slf4j\2.0.16\jul-to-slf4j-2.0.16.jar  C:\Users\acer\.m2\repository\jakarta\annotation\jakarta.annotation-api\2.1.1\jakarta.annotation-api-2.1.1.jar  C:\Users\acer\.m2\repository\org\springframework\boot\spring-boot-starter-json\3.4.2\spring-boot-starter-json-3.4.2.jar  C:\Users\acer\.m2\repository\com\fasterxml\jackson\core\jackson-databind\2.18.2\jackson-databind-2.18.2.jar  C:\Users\acer\.m2\repository\com\fasterxml\jackson\datatype\jackson-datatype-jdk8\2.18.2\jackson-datatype-jdk8-2.18.2.jar  C:\Users\acer\.m2\repository\com\fasterxml\jackson\datatype\jackson-datatype-jsr310\2.18.2\jackson-datatype-jsr310-2.18.2.jar  C:\Users\acer\.m2\repository\com\fasterxml\jackson\module\jackson-module-parameter-names\2.18.2\jackson-module-parameter-names-2.18.2.jar  C:\Users\acer\.m2\repository\org\springframework\boot\spring-boot-starter-reactor-netty\3.4.2\spring-boot-starter-reactor-netty-3.4.2.jar  C:\Users\acer\.m2\repository\io\projectreactor\netty\reactor-netty-http\1.2.2\reactor-netty-http-1.2.2.jar  C:\Users\acer\.m2\repository\io\netty\netty-codec-http\4.1.130.Final\netty-codec-http-4.1.130.Final.jar  C:\Users\acer\.m2\repository\io\netty\netty-common\4.1.130.Final\netty-common-4.1.130.Final.jar  C:\Users\acer\.m2\repository\io\netty\netty-buffer\4.1.130.Final\netty-buffer-4.1.130.Final.jar  C:\Users\acer\.m2\repository\io\netty\netty-transport\4.1.130.Final\netty-transport-4.1.130.Final.jar  C:\Users\acer\.m2\repository\io\netty\netty-codec\4.1.130.Final\netty-codec-4.1.130.Final.jar  C:\Users\acer\.m2\repository\io\netty\netty-handler\4.1.130.Final\netty-handler-4.1.130.Final.jar  C:\Users\acer\.m2\repository\io\netty\netty-codec-http2\4.1.130.Final\netty-codec-http2-4.1.130.Final.jar  C:\Users\acer\.m2\repository\io\netty\netty-resolver-dns\4.1.130.Final\netty-resolver-dns-4.1.130.Final.jar  C:\Users\acer\.m2\repository\io\netty\netty-resolver\4.1.130.Final\netty-resolver-4.1.130.Final.jar  C:\Users\acer\.m2\repository\io\netty\netty-codec-dns\4.1.130.Final\netty-codec-dns-4.1.130.Final.jar  C:\Users\acer\.m2\repository\io\netty\netty-resolver-dns-native-macos\4.1.130.Final\netty-resolver-dns-native-macos-4.1.130.Final-osx-x86_64.jar  C:\Users\acer\.m2\repository\io\netty\netty-resolver-dns-classes-macos\4.1.130.Final\netty-resolver-dns-classes-macos-4.1.130.Final.jar  C:\Users\acer\.m2\repository\io\netty\netty-transport-native-epoll\4.1.130.Final\netty-transport-native-epoll-4.1.130.Final-linux-x86_64.jar  C:\Users\acer\.m2\repository\io\netty\netty-transport-native-unix-common\4.1.130.Final\netty-transport-native-unix-common-4.1.130.Final.jar  C:\Users\acer\.m2\repository\io\netty\netty-transport-classes-epoll\4.1.130.Final\netty-transport-classes-epoll-4.1.130.Final.jar  C:\Users\acer\.m2\repository\io\projectreactor\netty\reactor-netty-core\1.2.2\reactor-netty-core-1.2.2.jar  C:\Users\acer\.m2\repository\io\netty\netty-handler-proxy\4.1.130.Final\netty-handler-proxy-4.1.130.Final.jar  C:\Users\acer\.m2\repository\io\netty\netty-codec-socks\4.1.130.Final\netty-codec-socks-4.1.130.Final.jar  C:\Users\acer\.m2\repository\org\springframework\spring-web\6.2.2\spring-web-6.2.2.jar  C:\Users\acer\.m2\repository\org\springframework\spring-beans\6.2.2\spring-beans-6.2.2.jar  C:\Users\acer\.m2\repository\org\springframework\spring-webflux\6.2.2\spring-webflux-6.2.2.jar  C:\Users\acer\.m2\repository\org\springframework\boot\spring-boot-starter-validation\3.4.2\spring-boot-starter-validation-3.4.2.jar  C:\Users\acer\.m2\repository\org\apache\tomcat\embed\tomcat-embed-el\10.1.34\tomcat-embed-el-10.1.34.jar  C:\Users\acer\.m2\repository\org\hibernate\validator\hibernate-validator\8.0.2.Final\hibernate-validator-8.0.2.Final.jar  C:\Users\acer\.m2\repository\jakarta\validation\jakarta.validation-api\3.0.2\jakarta.validation-api-3.0.2.jar  C:\Users\acer\.m2\repository\org\jboss\logging\jboss-logging\3.6.1.Final\jboss-logging-3.6.1.Final.jar  C:\Users\acer\.m2\repository\com\fasterxml\classmate\1.7.0\classmate-1.7.0.jar  C:\Users\acer\.m2\repository\org\springframework\boot\spring-boot-starter-actuator\3.4.2\spring-boot-starter-actuator-3.4.2.jar  C:\Users\acer\.m2\repository\org\springframework\boot\spring-boot-actuator-autoconfigure\3.4.2\spring-boot-actuator-autoconfigure-3.4.2.jar  C:\Users\acer\.m2\repository\org\springframework\boot\spring-boot-actuator\3.4.2\spring-boot-actuator-3.4.2.jar  C:\Users\acer\.m2\repository\io\micrometer\micrometer-observation\1.14.3\micrometer-observation-1.14.3.jar  C:\Users\acer\.m2\repository\io\micrometer\micrometer-commons\1.14.3\micrometer-commons-1.14.3.jar  C:\Users\acer\.m2\repository\io\micrometer\micrometer-jakarta9\1.14.3\micrometer-jakarta9-1.14.3.jar  C:\Users\acer\.m2\repository\io\micrometer\micrometer-core\1.14.3\micrometer-core-1.14.3.jar  C:\Users\acer\.m2\repository\org\hdrhistogram\HdrHistogram\2.2.2\HdrHistogram-2.2.2.jar  C:\Users\acer\.m2\repository\org\latencyutils\LatencyUtils\2.0.3\LatencyUtils-2.0.3.jar  C:\Users\acer\.m2\repository\org\springframework\cloud\spring-cloud-starter-gateway\4.2.0\spring-cloud-starter-gateway-4.2.0.jar  C:\Users\acer\.m2\repository\org\springframework\cloud\spring-cloud-starter\4.2.0\spring-cloud-starter-4.2.0.jar  C:\Users\acer\.m2\repository\org\springframework\cloud\spring-cloud-context\4.2.0\spring-cloud-context-4.2.0.jar  C:\Users\acer\.m2\repository\org\springframework\cloud\spring-cloud-commons\4.2.0\spring-cloud-commons-4.2.0.jar  C:\Users\acer\.m2\repository\org\bouncycastle\bcprov-jdk18on\1.78.1\bcprov-jdk18on-1.78.1.jar  C:\Users\acer\.m2\repository\org\springframework\cloud\spring-cloud-gateway-server\4.2.0\spring-cloud-gateway-server-4.2.0.jar  C:\Users\acer\.m2\repository\io\projectreactor\addons\reactor-extra\3.5.2\reactor-extra-3.5.2.jar  C:\Users\acer\.m2\repository\org\springframework\cloud\spring-cloud-starter-netflix-eureka-server\4.2.0\spring-cloud-starter-netflix-eureka-server-4.2.0.jar  C:\Users\acer\.m2\repository\org\springframework\cloud\spring-cloud-netflix-eureka-server\4.2.0\spring-cloud-netflix-eureka-server-4.2.0.jar  C:\Users\acer\.m2\repository\org\springframework\boot\spring-boot-starter-freemarker\3.4.2\spring-boot-starter-freemarker-3.4.2.jar  C:\Users\acer\.m2\repository\org\freemarker\freemarker\2.3.34\freemarker-2.3.34.jar  C:\Users\acer\.m2\repository\org\springframework\spring-context-support\6.2.2\spring-context-support-6.2.2.jar  C:\Users\acer\.m2\repository\org\springframework\cloud\spring-cloud-netflix-eureka-client\4.2.0\spring-cloud-netflix-eureka-client-4.2.0.jar  C:\Users\acer\.m2\repository\com\netflix\eureka\eureka-client\2.0.4\eureka-client-2.0.4.jar  C:\Users\acer\.m2\repository\com\thoughtworks\xstream\xstream\1.4.20\xstream-1.4.20.jar  C:\Users\acer\.m2\repository\io\github\x-stream\mxparser\1.2.2\mxparser-1.2.2.jar  C:\Users\acer\.m2\repository\xmlpull\xmlpull\1.1.3.1\xmlpull-1.1.3.1.jar  C:\Users\acer\.m2\repository\com\netflix\spectator\spectator-api\1.7.3\spectator-api-1.7.3.jar  C:\Users\acer\.m2\repository\commons-configuration\commons-configuration\1.10\commons-configuration-1.10.jar  C:\Users\acer\.m2\repository\commons-lang\commons-lang\2.6\commons-lang-2.6.jar  C:\Users\acer\.m2\repository\com\netflix\netflix-commons\netflix-eventbus\0.3.0\netflix-eventbus-0.3.0.jar  C:\Users\acer\.m2\repository\com\netflix\netflix-commons\netflix-infix\0.3.0\netflix-infix-0.3.0.jar  C:\Users\acer\.m2\repository\commons-jxpath\commons-jxpath\1.3\commons-jxpath-1.3.jar  C:\Users\acer\.m2\repository\joda-time\joda-time\2.3\joda-time-2.3.jar  C:\Users\acer\.m2\repository\org\antlr\antlr-runtime\3.4\antlr-runtime-3.4.jar  C:\Users\acer\.m2\repository\org\antlr\stringtemplate\3.2.1\stringtemplate-3.2.1.jar  C:\Users\acer\.m2\repository\antlr\antlr\2.7.7\antlr-2.7.7.jar  C:\Users\acer\.m2\repository\com\google\code\gson\gson\2.11.0\gson-2.11.0.jar  C:\Users\acer\.m2\repository\com\netflix\servo\servo-core\0.5.3\servo-core-0.5.3.jar  C:\Users\acer\.m2\repository\org\apache\commons\commons-math\2.2\commons-math-2.2.jar  C:\Users\acer\.m2\repository\javax\annotation\javax.annotation-api\1.2\javax.annotation-api-1.2.jar  C:\Users\acer\.m2\repository\org\codehaus\jettison\jettison\1.5.4\jettison-1.5.4.jar  C:\Users\acer\.m2\repository\com\netflix\eureka\eureka-client-jersey3\2.0.4\eureka-client-jersey3-2.0.4.jar  C:\Users\acer\.m2\repository\org\glassfish\jersey\connectors\jersey-apache-connector\3.1.10\jersey-apache-connector-3.1.10.jar  C:\Users\acer\.m2\repository\com\netflix\eureka\eureka-core-jersey3\2.0.4\eureka-core-jersey3-2.0.4.jar  C:\Users\acer\.m2\repository\com\netflix\eureka\eureka-core\2.0.4\eureka-core-2.0.4.jar  C:\Users\acer\.m2\repository\com\google\guava\guava\33.3.1-jre\guava-33.3.1-jre.jar  C:\Users\acer\.m2\repository\com\google\guava\failureaccess\1.0.2\failureaccess-1.0.2.jar  C:\Users\acer\.m2\repository\com\google\guava\listenablefuture\9999.0-empty-to-avoid-conflict-with-guava\listenablefuture-9999.0-empty-to-avoid-conflict-with-guava.jar  C:\Users\acer\.m2\repository\com\google\errorprone\error_prone_annotations\2.28.0\error_prone_annotations-2.28.0.jar  C:\Users\acer\.m2\repository\com\google\j2objc\j2objc-annotations\3.0.0\j2objc-annotations-3.0.0.jar  C:\Users\acer\.m2\repository\org\glassfish\jersey\containers\jersey-container-servlet\3.1.10\jersey-container-servlet-3.1.10.jar  C:\Users\acer\.m2\repository\org\glassfish\jersey\containers\jersey-container-servlet-core\3.1.10\jersey-container-servlet-core-3.1.10.jar  C:\Users\acer\.m2\repository\org\glassfish\jersey\core\jersey-common\3.1.10\jersey-common-3.1.10.jar  C:\Users\acer\.m2\repository\org\glassfish\hk2\osgi-resource-locator\1.0.3\osgi-resource-locator-1.0.3.jar  C:\Users\acer\.m2\repository\jakarta\ws\rs\jakarta.ws.rs-api\3.1.0\jakarta.ws.rs-api-3.1.0.jar  C:\Users\acer\.m2\repository\org\glassfish\jersey\core\jersey-server\3.1.10\jersey-server-3.1.10.jar  C:\Users\acer\.m2\repository\org\glassfish\jersey\core\jersey-client\3.1.10\jersey-client-3.1.10.jar  C:\Users\acer\.m2\repository\org\glassfish\jersey\inject\jersey-hk2\3.1.10\jersey-hk2-3.1.10.jar  C:\Users\acer\.m2\repository\org\glassfish\hk2\hk2-locator\3.0.6\hk2-locator-3.0.6.jar  C:\Users\acer\.m2\repository\org\glassfish\hk2\external\aopalliance-repackaged\3.0.6\aopalliance-repackaged-3.0.6.jar  C:\Users\acer\.m2\repository\org\glassfish\hk2\hk2-utils\3.0.6\hk2-utils-3.0.6.jar  C:\Users\acer\.m2\repository\org\javassist\javassist\3.30.2-GA\javassist-3.30.2-GA.jar  C:\Users\acer\.m2\repository\org\glassfish\hk2\spring-bridge\3.1.1\spring-bridge-3.1.1.jar  C:\Users\acer\.m2\repository\org\glassfish\hk2\hk2-api\3.1.1\hk2-api-3.1.1.jar  C:\Users\acer\.m2\repository\com\fasterxml\jackson\dataformat\jackson-dataformat-xml\2.18.2\jackson-dataformat-xml-2.18.2.jar  C:\Users\acer\.m2\repository\org\codehaus\woodstox\stax2-api\4.2.2\stax2-api-4.2.2.jar  C:\Users\acer\.m2\repository\com\fasterxml\woodstox\woodstox-core\7.0.0\woodstox-core-7.0.0.jar  C:\Users\acer\.m2\repository\org\springframework\cloud\spring-cloud-starter-loadbalancer\4.2.0\spring-cloud-starter-loadbalancer-4.2.0.jar  C:\Users\acer\.m2\repository\org\springframework\cloud\spring-cloud-loadbalancer\4.2.0\spring-cloud-loadbalancer-4.2.0.jar  C:\Users\acer\.m2\repository\org\springframework\boot\spring-boot-starter-cache\3.4.2\spring-boot-starter-cache-3.4.2.jar  C:\Users\acer\.m2\repository\com\stoyanr\evictor\1.0.0\evictor-1.0.0.jar  C:\Users\acer\.m2\repository\org\glassfish\jaxb\jaxb-runtime\4.0.5\jaxb-runtime-4.0.5.jar  C:\Users\acer\.m2\repository\org\glassfish\jaxb\jaxb-core\4.0.5\jaxb-core-4.0.5.jar  C:\Users\acer\.m2\repository\org\eclipse\angus\angus-activation\2.0.2\angus-activation-2.0.2.jar  C:\Users\acer\.m2\repository\org\glassfish\jaxb\txw2\4.0.5\txw2-4.0.5.jar  C:\Users\acer\.m2\repository\com\sun\istack\istack-commons-runtime\4.1.2\istack-commons-runtime-4.1.2.jar  C:\Users\acer\.m2\repository\org\springframework\cloud\spring-cloud-config-server\4.2.0\spring-cloud-config-server-4.2.0.jar  C:\Users\acer\.m2\repository\org\springframework\cloud\spring-cloud-config-client\4.2.0\spring-cloud-config-client-4.2.0.jar  C:\Users\acer\.m2\repository\com\fasterxml\jackson\core\jackson-annotations\2.18.2\jackson-annotations-2.18.2.jar  C:\Users\acer\.m2\repository\org\springframework\boot\spring-boot-starter-web\3.4.2\spring-boot-starter-web-3.4.2.jar  C:\Users\acer\.m2\repository\org\springframework\boot\spring-boot-starter-tomcat\3.4.2\spring-boot-starter-tomcat-3.4.2.jar  C:\Users\acer\.m2\repository\org\apache\tomcat\embed\tomcat-embed-core\10.1.34\tomcat-embed-core-10.1.34.jar  C:\Users\acer\.m2\repository\org\apache\tomcat\embed\tomcat-embed-websocket\10.1.34\tomcat-embed-websocket-10.1.34.jar  C:\Users\acer\.m2\repository\org\springframework\spring-webmvc\6.2.2\spring-webmvc-6.2.2.jar  C:\Users\acer\.m2\repository\org\springframework\spring-expression\6.2.2\spring-expression-6.2.2.jar  C:\Users\acer\.m2\repository\org\springframework\security\spring-security-crypto\6.4.2\spring-security-crypto-6.4.2.jar  C:\Users\acer\.m2\repository\org\apache\httpcomponents\client5\httpclient5\5.4.1\httpclient5-5.4.1.jar  C:\Users\acer\.m2\repository\org\apache\httpcomponents\core5\httpcore5\5.3.2\httpcore5-5.3.2.jar  C:\Users\acer\.m2\repository\org\apache\httpcomponents\core5\httpcore5-h2\5.3.2\httpcore5-h2-5.3.2.jar  C:\Users\acer\.m2\repository\org\slf4j\slf4j-api\2.0.16\slf4j-api-2.0.16.jar  C:\Users\acer\.m2\repository\org\eclipse\jgit\org.eclipse.jgit\6.10.0.202406032230-r\org.eclipse.jgit-6.10.0.202406032230-r.jar  C:\Users\acer\.m2\repository\com\googlecode\javaewah\JavaEWAH\1.2.3\JavaEWAH-1.2.3.jar  C:\Users\acer\.m2\repository\commons-codec\commons-codec\1.17.2\commons-codec-1.17.2.jar  C:\Users\acer\.m2\repository\org\eclipse\jgit\org.eclipse.jgit.http.apache\6.10.0.202406032230-r\org.eclipse.jgit.http.apache-6.10.0.202406032230-r.jar  C:\Users\acer\.m2\repository\org\apache\httpcomponents\httpclient\4.5.14\httpclient-4.5.14.jar  C:\Users\acer\.m2\repository\commons-logging\commons-logging\1.2\commons-logging-1.2.jar  C:\Users\acer\.m2\repository\org\apache\httpcomponents\httpcore\4.4.16\httpcore-4.4.16.jar  C:\Users\acer\.m2\repository\org\eclipse\jgit\org.eclipse.jgit.ssh.apache\6.10.0.202406032230-r\org.eclipse.jgit.ssh.apache-6.10.0.202406032230-r.jar  C:\Users\acer\.m2\repository\org\apache\sshd\sshd-osgi\2.12.1\sshd-osgi-2.12.1.jar  C:\Users\acer\.m2\repository\org\slf4j\jcl-over-slf4j\2.0.16\jcl-over-slf4j-2.0.16.jar  C:\Users\acer\.m2\repository\org\apache\sshd\sshd-sftp\2.12.1\sshd-sftp-2.12.1.jar  C:\Users\acer\.m2\repository\net\i2p\crypto\eddsa\0.3.0\eddsa-0.3.0.jar  C:\Users\acer\.m2\repository\org\yaml\snakeyaml\2.3\snakeyaml-2.3.jar  C:\Users\acer\.m2\repository\com\fasterxml\jackson\dataformat\jackson-dataformat-yaml\2.18.2\jackson-dataformat-yaml-2.18.2.jar  C:\Users\acer\.m2\repository\com\fasterxml\jackson\core\jackson-core\2.18.2\jackson-core-2.18.2.jar  C:\Users\acer\.m2\repository\org\springframework\boot\spring-boot-starter-data-jpa\3.4.2\spring-boot-starter-data-jpa-3.4.2.jar  C:\Users\acer\.m2\repository\org\springframework\boot\spring-boot-starter-jdbc\3.4.2\spring-boot-starter-jdbc-3.4.2.jar  C:\Users\acer\.m2\repository\com\zaxxer\HikariCP\5.1.0\HikariCP-5.1.0.jar  C:\Users\acer\.m2\repository\org\springframework\spring-jdbc\6.2.2\spring-jdbc-6.2.2.jar  C:\Users\acer\.m2\repository\org\hibernate\orm\hibernate-core\6.6.5.Final\hibernate-core-6.6.5.Final.jar  C:\Users\acer\.m2\repository\jakarta\persistence\jakarta.persistence-api\3.1.0\jakarta.persistence-api-3.1.0.jar  C:\Users\acer\.m2\repository\jakarta\transaction\jakarta.transaction-api\2.0.1\jakarta.transaction-api-2.0.1.jar  C:\Users\acer\.m2\repository\org\hibernate\common\hibernate-commons-annotations\7.0.3.Final\hibernate-commons-annotations-7.0.3.Final.jar  C:\Users\acer\.m2\repository\io\smallrye\jandex\3.2.0\jandex-3.2.0.jar  C:\Users\acer\.m2\repository\net\bytebuddy\byte-buddy\1.15.11\byte-buddy-1.15.11.jar  C:\Users\acer\.m2\repository\jakarta\inject\jakarta.inject-api\2.0.1\jakarta.inject-api-2.0.1.jar  C:\Users\acer\.m2\repository\org\antlr\antlr4-runtime\4.13.0\antlr4-runtime-4.13.0.jar  C:\Users\acer\.m2\repository\org\springframework\data\spring-data-jpa\3.4.2\spring-data-jpa-3.4.2.jar  C:\Users\acer\.m2\repository\org\springframework\data\spring-data-commons\3.4.2\spring-data-commons-3.4.2.jar  C:\Users\acer\.m2\repository\org\springframework\spring-orm\6.2.2\spring-orm-6.2.2.jar  C:\Users\acer\.m2\repository\org\springframework\spring-context\6.2.2\spring-context-6.2.2.jar  C:\Users\acer\.m2\repository\org\springframework\spring-aop\6.2.2\spring-aop-6.2.2.jar  C:\Users\acer\.m2\repository\org\springframework\spring-tx\6.2.2\spring-tx-6.2.2.jar  C:\Users\acer\.m2\repository\org\springframework\spring-aspects\6.2.2\spring-aspects-6.2.2.jar  C:\Users\acer\.m2\repository\org\aspectj\aspectjweaver\1.9.22.1\aspectjweaver-1.9.22.1.jar  C:\Users\acer\.m2\repository\org\postgresql\postgresql\42.7.7\postgresql-42.7.7.jar  C:\Users\acer\.m2\repository\org\checkerframework\checker-qual\3.49.3\checker-qual-3.49.3.jar  C:\Users\acer\.m2\repository\com\h2database\h2\2.3.232\h2-2.3.232.jar  C:\Users\acer\.m2\repository\org\projectlombok\lombok\1.18.36\lombok-1.18.36.jar  C:\Users\acer\.m2\repository\org\springframework\boot\spring-boot-configuration-processor\3.4.2\spring-boot-configuration-processor-3.4.2.jar  C:\Users\acer\.m2\repository\org\springframework\boot\spring-boot-starter-test\3.4.2\spring-boot-starter-test-3.4.2.jar  C:\Users\acer\.m2\repository\org\springframework\boot\spring-boot-test\3.4.2\spring-boot-test-3.4.2.jar  C:\Users\acer\.m2\repository\org\springframework\boot\spring-boot-test-autoconfigure\3.4.2\spring-boot-test-autoconfigure-3.4.2.jar  C:\Users\acer\.m2\repository\com\jayway\jsonpath\json-path\2.9.0\json-path-2.9.0.jar  C:\Users\acer\.m2\repository\jakarta\xml\bind\jakarta.xml.bind-api\4.0.2\jakarta.xml.bind-api-4.0.2.jar  C:\Users\acer\.m2\repository\jakarta\activation\jakarta.activation-api\2.1.3\jakarta.activation-api-2.1.3.jar  C:\Users\acer\.m2\repository\net\minidev\json-smart\2.5.1\json-smart-2.5.1.jar  C:\Users\acer\.m2\repository\net\minidev\accessors-smart\2.5.1\accessors-smart-2.5.1.jar  C:\Users\acer\.m2\repository\org\ow2\asm\asm\9.6\asm-9.6.jar  C:\Users\acer\.m2\repository\org\assertj\assertj-core\3.26.3\assertj-core-3.26.3.jar  C:\Users\acer\.m2\repository\org\awaitility\awaitility\4.2.2\awaitility-4.2.2.jar  C:\Users\acer\.m2\repository\org\hamcrest\hamcrest\2.2\hamcrest-2.2.jar  C:\Users\acer\.m2\repository\org\junit\jupiter\junit-jupiter\5.11.4\junit-jupiter-5.11.4.jar  C:\Users\acer\.m2\repository\org\junit\jupiter\junit-jupiter-api\5.11.4\junit-jupiter-api-5.11.4.jar  C:\Users\acer\.m2\repository\org\opentest4j\opentest4j\1.3.0\opentest4j-1.3.0.jar  C:\Users\acer\.m2\repository\org\junit\platform\junit-platform-commons\1.11.4\junit-platform-commons-1.11.4.jar  C:\Users\acer\.m2\repository\org\apiguardian\apiguardian-api\1.1.2\apiguardian-api-1.1.2.jar  C:\Users\acer\.m2\repository\org\junit\jupiter\junit-jupiter-params\5.11.4\junit-jupiter-params-5.11.4.jar  C:\Users\acer\.m2\repository\org\junit\jupiter\junit-jupiter-engine\5.11.4\junit-jupiter-engine-5.11.4.jar  C:\Users\acer\.m2\repository\org\junit\platform\junit-platform-engine\1.11.4\junit-platform-engine-1.11.4.jar  C:\Users\acer\.m2\repository\org\mockito\mockito-core\5.14.2\mockito-core-5.14.2.jar  C:\Users\acer\.m2\repository\net\bytebuddy\byte-buddy-agent\1.15.11\byte-buddy-agent-1.15.11.jar  C:\Users\acer\.m2\repository\org\objenesis\objenesis\3.3\objenesis-3.3.jar  C:\Users\acer\.m2\repository\org\mockito\mockito-junit-jupiter\5.14.2\mockito-junit-jupiter-5.14.2.jar  C:\Users\acer\.m2\repository\org\skyscreamer\jsonassert\1.5.3\jsonassert-1.5.3.jar  C:\Users\acer\.m2\repository\com\vaadin\external\google\android-json\0.0.20131108.vaadin1\android-json-0.0.20131108.vaadin1.jar  C:\Users\acer\.m2\repository\org\springframework\spring-core\6.2.2\spring-core-6.2.2.jar  C:\Users\acer\.m2\repository\org\springframework\spring-jcl\6.2.2\spring-jcl-6.2.2.jar  C:\Users\acer\.m2\repository\org\springframework\spring-test\6.2.2\spring-test-6.2.2.jar  C:\Users\acer\.m2\repository\org\xmlunit\xmlunit-core\2.10.0\xmlunit-core-2.10.0.jar  C:\Users\acer\.m2\repository\io\projectreactor\reactor-test\3.7.2\reactor-test-3.7.2.jar  C:\Users\acer\.m2\repository\io\projectreactor\reactor-core\3.7.2\reactor-core-3.7.2.jar  C:\Users\acer\.m2\repository\org\reactivestreams\reactive-streams\1.0.4\reactive-streams-1.0.4.jar  C:\Users\acer\.m2\repository\org\apache\maven\surefire\surefire-junit-platform\3.5.2\surefire-junit-platform-3.5.2.jar  C:\Users\acer\.m2\repository\org\apache\maven\surefire\common-java5\3.5.2\common-java5-3.5.2.jar  C:\Users\acer\.m2\repository\org\junit\platform\junit-platform-launcher\1.11.4\junit-platform-launcher-1.11.4.jar
[DEBUG] boot(compact) classpath:  surefire-booter-3.5.2.jar  surefire-api-3.5.2.jar  surefire-extensions-spi-3.5.2.jar  surefire-shared-utils-3.5.2.jar  surefire-logger-api-3.5.2.jar  test-classes  classes  spring-boot-starter-webflux-3.4.2.jar  spring-boot-starter-3.4.2.jar  spring-boot-3.4.2.jar  spring-boot-autoconfigure-3.4.2.jar  spring-boot-starter-logging-3.4.2.jar  logback-classic-1.5.16.jar  logback-core-1.5.16.jar  log4j-to-slf4j-2.24.3.jar  log4j-api-2.24.3.jar  jul-to-slf4j-2.0.16.jar  jakarta.annotation-api-2.1.1.jar  spring-boot-starter-json-3.4.2.jar  jackson-databind-2.18.2.jar  jackson-datatype-jdk8-2.18.2.jar  jackson-datatype-jsr310-2.18.2.jar  jackson-module-parameter-names-2.18.2.jar  spring-boot-starter-reactor-netty-3.4.2.jar  reactor-netty-http-1.2.2.jar  netty-codec-http-4.1.130.Final.jar  netty-common-4.1.130.Final.jar  netty-buffer-4.1.130.Final.jar  netty-transport-4.1.130.Final.jar  netty-codec-4.1.130.Final.jar  netty-handler-4.1.130.Final.jar  netty-codec-http2-4.1.130.Final.jar  netty-resolver-dns-4.1.130.Final.jar  netty-resolver-4.1.130.Final.jar  netty-codec-dns-4.1.130.Final.jar  netty-resolver-dns-native-macos-4.1.130.Final-osx-x86_64.jar  netty-resolver-dns-classes-macos-4.1.130.Final.jar  netty-transport-native-epoll-4.1.130.Final-linux-x86_64.jar  netty-transport-native-unix-common-4.1.130.Final.jar  netty-transport-classes-epoll-4.1.130.Final.jar  reactor-netty-core-1.2.2.jar  netty-handler-proxy-4.1.130.Final.jar  netty-codec-socks-4.1.130.Final.jar  spring-web-6.2.2.jar  spring-beans-6.2.2.jar  spring-webflux-6.2.2.jar  spring-boot-starter-validation-3.4.2.jar  tomcat-embed-el-10.1.34.jar  hibernate-validator-8.0.2.Final.jar  jakarta.validation-api-3.0.2.jar  jboss-logging-3.6.1.Final.jar  classmate-1.7.0.jar  spring-boot-starter-actuator-3.4.2.jar  spring-boot-actuator-autoconfigure-3.4.2.jar  spring-boot-actuator-3.4.2.jar  micrometer-observation-1.14.3.jar  micrometer-commons-1.14.3.jar  micrometer-jakarta9-1.14.3.jar  micrometer-core-1.14.3.jar  HdrHistogram-2.2.2.jar  LatencyUtils-2.0.3.jar  spring-cloud-starter-gateway-4.2.0.jar  spring-cloud-starter-4.2.0.jar  spring-cloud-context-4.2.0.jar  spring-cloud-commons-4.2.0.jar  bcprov-jdk18on-1.78.1.jar  spring-cloud-gateway-server-4.2.0.jar  reactor-extra-3.5.2.jar  spring-cloud-starter-netflix-eureka-server-4.2.0.jar  spring-cloud-netflix-eureka-server-4.2.0.jar  spring-boot-starter-freemarker-3.4.2.jar  freemarker-2.3.34.jar  spring-context-support-6.2.2.jar  spring-cloud-netflix-eureka-client-4.2.0.jar  eureka-client-2.0.4.jar  xstream-1.4.20.jar  mxparser-1.2.2.jar  xmlpull-1.1.3.1.jar  spectator-api-1.7.3.jar  commons-configuration-1.10.jar  commons-lang-2.6.jar  netflix-eventbus-0.3.0.jar  netflix-infix-0.3.0.jar  commons-jxpath-1.3.jar  joda-time-2.3.jar  antlr-runtime-3.4.jar  stringtemplate-3.2.1.jar  antlr-2.7.7.jar  gson-2.11.0.jar  servo-core-0.5.3.jar  commons-math-2.2.jar  javax.annotation-api-1.2.jar  jettison-1.5.4.jar  eureka-client-jersey3-2.0.4.jar  jersey-apache-connector-3.1.10.jar  eureka-core-jersey3-2.0.4.jar  eureka-core-2.0.4.jar  guava-33.3.1-jre.jar  failureaccess-1.0.2.jar  listenablefuture-9999.0-empty-to-avoid-conflict-with-guava.jar  error_prone_annotations-2.28.0.jar  j2objc-annotations-3.0.0.jar  jersey-container-servlet-3.1.10.jar  jersey-container-servlet-core-3.1.10.jar  jersey-common-3.1.10.jar  osgi-resource-locator-1.0.3.jar  jakarta.ws.rs-api-3.1.0.jar  jersey-server-3.1.10.jar  jersey-client-3.1.10.jar  jersey-hk2-3.1.10.jar  hk2-locator-3.0.6.jar  aopalliance-repackaged-3.0.6.jar  hk2-utils-3.0.6.jar  javassist-3.30.2-GA.jar  spring-bridge-3.1.1.jar  hk2-api-3.1.1.jar  jackson-dataformat-xml-2.18.2.jar  stax2-api-4.2.2.jar  woodstox-core-7.0.0.jar  spring-cloud-starter-loadbalancer-4.2.0.jar  spring-cloud-loadbalancer-4.2.0.jar  spring-boot-starter-cache-3.4.2.jar  evictor-1.0.0.jar  jaxb-runtime-4.0.5.jar  jaxb-core-4.0.5.jar  angus-activation-2.0.2.jar  txw2-4.0.5.jar  istack-commons-runtime-4.1.2.jar  spring-cloud-config-server-4.2.0.jar  spring-cloud-config-client-4.2.0.jar  jackson-annotations-2.18.2.jar  spring-boot-starter-web-3.4.2.jar  spring-boot-starter-tomcat-3.4.2.jar  tomcat-embed-core-10.1.34.jar  tomcat-embed-websocket-10.1.34.jar  spring-webmvc-6.2.2.jar  spring-expression-6.2.2.jar  spring-security-crypto-6.4.2.jar  httpclient5-5.4.1.jar  httpcore5-5.3.2.jar  httpcore5-h2-5.3.2.jar  slf4j-api-2.0.16.jar  org.eclipse.jgit-6.10.0.202406032230-r.jar  JavaEWAH-1.2.3.jar  commons-codec-1.17.2.jar  org.eclipse.jgit.http.apache-6.10.0.202406032230-r.jar  httpclient-4.5.14.jar  commons-logging-1.2.jar  httpcore-4.4.16.jar  org.eclipse.jgit.ssh.apache-6.10.0.202406032230-r.jar  sshd-osgi-2.12.1.jar  jcl-over-slf4j-2.0.16.jar  sshd-sftp-2.12.1.jar  eddsa-0.3.0.jar  snakeyaml-2.3.jar  jackson-dataformat-yaml-2.18.2.jar  jackson-core-2.18.2.jar  spring-boot-starter-data-jpa-3.4.2.jar  spring-boot-starter-jdbc-3.4.2.jar  HikariCP-5.1.0.jar  spring-jdbc-6.2.2.jar  hibernate-core-6.6.5.Final.jar  jakarta.persistence-api-3.1.0.jar  jakarta.transaction-api-2.0.1.jar  hibernate-commons-annotations-7.0.3.Final.jar  jandex-3.2.0.jar  byte-buddy-1.15.11.jar  jakarta.inject-api-2.0.1.jar  antlr4-runtime-4.13.0.jar  spring-data-jpa-3.4.2.jar  spring-data-commons-3.4.2.jar  spring-orm-6.2.2.jar  spring-context-6.2.2.jar  spring-aop-6.2.2.jar  spring-tx-6.2.2.jar  spring-aspects-6.2.2.jar  aspectjweaver-1.9.22.1.jar  postgresql-42.7.7.jar  checker-qual-3.49.3.jar  h2-2.3.232.jar  lombok-1.18.36.jar  spring-boot-configuration-processor-3.4.2.jar  spring-boot-starter-test-3.4.2.jar  spring-boot-test-3.4.2.jar  spring-boot-test-autoconfigure-3.4.2.jar  json-path-2.9.0.jar  jakarta.xml.bind-api-4.0.2.jar  jakarta.activation-api-2.1.3.jar  json-smart-2.5.1.jar  accessors-smart-2.5.1.jar  asm-9.6.jar  assertj-core-3.26.3.jar  awaitility-4.2.2.jar  hamcrest-2.2.jar  junit-jupiter-5.11.4.jar  junit-jupiter-api-5.11.4.jar  opentest4j-1.3.0.jar  junit-platform-commons-1.11.4.jar  apiguardian-api-1.1.2.jar  junit-jupiter-params-5.11.4.jar  junit-jupiter-engine-5.11.4.jar  junit-platform-engine-1.11.4.jar  mockito-core-5.14.2.jar  byte-buddy-agent-1.15.11.jar  objenesis-3.3.jar  mockito-junit-jupiter-5.14.2.jar  jsonassert-1.5.3.jar  android-json-0.0.20131108.vaadin1.jar  spring-core-6.2.2.jar  spring-jcl-6.2.2.jar  spring-test-6.2.2.jar  xmlunit-core-2.10.0.jar  reactor-test-3.7.2.jar  reactor-core-3.7.2.jar  reactive-streams-1.0.4.jar  surefire-junit-platform-3.5.2.jar  common-java5-3.5.2.jar  junit-platform-launcher-1.11.4.jar
[DEBUG] Forking command line: cmd.exe /X /C ""C:\Program Files\Java\jdk-22\bin\java" --add-opens java.base/java.lang=ALL-UNNAMED --add-opens java.base/java.util=ALL-UNNAMED -jar C:\Users\acer\AppData\Local\Temp\surefire4942198262566531674\surefirebooter-20260103115403578_3.jar C:\Users\acer\AppData\Local\Temp\surefire4942198262566531674 2026-01-03T11-54-03_462-jvmRun1 surefire-20260103115403578_1tmp surefire_0-20260103115403578_2tmp"
[DEBUG] Fork Channel [1] connected to the client.
[INFO] Running pse.nebula.platformcore.PlatformCoreApplicationTests
11:54:04.284 [main] INFO org.springframework.test.context.support.AnnotationConfigContextLoaderUtils -- Could not detect default configuration classes for test class [pse.nebula.platformcore.PlatformCoreApplicationTests]: PlatformCoreApplicationTests does not declare any static, non-private, non-final, nested classes annotated with @Configuration.
11:54:04.370 [main] INFO org.springframework.boot.test.context.SpringBootTestContextBootstrapper -- Found @SpringBootConfiguration pse.nebula.platformcore.PlatformCoreApplication for test class pse.nebula.platformcore.PlatformCoreApplicationTests

  .   ____          _            __ _ _
 /\\ / ___'_ __ _ _(_)_ __  __ _ \ \ \ \
( ( )\___ | '_ | '_| | '_ \/ _` | \ \ \ \
 \\/  ___)| |_)| | | | | || (_| |  ) ) ) )
  '  |____| .__|_| |_|_| |_\__, | / / / /
 =========|_|==============|___/=/_/_/_/

 :: Spring Boot ::                (v3.4.2)

2026-01-03T11:54:05.049+01:00  INFO 22896 --- [platform-core-test] [           main] p.n.p.PlatformCoreApplicationTests       : Starting PlatformCoreApplicationTests using Java 22.0.2 with PID 22896 (started by acer in E:\backend\nebula\services\platform-core)
2026-01-03T11:54:05.051+01:00 DEBUG 22896 --- [platform-core-test] [           main] p.n.p.PlatformCoreApplicationTests       : Running with Spring Boot v3.4.2, Spring v6.2.2
2026-01-03T11:54:05.051+01:00  INFO 22896 --- [platform-core-test] [           main] p.n.p.PlatformCoreApplicationTests       : The following 1 profile is active: "test"
2026-01-03T11:54:09.478+01:00  WARN 22896 --- [platform-core-test] [           main] org.hibernate.orm.deprecation            : HHH90000025: H2Dialect does not need to be specified explicitly using 'hibernate.dialect' (remove the property setting and it will be selected by default)
2026-01-03T11:54:09.889+01:00  WARN 22896 --- [platform-core-test] [           main] ConfigServletWebServerApplicationContext : Exception encountered during context initialization - cancelling refresh attempt: org.springframework.beans.factory.BeanCreationException: Error creating bean with name 'org.springframework.cloud.gateway.config.GatewayClassPathWarningAutoConfiguration$SpringMvcFoundOnClasspathConfiguration': Failed to instantiate [org.springframework.cloud.gateway.config.GatewayClassPathWarningAutoConfiguration$SpringMvcFoundOnClasspathConfiguration]: Constructor threw exception
E:\backend\nebula\mvnw.cmd : 
At line:1 char:1
+ E:\backend\nebula\mvnw.cmd -f E:\backend\nebula\services\platform-cor ...
+ ~~~~~~~~~~~~~~~~~~~~~~~~~~~~~~~~~~~~~~~~~~~~~~~~~~~~~~~~~~~~~~~~~~~~~
    + CategoryInfo          : NotSpecified: (:String) [], RemoteException
    + FullyQualifiedErrorId : NativeCommandError
 


============================
CONDITIONS EVALUATION REPORT
============================


Positive matches:
-----------------

   AopAutoConfiguration matched:
      - @ConditionalOnProperty (spring.aop.auto=true) matched (OnPropertyCondition)

   AopAutoConfiguration.AspectJAutoProxyingConfiguration matched:
      - @ConditionalOnClass found required class 'org.aspectj.weaver.Advice' (OnClassCondition)

   AopAutoConfiguration.AspectJAutoProxyingConfiguration.CglibAutoProxyConfiguration matched:
      - @ConditionalOnProperty (spring.aop.proxy-target-class=true) matched (OnPropertyCondition)

   ApplicationAvailabilityAutoConfiguration#applicationAvailability matched:
      - @ConditionalOnMissingBean (types: org.springframework.boot.availability.ApplicationAvailability; SearchStrategy: all) did not find any beans (OnBeanCondition)

   AutoServiceRegistrationAutoConfiguration matched:
      - @ConditionalOnProperty (spring.cloud.service-registry.auto-registration.enabled) matched (OnPropertyCondition)

   AutoServiceRegistrationConfiguration matched:
      - @ConditionalOnProperty (spring.cloud.service-registry.auto-registration.enabled) matched (OnPropertyCondition)

   BlockingLoadBalancerClientAutoConfiguration matched:
      - @ConditionalOnProperty (spring.cloud.loadbalancer.enabled=true) matched (OnPropertyCondition)
      - AnyNestedCondition 2 matched 0 did not; NestedCondition on BlockingRestClassesPresentCondition.RestClientPresent @ConditionalOnClass found required class 
'org.springframework.web.client.RestClient'; NestedCondition on BlockingRestClassesPresentCondition.RestTemplatePresent @ConditionalOnClass found required class 
'org.springframework.web.client.RestTemplate' (BlockingRestClassesPresentCondition)

   BlockingLoadBalancerClientAutoConfiguration#blockingLoadBalancerClient matched:
      - @ConditionalOnBean (types: org.springframework.cloud.loadbalancer.support.LoadBalancerClientFactory; SearchStrategy: all) found bean 'loadBalancerClientFactory'; 
@ConditionalOnMissingBean (types: org.springframework.cloud.client.loadbalancer.LoadBalancerClient; SearchStrategy: all) did not find any beans (OnBeanCondition)

   BlockingLoadBalancerClientAutoConfiguration#loadBalancerServiceInstanceCookieTransformer matched:
      - @ConditionalOnBean (types: org.springframework.cloud.loadbalancer.support.LoadBalancerClientFactory; SearchStrategy: all) found bean 'loadBalancerClientFactory'; 
@ConditionalOnMissingBean (types: org.springframework.cloud.loadbalancer.core.LoadBalancerServiceInstanceCookieTransformer; SearchStrategy: all) did not find any beans 
(OnBeanCondition)

   BlockingLoadBalancerClientAutoConfiguration#xForwarderHeadersTransformer matched:
      - @ConditionalOnBean (types: org.springframework.cloud.loadbalancer.support.LoadBalancerClientFactory; SearchStrategy: all) found bean 'loadBalancerClientFactory'; 
@ConditionalOnMissingBean (types: org.springframework.cloud.loadbalancer.blocking.XForwardedHeadersTransformer; SearchStrategy: all) did not find any beans (OnBeanCondition)

   CacheMeterBinderProvidersConfiguration matched:
      - @ConditionalOnClass found required class 'io.micrometer.core.instrument.binder.MeterBinder' (OnClassCondition)

   ClientHttpConnectorAutoConfiguration matched:
      - @ConditionalOnClass found required class 'org.springframework.web.reactive.function.client.WebClient' (OnClassCondition)

   ClientHttpConnectorAutoConfiguration#webClientHttpConnector matched:
      - @ConditionalOnMissingBean (types: org.springframework.http.client.reactive.ClientHttpConnector; SearchStrategy: all) did not find any beans (OnBeanCondition)

   ClientHttpConnectorAutoConfiguration#webClientHttpConnectorCustomizer matched:
      - @ConditionalOnBean (types: org.springframework.http.client.reactive.ClientHttpConnector; SearchStrategy: all) found bean 'webClientHttpConnector' (OnBeanCondition)

   ClientHttpConnectorFactoryConfiguration.ReactorNetty matched:
      - @ConditionalOnClass found required class 'reactor.netty.http.client.HttpClient' (OnClassCondition)
      - @ConditionalOnMissingBean (types: org.springframework.boot.autoconfigure.web.reactive.function.client.ClientHttpConnectorFactory; SearchStrategy: all) did not find any 
beans (OnBeanCondition)

   CodecsAutoConfiguration matched:
      - @ConditionalOnClass found required classes 'org.springframework.http.codec.CodecConfigurer', 'org.springframework.web.reactive.function.client.WebClient' 
(OnClassCondition)

   CodecsAutoConfiguration.JacksonCodecConfiguration matched:
      - @ConditionalOnClass found required class 'com.fasterxml.jackson.databind.ObjectMapper' (OnClassCondition)

   CodecsAutoConfiguration.JacksonCodecConfiguration#jacksonCodecCustomizer matched:
      - @ConditionalOnBean (types: com.fasterxml.jackson.databind.ObjectMapper; SearchStrategy: all) found bean 'jacksonObjectMapper' (OnBeanCondition)

   CommonsClientAutoConfiguration.ActuatorConfiguration matched:
      - @ConditionalOnClass found required class 'org.springframework.boot.actuate.endpoint.annotation.Endpoint' (OnClassCondition)
      - @ConditionalOnProperty (spring.cloud.features.enabled) matched (OnPropertyCondition)

   CommonsClientAutoConfiguration.DiscoveryLoadBalancerConfiguration matched:
      - @ConditionalOnClass found required class 'org.springframework.boot.actuate.health.HealthIndicator' (OnClassCondition)
      - @ConditionalOnProperty (spring.cloud.discovery.enabled) matched; @ConditionalOnProperty (spring.cloud.discovery.blocking.enabled) matched (OnPropertyCondition)
      - @ConditionalOnBean (types: org.springframework.cloud.client.discovery.DiscoveryClient; SearchStrategy: all) found beans 'discoveryClient', 'simpleDiscoveryClient', 
'compositeDiscoveryClient' (OnBeanCondition)

   CommonsClientAutoConfiguration.DiscoveryLoadBalancerConfiguration#discoveryClientHealthIndicator matched:
      - @ConditionalOnProperty (spring.cloud.discovery.client.health-indicator.enabled) matched (OnPropertyCondition)

   CommonsClientAutoConfiguration.DiscoveryLoadBalancerConfiguration#discoveryCompositeHealthContributor matched:
      - @ConditionalOnProperty (spring.cloud.discovery.client.composite-indicator.enabled) matched (OnPropertyCondition)
      - @ConditionalOnBean (types: org.springframework.cloud.client.discovery.health.DiscoveryHealthIndicator; SearchStrategy: all) found beans 'eurekaHealthIndicator', 
'discoveryClientHealthIndicator' (OnBeanCondition)

   CompatibilityVerifierAutoConfiguration matched:
      - @ConditionalOnProperty (spring.cloud.compatibility-verifier.enabled) matched (OnPropertyCondition)

   CompositeConfiguration matched:
      - @ConditionalOnMissingBean (types: org.springframework.cloud.config.server.environment.CompositeEnvironmentRepository; SearchStrategy: all) did not find any beans 
(OnBeanCondition)

   CompositeConfiguration#searchPathCompositeEnvironmentRepository matched:
      - @ConditionalOnBean (types: org.springframework.cloud.config.server.environment.SearchPathLocator; SearchStrategy: all) found bean 'defaultEnvironmentRepository' 
(OnBeanCondition)

   CompositeMeterRegistryAutoConfiguration matched:
      - @ConditionalOnClass found required class 'io.micrometer.core.instrument.composite.CompositeMeterRegistry' (OnClassCondition)

   ConfigClientAutoConfiguration#configClientProperties matched:
      - @ConditionalOnMissingBean (types: org.springframework.cloud.config.client.ConfigClientProperties; SearchStrategy: all) did not find any beans (OnBeanCondition)

   ConfigClientAutoConfiguration.ConfigServerHealthIndicatorConfiguration matched:
      - @ConditionalOnClass found required class 'org.springframework.boot.actuate.health.HealthIndicator' (OnClassCondition)
      - @ConditionalOnEnabledHealthIndicator management.health.defaults.enabled is considered true (OnEnabledHealthIndicatorCondition)

   ConfigServerAutoConfiguration matched:
      - @ConditionalOnProperty (spring.cloud.config.server.enabled) matched (OnPropertyCondition)
      - @ConditionalOnBean (types: org.springframework.cloud.config.server.config.ConfigServerConfiguration$Marker; SearchStrategy: all) found bean 'enableConfigServerMarker' 
(OnBeanCondition)

   ConfigServerMvcConfiguration matched:
      - @ConditionalOnWebApplication (required) found 'session' scope (OnWebApplicationCondition)

   ConfigServerMvcConfiguration.EnvironmentControllerConfiguration#resourceController matched:
      - @ConditionalOnBean (types: org.springframework.cloud.config.server.resource.ResourceRepository; SearchStrategy: all) found bean 'resourceRepository' (OnBeanCondition)

   ConfigServerMvcConfiguration.EnvironmentControllerConfiguration#resourceControllerAdvice matched:
      - @ConditionalOnBean (types: org.springframework.cloud.config.server.resource.ResourceController; SearchStrategy: all) found bean 'resourceController' (OnBeanCondition)

   ConfigServerMvcConfiguration.RefreshableEnvironmentControllerConfiguration matched:
      - @ConditionalOnBean (types: org.springframework.cloud.context.scope.refresh.RefreshScope; SearchStrategy: all) found bean 'refreshScope' (OnBeanCondition)

   ConfigurationPropertiesRebinderAutoConfiguration matched:
      - @ConditionalOnBean (types: org.springframework.boot.context.properties.ConfigurationPropertiesBindingPostProcessor; SearchStrategy: all) found bean 
'org.springframework.boot.context.properties.ConfigurationPropertiesBindingPostProcessor' (OnBeanCondition)

   ConfigurationPropertiesRebinderAutoConfiguration#configurationPropertiesBeans matched:
      - @ConditionalOnMissingBean (types: org.springframework.cloud.context.properties.ConfigurationPropertiesBeans; SearchStrategy: current) did not find any beans 
(OnBeanCondition)

   ConfigurationPropertiesRebinderAutoConfiguration#configurationPropertiesRebinder matched:
      - @ConditionalOnMissingBean (types: org.springframework.cloud.context.properties.ConfigurationPropertiesRebinder; SearchStrategy: current) did not find any beans 
(OnBeanCondition)

   DataSourceAutoConfiguration matched:
      - @ConditionalOnClass found required classes 'javax.sql.DataSource', 'org.springframework.jdbc.datasource.embedded.EmbeddedDatabaseType' (OnClassCondition)
      - @ConditionalOnMissingBean (types: io.r2dbc.spi.ConnectionFactory; SearchStrategy: all) did not find any beans (OnBeanCondition)

   DataSourceAutoConfiguration.PooledDataSourceConfiguration matched:
      - AnyNestedCondition 1 matched 1 did not; NestedCondition on DataSourceAutoConfiguration.PooledDataSourceCondition.PooledDataSourceAvailable PooledDataSource found 
supported DataSource; NestedCondition on DataSourceAutoConfiguration.PooledDataSourceCondition.ExplicitType @ConditionalOnProperty (spring.datasource.type) did not find property 
'type' (DataSourceAutoConfiguration.PooledDataSourceCondition)
      - @ConditionalOnMissingBean (types: javax.sql.DataSource,javax.sql.XADataSource; SearchStrategy: all) did not find any beans (OnBeanCondition)

   DataSourceAutoConfiguration.PooledDataSourceConfiguration#jdbcConnectionDetails matched:
      - @ConditionalOnMissingBean (types: org.springframework.boot.autoconfigure.jdbc.JdbcConnectionDetails; SearchStrategy: all) did not find any beans (OnBeanCondition)

   DataSourceConfiguration.Hikari matched:
      - @ConditionalOnClass found required class 'com.zaxxer.hikari.HikariDataSource' (OnClassCondition)
      - @ConditionalOnProperty (spring.datasource.type=com.zaxxer.hikari.HikariDataSource) matched (OnPropertyCondition)
      - @ConditionalOnMissingBean (types: javax.sql.DataSource; SearchStrategy: all) did not find any beans (OnBeanCondition)

   DataSourceHealthContributorAutoConfiguration matched:
      - @ConditionalOnClass found required classes 'org.springframework.jdbc.core.JdbcTemplate', 'org.springframework.jdbc.datasource.lookup.AbstractRoutingDataSource' 
(OnClassCondition)
      - @ConditionalOnEnabledHealthIndicator management.health.defaults.enabled is considered true (OnEnabledHealthIndicatorCondition)
      - @ConditionalOnBean (types: javax.sql.DataSource; SearchStrategy: all) found bean 'dataSource' (OnBeanCondition)

   DataSourceHealthContributorAutoConfiguration#dbHealthContributor matched:
      - @ConditionalOnMissingBean (names: dbHealthIndicator,dbHealthContributor; SearchStrategy: all) did not find any beans (OnBeanCondition)

   DataSourceInitializationConfiguration matched:
      - @ConditionalOnClass found required class 'org.springframework.jdbc.datasource.init.DatabasePopulator' (OnClassCondition)
      - @ConditionalOnSingleCandidate (types: javax.sql.DataSource; SearchStrategy: all) found a single bean 'dataSource'; @ConditionalOnMissingBean (types: 
org.springframework.boot.autoconfigure.sql.init.SqlDataSourceScriptDatabaseInitializer,org.springframework.boot.autoconfigure.sql.init.SqlR2dbcScriptDatabaseInitializer; 
SearchStrategy: all) did not find any beans (OnBeanCondition)

   DataSourcePoolMetadataProvidersConfiguration.HikariPoolDataSourceMetadataProviderConfiguration matched:
      - @ConditionalOnClass found required class 'com.zaxxer.hikari.HikariDataSource' (OnClassCondition)

   DataSourcePoolMetricsAutoConfiguration matched:
      - @ConditionalOnClass found required classes 'javax.sql.DataSource', 'io.micrometer.core.instrument.MeterRegistry' (OnClassCondition)
      - @ConditionalOnBean (types: javax.sql.DataSource,io.micrometer.core.instrument.MeterRegistry; SearchStrategy: all) found beans 'simpleMeterRegistry', 'dataSource' 
(OnBeanCondition)

   DataSourcePoolMetricsAutoConfiguration.DataSourcePoolMetadataMetricsConfiguration matched:
      - @ConditionalOnBean (types: org.springframework.boot.jdbc.metadata.DataSourcePoolMetadataProvider; SearchStrategy: all) found bean 'hikariPoolDataSourceMetadataProvider' 
(OnBeanCondition)

   DataSourcePoolMetricsAutoConfiguration.HikariDataSourceMetricsConfiguration matched:
      - @ConditionalOnClass found required class 'com.zaxxer.hikari.HikariDataSource' (OnClassCondition)

   DataSourceTransactionManagerAutoConfiguration matched:
      - @ConditionalOnClass found required classes 'javax.sql.DataSource', 'org.springframework.jdbc.core.JdbcTemplate', 'org.springframework.transaction.TransactionManager' 
(OnClassCondition)

   DataSourceTransactionManagerAutoConfiguration.JdbcTransactionManagerConfiguration matched:
      - @ConditionalOnSingleCandidate (types: javax.sql.DataSource; SearchStrategy: all) found a single bean 'dataSource' (OnBeanCondition)

   DefaultRepositoryConfiguration matched:
      - @ConditionalOnMissingBean (types: org.springframework.cloud.config.server.environment.EnvironmentRepository; SearchStrategy: current) did not find any beans 
(OnBeanCondition)

   DiskSpaceHealthContributorAutoConfiguration matched:
      - @ConditionalOnEnabledHealthIndicator management.health.defaults.enabled is considered true (OnEnabledHealthIndicatorCondition)

   DiskSpaceHealthContributorAutoConfiguration#diskSpaceHealthIndicator matched:
      - @ConditionalOnMissingBean (names: diskSpaceHealthIndicator; SearchStrategy: all) did not find any beans (OnBeanCondition)

   DispatcherServletAutoConfiguration matched:
      - @ConditionalOnClass found required class 'org.springframework.web.servlet.DispatcherServlet' (OnClassCondition)
      - found 'session' scope (OnWebApplicationCondition)

   DispatcherServletAutoConfiguration.DispatcherServletConfiguration matched:
      - @ConditionalOnClass found required class 'jakarta.servlet.ServletRegistration' (OnClassCondition)
      - Default DispatcherServlet did not find dispatcher servlet beans (DispatcherServletAutoConfiguration.DefaultDispatcherServletCondition)

   DispatcherServletAutoConfiguration.DispatcherServletRegistrationConfiguration matched:
      - @ConditionalOnClass found required class 'jakarta.servlet.ServletRegistration' (OnClassCondition)
      - DispatcherServlet Registration did not find servlet registration bean (DispatcherServletAutoConfiguration.DispatcherServletRegistrationCondition)

   DispatcherServletAutoConfiguration.DispatcherServletRegistrationConfiguration#dispatcherServletRegistration matched:
      - @ConditionalOnBean (names: dispatcherServlet types: org.springframework.web.servlet.DispatcherServlet; SearchStrategy: all) found bean 'dispatcherServlet' 
(OnBeanCondition)

   EmbeddedWebServerFactoryCustomizerAutoConfiguration matched:
      - @ConditionalOnWebApplication (required) found 'session' scope (OnWebApplicationCondition)
      - @ConditionalOnWarDeployment the application is not deployed as a WAR file. (OnWarDeploymentCondition)

   EmbeddedWebServerFactoryCustomizerAutoConfiguration.NettyWebServerFactoryCustomizerConfiguration matched:
      - @ConditionalOnClass found required class 'reactor.netty.http.server.HttpServer' (OnClassCondition)

   EmbeddedWebServerFactoryCustomizerAutoConfiguration.TomcatWebServerFactoryCustomizerConfiguration matched:
      - @ConditionalOnClass found required classes 'org.apache.catalina.startup.Tomcat', 'org.apache.coyote.UpgradeProtocol' (OnClassCondition)

   EncryptionAutoConfiguration#environmentEncryptor matched:
      - @ConditionalOnProperty (spring.cloud.config.server.encrypt.enabled) matched (OnPropertyCondition)
      - @ConditionalOnBean (types: org.springframework.cloud.config.server.encryption.TextEncryptorLocator; SearchStrategy: all) found bean 'singleTextEncryptorLocator'; 
@ConditionalOnMissingBean (types: org.springframework.cloud.config.server.encryption.EnvironmentEncryptor; SearchStrategy: all) did not find any beans (OnBeanCondition)

   EncryptionAutoConfiguration#singleTextEncryptorLocator matched:
      - @ConditionalOnBean (types: org.springframework.security.crypto.encrypt.TextEncryptor; SearchStrategy: all) found bean 'textEncryptor'; @ConditionalOnMissingBean (types: 
org.springframework.cloud.config.server.encryption.TextEncryptorLocator; SearchStrategy: all) did not find any beans (OnBeanCondition)

   EndpointAutoConfiguration#endpointCachingOperationInvokerAdvisor matched:
      - @ConditionalOnMissingBean (types: org.springframework.boot.actuate.endpoint.invoker.cache.CachingOperationInvokerAdvisor; SearchStrategy: all) did not find any beans 
(OnBeanCondition)

   EndpointAutoConfiguration#endpointOperationParameterMapper matched:
      - @ConditionalOnMissingBean (types: org.springframework.boot.actuate.endpoint.invoke.ParameterValueMapper; SearchStrategy: all) did not find any beans (OnBeanCondition)

   EndpointAutoConfiguration#propertiesEndpointAccessResolver matched:
      - @ConditionalOnMissingBean (types: org.springframework.boot.actuate.endpoint.EndpointAccessResolver; SearchStrategy: all) did not find any beans (OnBeanCondition)

   EnvironmentRepositoryConfiguration#defaultConfigTokenProvider matched:
      - @ConditionalOnMissingBean (types: org.springframework.cloud.config.server.environment.ConfigTokenProvider; SearchStrategy: all) did not find any beans (OnBeanCondition)

   EnvironmentRepositoryConfiguration#multipleJGitEnvironmentProperties matched:
      - @ConditionalOnMissingBean (types: org.springframework.cloud.config.server.environment.MultipleJGitEnvironmentProperties; SearchStrategy: current) did not find any beans 
(OnBeanCondition)

   EnvironmentRepositoryConfiguration.ConfigServerActuatorConfiguration matched:
      - @ConditionalOnClass found required class 'org.springframework.boot.actuate.health.AbstractHealthIndicator' (OnClassCondition)
      - @ConditionalOnProperty (spring.cloud.config.server.health.enabled) matched (OnPropertyCondition)

   EnvironmentRepositoryConfiguration.DefaultEnvironmentWatch matched:
      - @ConditionalOnMissingBean (types: org.springframework.cloud.config.server.environment.EnvironmentWatch; SearchStrategy: all) did not find any beans (OnBeanCondition)

   EnvironmentRepositoryConfiguration.JGitFactoryConfig matched:
      - @ConditionalOnClass found required class 'org.eclipse.jgit.api.TransportConfigCallback' (OnClassCondition)

   EnvironmentRepositoryConfiguration.JGitFactoryConfig#gitCredentialsProviderFactory matched:
      - @ConditionalOnMissingBean (types: org.springframework.cloud.config.server.support.GitCredentialsProviderFactory; SearchStrategy: all) did not find any beans 
(OnBeanCondition)

   EnvironmentRepositoryConfiguration.JGitHttpClientConfig matched:
      - @ConditionalOnClass found required classes 'org.apache.http.client.HttpClient', 'org.eclipse.jgit.api.TransportConfigCallback' (OnClassCondition)

   EnvironmentRepositoryConfiguration.JdbcFactoryConfig matched:
      - @ConditionalOnClass found required class 'org.springframework.jdbc.core.JdbcTemplate' (OnClassCondition)
      - @ConditionalOnProperty (spring.cloud.config.server.jdbc.enabled) matched (OnPropertyCondition)

   EnvironmentRepositoryConfiguration.JdbcFactoryConfig#jdbcEnvironmentRepositoryFactory matched:
      - @ConditionalOnBean (types: org.springframework.jdbc.core.JdbcTemplate; SearchStrategy: all) found bean 'jdbcTemplate' (OnBeanCondition)

   EnvironmentRepositoryConfiguration.JdbcFactoryConfig#propertiesResultSetExtractor matched:
      - @ConditionalOnMissingBean (types: org.springframework.cloud.config.server.environment.JdbcEnvironmentRepository$PropertiesResultSetExtractor; SearchStrategy: all) did 
not find any beans (OnBeanCondition)

   EnvironmentRepositoryConfiguration.VaultFactoryConfig matched:
      - @ConditionalOnMissingClass did not find unwanted class 'org.springframework.vault.core.VaultTemplate' (OnClassCondition)

   EnvironmentRepositoryConfiguration.VaultHttpClientConfig matched:
      - @ConditionalOnClass found required class 'org.apache.http.client.HttpClient'; @ConditionalOnMissingClass did not find unwanted class 
'org.springframework.vault.core.VaultTemplate' (OnClassCondition)

   ErrorMvcAutoConfiguration matched:
      - @ConditionalOnClass found required classes 'jakarta.servlet.Servlet', 'org.springframework.web.servlet.DispatcherServlet' (OnClassCondition)
      - found 'session' scope (OnWebApplicationCondition)

   ErrorMvcAutoConfiguration#basicErrorController matched:
      - @ConditionalOnMissingBean (types: org.springframework.boot.web.servlet.error.ErrorController; SearchStrategy: current) did not find any beans (OnBeanCondition)

   ErrorMvcAutoConfiguration#errorAttributes matched:
      - @ConditionalOnMissingBean (types: org.springframework.boot.web.servlet.error.ErrorAttributes; SearchStrategy: current) did not find any beans (OnBeanCondition)

   ErrorMvcAutoConfiguration.DefaultErrorViewResolverConfiguration#conventionErrorViewResolver matched:
      - @ConditionalOnBean (types: org.springframework.web.servlet.DispatcherServlet; SearchStrategy: all) found bean 'dispatcherServlet'; @ConditionalOnMissingBean (types: 
org.springframework.boot.autoconfigure.web.servlet.error.ErrorViewResolver; SearchStrategy: all) did not find any beans (OnBeanCondition)

   ErrorMvcAutoConfiguration.WhitelabelErrorViewConfiguration matched:
      - @ConditionalOnProperty (server.error.whitelabel.enabled) matched (OnPropertyCondition)
      - ErrorTemplate Missing did not find error template view (ErrorMvcAutoConfiguration.ErrorTemplateMissingCondition)

   ErrorMvcAutoConfiguration.WhitelabelErrorViewConfiguration#beanNameViewResolver matched:
      - @ConditionalOnMissingBean (types: org.springframework.web.servlet.view.BeanNameViewResolver; SearchStrategy: all) did not find any beans (OnBeanCondition)

   ErrorMvcAutoConfiguration.WhitelabelErrorViewConfiguration#defaultErrorView matched:
      - @ConditionalOnMissingBean (names: error; SearchStrategy: all) did not find any beans (OnBeanCondition)

   EurekaClientAutoConfiguration matched:
      - @ConditionalOnClass found required class 'com.netflix.discovery.EurekaClientConfig' (OnClassCondition)
      - @ConditionalOnProperty (eureka.client.enabled) matched; @ConditionalOnProperty (spring.cloud.discovery.enabled) matched (OnPropertyCondition)

   EurekaClientAutoConfiguration#eurekaAutoServiceRegistration matched:
      - @ConditionalOnProperty (spring.cloud.service-registry.auto-registration.enabled) matched (OnPropertyCondition)
      - @ConditionalOnBean (types: org.springframework.cloud.client.serviceregistry.AutoServiceRegistrationProperties; SearchStrategy: all) found bean 
'spring.cloud.service-registry.auto-registration-org.springframework.cloud.client.serviceregistry.AutoServiceRegistrationProperties' (OnBeanCondition)

   EurekaClientAutoConfiguration#eurekaClientConfigBean matched:
      - @ConditionalOnMissingBean (types: com.netflix.discovery.EurekaClientConfig; SearchStrategy: current) did not find any beans (OnBeanCondition)

   EurekaClientAutoConfiguration#eurekaInstanceConfigBean matched:
      - @ConditionalOnMissingBean (types: com.netflix.appinfo.EurekaInstanceConfig; SearchStrategy: current) did not find any beans (OnBeanCondition)

   EurekaClientAutoConfiguration#serviceManagementMetadataProvider matched:
      - @ConditionalOnMissingBean (types: org.springframework.cloud.netflix.eureka.metadata.ManagementMetadataProvider; SearchStrategy: all) did not find any beans 
(OnBeanCondition)

   EurekaClientAutoConfiguration.EurekaHealthIndicatorConfiguration matched:
      - @ConditionalOnClass found required class 'org.springframework.boot.actuate.health.Health' (OnClassCondition)

   EurekaClientAutoConfiguration.EurekaHealthIndicatorConfiguration#eurekaHealthIndicator matched:
      - @ConditionalOnMissingBean (types: org.springframework.cloud.netflix.eureka.EurekaHealthIndicator; SearchStrategy: all) did not find any beans (OnBeanCondition)
      - @ConditionalOnEnabledHealthIndicator management.health.defaults.enabled is considered true (OnEnabledHealthIndicatorCondition)

   EurekaClientAutoConfiguration.RefreshableEurekaClientConfiguration matched:
      - @ConditionalOnClass found required class 'org.springframework.cloud.context.scope.refresh.RefreshScope' (OnClassCondition)
      - @ConditionalOnProperty (eureka.client.refresh.enable=true) matched (OnPropertyCondition)
      - @ConditionalOnBean (types: org.springframework.cloud.autoconfigure.RefreshAutoConfiguration; SearchStrategy: all) found bean 
'org.springframework.cloud.autoconfigure.RefreshAutoConfiguration' (OnBeanCondition)

   EurekaClientAutoConfiguration.RefreshableEurekaClientConfiguration#eurekaApplicationInfoManager matched:
      - @ConditionalOnMissingBean (types: com.netflix.appinfo.ApplicationInfoManager; SearchStrategy: current) did not find any beans (OnBeanCondition)

   EurekaClientAutoConfiguration.RefreshableEurekaClientConfiguration#eurekaClient matched:
      - @ConditionalOnMissingBean (types: com.netflix.discovery.EurekaClient; SearchStrategy: current) did not find any beans (OnBeanCondition)

   EurekaClientAutoConfiguration.RefreshableEurekaClientConfiguration#eurekaRegistration matched:
      - @ConditionalOnProperty (spring.cloud.service-registry.auto-registration.enabled) matched (OnPropertyCondition)
      - @ConditionalOnBean (types: org.springframework.cloud.client.serviceregistry.AutoServiceRegistrationProperties; SearchStrategy: all) found bean 
'spring.cloud.service-registry.auto-registration-org.springframework.cloud.client.serviceregistry.AutoServiceRegistrationProperties' (OnBeanCondition)

   EurekaClientConfigServerAutoConfiguration matched:
      - @ConditionalOnClass found required classes 'org.springframework.cloud.netflix.eureka.EurekaInstanceConfigBean', 'com.netflix.discovery.EurekaClient', 
'org.springframework.cloud.config.server.config.ConfigServerProperties' (OnClassCondition)

   EurekaDiscoveryClientConfiguration matched:
      - @ConditionalOnClass found required class 'com.netflix.discovery.EurekaClientConfig' (OnClassCondition)
      - @ConditionalOnProperty (eureka.client.enabled) matched; @ConditionalOnProperty (spring.cloud.discovery.enabled) matched; @ConditionalOnProperty 
(spring.cloud.discovery.blocking.enabled) matched (OnPropertyCondition)

   EurekaDiscoveryClientConfiguration#discoveryClient matched:
      - @ConditionalOnMissingBean (types: org.springframework.cloud.netflix.eureka.EurekaDiscoveryClient; SearchStrategy: all) did not find any beans (OnBeanCondition)

   EurekaDiscoveryClientConfiguration.EurekaClientConfigurationRefresher matched:
      - @ConditionalOnClass found required class 'org.springframework.cloud.context.scope.refresh.RefreshScopeRefreshedEvent' (OnClassCondition)

   EurekaReactiveDiscoveryClientConfiguration matched:
      - @ConditionalOnClass found required classes 'com.netflix.discovery.EurekaClientConfig', 'org.springframework.web.reactive.function.client.WebClient' (OnClassCondition)
      - @ConditionalOnProperty (eureka.client.enabled) matched; @ConditionalOnProperty (spring.cloud.discovery.enabled) matched; @ConditionalOnProperty 
(spring.cloud.discovery.reactive.enabled) matched (OnPropertyCondition)

   EurekaReactiveDiscoveryClientConfiguration#eurekaReactiveDiscoveryClient matched:
      - @ConditionalOnMissingBean (types: org.springframework.cloud.netflix.eureka.reactive.EurekaReactiveDiscoveryClient; SearchStrategy: all) did not find any beans 
(OnBeanCondition)

   EurekaReactiveDiscoveryClientConfiguration#eurekaReactiveDiscoveryClientHealthIndicator matched:
      - @ConditionalOnClass found required class 'org.springframework.boot.actuate.health.ReactiveHealthIndicator' (OnClassCondition)
      - @ConditionalOnProperty (spring.cloud.discovery.client.health-indicator.enabled) matched (OnPropertyCondition)

   EurekaServerAutoConfiguration matched:
      - @ConditionalOnBean (types: org.springframework.cloud.netflix.eureka.server.EurekaServerMarkerConfiguration$Marker; SearchStrategy: all) found bean 
'eurekaServerMarkerBean' (OnBeanCondition)

   EurekaServerAutoConfiguration#eurekaController matched:
      - @ConditionalOnProperty (eureka.dashboard.enabled) matched (OnPropertyCondition)

   EurekaServerAutoConfiguration#eurekaServerContext matched:
      - @ConditionalOnMissingBean (types: com.netflix.eureka.EurekaServerContext; SearchStrategy: all) did not find any beans (OnBeanCondition)

   EurekaServerAutoConfiguration#jersey3DiscoveryClientOptionalArgs matched:
      - @ConditionalOnMissingBean (types: com.netflix.discovery.AbstractDiscoveryClientOptionalArgs; SearchStrategy: all) did not find any beans (OnBeanCondition)

   EurekaServerAutoConfiguration#jersey3EurekaServerHttpClientFactory matched:
      - @ConditionalOnMissingBean (types: com.netflix.eureka.transport.EurekaServerHttpClientFactory; SearchStrategy: all) did not find any beans (OnBeanCondition)

   EurekaServerAutoConfiguration#jersey3TransportClientFactories matched:
      - @ConditionalOnMissingBean (types: com.netflix.discovery.shared.transport.jersey.TransportClientFactories; SearchStrategy: all) did not find any beans (OnBeanCondition)

   EurekaServerAutoConfiguration#peerEurekaNodes matched:
      - @ConditionalOnMissingBean (types: com.netflix.eureka.cluster.PeerEurekaNodes; SearchStrategy: all) did not find any beans (OnBeanCondition)

   EurekaServerAutoConfiguration#replicationClientAdditionalFilters matched:
      - @ConditionalOnMissingBean (types: org.springframework.cloud.netflix.eureka.server.ReplicationClientAdditionalFilters; SearchStrategy: all) did not find any beans 
(OnBeanCondition)

   EurekaServerAutoConfiguration.EurekaServerConfigBeanConfiguration#eurekaServerConfig matched:
      - @ConditionalOnMissingBean (types: com.netflix.eureka.EurekaServerConfig; SearchStrategy: all) did not find any beans (OnBeanCondition)

   FreeMarkerAutoConfiguration matched:
      - @ConditionalOnClass found required classes 'freemarker.template.Configuration', 'org.springframework.ui.freemarker.FreeMarkerConfigurationFactory' (OnClassCondition)

   FreeMarkerServletWebConfiguration matched:
      - @ConditionalOnClass found required classes 'jakarta.servlet.Servlet', 'org.springframework.web.servlet.view.freemarker.FreeMarkerConfigurer' (OnClassCondition)
      - found 'session' scope (OnWebApplicationCondition)

   FreeMarkerServletWebConfiguration#freeMarkerConfigurer matched:
      - @ConditionalOnMissingBean (types: org.springframework.web.servlet.view.freemarker.FreeMarkerConfig; SearchStrategy: all) did not find any beans (OnBeanCondition)

   FreeMarkerServletWebConfiguration#freeMarkerViewResolver matched:
      - @ConditionalOnProperty (spring.freemarker.enabled) matched (OnPropertyCondition)
      - @ConditionalOnMissingBean (names: freeMarkerViewResolver; SearchStrategy: all) did not find any beans (OnBeanCondition)

   GatewayAutoConfiguration matched:
      - @ConditionalOnClass found required class 'org.springframework.web.reactive.DispatcherHandler' (OnClassCondition)
      - @ConditionalOnProperty (spring.cloud.gateway.enabled) matched (OnPropertyCondition)

   GatewayAutoConfiguration#adaptCachedBodyGlobalFilter matched:
      - matched (OnEnabledGlobalFilter)

   GatewayAutoConfiguration#addRequestHeaderGatewayFilterFactory matched:
      - matched (OnEnabledFilter)

   GatewayAutoConfiguration#addRequestHeadersIfNotPresentGatewayFilterFactory matched:
      - matched (OnEnabledFilter)

   GatewayAutoConfiguration#addRequestParameterGatewayFilterFactory matched:
      - matched (OnEnabledFilter)

   GatewayAutoConfiguration#addResponseHeaderGatewayFilterFactory matched:
      - matched (OnEnabledFilter)

   GatewayAutoConfiguration#afterRoutePredicateFactory matched:
      - matched (OnEnabledPredicate)

   GatewayAutoConfiguration#beforeRoutePredicateFactory matched:
      - matched (OnEnabledPredicate)

   GatewayAutoConfiguration#betweenRoutePredicateFactory matched:
      - matched (OnEnabledPredicate)

   GatewayAutoConfiguration#cacheRequestBodyGatewayFilterFactory matched:
      - matched (OnEnabledFilter)

   GatewayAutoConfiguration#cachedCompositeRouteLocator matched:
      - @ConditionalOnMissingBean (names: cachedCompositeRouteLocator; SearchStrategy: all) did not find any beans (OnBeanCondition)

   GatewayAutoConfiguration#cloudFoundryRouteServiceRoutePredicateFactory matched:
      - matched (OnEnabledPredicate)

   GatewayAutoConfiguration#cookieRoutePredicateFactory matched:
      - matched (OnEnabledPredicate)

   GatewayAutoConfiguration#corsGatewayFilterApplicationListener matched:
      - @ConditionalOnProperty (spring.cloud.gateway.globalcors.enabled) matched (OnPropertyCondition)

   GatewayAutoConfiguration#dedupeResponseHeaderGatewayFilterFactory matched:
      - matched (OnEnabledFilter)

   GatewayAutoConfiguration#filteringWebHandler matched:
      - @ConditionalOnMissingBean (types: org.springframework.cloud.gateway.handler.FilteringWebHandler; SearchStrategy: all) did not find any beans (OnBeanCondition)

   GatewayAutoConfiguration#forwardPathFilter matched:
      - matched (OnEnabledGlobalFilter)

   GatewayAutoConfiguration#forwardRoutingFilter matched:
      - matched (OnEnabledGlobalFilter)

   GatewayAutoConfiguration#forwardedHeadersFilter matched:
      - @ConditionalOnProperty (spring.cloud.gateway.forwarded.enabled) matched (OnPropertyCondition)

   GatewayAutoConfiguration#gRPCRequestHeadersFilter matched:
      - @ConditionalOnProperty (server.http2.enabled) matched (OnPropertyCondition)

   GatewayAutoConfiguration#gRPCResponseHeadersFilter matched:
      - @ConditionalOnProperty (server.http2.enabled) matched (OnPropertyCondition)

   GatewayAutoConfiguration#headerRoutePredicateFactory matched:
      - matched (OnEnabledPredicate)

   GatewayAutoConfiguration#hostRoutePredicateFactory matched:
      - matched (OnEnabledPredicate)

   GatewayAutoConfiguration#inMemoryRouteDefinitionRepository matched:
      - @ConditionalOnMissingBean (types: org.springframework.cloud.gateway.route.RouteDefinitionRepository; SearchStrategy: all) did not find any beans (OnBeanCondition)

   GatewayAutoConfiguration#mapRequestHeaderGatewayFilterFactory matched:
      - matched (OnEnabledFilter)

   GatewayAutoConfiguration#methodRoutePredicateFactory matched:
      - matched (OnEnabledPredicate)

   GatewayAutoConfiguration#modifyRequestBodyGatewayFilterFactory matched:
      - matched (OnEnabledFilter)

   GatewayAutoConfiguration#modifyResponseBodyGatewayFilterFactory matched:
      - matched (OnEnabledFilter)

   GatewayAutoConfiguration#pathRoutePredicateFactory matched:
      - matched (OnEnabledPredicate)

   GatewayAutoConfiguration#prefixPathGatewayFilterFactory matched:
      - matched (OnEnabledFilter)

   GatewayAutoConfiguration#preserveHostHeaderGatewayFilterFactory matched:
      - matched (OnEnabledFilter)

   GatewayAutoConfiguration#propertiesRouteDefinitionLocator matched:
      - @ConditionalOnMissingBean (types: org.springframework.cloud.gateway.config.PropertiesRouteDefinitionLocator; SearchStrategy: all) did not find any beans (OnBeanCondition)

   GatewayAutoConfiguration#queryRoutePredicateFactory matched:
      - matched (OnEnabledPredicate)

   GatewayAutoConfiguration#readBodyPredicateFactory matched:
      - matched (OnEnabledPredicate)

   GatewayAutoConfiguration#redirectToGatewayFilterFactory matched:
      - matched (OnEnabledFilter)

   GatewayAutoConfiguration#remoteAddrRoutePredicateFactory matched:
      - matched (OnEnabledPredicate)

   GatewayAutoConfiguration#removeCachedBodyFilter matched:
      - matched (OnEnabledGlobalFilter)

   GatewayAutoConfiguration#removeJsonAttributesResponseBodyGatewayFilterFactory matched:
      - matched (OnEnabledFilter)

   GatewayAutoConfiguration#removeRequestHeaderGatewayFilterFactory matched:
      - matched (OnEnabledFilter)

   GatewayAutoConfiguration#removeRequestParameterGatewayFilterFactory matched:
      - matched (OnEnabledFilter)

   GatewayAutoConfiguration#removeResponseHeaderGatewayFilterFactory matched:
      - matched (OnEnabledFilter)

   GatewayAutoConfiguration#requestHeaderSizeGatewayFilterFactory matched:
      - matched (OnEnabledFilter)

   GatewayAutoConfiguration#requestHeaderToRequestUriGatewayFilterFactory matched:
      - matched (OnEnabledFilter)

   GatewayAutoConfiguration#requestSizeGatewayFilterFactory matched:
      - matched (OnEnabledFilter)

   GatewayAutoConfiguration#retryGatewayFilterFactory matched:
      - matched (OnEnabledFilter)

   GatewayAutoConfiguration#rewriteLocationResponseHeaderGatewayFilterFactory matched:
      - matched (OnEnabledFilter)

   GatewayAutoConfiguration#rewritePathGatewayFilterFactory matched:
      - matched (OnEnabledFilter)

   GatewayAutoConfiguration#rewriteRequestParameterGatewayFilterFactory matched:
      - matched (OnEnabledFilter)

   GatewayAutoConfiguration#rewriteResponseHeaderGatewayFilterFactory matched:
      - matched (OnEnabledFilter)

   GatewayAutoConfiguration#routePredicateHandlerMapping matched:
      - @ConditionalOnMissingBean (types: org.springframework.cloud.gateway.handler.RoutePredicateHandlerMapping; SearchStrategy: all) did not find any beans (OnBeanCondition)

   GatewayAutoConfiguration#routeRefreshListener matched:
      - @ConditionalOnClass found required class 'org.springframework.cloud.client.discovery.event.HeartbeatMonitor' (OnClassCondition)
      - @ConditionalOnProperty (spring.cloud.gateway..route-refresh-listener.enabled) matched (OnPropertyCondition)

   GatewayAutoConfiguration#routeToRequestUrlFilter matched:
      - matched (OnEnabledGlobalFilter)

   GatewayAutoConfiguration#saveSessionGatewayFilterFactory matched:
      - matched (OnEnabledFilter)

   GatewayAutoConfiguration#secureHeadersGatewayFilterFactory matched:
      - matched (OnEnabledFilter)

   GatewayAutoConfiguration#setPathGatewayFilterFactory matched:
      - matched (OnEnabledFilter)

   GatewayAutoConfiguration#setRequestHeaderGatewayFilterFactory matched:
      - matched (OnEnabledFilter)

   GatewayAutoConfiguration#setRequestHostHeaderGatewayFilterFactory matched:
      - matched (OnEnabledFilter)

   GatewayAutoConfiguration#setResponseHeaderGatewayFilterFactory matched:
      - matched (OnEnabledFilter)

   GatewayAutoConfiguration#setStatusGatewayFilterFactory matched:
      - matched (OnEnabledFilter)

   GatewayAutoConfiguration#stripPrefixGatewayFilterFactory matched:
      - matched (OnEnabledFilter)

   GatewayAutoConfiguration#webSocketService matched:
      - matched (OnEnabledGlobalFilter)

   GatewayAutoConfiguration#websocketRoutingFilter matched:
      - matched (OnEnabledGlobalFilter)

   GatewayAutoConfiguration#weightCalculatorWebFilter matched:
      - matched (OnEnabledPredicate)

   GatewayAutoConfiguration#weightRoutePredicateFactory matched:
      - matched (OnEnabledPredicate)

   GatewayAutoConfiguration#xForwardedHeadersFilter matched:
      - @ConditionalOnProperty (spring.cloud.gateway.x-forwarded.enabled) matched (OnPropertyCondition)

   GatewayAutoConfiguration#xForwardedRemoteAddrRoutePredicateFactory matched:
      - matched (OnEnabledPredicate)

   GatewayAutoConfiguration.GatewayActuatorConfiguration matched:
      - @ConditionalOnClass found required class 'org.springframework.boot.actuate.health.Health' (OnClassCondition)

   GatewayAutoConfiguration.GatewayActuatorConfiguration#gatewayControllerEndpoint matched:
      - @ConditionalOnProperty (spring.cloud.gateway.actuator.verbose.enabled) matched (OnPropertyCondition)
      - @ConditionalOnAvailableEndpoint marked as exposed by a 'management.endpoints.web.exposure' property (OnAvailableEndpointCondition)

   GatewayAutoConfiguration.NettyConfiguration matched:
      - @ConditionalOnClass found required class 'reactor.netty.http.client.HttpClient' (OnClassCondition)

   GatewayAutoConfiguration.NettyConfiguration#gatewayHttpClientFactory matched:
      - @ConditionalOnMissingBean (types: reactor.netty.http.client.HttpClient,org.springframework.cloud.gateway.config.HttpClientFactory; SearchStrategy: all) did not find any 
beans (OnBeanCondition)

   GatewayAutoConfiguration.NettyConfiguration#nettyWriteResponseFilter matched:
      - matched (OnEnabledGlobalFilter)

   GatewayAutoConfiguration.NettyConfiguration#reactorNettyRequestUpgradeStrategy matched:
      - matched (OnEnabledGlobalFilter)

   GatewayAutoConfiguration.NettyConfiguration#reactorNettyWebSocketClient matched:
      - matched (OnEnabledGlobalFilter)

   GatewayAutoConfiguration.NettyConfiguration#routingFilter matched:
      - matched (OnEnabledGlobalFilter)

   GatewayClassPathWarningAutoConfiguration matched:
      - @ConditionalOnProperty (spring.cloud.gateway.enabled) matched (OnPropertyCondition)

   GatewayClassPathWarningAutoConfiguration.SpringMvcFoundOnClasspathConfiguration matched:
      - @ConditionalOnClass found required class 'org.springframework.web.servlet.DispatcherServlet' (OnClassCondition)
      - found 'session' scope (OnWebApplicationCondition)

   GatewayDiscoveryClientAutoConfiguration matched:
      - @ConditionalOnClass found required classes 'org.springframework.web.reactive.DispatcherHandler', 
'org.springframework.cloud.client.discovery.composite.CompositeDiscoveryClientAutoConfiguration' (OnClassCondition)
      - @ConditionalOnProperty (spring.cloud.gateway.enabled) matched (OnPropertyCondition)

   GatewayDiscoveryClientAutoConfiguration.ReactiveDiscoveryClientRouteDefinitionLocatorConfiguration matched:
      - @ConditionalOnProperty (spring.cloud.discovery.reactive.enabled) matched (OnPropertyCondition)

   GatewayMetricsAutoConfiguration matched:
      - @ConditionalOnClass found required classes 'org.springframework.web.reactive.DispatcherHandler', 'io.micrometer.core.instrument.MeterRegistry', 
'org.springframework.boot.actuate.autoconfigure.metrics.MetricsAutoConfiguration' (OnClassCondition)
      - @ConditionalOnProperty (spring.cloud.gateway.enabled) matched (OnPropertyCondition)

   GatewayMetricsAutoConfiguration#gatewayMetricFilter matched:
      - @ConditionalOnProperty (spring.cloud.gateway.metrics.enabled) matched (OnPropertyCondition)
      - @ConditionalOnBean (types: io.micrometer.core.instrument.MeterRegistry; SearchStrategy: all) found bean 'simpleMeterRegistry' (OnBeanCondition)

   GatewayMetricsAutoConfiguration#routeDefinitionMetrics matched:
      - @ConditionalOnProperty (spring.cloud.gateway.metrics.enabled) matched (OnPropertyCondition)
      - @ConditionalOnBean (types: io.micrometer.core.instrument.MeterRegistry; SearchStrategy: all) found bean 'simpleMeterRegistry' (OnBeanCondition)

   GatewayMetricsAutoConfiguration.ObservabilityConfiguration matched:
      - @ConditionalOnProperty (spring.cloud.gateway.observability.enabled) matched (OnPropertyCondition)
      - @ConditionalOnBean (types: io.micrometer.observation.ObservationRegistry; SearchStrategy: all) found bean 'observationRegistry' (OnBeanCondition)

   GatewayMetricsAutoConfiguration.ObservabilityConfiguration#observedRequestHttpHeadersFilter matched:
      - @ConditionalOnMissingBean (types: org.springframework.cloud.gateway.filter.headers.observation.ObservedRequestHttpHeadersFilter; SearchStrategy: all) did not find any 
beans (OnBeanCondition)

   GatewayMetricsAutoConfiguration.ObservabilityConfiguration#observedResponseHttpHeadersFilter matched:
      - @ConditionalOnMissingBean (types: org.springframework.cloud.gateway.filter.headers.observation.ObservedResponseHttpHeadersFilter; SearchStrategy: all) did not find any 
beans (OnBeanCondition)

   GatewayReactiveLoadBalancerClientAutoConfiguration matched:
      - @ConditionalOnClass found required classes 'org.springframework.cloud.client.loadbalancer.reactive.ReactiveLoadBalancer', 
'org.springframework.cloud.loadbalancer.config.LoadBalancerAutoConfiguration', 'org.springframework.web.reactive.DispatcherHandler' (OnClassCondition)

   GatewayReactiveLoadBalancerClientAutoConfiguration#gatewayLoadBalancerClientFilter matched:
      - @ConditionalOnBean (types: org.springframework.cloud.loadbalancer.support.LoadBalancerClientFactory; SearchStrategy: all) found bean 'loadBalancerClientFactory'; 
@ConditionalOnMissingBean (types: org.springframework.cloud.gateway.filter.ReactiveLoadBalancerClientFilter; SearchStrategy: all) did not find any beans (OnBeanCondition)
      - matched (OnEnabledGlobalFilter)

   GatewayReactiveLoadBalancerClientAutoConfiguration#loadBalancerServiceInstanceCookieFilter matched:
      - @ConditionalOnBean (types: 
org.springframework.cloud.gateway.filter.ReactiveLoadBalancerClientFilter,org.springframework.cloud.loadbalancer.support.LoadBalancerClientFactory; SearchStrategy: all) found 
beans 'loadBalancerClientFactory', 'gatewayLoadBalancerClientFilter'; @ConditionalOnMissingBean (types: 
org.springframework.cloud.gateway.filter.LoadBalancerServiceInstanceCookieFilter; SearchStrategy: all) did not find any beans (OnBeanCondition)
      - matched (OnEnabledGlobalFilter)

   GenericCacheConfiguration matched:
      - Cache org.springframework.boot.autoconfigure.cache.GenericCacheConfiguration automatic cache type (CacheCondition)

   GsonAutoConfiguration matched:
      - @ConditionalOnClass found required class 'com.google.gson.Gson' (OnClassCondition)

   GsonAutoConfiguration#gson matched:
      - @ConditionalOnMissingBean (types: com.google.gson.Gson; SearchStrategy: all) did not find any beans (OnBeanCondition)

   GsonAutoConfiguration#gsonBuilder matched:
      - @ConditionalOnMissingBean (types: com.google.gson.GsonBuilder; SearchStrategy: all) did not find any beans (OnBeanCondition)

   GsonHttpMessageConvertersConfiguration matched:
      - @ConditionalOnClass found required class 'com.google.gson.Gson' (OnClassCondition)

   HealthContributorAutoConfiguration#pingHealthContributor matched:
      - @ConditionalOnEnabledHealthIndicator management.health.defaults.enabled is considered true (OnEnabledHealthIndicatorCondition)

   HealthEndpointAutoConfiguration matched:
      - @ConditionalOnAvailableEndpoint marked as exposed by a 'management.endpoints.web.exposure' property (OnAvailableEndpointCondition)

   HealthEndpointConfiguration#healthContributorRegistry matched:
      - @ConditionalOnMissingBean (types: org.springframework.boot.actuate.health.HealthContributorRegistry; SearchStrategy: all) did not find any beans (OnBeanCondition)

   HealthEndpointConfiguration#healthEndpoint matched:
      - @ConditionalOnMissingBean (types: org.springframework.boot.actuate.health.HealthEndpoint; SearchStrategy: all) did not find any beans (OnBeanCondition)

   HealthEndpointConfiguration#healthEndpointGroupMembershipValidator matched:
      - @ConditionalOnProperty (management.endpoint.health.validate-group-membership=true) matched (OnPropertyCondition)

   HealthEndpointConfiguration#healthEndpointGroups matched:
      - @ConditionalOnMissingBean (types: org.springframework.boot.actuate.health.HealthEndpointGroups; SearchStrategy: all) did not find any beans (OnBeanCondition)

   HealthEndpointConfiguration#healthHttpCodeStatusMapper matched:
      - @ConditionalOnMissingBean (types: org.springframework.boot.actuate.health.HttpCodeStatusMapper; SearchStrategy: all) did not find any beans (OnBeanCondition)

   HealthEndpointConfiguration#healthStatusAggregator matched:
      - @ConditionalOnMissingBean (types: org.springframework.boot.actuate.health.StatusAggregator; SearchStrategy: all) did not find any beans (OnBeanCondition)

   HealthEndpointWebExtensionConfiguration matched:
      - found 'session' scope (OnWebApplicationCondition)
      - @ConditionalOnAvailableEndpoint marked as exposed by a 'management.endpoints.web.exposure' property (OnAvailableEndpointCondition)
      - @ConditionalOnBean (types: org.springframework.boot.actuate.health.HealthEndpoint; SearchStrategy: all) found bean 'healthEndpoint' (OnBeanCondition)

   HealthEndpointWebExtensionConfiguration#healthEndpointWebExtension matched:
      - @ConditionalOnMissingBean (types: org.springframework.boot.actuate.health.HealthEndpointWebExtension; SearchStrategy: all) did not find any beans (OnBeanCondition)

   HealthEndpointWebExtensionConfiguration.MvcAdditionalHealthEndpointPathsConfiguration matched:
      - @ConditionalOnBean (types: org.springframework.web.servlet.DispatcherServlet; SearchStrategy: all) found bean 'dispatcherServlet' (OnBeanCondition)

   HibernateJpaAutoConfiguration matched:
      - @ConditionalOnClass found required classes 'org.springframework.orm.jpa.LocalContainerEntityManagerFactoryBean', 'jakarta.persistence.EntityManager', 
'org.hibernate.engine.spi.SessionImplementor' (OnClassCondition)

   HibernateJpaConfiguration matched:
      - @ConditionalOnSingleCandidate (types: javax.sql.DataSource; SearchStrategy: all) found a single bean 'dataSource' (OnBeanCondition)

   HttpClientAutoConfiguration matched:
      - @ConditionalOnClass found required class 'org.springframework.http.client.ClientHttpRequestFactory' (OnClassCondition)
      - NoneNestedConditions 0 matched 1 did not; NestedCondition on NotReactiveWebApplicationCondition.ReactiveWebApplication not a reactive web application 
(NotReactiveWebApplicationCondition)

   HttpClientAutoConfiguration#clientHttpRequestFactoryBuilder matched:
      - @ConditionalOnMissingBean (types: org.springframework.boot.http.client.ClientHttpRequestFactoryBuilder; SearchStrategy: all) did not find any beans (OnBeanCondition)

   HttpClientAutoConfiguration#clientHttpRequestFactorySettings matched:
      - @ConditionalOnMissingBean (types: org.springframework.boot.http.client.ClientHttpRequestFactorySettings; SearchStrategy: all) did not find any beans (OnBeanCondition)

   HttpClientObservationsAutoConfiguration matched:
      - @ConditionalOnClass found required class 'io.micrometer.observation.Observation' (OnClassCondition)
      - @ConditionalOnBean (types: io.micrometer.observation.ObservationRegistry; SearchStrategy: all) found bean 'observationRegistry' (OnBeanCondition)

   HttpClientObservationsAutoConfiguration.MeterFilterConfiguration matched:
      - @ConditionalOnClass found required class 'io.micrometer.core.instrument.MeterRegistry' (OnClassCondition)
      - @ConditionalOnBean (types: io.micrometer.core.instrument.MeterRegistry; SearchStrategy: all) found bean 'simpleMeterRegistry' (OnBeanCondition)

   HttpEncodingAutoConfiguration matched:
      - @ConditionalOnClass found required class 'org.springframework.web.filter.CharacterEncodingFilter' (OnClassCondition)
      - found 'session' scope (OnWebApplicationCondition)
      - @ConditionalOnProperty (server.servlet.encoding.enabled) matched (OnPropertyCondition)

   HttpEncodingAutoConfiguration#characterEncodingFilter matched:
      - @ConditionalOnMissingBean (types: org.springframework.web.filter.CharacterEncodingFilter; SearchStrategy: all) did not find any beans (OnBeanCondition)

   HttpMessageConvertersAutoConfiguration matched:
      - @ConditionalOnClass found required class 'org.springframework.http.converter.HttpMessageConverter' (OnClassCondition)
      - NoneNestedConditions 0 matched 1 did not; NestedCondition on HttpMessageConvertersAutoConfiguration.NotReactiveWebApplicationCondition.ReactiveWebApplication not a 
reactive web application (HttpMessageConvertersAutoConfiguration.NotReactiveWebApplicationCondition)

   HttpMessageConvertersAutoConfiguration#messageConverters matched:
      - @ConditionalOnMissingBean (types: org.springframework.boot.autoconfigure.http.HttpMessageConverters; SearchStrategy: all) did not find any beans (OnBeanCondition)

   HttpMessageConvertersAutoConfiguration.StringHttpMessageConverterConfiguration matched:
      - @ConditionalOnClass found required class 'org.springframework.http.converter.StringHttpMessageConverter' (OnClassCondition)

   HttpMessageConvertersAutoConfiguration.StringHttpMessageConverterConfiguration#stringHttpMessageConverter matched:
      - @ConditionalOnMissingBean (types: org.springframework.http.converter.StringHttpMessageConverter; SearchStrategy: all) did not find any beans (OnBeanCondition)

   InfoContributorAutoConfiguration#buildInfoContributor matched:
      - @ConditionalOnEnabledInfoContributor management.info.defaults.enabled is considered true (OnEnabledInfoContributorCondition)
      - @ConditionalOnSingleCandidate (types: org.springframework.boot.info.BuildProperties; SearchStrategy: all) found a single bean 'buildProperties' (OnBeanCondition)

   InfoEndpointAutoConfiguration matched:
      - @ConditionalOnAvailableEndpoint marked as exposed by a 'management.endpoints.web.exposure' property (OnAvailableEndpointCondition)

   InfoEndpointAutoConfiguration#infoEndpoint matched:
      - @ConditionalOnMissingBean (types: org.springframework.boot.actuate.info.InfoEndpoint; SearchStrategy: all) did not find any beans (OnBeanCondition)

   JacksonAutoConfiguration matched:
      - @ConditionalOnClass found required class 'com.fasterxml.jackson.databind.ObjectMapper' (OnClassCondition)

   JacksonAutoConfiguration.Jackson2ObjectMapperBuilderCustomizerConfiguration matched:
      - @ConditionalOnClass found required class 'org.springframework.http.converter.json.Jackson2ObjectMapperBuilder' (OnClassCondition)

   JacksonAutoConfiguration.JacksonObjectMapperBuilderConfiguration matched:
      - @ConditionalOnClass found required class 'org.springframework.http.converter.json.Jackson2ObjectMapperBuilder' (OnClassCondition)

   JacksonAutoConfiguration.JacksonObjectMapperBuilderConfiguration#jacksonObjectMapperBuilder matched:
      - @ConditionalOnMissingBean (types: org.springframework.http.converter.json.Jackson2ObjectMapperBuilder; SearchStrategy: all) did not find any beans (OnBeanCondition)

   JacksonAutoConfiguration.JacksonObjectMapperConfiguration matched:
      - @ConditionalOnClass found required class 'org.springframework.http.converter.json.Jackson2ObjectMapperBuilder' (OnClassCondition)

   JacksonAutoConfiguration.JacksonObjectMapperConfiguration#jacksonObjectMapper matched:
      - @ConditionalOnMissingBean (types: com.fasterxml.jackson.databind.ObjectMapper; SearchStrategy: all) did not find any beans (OnBeanCondition)

   JacksonAutoConfiguration.ParameterNamesModuleConfiguration matched:
      - @ConditionalOnClass found required class 'com.fasterxml.jackson.module.paramnames.ParameterNamesModule' (OnClassCondition)

   JacksonAutoConfiguration.ParameterNamesModuleConfiguration#parameterNamesModule matched:
      - @ConditionalOnMissingBean (types: com.fasterxml.jackson.module.paramnames.ParameterNamesModule; SearchStrategy: all) did not find any beans (OnBeanCondition)

   JacksonEndpointAutoConfiguration#endpointObjectMapper matched:
      - @ConditionalOnClass found required classes 'com.fasterxml.jackson.databind.ObjectMapper', 'org.springframework.http.converter.json.Jackson2ObjectMapperBuilder' 
(OnClassCondition)
      - @ConditionalOnProperty (management.endpoints.jackson.isolated-object-mapper) matched (OnPropertyCondition)

   JacksonHttpMessageConvertersConfiguration.MappingJackson2HttpMessageConverterConfiguration matched:
      - @ConditionalOnClass found required class 'com.fasterxml.jackson.databind.ObjectMapper' (OnClassCondition)
      - @ConditionalOnProperty (spring.mvc.converters.preferred-json-mapper=jackson) matched (OnPropertyCondition)
      - @ConditionalOnBean (types: com.fasterxml.jackson.databind.ObjectMapper; SearchStrategy: all) found bean 'jacksonObjectMapper' (OnBeanCondition)

   JacksonHttpMessageConvertersConfiguration.MappingJackson2HttpMessageConverterConfiguration#mappingJackson2HttpMessageConverter matched:
      - @ConditionalOnMissingBean (types: org.springframework.http.converter.json.MappingJackson2HttpMessageConverter ignored: 
org.springframework.hateoas.server.mvc.TypeConstrainedMappingJackson2HttpMessageConverter,org.springframework.data.rest.webmvc.alps.AlpsJsonHttpMessageConverter; SearchStrategy: 
all) did not find any beans (OnBeanCondition)

   JacksonHttpMessageConvertersConfiguration.MappingJackson2XmlHttpMessageConverterConfiguration matched:
      - @ConditionalOnClass found required class 'com.fasterxml.jackson.dataformat.xml.XmlMapper' (OnClassCondition)
      - @ConditionalOnBean (types: org.springframework.http.converter.json.Jackson2ObjectMapperBuilder; SearchStrategy: all) found bean 'jacksonObjectMapperBuilder' 
(OnBeanCondition)

   JacksonHttpMessageConvertersConfiguration.MappingJackson2XmlHttpMessageConverterConfiguration#mappingJackson2XmlHttpMessageConverter matched:
      - @ConditionalOnMissingBean (types: org.springframework.http.converter.xml.MappingJackson2XmlHttpMessageConverter; SearchStrategy: all) did not find any beans 
(OnBeanCondition)

   JdbcClientAutoConfiguration matched:
      - @ConditionalOnSingleCandidate (types: org.springframework.jdbc.core.namedparam.NamedParameterJdbcTemplate; SearchStrategy: all) found a single bean 
'namedParameterJdbcTemplate'; @ConditionalOnMissingBean (types: org.springframework.jdbc.core.simple.JdbcClient; SearchStrategy: all) did not find any beans (OnBeanCondition)

   JdbcRepositoryConfiguration matched:
      - @ConditionalOnClass found required class 'org.springframework.jdbc.core.JdbcTemplate' (OnClassCondition)
      - @ConditionalOnProperty (spring.cloud.config.server.jdbc.enabled) matched (OnPropertyCondition)

   JdbcTemplateAutoConfiguration matched:
      - @ConditionalOnClass found required classes 'javax.sql.DataSource', 'org.springframework.jdbc.core.JdbcTemplate' (OnClassCondition)
      - @ConditionalOnSingleCandidate (types: javax.sql.DataSource; SearchStrategy: all) found a single bean 'dataSource' (OnBeanCondition)

   JdbcTemplateConfiguration matched:
      - @ConditionalOnMissingBean (types: org.springframework.jdbc.core.JdbcOperations; SearchStrategy: all) did not find any beans (OnBeanCondition)

   JpaBaseConfiguration#entityManagerFactory matched:
      - @ConditionalOnMissingBean (types: org.springframework.orm.jpa.LocalContainerEntityManagerFactoryBean,jakarta.persistence.EntityManagerFactory; SearchStrategy: all) did 
not find any beans (OnBeanCondition)

   JpaBaseConfiguration#entityManagerFactoryBuilder matched:
      - @ConditionalOnMissingBean (types: org.springframework.boot.orm.jpa.EntityManagerFactoryBuilder; SearchStrategy: all) did not find any beans (OnBeanCondition)

   JpaBaseConfiguration#jpaVendorAdapter matched:
      - @ConditionalOnMissingBean (types: org.springframework.orm.jpa.JpaVendorAdapter; SearchStrategy: all) did not find any beans (OnBeanCondition)

   JpaBaseConfiguration#transactionManager matched:
      - @ConditionalOnMissingBean (types: org.springframework.transaction.TransactionManager; SearchStrategy: all) did not find any beans (OnBeanCondition)

   JpaBaseConfiguration.PersistenceManagedTypesConfiguration matched:
      - @ConditionalOnMissingBean (types: org.springframework.orm.jpa.LocalContainerEntityManagerFactoryBean,jakarta.persistence.EntityManagerFactory; SearchStrategy: all) did 
not find any beans (OnBeanCondition)

   JpaBaseConfiguration.PersistenceManagedTypesConfiguration#persistenceManagedTypes matched:
      - @ConditionalOnMissingBean (types: org.springframework.orm.jpa.persistenceunit.PersistenceManagedTypes; SearchStrategy: all) did not find any beans (OnBeanCondition)

   JpaRepositoriesAutoConfiguration matched:
      - @ConditionalOnClass found required class 'org.springframework.data.jpa.repository.JpaRepository' (OnClassCondition)
      - @ConditionalOnProperty (spring.data.jpa.repositories.enabled=true) matched (OnPropertyCondition)
      - @ConditionalOnBean (types: javax.sql.DataSource; SearchStrategy: all) found bean 'dataSource'; @ConditionalOnMissingBean (types: 
org.springframework.data.jpa.repository.support.JpaRepositoryFactoryBean,org.springframework.data.jpa.repository.config.JpaRepositoryConfigExtension; SearchStrategy: all) did 
not find any beans (OnBeanCondition)

   JtaAutoConfiguration matched:
      - @ConditionalOnClass found required class 'jakarta.transaction.Transaction' (OnClassCondition)
      - @ConditionalOnProperty (spring.jta.enabled) matched (OnPropertyCondition)

   JvmMetricsAutoConfiguration matched:
      - @ConditionalOnClass found required class 'io.micrometer.core.instrument.MeterRegistry' (OnClassCondition)
      - @ConditionalOnBean (types: io.micrometer.core.instrument.MeterRegistry; SearchStrategy: all) found bean 'simpleMeterRegistry' (OnBeanCondition)

   JvmMetricsAutoConfiguration#classLoaderMetrics matched:
      - @ConditionalOnMissingBean (types: io.micrometer.core.instrument.binder.jvm.ClassLoaderMetrics; SearchStrategy: all) did not find any beans (OnBeanCondition)

   JvmMetricsAutoConfiguration#jvmCompilationMetrics matched:
      - @ConditionalOnMissingBean (types: io.micrometer.core.instrument.binder.jvm.JvmCompilationMetrics; SearchStrategy: all) did not find any beans (OnBeanCondition)

   JvmMetricsAutoConfiguration#jvmGcMetrics matched:
      - @ConditionalOnMissingBean (types: io.micrometer.core.instrument.binder.jvm.JvmGcMetrics; SearchStrategy: all) did not find any beans (OnBeanCondition)

   JvmMetricsAutoConfiguration#jvmHeapPressureMetrics matched:
      - @ConditionalOnMissingBean (types: io.micrometer.core.instrument.binder.jvm.JvmHeapPressureMetrics; SearchStrategy: all) did not find any beans (OnBeanCondition)

   JvmMetricsAutoConfiguration#jvmInfoMetrics matched:
      - @ConditionalOnMissingBean (types: io.micrometer.core.instrument.binder.jvm.JvmInfoMetrics; SearchStrategy: all) did not find any beans (OnBeanCondition)

   JvmMetricsAutoConfiguration#jvmMemoryMetrics matched:
      - @ConditionalOnMissingBean (types: io.micrometer.core.instrument.binder.jvm.JvmMemoryMetrics; SearchStrategy: all) did not find any beans (OnBeanCondition)

   JvmMetricsAutoConfiguration#jvmThreadMetrics matched:
      - @ConditionalOnMissingBean (types: io.micrometer.core.instrument.binder.jvm.JvmThreadMetrics; SearchStrategy: all) did not find any beans (OnBeanCondition)

   LifecycleAutoConfiguration#defaultLifecycleProcessor matched:
      - @ConditionalOnMissingBean (names: lifecycleProcessor; SearchStrategy: current) did not find any beans (OnBeanCondition)

   LifecycleMvcEndpointAutoConfiguration#environmentManager matched:
      - @ConditionalOnMissingBean (types: org.springframework.cloud.context.environment.EnvironmentManager; SearchStrategy: all) did not find any beans (OnBeanCondition)

   org.springframework.cloud.client.loadbalancer.LoadBalancerAutoConfiguration matched:
      - AnyNestedCondition 2 matched 0 did not; NestedCondition on BlockingRestClassesPresentCondition.RestClientPresent @ConditionalOnClass found required class 
'org.springframework.web.client.RestClient'; NestedCondition on BlockingRestClassesPresentCondition.RestTemplatePresent @ConditionalOnClass found required class 
'org.springframework.web.client.RestTemplate' (BlockingRestClassesPresentCondition)
      - @ConditionalOnBean (types: org.springframework.cloud.client.loadbalancer.LoadBalancerClient; SearchStrategy: all) found bean 'blockingLoadBalancerClient' 
(OnBeanCondition)

   org.springframework.cloud.loadbalancer.config.LoadBalancerAutoConfiguration matched:
      - @ConditionalOnProperty (spring.cloud.loadbalancer.enabled=true) matched (OnPropertyCondition)

   LoadBalancerAutoConfiguration#loadBalancerClientFactory matched:
      - @ConditionalOnMissingBean (types: org.springframework.cloud.loadbalancer.support.LoadBalancerClientFactory; SearchStrategy: all) did not find any beans (OnBeanCondition)

   LoadBalancerAutoConfiguration#loadBalancerRequestFactory matched:
      - @ConditionalOnMissingBean (types: org.springframework.cloud.client.loadbalancer.LoadBalancerRequestFactory; SearchStrategy: all) did not find any beans (OnBeanCondition)

   LoadBalancerAutoConfiguration#zoneConfig matched:
      - @ConditionalOnMissingBean (types: org.springframework.cloud.loadbalancer.config.LoadBalancerZoneConfig; SearchStrategy: all) did not find any beans (OnBeanCondition)

   LoadBalancerAutoConfiguration.DeferringLoadBalancerInterceptorConfig#deferringLoadBalancerInterceptor matched:
      - @ConditionalOnMissingBean (types: org.springframework.cloud.client.loadbalancer.DeferringLoadBalancerInterceptor; SearchStrategy: all) did not find any beans 
(OnBeanCondition)

   LoadBalancerAutoConfiguration.DeferringLoadBalancerInterceptorConfig#lbRestClientPostProcessor matched:
      - @ConditionalOnBean (types: org.springframework.cloud.client.loadbalancer.DeferringLoadBalancerInterceptor; SearchStrategy: all) found bean 
'deferringLoadBalancerInterceptor'; @ConditionalOnMissingBean (types: org.springframework.cloud.client.loadbalancer.LoadBalancerRestClientBuilderBeanPostProcessor; 
SearchStrategy: all) did not find any beans (OnBeanCondition)

   LoadBalancerAutoConfiguration.DeferringLoadBalancerInterceptorConfig#lbRestTemplateBuilderPostProcessor matched:
      - @ConditionalOnBean (types: org.springframework.cloud.client.loadbalancer.DeferringLoadBalancerInterceptor; SearchStrategy: all) found bean 
'deferringLoadBalancerInterceptor'; @ConditionalOnMissingBean (types: org.springframework.cloud.client.loadbalancer.LoadBalancerRestTemplateBuilderBeanPostProcessor; 
SearchStrategy: all) did not find any beans (OnBeanCondition)

   LoadBalancerAutoConfiguration.LoadBalancerInterceptorConfig matched:
      - AnyNestedCondition 1 matched 1 did not; NestedCondition on LoadBalancerAutoConfiguration.RetryMissingOrDisabledCondition.RetryDisabled @ConditionalOnProperty 
(spring.cloud.loadbalancer.retry.enabled=false) did not find property 'spring.cloud.loadbalancer.retry.enabled'; NestedCondition on 
LoadBalancerAutoConfiguration.RetryMissingOrDisabledCondition.RetryTemplateMissing @ConditionalOnMissingClass did not find unwanted class 
'org.springframework.retry.support.RetryTemplate' (LoadBalancerAutoConfiguration.RetryMissingOrDisabledCondition)

   LoadBalancerAutoConfiguration.LoadBalancerInterceptorConfig#restTemplateCustomizer matched:
      - @ConditionalOnMissingBean (types: org.springframework.cloud.client.loadbalancer.RestTemplateCustomizer; SearchStrategy: all) did not find any beans (OnBeanCondition)

   LoadBalancerBeanPostProcessorAutoConfiguration matched:
      - @ConditionalOnClass found required class 'org.springframework.web.reactive.function.client.WebClient' (OnClassCondition)
      - AnyNestedCondition 2 matched 0 did not; NestedCondition on 
LoadBalancerBeanPostProcessorAutoConfiguration.OnAnyLoadBalancerImplementationPresentCondition.LoadBalancerClientPresent @ConditionalOnBean (types: 
org.springframework.cloud.client.loadbalancer.LoadBalancerClient; SearchStrategy: all) found bean 'blockingLoadBalancerClient'; NestedCondition on 
LoadBalancerBeanPostProcessorAutoConfiguration.OnAnyLoadBalancerImplementationPresentCondition.ReactiveLoadBalancerFactoryPresent @ConditionalOnBean (types: 
org.springframework.cloud.client.loadbalancer.reactive.ReactiveLoadBalancer$Factory; SearchStrategy: all) found bean 'loadBalancerClientFactory' 
(LoadBalancerBeanPostProcessorAutoConfiguration.OnAnyLoadBalancerImplementationPresentCondition)

   LoadBalancerBeanPostProcessorAutoConfiguration.ReactorDeferringLoadBalancerFilterConfig matched:
      - @ConditionalOnBean (types: org.springframework.cloud.client.loadbalancer.reactive.ReactiveLoadBalancer$Factory; SearchStrategy: all) found bean 
'loadBalancerClientFactory' (OnBeanCondition)

   LoadBalancerCacheAutoConfiguration matched:
      - @ConditionalOnClass found required classes 'org.springframework.cache.CacheManager', 'org.springframework.boot.autoconfigure.cache.CacheAutoConfiguration' 
(OnClassCondition)
      - AllNestedConditions 2 matched 0 did not; NestedCondition on LoadBalancerCacheAutoConfiguration.OnLoadBalancerCachingEnabledCondition.LoadBalancerCacheEnabled 
@ConditionalOnProperty (spring.cloud.loadbalancer.cache.enabled) matched; NestedCondition on 
LoadBalancerCacheAutoConfiguration.OnLoadBalancerCachingEnabledCondition.LoadBalancerEnabled @ConditionalOnProperty (spring.cloud.loadbalancer.enabled=true) matched 
(LoadBalancerCacheAutoConfiguration.OnLoadBalancerCachingEnabledCondition)

   LoadBalancerCacheAutoConfiguration.DefaultLoadBalancerCacheManagerConfiguration matched:
      - @ConditionalOnClass found required class 'com.stoyanr.evictor.ConcurrentMapWithTimedEviction' (OnClassCondition)
      - AnyNestedCondition 1 matched 1 did not; NestedCondition on LoadBalancerCacheAutoConfiguration.OnCaffeineCacheMissingCondition.CaffeineCacheManagerClassMissing 
@ConditionalOnMissingClass found unwanted class 'org.springframework.cache.caffeine.CaffeineCacheManager'; NestedCondition on 
LoadBalancerCacheAutoConfiguration.OnCaffeineCacheMissingCondition.CaffeineClassMissing @ConditionalOnMissingClass did not find unwanted class 
'com.github.benmanes.caffeine.cache.Caffeine' (LoadBalancerCacheAutoConfiguration.OnCaffeineCacheMissingCondition)

   LoadBalancerCacheAutoConfiguration.DefaultLoadBalancerCacheManagerConfiguration#defaultLoadBalancerCacheManager matched:
      - @ConditionalOnMissingBean (types: org.springframework.cloud.loadbalancer.cache.LoadBalancerCacheManager; SearchStrategy: all) did not find any beans (OnBeanCondition)

   LoadBalancerCacheAutoConfiguration.LoadBalancerCacheManagerWarnConfiguration matched:
      - AnyNestedCondition 1 matched 1 did not; NestedCondition on LoadBalancerCacheAutoConfiguration.OnCaffeineCacheMissingCondition.CaffeineCacheManagerClassMissing 
@ConditionalOnMissingClass found unwanted class 'org.springframework.cache.caffeine.CaffeineCacheManager'; NestedCondition on 
LoadBalancerCacheAutoConfiguration.OnCaffeineCacheMissingCondition.CaffeineClassMissing @ConditionalOnMissingClass did not find unwanted class 
'com.github.benmanes.caffeine.cache.Caffeine' (LoadBalancerCacheAutoConfiguration.OnCaffeineCacheMissingCondition)

   LoadBalancerEurekaAutoConfiguration matched:
      - @ConditionalOnClass found required class 'org.springframework.cloud.loadbalancer.annotation.LoadBalancerClientConfigurationRegistrar' (OnClassCondition)
      - @ConditionalOnProperty (eureka.client.enabled) matched (OnPropertyCondition)

   LoadBalancerEurekaAutoConfiguration#eurekaLoadBalancerProperties matched:
      - @ConditionalOnMissingBean (types: org.springframework.cloud.netflix.eureka.loadbalancer.EurekaLoadBalancerProperties; SearchStrategy: all) did not find any beans 
(OnBeanCondition)

   LogbackMetricsAutoConfiguration matched:
      - @ConditionalOnClass found required classes 'io.micrometer.core.instrument.MeterRegistry', 'ch.qos.logback.classic.LoggerContext', 'org.slf4j.LoggerFactory' 
(OnClassCondition)
      - LogbackLoggingCondition ILoggerFactory is a Logback LoggerContext (LogbackMetricsAutoConfiguration.LogbackLoggingCondition)
      - @ConditionalOnBean (types: io.micrometer.core.instrument.MeterRegistry; SearchStrategy: all) found bean 'simpleMeterRegistry' (OnBeanCondition)

   LogbackMetricsAutoConfiguration#logbackMetrics matched:
      - @ConditionalOnMissingBean (types: io.micrometer.core.instrument.binder.logging.LogbackMetrics; SearchStrategy: all) did not find any beans (OnBeanCondition)

   ManagementContextAutoConfiguration.SameManagementContextConfiguration matched:
      - Management Port actual port type (SAME) matched required type (OnManagementPortCondition)

   MetricsAutoConfiguration matched:
      - @ConditionalOnClass found required class 'io.micrometer.core.annotation.Timed' (OnClassCondition)

   MetricsAutoConfiguration#micrometerClock matched:
      - @ConditionalOnMissingBean (types: io.micrometer.core.instrument.Clock; SearchStrategy: all) did not find any beans (OnBeanCondition)

   MetricsEndpointAutoConfiguration matched:
      - @ConditionalOnClass found required class 'io.micrometer.core.annotation.Timed' (OnClassCondition)
      - @ConditionalOnAvailableEndpoint marked as exposed by a 'management.endpoints.web.exposure' property (OnAvailableEndpointCondition)

   MetricsEndpointAutoConfiguration#metricsEndpoint matched:
      - @ConditionalOnBean (types: io.micrometer.core.instrument.MeterRegistry; SearchStrategy: all) found bean 'simpleMeterRegistry'; @ConditionalOnMissingBean (types: 
org.springframework.boot.actuate.metrics.MetricsEndpoint; SearchStrategy: all) did not find any beans (OnBeanCondition)

   MultipartAutoConfiguration matched:
      - @ConditionalOnClass found required classes 'jakarta.servlet.Servlet', 'org.springframework.web.multipart.support.StandardServletMultipartResolver', 
'jakarta.servlet.MultipartConfigElement' (OnClassCondition)
      - found 'session' scope (OnWebApplicationCondition)
      - @ConditionalOnProperty (spring.servlet.multipart.enabled) matched (OnPropertyCondition)

   MultipartAutoConfiguration#multipartConfigElement matched:
      - @ConditionalOnMissingBean (types: jakarta.servlet.MultipartConfigElement; SearchStrategy: all) did not find any beans (OnBeanCondition)

   MultipartAutoConfiguration#multipartResolver matched:
      - @ConditionalOnMissingBean (types: org.springframework.web.multipart.MultipartResolver; SearchStrategy: all) did not find any beans (OnBeanCondition)

   NamedParameterJdbcTemplateConfiguration matched:
      - @ConditionalOnSingleCandidate (types: org.springframework.jdbc.core.JdbcTemplate; SearchStrategy: all) found a single bean 'jdbcTemplate'; @ConditionalOnMissingBean 
(types: org.springframework.jdbc.core.namedparam.NamedParameterJdbcOperations; SearchStrategy: all) did not find any beans (OnBeanCondition)

   NettyAutoConfiguration matched:
      - @ConditionalOnClass found required class 'io.netty.util.NettyRuntime' (OnClassCondition)

   NoOpCacheConfiguration matched:
      - Cache org.springframework.boot.autoconfigure.cache.NoOpCacheConfiguration automatic cache type (CacheCondition)

   ObservationAutoConfiguration matched:
      - @ConditionalOnClass found required class 'io.micrometer.observation.ObservationRegistry' (OnClassCondition)

   ObservationAutoConfiguration#observationRegistry matched:
      - @ConditionalOnMissingBean (types: io.micrometer.observation.ObservationRegistry; SearchStrategy: all) did not find any beans (OnBeanCondition)

   ObservationAutoConfiguration.MeterObservationHandlerConfiguration matched:
      - @ConditionalOnBean (types: io.micrometer.core.instrument.MeterRegistry; SearchStrategy: all) found bean 'simpleMeterRegistry'; @ConditionalOnMissingBean (types: 
io.micrometer.core.instrument.observation.MeterObservationHandler; SearchStrategy: all) did not find any beans (OnBeanCondition)

   ObservationAutoConfiguration.MeterObservationHandlerConfiguration.OnlyMetricsMeterObservationHandlerConfiguration matched:
      - @ConditionalOnMissingBean (types: io.micrometer.tracing.Tracer; SearchStrategy: all) did not find any beans (OnBeanCondition)

   ObservationAutoConfiguration.ObservedAspectConfiguration matched:
      - @ConditionalOnClass found required class 'org.aspectj.weaver.Advice' (OnClassCondition)

   ObservationAutoConfiguration.ObservedAspectConfiguration#observedAspect matched:
      - @ConditionalOnMissingBean (types: io.micrometer.observation.aop.ObservedAspect; SearchStrategy: all) did not find any beans (OnBeanCondition)

   ObservationAutoConfiguration.OnlyMetricsConfiguration matched:
      - @ConditionalOnClass found required class 'io.micrometer.core.instrument.MeterRegistry'; @ConditionalOnMissingClass did not find unwanted class 
'io.micrometer.tracing.Tracer' (OnClassCondition)

   PersistenceExceptionTranslationAutoConfiguration matched:
      - @ConditionalOnClass found required class 'org.springframework.dao.annotation.PersistenceExceptionTranslationPostProcessor' (OnClassCondition)

   PersistenceExceptionTranslationAutoConfiguration#persistenceExceptionTranslationPostProcessor matched:
      - @ConditionalOnProperty (spring.dao.exceptiontranslation.enabled) matched (OnPropertyCondition)
      - @ConditionalOnMissingBean (types: org.springframework.dao.annotation.PersistenceExceptionTranslationPostProcessor; SearchStrategy: all) did not find any beans 
(OnBeanCondition)

   ProjectInfoAutoConfiguration#buildProperties matched:
      - @ConditionalOnResource found location ${spring.info.build.location:classpath:META-INF/build-info.properties} (OnResourceCondition)
      - @ConditionalOnMissingBean (types: org.springframework.boot.info.BuildProperties; SearchStrategy: all) did not find any beans (OnBeanCondition)

   PropertyPlaceholderAutoConfiguration#propertySourcesPlaceholderConfigurer matched:
      - @ConditionalOnMissingBean (types: org.springframework.context.support.PropertySourcesPlaceholderConfigurer; SearchStrategy: current) did not find any beans 
(OnBeanCondition)

   ReactiveCommonsClientAutoConfiguration.ReactiveDiscoveryLoadBalancerConfiguration matched:
      - @ConditionalOnClass found required classes 'org.springframework.boot.actuate.health.ReactiveHealthIndicator', 
'org.springframework.web.reactive.function.client.WebClient' (OnClassCondition)
      - @ConditionalOnProperty (spring.cloud.discovery.enabled) matched; @ConditionalOnProperty (spring.cloud.discovery.reactive.enabled) matched (OnPropertyCondition)
      - @ConditionalOnBean (types: org.springframework.cloud.client.discovery.ReactiveDiscoveryClient; SearchStrategy: all) found beans 'eurekaReactiveDiscoveryClient', 
'simpleReactiveDiscoveryClient', 'reactiveCompositeDiscoveryClient' (OnBeanCondition)

   ReactiveCommonsClientAutoConfiguration.ReactiveDiscoveryLoadBalancerConfiguration#reactiveDiscoveryClients matched:
      - @ConditionalOnProperty (spring.cloud.discovery.client.composite-indicator.enabled) matched (OnPropertyCondition)
      - @ConditionalOnBean (types: org.springframework.cloud.client.discovery.health.reactive.ReactiveDiscoveryHealthIndicator; SearchStrategy: all) found beans 
'eurekaReactiveDiscoveryClientHealthIndicator', 'simpleReactiveDiscoveryClientHealthIndicator' (OnBeanCondition)

   ReactiveCompositeDiscoveryClientAutoConfiguration matched:
      - @ConditionalOnClass found required class 'org.springframework.web.reactive.function.client.WebClient' (OnClassCondition)
      - @ConditionalOnProperty (spring.cloud.discovery.enabled) matched; @ConditionalOnProperty (spring.cloud.discovery.reactive.enabled) matched (OnPropertyCondition)

   ReactiveHealthEndpointConfiguration matched:
      - @ConditionalOnClass found required class 'reactor.core.publisher.Flux' (OnClassCondition)
      - @ConditionalOnBean (types: org.springframework.boot.actuate.health.HealthEndpoint; SearchStrategy: all) found bean 'healthEndpoint' (OnBeanCondition)

   ReactiveHealthEndpointConfiguration#reactiveHealthContributorRegistry matched:
      - @ConditionalOnMissingBean (types: org.springframework.boot.actuate.health.ReactiveHealthContributorRegistry; SearchStrategy: all) did not find any beans (OnBeanCondition)

   ReactorAutoConfiguration matched:
      - @ConditionalOnClass found required class 'reactor.core.publisher.Hooks' (OnClassCondition)

   ReactorLoadBalancerClientAutoConfiguration matched:
      - @ConditionalOnClass found required class 'org.springframework.web.reactive.function.client.WebClient' (OnClassCondition)
      - @ConditionalOnBean (types: org.springframework.cloud.client.loadbalancer.reactive.ReactiveLoadBalancer$Factory; SearchStrategy: all) found bean 
'loadBalancerClientFactory' (OnBeanCondition)

   ReactorLoadBalancerClientAutoConfiguration#loadBalancerExchangeFilterFunction matched:
      - @ConditionalOnProperty (spring.cloud.loadbalancer.retry.enabled=false) matched (OnPropertyCondition)
      - @ConditionalOnMissingBean (types: org.springframework.cloud.client.loadbalancer.reactive.ReactorLoadBalancerExchangeFilterFunction; SearchStrategy: all) did not find any 
beans (OnBeanCondition)

   ReactorNettyConfigurations.ReactorResourceFactoryConfiguration#reactorResourceFactory matched:
      - @ConditionalOnMissingBean (types: org.springframework.http.client.ReactorResourceFactory; SearchStrategy: all) did not find any beans (OnBeanCondition)

   RefreshAutoConfiguration matched:
      - @ConditionalOnClass found required class 'org.springframework.cloud.context.scope.refresh.RefreshScope' (OnClassCondition)
      - @ConditionalOnProperty (spring.cloud.refresh.enabled) matched (OnPropertyCondition)

   RefreshAutoConfiguration#configDataContextRefresher matched:
      - @ConditionalOnMissingBean (types: org.springframework.cloud.context.refresh.ConfigDataContextRefresher; SearchStrategy: all) did not find any beans (OnBeanCondition)
      - NoneNestedConditions 0 matched 3 did not; NestedCondition on ConditionalOnBootstrapDisabled.OnBootstrapDisabledCondition.OnBootstrapEnabled @ConditionalOnProperty 
(spring.cloud.bootstrap.enabled) did not find property 'spring.cloud.bootstrap.enabled'; NestedCondition on 
ConditionalOnBootstrapDisabled.OnBootstrapDisabledCondition.OnUseLegacyProcessingEnabled @ConditionalOnProperty (spring.config.use-legacy-processing) did not find property 
'spring.config.use-legacy-processing'; NestedCondition on ConditionalOnBootstrapDisabled.OnBootstrapDisabledCondition.OnBootstrapMarkerClassPresent @ConditionalOnClass did not 
find required class 'org.springframework.cloud.bootstrap.marker.Marker' (ConditionalOnBootstrapDisabled.OnBootstrapDisabledCondition)

   RefreshAutoConfiguration#loggingRebinder matched:
      - @ConditionalOnMissingBean (types: org.springframework.cloud.logging.LoggingRebinder; SearchStrategy: all) did not find any beans (OnBeanCondition)

   RefreshAutoConfiguration#refreshScope matched:
      - @ConditionalOnMissingBean (types: org.springframework.cloud.context.scope.refresh.RefreshScope; SearchStrategy: all) did not find any beans (OnBeanCondition)

   RefreshAutoConfiguration#refreshScopeLifecycle matched:
      - @ConditionalOnProperty (spring.cloud.refresh.on-restart.enabled) matched (OnPropertyCondition)

   RefreshEndpointAutoConfiguration matched:
      - @ConditionalOnClass found required classes 'org.springframework.boot.actuate.autoconfigure.endpoint.EndpointAutoConfiguration', 
'org.springframework.boot.actuate.health.Health' (OnClassCondition)

   RefreshEndpointAutoConfiguration#refreshScopeHealthIndicator matched:
      - @ConditionalOnMissingBean (types: org.springframework.cloud.health.RefreshScopeHealthIndicator; SearchStrategy: all) did not find any beans (OnBeanCondition)
      - @ConditionalOnEnabledHealthIndicator management.health.defaults.enabled is considered true (OnEnabledHealthIndicatorCondition)

   RepositoryMetricsAutoConfiguration matched:
      - @ConditionalOnClass found required class 'org.springframework.data.repository.Repository' (OnClassCondition)
      - @ConditionalOnBean (types: io.micrometer.core.instrument.MeterRegistry; SearchStrategy: all) found bean 'simpleMeterRegistry' (OnBeanCondition)

   RepositoryMetricsAutoConfiguration#metricsRepositoryMethodInvocationListener matched:
      - @ConditionalOnMissingBean (types: org.springframework.boot.actuate.metrics.data.MetricsRepositoryMethodInvocationListener; SearchStrategy: all) did not find any beans 
(OnBeanCondition)

   RepositoryMetricsAutoConfiguration#repositoryTagsProvider matched:
      - @ConditionalOnMissingBean (types: org.springframework.boot.actuate.metrics.data.RepositoryTagsProvider; SearchStrategy: all) did not find any beans (OnBeanCondition)

   ResourceRepositoryConfiguration matched:
      - @ConditionalOnMissingBean (types: org.springframework.cloud.config.server.resource.ResourceRepository; SearchStrategy: all) did not find any beans (OnBeanCondition)

   ResourceRepositoryConfiguration#resourceRepository matched:
      - @ConditionalOnBean (types: org.springframework.cloud.config.server.environment.SearchPathLocator; SearchStrategy: all) found beans 
'searchPathCompositeEnvironmentRepository', 'defaultEnvironmentRepository' (OnBeanCondition)

   ResourceServerTokenRelayAutoConfiguration matched:
      - @ConditionalOnClass found required class 'org.springframework.web.servlet.config.annotation.WebMvcConfigurer' (OnClassCondition)
      - found 'session' scope (OnWebApplicationCondition)
      - @ConditionalOnProperty (spring.cloud.mvc.token-relay.enabled) matched (OnPropertyCondition)

   RestClientAutoConfiguration matched:
      - @ConditionalOnClass found required class 'org.springframework.web.client.RestClient' (OnClassCondition)
      - NoneNestedConditions 0 matched 1 did not; NestedCondition on NotReactiveWebApplicationCondition.ReactiveWebApplication not a reactive web application 
(NotReactiveWebApplicationCondition)

   RestClientAutoConfiguration#httpMessageConvertersRestClientCustomizer matched:
      - @ConditionalOnMissingBean (types: org.springframework.boot.autoconfigure.web.client.HttpMessageConvertersRestClientCustomizer; SearchStrategy: all) did not find any 
beans (OnBeanCondition)

   RestClientAutoConfiguration#restClientBuilder matched:
      - @ConditionalOnMissingBean (types: org.springframework.web.client.RestClient$Builder; SearchStrategy: all) did not find any beans (OnBeanCondition)

   RestClientAutoConfiguration#restClientBuilderConfigurer matched:
      - @ConditionalOnMissingBean (types: org.springframework.boot.autoconfigure.web.client.RestClientBuilderConfigurer; SearchStrategy: all) did not find any beans 
(OnBeanCondition)

   RestClientAutoConfiguration#restClientSsl matched:
      - @ConditionalOnBean (types: org.springframework.boot.ssl.SslBundles; SearchStrategy: all) found bean 'sslBundleRegistry'; @ConditionalOnMissingBean (types: 
org.springframework.boot.autoconfigure.web.client.RestClientSsl; SearchStrategy: all) did not find any beans (OnBeanCondition)

   RestClientObservationConfiguration matched:
      - @ConditionalOnClass found required class 'org.springframework.web.client.RestClient' (OnClassCondition)
      - @ConditionalOnBean (types: org.springframework.web.client.RestClient$Builder; SearchStrategy: all) found bean 'restClientBuilder' (OnBeanCondition)

   RestTemplateAutoConfiguration matched:
      - @ConditionalOnClass found required class 'org.springframework.web.client.RestTemplate' (OnClassCondition)
      - NoneNestedConditions 0 matched 1 did not; NestedCondition on NotReactiveWebApplicationCondition.ReactiveWebApplication not a reactive web application 
(NotReactiveWebApplicationCondition)

   RestTemplateAutoConfiguration#restTemplateBuilder matched:
      - @ConditionalOnMissingBean (types: org.springframework.boot.web.client.RestTemplateBuilder; SearchStrategy: all) did not find any beans (OnBeanCondition)

   RestTemplateObservationConfiguration matched:
      - @ConditionalOnClass found required class 'org.springframework.web.client.RestTemplate' (OnClassCondition)
      - @ConditionalOnBean (types: org.springframework.boot.web.client.RestTemplateBuilder; SearchStrategy: all) found bean 'restTemplateBuilder' (OnBeanCondition)

   RestartEndpointWithoutIntegrationConfiguration matched:
      - @ConditionalOnMissingClass did not find unwanted class 'org.springframework.integration.monitor.IntegrationMBeanExporter' (OnClassCondition)

   ScheduledTasksObservabilityAutoConfiguration matched:
      - @ConditionalOnClass found required class 'org.springframework.scheduling.concurrent.ThreadPoolTaskScheduler' (OnClassCondition)
      - @ConditionalOnBean (types: io.micrometer.observation.ObservationRegistry; SearchStrategy: all) found bean 'observationRegistry' (OnBeanCondition)

   ServiceRegistryAutoConfiguration.ServiceRegistryEndpointConfiguration matched:
      - @ConditionalOnClass found required class 'org.springframework.boot.actuate.endpoint.annotation.Endpoint' (OnClassCondition)
      - @ConditionalOnBean (types: org.springframework.cloud.client.serviceregistry.ServiceRegistry; SearchStrategy: all) found bean 'eurekaServiceRegistry' (OnBeanCondition)

   ServletEndpointManagementContextConfiguration matched:
      - found 'session' scope (OnWebApplicationCondition)

   ServletEndpointManagementContextConfiguration.WebMvcServletEndpointManagementContextConfiguration matched:
      - @ConditionalOnClass found required class 'org.springframework.web.servlet.DispatcherServlet' (OnClassCondition)

   ServletManagementContextAutoConfiguration matched:
      - @ConditionalOnClass found required class 'jakarta.servlet.Servlet' (OnClassCondition)
      - found 'session' scope (OnWebApplicationCondition)

   ServletWebServerFactoryAutoConfiguration matched:
      - @ConditionalOnClass found required class 'jakarta.servlet.ServletRequest' (OnClassCondition)
      - found 'session' scope (OnWebApplicationCondition)

   ServletWebServerFactoryAutoConfiguration#tomcatServletWebServerFactoryCustomizer matched:
      - @ConditionalOnClass found required class 'org.apache.catalina.startup.Tomcat' (OnClassCondition)

   ServletWebServerFactoryConfiguration.EmbeddedTomcat matched:
      - @ConditionalOnClass found required classes 'jakarta.servlet.Servlet', 'org.apache.catalina.startup.Tomcat', 'org.apache.coyote.UpgradeProtocol' (OnClassCondition)
      - @ConditionalOnMissingBean (types: org.springframework.boot.web.servlet.server.ServletWebServerFactory; SearchStrategy: current) did not find any beans (OnBeanCondition)

   SimpleCacheConfiguration matched:
      - Cache org.springframework.boot.autoconfigure.cache.SimpleCacheConfiguration automatic cache type (CacheCondition)

   SimpleDiscoveryClientAutoConfiguration#simpleDiscoveryProperties matched:
      - @ConditionalOnMissingBean (types: org.springframework.cloud.client.discovery.simple.SimpleDiscoveryProperties; SearchStrategy: all) did not find any beans 
(OnBeanCondition)

   SimpleMetricsExportAutoConfiguration matched:
      - @ConditionalOnEnabledMetricsExport management.simple.metrics.export.enabled is true (OnMetricsExportEnabledCondition)
      - @ConditionalOnBean (types: io.micrometer.core.instrument.Clock; SearchStrategy: all) found bean 'micrometerClock'; @ConditionalOnMissingBean (types: 
io.micrometer.core.instrument.MeterRegistry; SearchStrategy: all) did not find any beans (OnBeanCondition)

   SimpleMetricsExportAutoConfiguration#simpleConfig matched:
      - @ConditionalOnMissingBean (types: io.micrometer.core.instrument.simple.SimpleConfig; SearchStrategy: all) did not find any beans (OnBeanCondition)

   SimpleReactiveDiscoveryClientAutoConfiguration matched:
      - @ConditionalOnClass found required class 'org.springframework.web.reactive.function.client.WebClient' (OnClassCondition)
      - @ConditionalOnProperty (spring.cloud.discovery.enabled) matched; @ConditionalOnProperty (spring.cloud.discovery.reactive.enabled) matched (OnPropertyCondition)

   SimpleReactiveDiscoveryClientAutoConfiguration.HealthConfiguration matched:
      - @ConditionalOnClass found required class 'org.springframework.boot.actuate.health.ReactiveHealthIndicator' (OnClassCondition)

   SimpleReactiveDiscoveryClientAutoConfiguration.HealthConfiguration#simpleReactiveDiscoveryClientHealthIndicator matched:
      - @ConditionalOnProperty (spring.cloud.discovery.client.health-indicator.enabled) matched (OnPropertyCondition)

   SpringDataWebAutoConfiguration matched:
      - @ConditionalOnClass found required classes 'org.springframework.data.web.PageableHandlerMethodArgumentResolver', 
'org.springframework.web.servlet.config.annotation.WebMvcConfigurer' (OnClassCondition)
      - found 'session' scope (OnWebApplicationCondition)
      - @ConditionalOnMissingBean (types: org.springframework.data.web.PageableHandlerMethodArgumentResolver; SearchStrategy: all) did not find any beans (OnBeanCondition)

   SpringDataWebAutoConfiguration#pageableCustomizer matched:
      - @ConditionalOnMissingBean (types: org.springframework.data.web.config.PageableHandlerMethodArgumentResolverCustomizer; SearchStrategy: all) did not find any beans 
(OnBeanCondition)

   SpringDataWebAutoConfiguration#sortCustomizer matched:
      - @ConditionalOnMissingBean (types: org.springframework.data.web.config.SortHandlerMethodArgumentResolverCustomizer; SearchStrategy: all) did not find any beans 
(OnBeanCondition)

   SpringDataWebAutoConfiguration#springDataWebSettings matched:
      - @ConditionalOnMissingBean (types: org.springframework.data.web.config.SpringDataWebSettings; SearchStrategy: all) did not find any beans (OnBeanCondition)

   SqlInitializationAutoConfiguration matched:
      - @ConditionalOnProperty (spring.sql.init.enabled) matched (OnPropertyCondition)
      - NoneNestedConditions 0 matched 1 did not; NestedCondition on SqlInitializationAutoConfiguration.SqlInitializationModeCondition.ModeIsNever @ConditionalOnProperty 
(spring.sql.init.mode=never) did not find property 'mode' (SqlInitializationAutoConfiguration.SqlInitializationModeCondition)

   SslAutoConfiguration#sslBundleRegistry matched:
      - @ConditionalOnMissingBean (types: org.springframework.boot.ssl.SslBundleRegistry,org.springframework.boot.ssl.SslBundles; SearchStrategy: all) did not find any beans 
(OnBeanCondition)

   SslHealthContributorAutoConfiguration matched:
      - @ConditionalOnEnabledHealthIndicator management.health.defaults.enabled is considered true (OnEnabledHealthIndicatorCondition)

   SslHealthContributorAutoConfiguration#sslHealthIndicator matched:
      - @ConditionalOnMissingBean (names: sslHealthIndicator; SearchStrategy: all) did not find any beans (OnBeanCondition)

   SslHealthContributorAutoConfiguration#sslInfo matched:
      - @ConditionalOnMissingBean (types: org.springframework.boot.info.SslInfo; SearchStrategy: all) did not find any beans (OnBeanCondition)

   StartupTimeMetricsListenerAutoConfiguration matched:
      - @ConditionalOnClass found required class 'io.micrometer.core.instrument.MeterRegistry' (OnClassCondition)
      - @ConditionalOnBean (types: io.micrometer.core.instrument.MeterRegistry; SearchStrategy: all) found bean 'simpleMeterRegistry' (OnBeanCondition)

   StartupTimeMetricsListenerAutoConfiguration#startupTimeMetrics matched:
      - @ConditionalOnMissingBean (types: org.springframework.boot.actuate.metrics.startup.StartupTimeMetricsListener; SearchStrategy: all) did not find any beans 
(OnBeanCondition)

   SystemMetricsAutoConfiguration matched:
      - @ConditionalOnClass found required class 'io.micrometer.core.instrument.MeterRegistry' (OnClassCondition)
      - @ConditionalOnBean (types: io.micrometer.core.instrument.MeterRegistry; SearchStrategy: all) found bean 'simpleMeterRegistry' (OnBeanCondition)

   SystemMetricsAutoConfiguration#diskSpaceMetrics matched:
      - @ConditionalOnMissingBean (types: org.springframework.boot.actuate.metrics.system.DiskSpaceMetricsBinder; SearchStrategy: all) did not find any beans (OnBeanCondition)

   SystemMetricsAutoConfiguration#fileDescriptorMetrics matched:
      - @ConditionalOnMissingBean (types: io.micrometer.core.instrument.binder.system.FileDescriptorMetrics; SearchStrategy: all) did not find any beans (OnBeanCondition)

   SystemMetricsAutoConfiguration#processorMetrics matched:
      - @ConditionalOnMissingBean (types: io.micrometer.core.instrument.binder.system.ProcessorMetrics; SearchStrategy: all) did not find any beans (OnBeanCondition)

   SystemMetricsAutoConfiguration#uptimeMetrics matched:
      - @ConditionalOnMissingBean (types: io.micrometer.core.instrument.binder.system.UptimeMetrics; SearchStrategy: all) did not find any beans (OnBeanCondition)

   TaskExecutionAutoConfiguration matched:
      - @ConditionalOnClass found required class 'org.springframework.scheduling.concurrent.ThreadPoolTaskExecutor' (OnClassCondition)

   TaskExecutorConfigurations.SimpleAsyncTaskExecutorBuilderConfiguration#simpleAsyncTaskExecutorBuilder matched:
      - @ConditionalOnMissingBean (types: org.springframework.boot.task.SimpleAsyncTaskExecutorBuilder; SearchStrategy: all) did not find any beans (OnBeanCondition)
      - @ConditionalOnThreading found PLATFORM (OnThreadingCondition)

   TaskExecutorConfigurations.TaskExecutorConfiguration matched:
      - @ConditionalOnMissingBean (types: java.util.concurrent.Executor; SearchStrategy: all) did not find any beans (OnBeanCondition)

   TaskExecutorConfigurations.TaskExecutorConfiguration#applicationTaskExecutor matched:
      - @ConditionalOnThreading found PLATFORM (OnThreadingCondition)

   TaskExecutorConfigurations.ThreadPoolTaskExecutorBuilderConfiguration#threadPoolTaskExecutorBuilder matched:
      - @ConditionalOnMissingBean (types: org.springframework.boot.task.ThreadPoolTaskExecutorBuilder; SearchStrategy: all) did not find any beans (OnBeanCondition)

   TaskExecutorMetricsAutoConfiguration matched:
      - @ConditionalOnClass found required class 'io.micrometer.core.instrument.binder.jvm.ExecutorServiceMetrics' (OnClassCondition)
      - @ConditionalOnBean (types: java.util.concurrent.Executor,io.micrometer.core.instrument.MeterRegistry; SearchStrategy: all) found beans 'applicationTaskExecutor', 
'simpleMeterRegistry' (OnBeanCondition)

   TaskSchedulingAutoConfiguration matched:
      - @ConditionalOnClass found required class 'org.springframework.scheduling.concurrent.ThreadPoolTaskScheduler' (OnClassCondition)

   TaskSchedulingConfigurations.SimpleAsyncTaskSchedulerBuilderConfiguration#simpleAsyncTaskSchedulerBuilder matched:
      - @ConditionalOnMissingBean (types: org.springframework.boot.task.SimpleAsyncTaskSchedulerBuilder; SearchStrategy: all) did not find any beans (OnBeanCondition)
      - @ConditionalOnThreading found PLATFORM (OnThreadingCondition)

   TaskSchedulingConfigurations.ThreadPoolTaskSchedulerBuilderConfiguration#threadPoolTaskSchedulerBuilder matched:
      - @ConditionalOnMissingBean (types: org.springframework.boot.task.ThreadPoolTaskSchedulerBuilder; SearchStrategy: all) did not find any beans (OnBeanCondition)

   TomcatMetricsAutoConfiguration matched:
      - @ConditionalOnClass found required classes 'io.micrometer.core.instrument.binder.tomcat.TomcatMetrics', 'org.apache.catalina.Manager' (OnClassCondition)
      - @ConditionalOnWebApplication (required) found 'session' scope (OnWebApplicationCondition)

   TomcatMetricsAutoConfiguration#tomcatMetricsBinder matched:
      - @ConditionalOnBean (types: io.micrometer.core.instrument.MeterRegistry; SearchStrategy: all) found bean 'simpleMeterRegistry'; @ConditionalOnMissingBean (types: 
io.micrometer.core.instrument.binder.tomcat.TomcatMetrics,org.springframework.boot.actuate.metrics.web.tomcat.TomcatMetricsBinder; SearchStrategy: all) did not find any beans 
(OnBeanCondition)

   TransactionAutoConfiguration matched:
      - @ConditionalOnClass found required class 'org.springframework.transaction.PlatformTransactionManager' (OnClassCondition)

   TransactionAutoConfiguration.EnableTransactionManagementConfiguration matched:
      - @ConditionalOnBean (types: org.springframework.transaction.TransactionManager; SearchStrategy: all) found bean 'transactionManager'; @ConditionalOnMissingBean (types: 
org.springframework.transaction.annotation.AbstractTransactionManagementConfiguration; SearchStrategy: all) did not find any beans (OnBeanCondition)

   TransactionAutoConfiguration.EnableTransactionManagementConfiguration.CglibAutoProxyConfiguration matched:
      - @ConditionalOnProperty (spring.aop.proxy-target-class=true) matched (OnPropertyCondition)

   TransactionAutoConfiguration.TransactionTemplateConfiguration matched:
      - @ConditionalOnSingleCandidate (types: org.springframework.transaction.PlatformTransactionManager; SearchStrategy: all) found a single bean 'transactionManager' 
(OnBeanCondition)

   TransactionAutoConfiguration.TransactionTemplateConfiguration#transactionTemplate matched:
      - @ConditionalOnMissingBean (types: org.springframework.transaction.support.TransactionOperations; SearchStrategy: all) did not find any beans (OnBeanCondition)

   TransactionManagerCustomizationAutoConfiguration matched:
      - @ConditionalOnClass found required class 'org.springframework.transaction.PlatformTransactionManager' (OnClassCondition)

   TransactionManagerCustomizationAutoConfiguration#platformTransactionManagerCustomizers matched:
      - @ConditionalOnMissingBean (types: org.springframework.boot.autoconfigure.transaction.TransactionManagerCustomizers; SearchStrategy: all) did not find any beans 
(OnBeanCondition)

   UtilAutoConfiguration matched:
      - @ConditionalOnProperty (spring.cloud.util.enabled) matched (OnPropertyCondition)

   UtilAutoConfiguration#inetUtils matched:
      - @ConditionalOnMissingBean (types: org.springframework.cloud.commons.util.InetUtils; SearchStrategy: all) did not find any beans (OnBeanCondition)

   ValidationAutoConfiguration matched:
      - @ConditionalOnClass found required class 'jakarta.validation.executable.ExecutableValidator' (OnClassCondition)
      - @ConditionalOnResource found location classpath:META-INF/services/jakarta.validation.spi.ValidationProvider (OnResourceCondition)

   ValidationAutoConfiguration#defaultValidator matched:
      - @ConditionalOnMissingBean (types: jakarta.validation.Validator; SearchStrategy: all) did not find any beans (OnBeanCondition)

   ValidationAutoConfiguration#methodValidationPostProcessor matched:
      - @ConditionalOnMissingBean (types: org.springframework.validation.beanvalidation.MethodValidationPostProcessor; SearchStrategy: current) did not find any beans 
(OnBeanCondition)

   VaultRepositoryConfiguration matched:
      - @ConditionalOnMissingClass did not find unwanted class 'org.springframework.vault.core.VaultTemplate' (OnClassCondition)

   WebClientAutoConfiguration matched:
      - @ConditionalOnClass found required class 'org.springframework.web.reactive.function.client.WebClient' (OnClassCondition)

   WebClientAutoConfiguration#webClientBuilder matched:
      - @ConditionalOnMissingBean (types: org.springframework.web.reactive.function.client.WebClient$Builder; SearchStrategy: all) did not find any beans (OnBeanCondition)

   WebClientAutoConfiguration#webClientSsl matched:
      - @ConditionalOnBean (types: org.springframework.boot.ssl.SslBundles; SearchStrategy: all) found bean 'sslBundleRegistry'; @ConditionalOnMissingBean (types: 
org.springframework.boot.autoconfigure.web.reactive.function.client.WebClientSsl; SearchStrategy: all) did not find any beans (OnBeanCondition)

   WebClientAutoConfiguration.WebClientCodecsConfiguration matched:
      - @ConditionalOnBean (types: org.springframework.boot.web.codec.CodecCustomizer; SearchStrategy: all) found beans 'jacksonCodecCustomizer', 'defaultCodecCustomizer' 
(OnBeanCondition)

   WebClientAutoConfiguration.WebClientCodecsConfiguration#exchangeStrategiesCustomizer matched:
      - @ConditionalOnMissingBean (types: org.springframework.boot.autoconfigure.web.reactive.function.client.WebClientCodecCustomizer; SearchStrategy: all) did not find any 
beans (OnBeanCondition)

   WebClientObservationConfiguration matched:
      - @ConditionalOnClass found required class 'org.springframework.web.reactive.function.client.WebClient' (OnClassCondition)

   WebEndpointAutoConfiguration matched:
      - @ConditionalOnWebApplication (required) found 'session' scope (OnWebApplicationCondition)

   WebEndpointAutoConfiguration#controllerEndpointDiscoverer matched:
      - @ConditionalOnMissingBean (types: org.springframework.boot.actuate.endpoint.web.annotation.ControllerEndpointsSupplier; SearchStrategy: all) did not find any beans 
(OnBeanCondition)

   WebEndpointAutoConfiguration#endpointMediaTypes matched:
      - @ConditionalOnMissingBean (types: org.springframework.boot.actuate.endpoint.web.EndpointMediaTypes; SearchStrategy: all) did not find any beans (OnBeanCondition)

   WebEndpointAutoConfiguration#pathMappedEndpoints matched:
      - @ConditionalOnMissingBean (types: org.springframework.boot.actuate.endpoint.web.PathMappedEndpoints; SearchStrategy: all) did not find any beans (OnBeanCondition)

   WebEndpointAutoConfiguration#webEndpointDiscoverer matched:
      - @ConditionalOnMissingBean (types: org.springframework.boot.actuate.endpoint.web.WebEndpointsSupplier; SearchStrategy: all) did not find any beans (OnBeanCondition)

   WebEndpointAutoConfiguration.WebEndpointServletConfiguration matched:
      - found 'session' scope (OnWebApplicationCondition)

   WebEndpointAutoConfiguration.WebEndpointServletConfiguration#servletEndpointDiscoverer matched:
      - @ConditionalOnMissingBean (types: org.springframework.boot.actuate.endpoint.web.annotation.ServletEndpointsSupplier; SearchStrategy: all) did not find any beans 
(OnBeanCondition)

   WebMvcAutoConfiguration matched:
      - @ConditionalOnClass found required classes 'jakarta.servlet.Servlet', 'org.springframework.web.servlet.DispatcherServlet', 
'org.springframework.web.servlet.config.annotation.WebMvcConfigurer' (OnClassCondition)
      - found 'session' scope (OnWebApplicationCondition)
      - @ConditionalOnMissingBean (types: org.springframework.web.servlet.config.annotation.WebMvcConfigurationSupport; SearchStrategy: all) did not find any beans 
(OnBeanCondition)

   WebMvcAutoConfiguration#formContentFilter matched:
      - @ConditionalOnProperty (spring.mvc.formcontent.filter.enabled) matched (OnPropertyCondition)
      - @ConditionalOnMissingBean (types: org.springframework.web.filter.FormContentFilter; SearchStrategy: all) did not find any beans (OnBeanCondition)

   WebMvcAutoConfiguration.EnableWebMvcConfiguration#flashMapManager matched:
      - @ConditionalOnMissingBean (names: flashMapManager; SearchStrategy: all) did not find any beans (OnBeanCondition)

   WebMvcAutoConfiguration.EnableWebMvcConfiguration#localeResolver matched:
      - @ConditionalOnMissingBean (names: localeResolver; SearchStrategy: all) did not find any beans (OnBeanCondition)

   WebMvcAutoConfiguration.EnableWebMvcConfiguration#themeResolver matched:
      - @ConditionalOnMissingBean (names: themeResolver; SearchStrategy: all) did not find any beans (OnBeanCondition)

   WebMvcAutoConfiguration.EnableWebMvcConfiguration#viewNameTranslator matched:
      - @ConditionalOnMissingBean (names: viewNameTranslator; SearchStrategy: all) did not find any beans (OnBeanCondition)

   WebMvcAutoConfiguration.WebMvcAutoConfigurationAdapter#defaultViewResolver matched:
      - @ConditionalOnMissingBean (types: org.springframework.web.servlet.view.InternalResourceViewResolver; SearchStrategy: all) did not find any beans (OnBeanCondition)

   WebMvcAutoConfiguration.WebMvcAutoConfigurationAdapter#requestContextFilter matched:
      - @ConditionalOnMissingBean (types: org.springframework.web.context.request.RequestContextListener,org.springframework.web.filter.RequestContextFilter; SearchStrategy: 
all) did not find any beans (OnBeanCondition)

   WebMvcAutoConfiguration.WebMvcAutoConfigurationAdapter#viewResolver matched:
      - @ConditionalOnBean (types: org.springframework.web.servlet.ViewResolver; SearchStrategy: all) found beans 'defaultViewResolver', 'beanNameViewResolver', 
'mvcViewResolver'; @ConditionalOnMissingBean (names: viewResolver types: org.springframework.web.servlet.view.ContentNegotiatingViewResolver; SearchStrategy: all) did not find 
any beans (OnBeanCondition)

   WebMvcEndpointManagementContextConfiguration matched:
      - @ConditionalOnClass found required class 'org.springframework.web.servlet.DispatcherServlet' (OnClassCondition)
      - found 'session' scope (OnWebApplicationCondition)
      - @ConditionalOnBean (types: org.springframework.web.servlet.DispatcherServlet,org.springframework.boot.actuate.endpoint.web.WebEndpointsSupplier; SearchStrategy: all) 
found beans 'webEndpointDiscoverer', 'dispatcherServlet' (OnBeanCondition)

   WebMvcEndpointManagementContextConfiguration#controllerEndpointHandlerMapping matched:
      - @ConditionalOnMissingBean (types: org.springframework.boot.actuate.endpoint.web.servlet.ControllerEndpointHandlerMapping; SearchStrategy: all) did not find any beans 
(OnBeanCondition)

   WebMvcEndpointManagementContextConfiguration#endpointObjectMapperWebMvcConfigurer matched:
      - @ConditionalOnBean (types: org.springframework.boot.actuate.endpoint.jackson.EndpointObjectMapper; SearchStrategy: all) found bean 'endpointObjectMapper' 
(OnBeanCondition)

   WebMvcEndpointManagementContextConfiguration#webEndpointServletHandlerMapping matched:
      - @ConditionalOnMissingBean (types: org.springframework.boot.actuate.endpoint.web.servlet.WebMvcEndpointHandlerMapping; SearchStrategy: all) did not find any beans 
(OnBeanCondition)

   WebMvcObservationAutoConfiguration matched:
      - @ConditionalOnClass found required classes 'org.springframework.web.servlet.DispatcherServlet', 'io.micrometer.observation.Observation' (OnClassCondition)
      - found 'session' scope (OnWebApplicationCondition)
      - @ConditionalOnBean (types: io.micrometer.observation.ObservationRegistry; SearchStrategy: all) found bean 'observationRegistry' (OnBeanCondition)

   WebMvcObservationAutoConfiguration#webMvcObservationFilter matched:
      - @ConditionalOnMissingBean (types: org.springframework.web.filter.ServerHttpObservationFilter; SearchStrategy: all) did not find any beans (OnBeanCondition)

   WebMvcObservationAutoConfiguration.MeterFilterConfiguration matched:
      - @ConditionalOnClass found required class 'io.micrometer.core.instrument.MeterRegistry' (OnClassCondition)
      - @ConditionalOnBean (types: io.micrometer.core.instrument.MeterRegistry; SearchStrategy: all) found bean 'simpleMeterRegistry' (OnBeanCondition)

   WebSocketServletAutoConfiguration matched:
      - @ConditionalOnClass found required classes 'jakarta.servlet.Servlet', 'jakarta.websocket.server.ServerContainer' (OnClassCondition)
      - found 'session' scope (OnWebApplicationCondition)

   WebSocketServletAutoConfiguration.TomcatWebSocketConfiguration matched:
      - @ConditionalOnClass found required classes 'org.apache.catalina.startup.Tomcat', 'org.apache.tomcat.websocket.server.WsSci' (OnClassCondition)

   WebSocketServletAutoConfiguration.TomcatWebSocketConfiguration#websocketServletWebServerCustomizer matched:
      - @ConditionalOnMissingBean (names: websocketServletWebServerCustomizer; SearchStrategy: all) did not find any beans (OnBeanCondition)


Negative matches:
-----------------

   ActiveMQAutoConfiguration:
      Did not match:
         - @ConditionalOnClass did not find required class 'jakarta.jms.ConnectionFactory' (OnClassCondition)

   AopAutoConfiguration.AspectJAutoProxyingConfiguration.JdkDynamicAutoProxyConfiguration:
      Did not match:
         - @ConditionalOnProperty (spring.aop.proxy-target-class=false) did not find property 'proxy-target-class' (OnPropertyCondition)

   AopAutoConfiguration.ClassProxyingConfiguration:
      Did not match:
         - @ConditionalOnMissingClass found unwanted class 'org.aspectj.weaver.Advice' (OnClassCondition)

   AppOpticsMetricsExportAutoConfiguration:
      Did not match:
         - @ConditionalOnClass did not find required class 'io.micrometer.appoptics.AppOpticsMeterRegistry' (OnClassCondition)

   ArtemisAutoConfiguration:
      Did not match:
         - @ConditionalOnClass did not find required class 'jakarta.jms.ConnectionFactory' (OnClassCondition)

   AtlasMetricsExportAutoConfiguration:
      Did not match:
         - @ConditionalOnClass did not find required class 'io.micrometer.atlas.AtlasMeterRegistry' (OnClassCondition)

   AuditAutoConfiguration:
      Did not match:
         - @ConditionalOnBean (types: org.springframework.boot.actuate.audit.AuditEventRepository; SearchStrategy: all) did not find any beans of type 
org.springframework.boot.actuate.audit.AuditEventRepository (OnBeanCondition)
      Matched:
         - @ConditionalOnProperty (management.auditevents.enabled) matched (OnPropertyCondition)

   AuditEventsEndpointAutoConfiguration:
      Did not match:
         - @ConditionalOnAvailableEndpoint not exposed (OnAvailableEndpointCondition)

   AvailabilityHealthContributorAutoConfiguration#livenessStateHealthIndicator:
      Did not match:
         - @ConditionalOnProperty (management.health.livenessstate.enabled=true) did not find property 'enabled' (OnPropertyCondition)

   AvailabilityHealthContributorAutoConfiguration#readinessStateHealthIndicator:
      Did not match:
         - @ConditionalOnProperty (management.health.readinessstate.enabled=true) did not find property 'enabled' (OnPropertyCondition)

   AvailabilityProbesAutoConfiguration:
      Did not match:
         - Probes availability not running on a supported cloud platform (AvailabilityProbesAutoConfiguration.ProbesCondition)

   BatchAutoConfiguration:
      Did not match:
         - @ConditionalOnClass did not find required class 'org.springframework.batch.core.launch.JobLauncher' (OnClassCondition)

   BatchObservationAutoConfiguration:
      Did not match:
         - @ConditionalOnClass did not find required class 'org.springframework.batch.core.configuration.annotation.BatchObservabilityBeanPostProcessor' (OnClassCondition)

   BeansEndpointAutoConfiguration:
      Did not match:
         - @ConditionalOnAvailableEndpoint not exposed (OnAvailableEndpointCondition)

   BlockingLoadBalancerClientAutoConfiguration.BlockingLoadBalancerRetryConfig:
      Did not match:
         - @ConditionalOnClass did not find required class 'org.springframework.retry.support.RetryTemplate' (OnClassCondition)

   BraveAutoConfiguration:
      Did not match:
         - @ConditionalOnClass did not find required class 'brave.Tracer' (OnClassCondition)

   Cache2kCacheConfiguration:
      Did not match:
         - @ConditionalOnClass did not find required class 'org.cache2k.Cache2kBuilder' (OnClassCondition)

   CacheAutoConfiguration:
      Did not match:
         - @ConditionalOnBean (types: org.springframework.cache.interceptor.CacheAspectSupport; SearchStrategy: all) did not find any beans of type 
org.springframework.cache.interceptor.CacheAspectSupport (OnBeanCondition)
      Matched:
         - @ConditionalOnClass found required class 'org.springframework.cache.CacheManager' (OnClassCondition)

   CacheAutoConfiguration.CacheManagerEntityManagerFactoryDependsOnPostProcessor:
      Did not match:
         - Ancestor org.springframework.boot.autoconfigure.cache.CacheAutoConfiguration did not match (ConditionEvaluationReport.AncestorsMatchedCondition)
      Matched:
         - @ConditionalOnClass found required class 'org.springframework.orm.jpa.LocalContainerEntityManagerFactoryBean' (OnClassCondition)

   CacheMeterBinderProvidersConfiguration.Cache2kCacheMeterBinderProviderConfiguration:
      Did not match:
         - @ConditionalOnClass did not find required classes 'org.cache2k.Cache2kBuilder', 'org.cache2k.extra.spring.SpringCache2kCache', 
'org.cache2k.extra.micrometer.Cache2kCacheMetrics' (OnClassCondition)

   CacheMeterBinderProvidersConfiguration.CaffeineCacheMeterBinderProviderConfiguration:
      Did not match:
         - @ConditionalOnClass did not find required class 'com.github.benmanes.caffeine.cache.Cache' (OnClassCondition)

   CacheMeterBinderProvidersConfiguration.HazelcastCacheMeterBinderProviderConfiguration:
      Did not match:
         - @ConditionalOnClass did not find required classes 'com.hazelcast.spring.cache.HazelcastCache', 'com.hazelcast.core.Hazelcast' (OnClassCondition)

   CacheMeterBinderProvidersConfiguration.JCacheCacheMeterBinderProviderConfiguration:
      Did not match:
         - @ConditionalOnClass did not find required class 'javax.cache.CacheManager' (OnClassCondition)

   CacheMeterBinderProvidersConfiguration.RedisCacheMeterBinderProviderConfiguration:
      Did not match:
         - @ConditionalOnClass did not find required class 'org.springframework.data.redis.cache.RedisCache' (OnClassCondition)

   CacheMetricsAutoConfiguration:
      Did not match:
         - @ConditionalOnBean (types: org.springframework.cache.CacheManager; SearchStrategy: all) did not find any beans of type org.springframework.cache.CacheManager 
(OnBeanCondition)

   CachesEndpointAutoConfiguration:
      Did not match:
         - @ConditionalOnAvailableEndpoint not exposed (OnAvailableEndpointCondition)
      Matched:
         - @ConditionalOnClass found required class 'org.springframework.cache.CacheManager' (OnClassCondition)

   CaffeineCacheConfiguration:
      Did not match:
         - @ConditionalOnClass did not find required class 'com.github.benmanes.caffeine.cache.Caffeine' (OnClassCondition)

   CassandraAutoConfiguration:
      Did not match:
         - @ConditionalOnClass did not find required class 'com.datastax.oss.driver.api.core.CqlSession' (OnClassCondition)

   CassandraDataAutoConfiguration:
      Did not match:
         - @ConditionalOnClass did not find required class 'com.datastax.oss.driver.api.core.CqlSession' (OnClassCondition)

   CassandraHealthContributorAutoConfiguration:
      Did not match:
         - @ConditionalOnClass did not find required class 'com.datastax.oss.driver.api.core.CqlSession' (OnClassCondition)

   CassandraReactiveDataAutoConfiguration:
      Did not match:
         - @ConditionalOnClass did not find required class 'com.datastax.oss.driver.api.core.CqlSession' (OnClassCondition)

   CassandraReactiveHealthContributorAutoConfiguration:
      Did not match:
         - @ConditionalOnClass did not find required class 'com.datastax.oss.driver.api.core.CqlSession' (OnClassCondition)

   CassandraReactiveRepositoriesAutoConfiguration:
      Did not match:
         - @ConditionalOnClass did not find required class 'org.springframework.data.cassandra.ReactiveSession' (OnClassCondition)

   CassandraRepositoriesAutoConfiguration:
      Did not match:
         - @ConditionalOnClass did not find required class 'com.datastax.oss.driver.api.core.CqlSession' (OnClassCondition)

   ClientHttpConnectorFactoryConfiguration.HttpClient5:
      Did not match:
         - @ConditionalOnClass did not find required class 'org.apache.hc.core5.reactive.ReactiveResponseConsumer' (OnClassCondition)

   ClientHttpConnectorFactoryConfiguration.JdkClient:
      Did not match:
         - @ConditionalOnMissingBean (types: org.springframework.boot.autoconfigure.web.reactive.function.client.ClientHttpConnectorFactory; SearchStrategy: all) found beans of 
type 'org.springframework.boot.autoconfigure.web.reactive.function.client.ClientHttpConnectorFactory' reactorClientHttpConnectorFactory (OnBeanCondition)
      Matched:
         - @ConditionalOnClass found required class 'java.net.http.HttpClient' (OnClassCondition)

   CloudFoundryActuatorAutoConfiguration:
      Did not match:
         - @ConditionalOnCloudPlatform did not find CLOUD_FOUNDRY (OnCloudPlatformCondition)
      Matched:
         - @ConditionalOnClass found required class 'org.springframework.web.servlet.DispatcherServlet' (OnClassCondition)
         - found 'session' scope (OnWebApplicationCondition)
         - @ConditionalOnProperty (management.cloudfoundry.enabled) matched (OnPropertyCondition)

   CloudHypermediaAutoConfiguration:
      Did not match:
         - @ConditionalOnClass did not find required class 'org.springframework.hateoas.Link' (OnClassCondition)

   CommonsClientAutoConfiguration.ActuatorConfiguration#featuresEndpoint:
      Did not match:
         - @ConditionalOnAvailableEndpoint not exposed (OnAvailableEndpointCondition)

   CompositeConfiguration#compositeEnvironmentRepository:
      Did not match:
         - @ConditionalOnMissingBean (types: org.springframework.cloud.config.server.environment.SearchPathLocator; SearchStrategy: all) found beans of type 
'org.springframework.cloud.config.server.environment.SearchPathLocator' defaultEnvironmentRepository, searchPathCompositeEnvironmentRepository (OnBeanCondition)

   CompositeMeterRegistryConfiguration:
      Did not match:
         - NoneNestedConditions 1 matched 1 did not; NestedCondition on 
CompositeMeterRegistryConfiguration.MultipleNonPrimaryMeterRegistriesCondition.SingleInjectableMeterRegistry @ConditionalOnSingleCandidate (types: 
io.micrometer.core.instrument.MeterRegistry; SearchStrategy: all) found a single bean 'simpleMeterRegistry'; NestedCondition on 
CompositeMeterRegistryConfiguration.MultipleNonPrimaryMeterRegistriesCondition.NoMeterRegistryCondition @ConditionalOnMissingBean (types: 
io.micrometer.core.instrument.MeterRegistry; SearchStrategy: all) found beans of type 'io.micrometer.core.instrument.MeterRegistry' simpleMeterRegistry 
(CompositeMeterRegistryConfiguration.MultipleNonPrimaryMeterRegistriesCondition)

   ConditionsReportEndpointAutoConfiguration:
      Did not match:
         - @ConditionalOnAvailableEndpoint not exposed (OnAvailableEndpointCondition)

   ConfigClientAutoConfiguration.ConfigClientWatchConfiguration:
      Did not match:
         - @ConditionalOnProperty (spring.cloud.config.watch.enabled) did not find property 'spring.cloud.config.watch.enabled' (OnPropertyCondition)
      Matched:
         - @ConditionalOnClass found required class 'org.springframework.cloud.context.refresh.ContextRefresher' (OnClassCondition)

   ConfigServerBootstrapOverridesAutoConfiguration:
      Did not match:
         - @ConditionalOnProperty (spring.cloud.config.server.bootstrap) did not find property 'spring.cloud.config.server.bootstrap' (OnPropertyCondition)

   ConfigServerMvcConfiguration.EnvironmentControllerConfiguration:
      Did not match:
         - @ConditionalOnMissingBean (types: org.springframework.cloud.context.scope.refresh.RefreshScope; SearchStrategy: all) found beans of type 
'org.springframework.cloud.context.scope.refresh.RefreshScope' refreshScope (OnBeanCondition)

   ConfigurationPropertiesReportEndpointAutoConfiguration:
      Did not match:
         - @ConditionalOnAvailableEndpoint not exposed (OnAvailableEndpointCondition)

   ConnectionFactoryHealthContributorAutoConfiguration:
      Did not match:
         - @ConditionalOnClass did not find required class 'io.r2dbc.spi.ConnectionFactory' (OnClassCondition)

   ConnectionPoolMetricsAutoConfiguration:
      Did not match:
         - @ConditionalOnClass did not find required class 'io.r2dbc.pool.ConnectionPool' (OnClassCondition)

   CouchbaseAutoConfiguration:
      Did not match:
         - @ConditionalOnClass did not find required class 'com.couchbase.client.java.Cluster' (OnClassCondition)

   CouchbaseCacheConfiguration:
      Did not match:
         - @ConditionalOnClass did not find required class 'com.couchbase.client.java.Cluster' (OnClassCondition)

   CouchbaseDataAutoConfiguration:
      Did not match:
         - @ConditionalOnClass did not find required class 'com.couchbase.client.java.Bucket' (OnClassCondition)

   CouchbaseHealthContributorAutoConfiguration:
      Did not match:
         - @ConditionalOnClass did not find required class 'com.couchbase.client.java.Cluster' (OnClassCondition)

   CouchbaseReactiveDataAutoConfiguration:
      Did not match:
         - @ConditionalOnClass did not find required class 'com.couchbase.client.java.Cluster' (OnClassCondition)

   CouchbaseReactiveHealthContributorAutoConfiguration:
      Did not match:
         - @ConditionalOnClass did not find required class 'com.couchbase.client.java.Cluster' (OnClassCondition)

   CouchbaseReactiveRepositoriesAutoConfiguration:
      Did not match:
         - @ConditionalOnClass did not find required class 'com.couchbase.client.java.Cluster' (OnClassCondition)

   CouchbaseRepositoriesAutoConfiguration:
      Did not match:
         - @ConditionalOnClass did not find required class 'com.couchbase.client.java.Bucket' (OnClassCondition)

   DataSourceAutoConfiguration.EmbeddedDatabaseConfiguration:
      Did not match:
         - EmbeddedDataSource spring.datasource.url is set (DataSourceAutoConfiguration.EmbeddedDatabaseCondition)

   DataSourceCheckpointRestoreConfiguration:
      Did not match:
         - @ConditionalOnClass did not find required class 'org.crac.Resource' (OnClassCondition)

   DataSourceConfiguration.Dbcp2:
      Did not match:
         - @ConditionalOnClass did not find required class 'org.apache.commons.dbcp2.BasicDataSource' (OnClassCondition)

   DataSourceConfiguration.Generic:
      Did not match:
         - @ConditionalOnProperty (spring.datasource.type) did not find property 'spring.datasource.type' (OnPropertyCondition)

   DataSourceConfiguration.OracleUcp:
      Did not match:
         - @ConditionalOnClass did not find required classes 'oracle.ucp.jdbc.PoolDataSourceImpl', 'oracle.jdbc.OracleConnection' (OnClassCondition)

   DataSourceConfiguration.Tomcat:
      Did not match:
         - @ConditionalOnClass did not find required class 'org.apache.tomcat.jdbc.pool.DataSource' (OnClassCondition)

   DataSourceJmxConfiguration:
      Did not match:
         - @ConditionalOnProperty (spring.jmx.enabled=true) found different value in property 'enabled' (OnPropertyCondition)

   DataSourcePoolMetadataProvidersConfiguration.CommonsDbcp2PoolDataSourceMetadataProviderConfiguration:
      Did not match:
         - @ConditionalOnClass did not find required class 'org.apache.commons.dbcp2.BasicDataSource' (OnClassCondition)

   DataSourcePoolMetadataProvidersConfiguration.OracleUcpPoolDataSourceMetadataProviderConfiguration:
      Did not match:
         - @ConditionalOnClass did not find required classes 'oracle.ucp.jdbc.PoolDataSource', 'oracle.jdbc.OracleConnection' (OnClassCondition)

   DataSourcePoolMetadataProvidersConfiguration.TomcatDataSourcePoolMetadataProviderConfiguration:
      Did not match:
         - @ConditionalOnClass did not find required class 'org.apache.tomcat.jdbc.pool.DataSource' (OnClassCondition)

   DataSourceTransactionManagerAutoConfiguration.JdbcTransactionManagerConfiguration#transactionManager:
      Did not match:
         - @ConditionalOnMissingBean (types: org.springframework.transaction.TransactionManager; SearchStrategy: all) found beans of type 
'org.springframework.transaction.TransactionManager' transactionManager (OnBeanCondition)

   DatadogMetricsExportAutoConfiguration:
      Did not match:
         - @ConditionalOnClass did not find required class 'io.micrometer.datadog.DatadogMeterRegistry' (OnClassCondition)

   DefaultTextEncryptionAutoConfiguration#defaultLocatorBasedTextEncryptor:
      Did not match:
         - @ConditionalOnBean (types: org.springframework.cloud.config.server.encryption.TextEncryptorLocator; SearchStrategy: all) did not find any beans of type 
org.springframework.cloud.config.server.encryption.TextEncryptorLocator (OnBeanCondition)

   DefaultTextEncryptionAutoConfiguration#defaultTextEncryptor:
      Did not match:
         - @ConditionalOnMissingBean (types: org.springframework.security.crypto.encrypt.TextEncryptor; SearchStrategy: all) found beans of type 
'org.springframework.security.crypto.encrypt.TextEncryptor' textEncryptor (OnBeanCondition)

   DefaultTextEncryptionAutoConfiguration#keyProperties:
      Did not match:
         - @ConditionalOnMissingBean (types: org.springframework.cloud.bootstrap.encrypt.KeyProperties; SearchStrategy: all) found beans of type 
'org.springframework.cloud.bootstrap.encrypt.KeyProperties' keyProperties (OnBeanCondition)

   DiscoveryClientOptionalArgsConfiguration.DiscoveryClientOptionalArgsTlsConfiguration:
      Did not match:
         - @ConditionalOnBean (types: com.netflix.discovery.AbstractDiscoveryClientOptionalArgs; SearchStrategy: current) did not find any beans of type 
com.netflix.discovery.AbstractDiscoveryClientOptionalArgs (OnBeanCondition)
      Matched:
         - AllNestedConditions 2 matched 0 did not; NestedCondition on DiscoveryClientOptionalArgsConfiguration.OnJerseyClientPresentAndEnabledCondition.OnJerseyClientEnabled 
@ConditionalOnProperty (eureka.client.jersey.enabled) matched; NestedCondition on 
DiscoveryClientOptionalArgsConfiguration.OnJerseyClientPresentAndEnabledCondition.OnJerseyClientPresent @ConditionalOnClass found required class 
'org.glassfish.jersey.client.JerseyClient' (DiscoveryClientOptionalArgsConfiguration.OnJerseyClientPresentAndEnabledCondition)

   DiscoveryClientOptionalArgsConfiguration.RestClientConfiguration:
      Did not match:
         - AllNestedConditions 2 matched 2 did not; NestedCondition on DiscoveryClientOptionalArgsConfiguration.OnRestClientPresentAndEnabledCondition.OnRestClientEnabled 
@ConditionalOnProperty (eureka.client.restclient.enabled=true) did not find property 'restclient.enabled'; NestedCondition on 
DiscoveryClientOptionalArgsConfiguration.OnRestClientPresentAndEnabledCondition.OnWebClientDisabled @ConditionalOnProperty (eureka.client.webclient.enabled=false) matched; 
NestedCondition on DiscoveryClientOptionalArgsConfiguration.OnRestClientPresentAndEnabledCondition.OnJerseyClientNotPresentOrNotEnabled AnyNestedCondition 0 matched 2 did not; 
NestedCondition on DiscoveryClientOptionalArgsConfiguration.OnJerseyClientNotPresentOrNotEnabledCondition.OnJerseyClientDisabled @ConditionalOnProperty 
(eureka.client.jersey.enabled=false) did not find property 'eureka.client.jersey.enabled'; NestedCondition on 
DiscoveryClientOptionalArgsConfiguration.OnJerseyClientNotPresentOrNotEnabledCondition.OnJerseyClientMissing @ConditionalOnMissingClass found unwanted class 
'org.glassfish.jersey.client.JerseyClient'; NestedCondition on DiscoveryClientOptionalArgsConfiguration.OnRestClientPresentAndEnabledCondition.OnRestClientPresent 
@ConditionalOnClass found required class 'org.springframework.web.client.RestClient' (DiscoveryClientOptionalArgsConfiguration.OnRestClientPresentAndEnabledCondition)

   DiscoveryClientOptionalArgsConfiguration.RestTemplateConfiguration:
      Did not match:
         - AllNestedConditions 3 matched 1 did not; NestedCondition on DiscoveryClientOptionalArgsConfiguration.OnRestTemplatePresentAndEnabledCondition.OnRestClientDisabled 
@ConditionalOnProperty (eureka.client.restclient.enabled=false) matched; NestedCondition on 
DiscoveryClientOptionalArgsConfiguration.OnRestTemplatePresentAndEnabledCondition.OnWebClientDisabled @ConditionalOnProperty (eureka.client.webclient.enabled=false) matched; 
NestedCondition on DiscoveryClientOptionalArgsConfiguration.OnRestTemplatePresentAndEnabledCondition.OnJerseyClientNotPresentOrNotEnabled AnyNestedCondition 0 matched 2 did not; 
NestedCondition on DiscoveryClientOptionalArgsConfiguration.OnJerseyClientNotPresentOrNotEnabledCondition.OnJerseyClientDisabled @ConditionalOnProperty 
(eureka.client.jersey.enabled=false) did not find property 'eureka.client.jersey.enabled'; NestedCondition on 
DiscoveryClientOptionalArgsConfiguration.OnJerseyClientNotPresentOrNotEnabledCondition.OnJerseyClientMissing @ConditionalOnMissingClass found unwanted class 
'org.glassfish.jersey.client.JerseyClient'; NestedCondition on DiscoveryClientOptionalArgsConfiguration.OnRestTemplatePresentAndEnabledCondition.OnRestTemplatePresent 
@ConditionalOnClass found required class 'org.springframework.web.client.RestTemplate' (DiscoveryClientOptionalArgsConfiguration.OnRestTemplatePresentAndEnabledCondition)

   DiscoveryClientOptionalArgsConfiguration.WebClientConfiguration:
      Did not match:
         - @ConditionalOnProperty (eureka.client.webclient.enabled=true) did not find property 'webclient.enabled' (OnPropertyCondition)
      Matched:
         - @ConditionalOnClass found required class 'org.springframework.web.reactive.function.client.WebClient' (OnClassCondition)

   DiscoveryClientOptionalArgsConfiguration.WebClientNotFoundConfiguration:
      Did not match:
         - @ConditionalOnMissingClass found unwanted class 'org.springframework.web.reactive.function.client.WebClient' (OnClassCondition)

   DispatcherServletAutoConfiguration.DispatcherServletConfiguration#multipartResolver:
      Did not match:
         - @ConditionalOnBean (types: org.springframework.web.multipart.MultipartResolver; SearchStrategy: all) did not find any beans of type 
org.springframework.web.multipart.MultipartResolver (OnBeanCondition)

   DynatraceMetricsExportAutoConfiguration:
      Did not match:
         - @ConditionalOnClass did not find required class 'io.micrometer.dynatrace.DynatraceMeterRegistry' (OnClassCondition)

   ElasticMetricsExportAutoConfiguration:
      Did not match:
         - @ConditionalOnClass did not find required class 'io.micrometer.elastic.ElasticMeterRegistry' (OnClassCondition)

   ElasticsearchClientAutoConfiguration:
      Did not match:
         - @ConditionalOnClass did not find required class 'co.elastic.clients.elasticsearch.ElasticsearchClient' (OnClassCondition)

   ElasticsearchDataAutoConfiguration:
      Did not match:
         - @ConditionalOnClass did not find required class 'org.springframework.data.elasticsearch.client.elc.ElasticsearchTemplate' (OnClassCondition)

   ElasticsearchReactiveHealthContributorAutoConfiguration:
      Did not match:
         - @ConditionalOnClass did not find required class 'org.springframework.data.elasticsearch.client.elc.ReactiveElasticsearchClient' (OnClassCondition)

   ElasticsearchRepositoriesAutoConfiguration:
      Did not match:
         - @ConditionalOnClass did not find required class 'org.springframework.data.elasticsearch.repository.ElasticsearchRepository' (OnClassCondition)

   ElasticsearchRestClientAutoConfiguration:
      Did not match:
         - @ConditionalOnClass did not find required class 'org.elasticsearch.client.RestClientBuilder' (OnClassCondition)

   ElasticsearchRestHealthContributorAutoConfiguration:
      Did not match:
         - @ConditionalOnClass did not find required class 'org.elasticsearch.client.RestClient' (OnClassCondition)

   EmbeddedLdapAutoConfiguration:
      Did not match:
         - @ConditionalOnClass did not find required class 'com.unboundid.ldap.listener.InMemoryDirectoryServer' (OnClassCondition)

   EmbeddedWebServerFactoryCustomizerAutoConfiguration.JettyWebServerFactoryCustomizerConfiguration:
      Did not match:
         - @ConditionalOnClass did not find required classes 'org.eclipse.jetty.server.Server', 'org.eclipse.jetty.util.Loader', 'org.eclipse.jetty.ee10.webapp.WebAppContext' 
(OnClassCondition)

   EmbeddedWebServerFactoryCustomizerAutoConfiguration.TomcatWebServerFactoryCustomizerConfiguration#tomcatVirtualThreadsProtocolHandlerCustomizer:
      Did not match:
         - @ConditionalOnThreading did not find VIRTUAL (OnThreadingCondition)

   EmbeddedWebServerFactoryCustomizerAutoConfiguration.UndertowWebServerFactoryCustomizerConfiguration:
      Did not match:
         - @ConditionalOnClass did not find required classes 'io.undertow.Undertow', 'org.xnio.SslClientAuthMode' (OnClassCondition)

   EnvironmentEndpointAutoConfiguration:
      Did not match:
         - @ConditionalOnAvailableEndpoint not exposed (OnAvailableEndpointCondition)

   EnvironmentRepositoryConfiguration.AwsParameterStoreFactoryConfig:
      Did not match:
         - @ConditionalOnClass did not find required class 'software.amazon.awssdk.services.ssm.SsmClient' (OnClassCondition)

   EnvironmentRepositoryConfiguration.AwsS3FactoryConfig:
      Did not match:
         - @ConditionalOnClass did not find required class 'software.amazon.awssdk.services.s3.S3Client' (OnClassCondition)

   EnvironmentRepositoryConfiguration.AwsSecretsManagerFactoryConfig:
      Did not match:
         - @ConditionalOnClass did not find required class 'software.amazon.awssdk.services.secretsmanager.SecretsManagerClient' (OnClassCondition)

   EnvironmentRepositoryConfiguration.ConsulEnvironmentWatchConfiguration:
      Did not match:
         - @ConditionalOnProperty (spring.cloud.config.server.consul.watch.enabled) did not find property 'spring.cloud.config.server.consul.watch.enabled' (OnPropertyCondition)

   EnvironmentRepositoryConfiguration.CredhubFactoryConfig:
      Did not match:
         - @ConditionalOnClass did not find required class 'org.springframework.credhub.core.CredHubOperations' (OnClassCondition)

   EnvironmentRepositoryConfiguration.GoogleSecretManagerFactoryConfig:
      Did not match:
         - @ConditionalOnClass did not find required class 'com.google.cloud.secretmanager.v1.SecretManagerServiceClient' (OnClassCondition)

   EnvironmentRepositoryConfiguration.MongoDbFactoryConfig:
      Did not match:
         - @ConditionalOnClass did not find required class 'org.springframework.data.mongodb.core.MongoTemplate' (OnClassCondition)

   EnvironmentRepositoryConfiguration.RedisFactoryConfig:
      Did not match:
         - @ConditionalOnClass did not find required class 'org.springframework.data.redis.core.StringRedisTemplate' (OnClassCondition)

   EnvironmentRepositoryConfiguration.SpringVaultFactoryConfig:
      Did not match:
         - @ConditionalOnClass did not find required class 'org.springframework.vault.core.VaultTemplate' (OnClassCondition)

   EnvironmentRepositoryConfiguration.SvnFactoryConfig:
      Did not match:
         - @ConditionalOnClass did not find required class 'org.tmatesoft.svn.core.SVNException' (OnClassCondition)

   ErrorWebFluxAutoConfiguration:
      Did not match:
         - not a reactive web application (OnWebApplicationCondition)
      Matched:
         - @ConditionalOnClass found required class 'org.springframework.web.reactive.config.WebFluxConfigurer' (OnClassCondition)

   EurekaClientAutoConfiguration.EurekaClientConfiguration:
      Did not match:
         - AnyNestedCondition 0 matched 3 did not; NestedCondition on EurekaClientAutoConfiguration.OnMissingRefreshScopeCondition.OnPropertyDisabled @ConditionalOnProperty 
(eureka.client.refresh.enable=false) did not find property 'eureka.client.refresh.enable'; NestedCondition on 
EurekaClientAutoConfiguration.OnMissingRefreshScopeCondition.MissingScope @ConditionalOnMissingBean (types: org.springframework.cloud.autoconfigure.RefreshAutoConfiguration; 
SearchStrategy: all) found beans of type 'org.springframework.cloud.autoconfigure.RefreshAutoConfiguration' org.springframework.cloud.autoconfigure.RefreshAutoConfiguration; 
NestedCondition on EurekaClientAutoConfiguration.OnMissingRefreshScopeCondition.MissingClass @ConditionalOnMissingClass found unwanted class 
'org.springframework.cloud.context.scope.refresh.RefreshScope' (EurekaClientAutoConfiguration.OnMissingRefreshScopeCondition)

   EurekaDiscoveryClientConfiguration.EurekaHealthCheckHandlerConfiguration:
      Did not match:
         - @ConditionalOnProperty (eureka.client.healthcheck.enabled) did not find property 'eureka.client.healthcheck.enabled' (OnPropertyCondition)

   EurekaInstanceMetricsAutoConfiguration:
      Did not match:
         - @ConditionalOnProperty (eureka.server.metrics.enabled=true) did not find property 'eureka.server.metrics.enabled' (OnPropertyCondition)
      Matched:
         - @ConditionalOnClass found required class 'io.micrometer.core.instrument.MeterRegistry' (OnClassCondition)

   EurekaServerAutoConfiguration#traceFilterRegistration:
      Did not match:
         - @ConditionalOnBean (names: httpTraceFilter; SearchStrategy: all) did not find any beans named httpTraceFilter (OnBeanCondition)

   FlywayAutoConfiguration:
      Did not match:
         - @ConditionalOnClass did not find required class 'org.flywaydb.core.Flyway' (OnClassCondition)

   FlywayEndpointAutoConfiguration:
      Did not match:
         - @ConditionalOnClass did not find required class 'org.flywaydb.core.Flyway' (OnClassCondition)

   FreeMarkerNonWebConfiguration:
      Did not match:
         - @ConditionalOnWebApplication found 'session' scope and not a reactive web application (OnWebApplicationCondition)

   FreeMarkerReactiveWebConfiguration:
      Did not match:
         - not a reactive web application (OnWebApplicationCondition)

   FreeMarkerServletWebConfiguration#resourceUrlEncodingFilter:
      Did not match:
         - @ConditionalOnEnabledResourceChain did not find class org.webjars.WebJarVersionLocator (OnEnabledResourceChainCondition)

   GangliaMetricsExportAutoConfiguration:
      Did not match:
         - @ConditionalOnClass did not find required class 'io.micrometer.ganglia.GangliaMeterRegistry' (OnClassCondition)

   GatewayAutoConfiguration#grpcSslConfigurer:
      Did not match:
         - @ConditionalOnClass did not find required class 'io.grpc.Channel' (OnClassCondition)

   GatewayAutoConfiguration#jsonToGRPCFilterFactory:
      Did not match:
         - @ConditionalOnClass did not find required class 'io.grpc.Channel' (OnClassCondition)

   GatewayAutoConfiguration#principalNameKeyResolver:
      Did not match:
         - @ConditionalOnBean (types: org.springframework.cloud.gateway.filter.ratelimit.RateLimiter; SearchStrategy: all) did not find any beans of type 
org.springframework.cloud.gateway.filter.ratelimit.RateLimiter (OnBeanCondition)

   GatewayAutoConfiguration#requestRateLimiterGatewayFilterFactory:
      Did not match:
         - @ConditionalOnBean (types: org.springframework.cloud.gateway.filter.ratelimit.RateLimiter,org.springframework.cloud.gateway.filter.ratelimit.KeyResolver; 
SearchStrategy: all) did not find any beans of type org.springframework.cloud.gateway.filter.ratelimit.RateLimiter, 
org.springframework.cloud.gateway.filter.ratelimit.KeyResolver (OnBeanCondition)

   GatewayAutoConfiguration.GatewayActuatorConfiguration#gatewayLegacyControllerEndpoint:
      Did not match:
         - NoneNestedConditions 1 matched 0 did not; NestedCondition on GatewayAutoConfiguration.OnVerboseDisabledCondition.VerboseDisabled @ConditionalOnProperty 
(spring.cloud.gateway.actuator.verbose.enabled) matched (GatewayAutoConfiguration.OnVerboseDisabledCondition)

   GatewayAutoConfiguration.NettyConfiguration#nettyServerWiretapCustomizer:
      Did not match:
         - @ConditionalOnProperty (spring.cloud.gateway.httpserver.wiretap) did not find property 'spring.cloud.gateway.httpserver.wiretap' (OnPropertyCondition)

   GatewayAutoConfiguration.TokenRelayConfiguration:
      Did not match:
         - @ConditionalOnClass did not find required classes 'org.springframework.security.oauth2.client.OAuth2AuthorizedClient', 
'org.springframework.security.web.server.SecurityWebFilterChain' (OnClassCondition)

   GatewayClassPathWarningAutoConfiguration.WebfluxMissingFromClasspathConfiguration:
      Did not match:
         - @ConditionalOnMissingClass found unwanted class 'org.springframework.web.reactive.DispatcherHandler' (OnClassCondition)

   GatewayDiscoveryClientAutoConfiguration.ReactiveDiscoveryClientRouteDefinitionLocatorConfiguration#discoveryClientRouteDefinitionLocator:
      Did not match:
         - @ConditionalOnProperty (spring.cloud.gateway.discovery.locator.enabled) did not find property 'spring.cloud.gateway.discovery.locator.enabled' (OnPropertyCondition)

   GatewayMetricsAutoConfiguration#gatewayPathTagsProvider:
      Did not match:
         - @ConditionalOnProperty (spring.cloud.gateway.metrics.tags.path.enabled) did not find property 'spring.cloud.gateway.metrics.tags.path.enabled' (OnPropertyCondition)

   GatewayMetricsAutoConfiguration.ObservabilityConfiguration.GatewayTracingConfiguration:
      Did not match:
         - @ConditionalOnClass did not find required class 'io.micrometer.tracing.Tracer' (OnClassCondition)

   GatewayNoLoadBalancerClientAutoConfiguration:
      Did not match:
         - @ConditionalOnMissingClass found unwanted class 'org.springframework.cloud.loadbalancer.core.ReactorLoadBalancer' (OnClassCondition)

   GatewayRedisAutoConfiguration:
      Did not match:
         - @ConditionalOnClass did not find required class 'org.springframework.data.redis.core.RedisTemplate' (OnClassCondition)

   GatewayResilience4JCircuitBreakerAutoConfiguration:
      Did not match:
         - @ConditionalOnClass did not find required class 'org.springframework.cloud.circuitbreaker.resilience4j.ReactiveResilience4JAutoConfiguration' (OnClassCondition)

   GoogleCloudSourceConfiguration:
      Did not match:
         - @ConditionalOnClass did not find required class 'com.google.auth.oauth2.GoogleCredentials' (OnClassCondition)

   GoogleSecretManagerRepositoryConfiguration:
      Did not match:
         - @ConditionalOnClass did not find required class 'com.google.cloud.secretmanager.v1.SecretManagerServiceClient' (OnClassCondition)

   GraphQlAutoConfiguration:
      Did not match:
         - @ConditionalOnClass did not find required class 'graphql.GraphQL' (OnClassCondition)

   GraphQlObservationAutoConfiguration:
      Did not match:
         - @ConditionalOnClass did not find required class 'graphql.GraphQL' (OnClassCondition)

   GraphQlQueryByExampleAutoConfiguration:
      Did not match:
         - @ConditionalOnClass did not find required class 'graphql.GraphQL' (OnClassCondition)

   GraphQlQuerydslAutoConfiguration:
      Did not match:
         - @ConditionalOnClass did not find required class 'com.querydsl.core.Query' (OnClassCondition)

   GraphQlRSocketAutoConfiguration:
      Did not match:
         - @ConditionalOnClass did not find required class 'graphql.GraphQL' (OnClassCondition)

   GraphQlReactiveQueryByExampleAutoConfiguration:
      Did not match:
         - @ConditionalOnClass did not find required class 'graphql.GraphQL' (OnClassCondition)

   GraphQlReactiveQuerydslAutoConfiguration:
      Did not match:
         - @ConditionalOnClass did not find required class 'com.querydsl.core.Query' (OnClassCondition)

   GraphQlWebFluxAutoConfiguration:
      Did not match:
         - @ConditionalOnClass did not find required class 'graphql.GraphQL' (OnClassCondition)

   GraphQlWebFluxSecurityAutoConfiguration:
      Did not match:
         - @ConditionalOnClass did not find required class 'graphql.GraphQL' (OnClassCondition)

   GraphQlWebMvcAutoConfiguration:
      Did not match:
         - @ConditionalOnClass did not find required class 'graphql.GraphQL' (OnClassCondition)

   GraphQlWebMvcSecurityAutoConfiguration:
      Did not match:
         - @ConditionalOnClass did not find required class 'graphql.GraphQL' (OnClassCondition)

   GraphiteMetricsExportAutoConfiguration:
      Did not match:
         - @ConditionalOnClass did not find required class 'io.micrometer.graphite.GraphiteMeterRegistry' (OnClassCondition)

   GroovyTemplateAutoConfiguration:
      Did not match:
         - @ConditionalOnClass did not find required class 'groovy.text.markup.MarkupTemplateEngine' (OnClassCondition)

   GsonHttpMessageConvertersConfiguration.GsonHttpMessageConverterConfiguration:
      Did not match:
         - AnyNestedCondition 0 matched 2 did not; NestedCondition on 
GsonHttpMessageConvertersConfiguration.PreferGsonOrJacksonAndJsonbUnavailableCondition.JacksonJsonbUnavailable NoneNestedConditions 1 matched 1 did not; NestedCondition on 
GsonHttpMessageConvertersConfiguration.JacksonAndJsonbUnavailableCondition.JsonbPreferred @ConditionalOnProperty (spring.mvc.converters.preferred-json-mapper=jsonb) did not find 
property 'spring.mvc.converters.preferred-json-mapper'; NestedCondition on GsonHttpMessageConvertersConfiguration.JacksonAndJsonbUnavailableCondition.JacksonAvailable 
@ConditionalOnBean (types: org.springframework.http.converter.json.MappingJackson2HttpMessageConverter; SearchStrategy: all) found bean 'mappingJackson2HttpMessageConverter'; 
NestedCondition on GsonHttpMessageConvertersConfiguration.PreferGsonOrJacksonAndJsonbUnavailableCondition.GsonPreferred @ConditionalOnProperty 
(spring.mvc.converters.preferred-json-mapper=gson) did not find property 'spring.mvc.converters.preferred-json-mapper' 
(GsonHttpMessageConvertersConfiguration.PreferGsonOrJacksonAndJsonbUnavailableCondition)

   H2ConsoleAutoConfiguration:
      Did not match:
         - @ConditionalOnProperty (spring.h2.console.enabled=true) did not find property 'enabled' (OnPropertyCondition)
      Matched:
         - @ConditionalOnClass found required class 'org.h2.server.web.JakartaWebServlet' (OnClassCondition)
         - found 'session' scope (OnWebApplicationCondition)

   HazelcastAutoConfiguration:
      Did not match:
         - @ConditionalOnClass did not find required class 'com.hazelcast.core.HazelcastInstance' (OnClassCondition)

   HazelcastCacheConfiguration:
      Did not match:
         - @ConditionalOnClass did not find required class 'com.hazelcast.core.HazelcastInstance' (OnClassCondition)

   HazelcastHealthContributorAutoConfiguration:
      Did not match:
         - @ConditionalOnClass did not find required class 'com.hazelcast.core.HazelcastInstance' (OnClassCondition)

   HazelcastJpaDependencyAutoConfiguration:
      Did not match:
         - @ConditionalOnClass did not find required class 'com.hazelcast.core.HazelcastInstance' (OnClassCondition)

   HealthEndpointReactiveWebExtensionConfiguration:
      Did not match:
         - not a reactive web application (OnWebApplicationCondition)

   HealthEndpointWebExtensionConfiguration.JerseyAdditionalHealthEndpointPathsConfiguration:
      Did not match:
         - @ConditionalOnMissingClass found unwanted class 'org.springframework.web.servlet.DispatcherServlet' (OnClassCondition)

   HeapDumpWebEndpointAutoConfiguration:
      Did not match:
         - @ConditionalOnAvailableEndpoint not exposed (OnAvailableEndpointCondition)

   HibernateMetricsAutoConfiguration:
      Did not match:
         - @ConditionalOnClass did not find required class 'org.hibernate.stat.HibernateMetrics' (OnClassCondition)

   HttpExchangesAutoConfiguration:
      Did not match:
         - @ConditionalOnBean (types: org.springframework.boot.actuate.web.exchanges.HttpExchangeRepository; SearchStrategy: all) did not find any beans of type 
org.springframework.boot.actuate.web.exchanges.HttpExchangeRepository (OnBeanCondition)
      Matched:
         - @ConditionalOnWebApplication (required) found 'session' scope (OnWebApplicationCondition)
         - @ConditionalOnProperty (management.httpexchanges.recording.enabled) matched (OnPropertyCondition)

   HttpExchangesAutoConfiguration.ReactiveHttpExchangesConfiguration:
      Did not match:
         - not a reactive web application (OnWebApplicationCondition)
         - Ancestor org.springframework.boot.actuate.autoconfigure.web.exchanges.HttpExchangesAutoConfiguration did not match 
(ConditionEvaluationReport.AncestorsMatchedCondition)

   HttpExchangesAutoConfiguration.ServletHttpExchangesConfiguration:
      Did not match:
         - Ancestor org.springframework.boot.actuate.autoconfigure.web.exchanges.HttpExchangesAutoConfiguration did not match 
(ConditionEvaluationReport.AncestorsMatchedCondition)
      Matched:
         - found 'session' scope (OnWebApplicationCondition)

   HttpExchangesEndpointAutoConfiguration:
      Did not match:
         - @ConditionalOnAvailableEndpoint not exposed (OnAvailableEndpointCondition)

   HttpHandlerAutoConfiguration:
      Did not match:
         - not a reactive web application (OnWebApplicationCondition)
      Matched:
         - @ConditionalOnClass found required classes 'org.springframework.web.reactive.DispatcherHandler', 'org.springframework.http.server.reactive.HttpHandler' 
(OnClassCondition)

   HumioMetricsExportAutoConfiguration:
      Did not match:
         - @ConditionalOnClass did not find required class 'io.micrometer.humio.HumioMeterRegistry' (OnClassCondition)

   HypermediaAutoConfiguration:
      Did not match:
         - @ConditionalOnClass did not find required class 'org.springframework.hateoas.EntityModel' (OnClassCondition)

   InfinispanCacheConfiguration:
      Did not match:
         - @ConditionalOnClass did not find required class 'org.infinispan.spring.embedded.provider.SpringEmbeddedCacheManager' (OnClassCondition)

   InfluxMetricsExportAutoConfiguration:
      Did not match:
         - @ConditionalOnClass did not find required class 'io.micrometer.influx.InfluxMeterRegistry' (OnClassCondition)

   InfoContributorAutoConfiguration#envInfoContributor:
      Did not match:
         - @ConditionalOnEnabledInfoContributor management.info.env.enabled is not true (OnEnabledInfoContributorCondition)

   InfoContributorAutoConfiguration#gitInfoContributor:
      Did not match:
         - @ConditionalOnSingleCandidate (types: org.springframework.boot.info.GitProperties; SearchStrategy: all) did not find any beans (OnBeanCondition)
      Matched:
         - @ConditionalOnEnabledInfoContributor management.info.defaults.enabled is considered true (OnEnabledInfoContributorCondition)

   InfoContributorAutoConfiguration#javaInfoContributor:
      Did not match:
         - @ConditionalOnEnabledInfoContributor management.info.java.enabled is not true (OnEnabledInfoContributorCondition)

   InfoContributorAutoConfiguration#osInfoContributor:
      Did not match:
         - @ConditionalOnEnabledInfoContributor management.info.os.enabled is not true (OnEnabledInfoContributorCondition)

   InfoContributorAutoConfiguration#processInfoContributor:
      Did not match:
         - @ConditionalOnEnabledInfoContributor management.info.process.enabled is not true (OnEnabledInfoContributorCondition)

   InfoContributorAutoConfiguration#sslInfo:
      Did not match:
         - @ConditionalOnEnabledInfoContributor management.info.ssl.enabled is not true (OnEnabledInfoContributorCondition)
      Matched:
         - @ConditionalOnMissingBean (types: org.springframework.boot.info.SslInfo; SearchStrategy: all) did not find any beans (OnBeanCondition)

   InfoContributorAutoConfiguration#sslInfoContributor:
      Did not match:
         - @ConditionalOnEnabledInfoContributor management.info.ssl.enabled is not true (OnEnabledInfoContributorCondition)

   IntegrationAutoConfiguration:
      Did not match:
         - @ConditionalOnClass did not find required class 'org.springframework.integration.config.EnableIntegration' (OnClassCondition)

   IntegrationGraphEndpointAutoConfiguration:
      Did not match:
         - @ConditionalOnClass did not find required class 'org.springframework.integration.graph.IntegrationGraphServer' (OnClassCondition)

   JCacheCacheConfiguration:
      Did not match:
         - @ConditionalOnClass did not find required class 'javax.cache.Caching' (OnClassCondition)

   JdbcRepositoriesAutoConfiguration:
      Did not match:
         - @ConditionalOnClass did not find required class 'org.springframework.data.jdbc.repository.config.AbstractJdbcConfiguration' (OnClassCondition)

   JerseyAutoConfiguration:
      Did not match:
         - @ConditionalOnClass did not find required class 'org.glassfish.jersey.server.spring.SpringComponentProvider' (OnClassCondition)

   JerseySameManagementContextConfiguration:
      Did not match:
         - @ConditionalOnMissingClass found unwanted class 'org.springframework.web.servlet.DispatcherServlet' (OnClassCondition)

   JerseyServerMetricsAutoConfiguration:
      Did not match:
         - @ConditionalOnClass did not find required class 'org.glassfish.jersey.micrometer.server.ObservationApplicationEventListener' (OnClassCondition)

   JerseyWebEndpointManagementContextConfiguration:
      Did not match:
         - @ConditionalOnMissingBean (types: org.springframework.web.servlet.DispatcherServlet; SearchStrategy: all) found beans of type 
'org.springframework.web.servlet.DispatcherServlet' dispatcherServlet (OnBeanCondition)
      Matched:
         - @ConditionalOnClass found required class 'org.glassfish.jersey.server.ResourceConfig' (OnClassCondition)
         - found 'session' scope (OnWebApplicationCondition)

   JettyMetricsAutoConfiguration:
      Did not match:
         - @ConditionalOnClass did not find required class 'org.eclipse.jetty.server.Server' (OnClassCondition)

   JmsAutoConfiguration:
      Did not match:
         - @ConditionalOnClass did not find required class 'jakarta.jms.Message' (OnClassCondition)

   JmsHealthContributorAutoConfiguration:
      Did not match:
         - @ConditionalOnClass did not find required class 'jakarta.jms.ConnectionFactory' (OnClassCondition)

   JmxAutoConfiguration:
      Did not match:
         - @ConditionalOnProperty (spring.jmx.enabled=true) found different value in property 'enabled' (OnPropertyCondition)
      Matched:
         - @ConditionalOnClass found required class 'org.springframework.jmx.export.MBeanExporter' (OnClassCondition)

   JmxEndpointAutoConfiguration:
      Did not match:
         - @ConditionalOnProperty (spring.jmx.enabled=true) found different value in property 'enabled' (OnPropertyCondition)

   JmxMetricsExportAutoConfiguration:
      Did not match:
         - @ConditionalOnClass did not find required class 'io.micrometer.jmx.JmxMeterRegistry' (OnClassCondition)

   JndiConnectionFactoryAutoConfiguration:
      Did not match:
         - @ConditionalOnClass did not find required class 'org.springframework.jms.core.JmsTemplate' (OnClassCondition)

   JndiDataSourceAutoConfiguration:
      Did not match:
         - @ConditionalOnProperty (spring.datasource.jndi-name) did not find property 'jndi-name' (OnPropertyCondition)
      Matched:
         - @ConditionalOnClass found required classes 'javax.sql.DataSource', 'org.springframework.jdbc.datasource.embedded.EmbeddedDatabaseType' (OnClassCondition)

   JndiJtaConfiguration:
      Did not match:
         - @ConditionalOnJndi JNDI environment is not available (OnJndiCondition)
      Matched:
         - @ConditionalOnClass found required class 'org.springframework.transaction.jta.JtaTransactionManager' (OnClassCondition)

   JooqAutoConfiguration:
      Did not match:
         - @ConditionalOnClass did not find required class 'org.jooq.DSLContext' (OnClassCondition)

   JpaBaseConfiguration.JpaWebConfiguration:
      Did not match:
         - @ConditionalOnProperty (spring.jpa.open-in-view=true) found different value in property 'open-in-view' (OnPropertyCondition)
      Matched:
         - @ConditionalOnClass found required class 'org.springframework.web.servlet.config.annotation.WebMvcConfigurer' (OnClassCondition)
         - found 'session' scope (OnWebApplicationCondition)

   JpaRepositoriesAutoConfiguration#entityManagerFactoryBootstrapExecutorCustomizer:
      Did not match:
         - AnyNestedCondition 0 matched 2 did not; NestedCondition on JpaRepositoriesAutoConfiguration.BootstrapExecutorCondition.LazyBootstrapMode @ConditionalOnProperty 
(spring.data.jpa.repositories.bootstrap-mode=lazy) did not find property 'bootstrap-mode'; NestedCondition on 
JpaRepositoriesAutoConfiguration.BootstrapExecutorCondition.DeferredBootstrapMode @ConditionalOnProperty (spring.data.jpa.repositories.bootstrap-mode=deferred) did not find 
property 'bootstrap-mode' (JpaRepositoriesAutoConfiguration.BootstrapExecutorCondition)

   JsonbAutoConfiguration:
      Did not match:
         - @ConditionalOnClass did not find required class 'jakarta.json.bind.Jsonb' (OnClassCondition)

   JsonbHttpMessageConvertersConfiguration:
      Did not match:
         - @ConditionalOnClass did not find required class 'jakarta.json.bind.Jsonb' (OnClassCondition)

   KafkaAutoConfiguration:
      Did not match:
         - @ConditionalOnClass did not find required class 'org.springframework.kafka.core.KafkaTemplate' (OnClassCondition)

   KafkaMetricsAutoConfiguration:
      Did not match:
         - @ConditionalOnClass did not find required class 'org.springframework.kafka.core.ProducerFactory' (OnClassCondition)

   KairosMetricsExportAutoConfiguration:
      Did not match:
         - @ConditionalOnClass did not find required class 'io.micrometer.kairos.KairosMeterRegistry' (OnClassCondition)

   LdapAutoConfiguration:
      Did not match:
         - @ConditionalOnClass did not find required class 'org.springframework.ldap.core.ContextSource' (OnClassCondition)

   LdapHealthContributorAutoConfiguration:
      Did not match:
         - @ConditionalOnClass did not find required class 'org.springframework.ldap.core.LdapOperations' (OnClassCondition)

   LdapRepositoriesAutoConfiguration:
      Did not match:
         - @ConditionalOnClass did not find required class 'org.springframework.data.ldap.repository.LdapRepository' (OnClassCondition)

   LettuceMetricsAutoConfiguration:
      Did not match:
         - @ConditionalOnClass did not find required class 'io.lettuce.core.metrics.MicrometerCommandLatencyRecorder' (OnClassCondition)

   LiquibaseAutoConfiguration:
      Did not match:
         - @ConditionalOnClass did not find required class 'liquibase.change.DatabaseChange' (OnClassCondition)

   LiquibaseEndpointAutoConfiguration:
      Did not match:
         - @ConditionalOnClass did not find required class 'liquibase.integration.spring.SpringLiquibase' (OnClassCondition)

   LoadBalancerAutoConfiguration.RetryAutoConfiguration:
      Did not match:
         - @ConditionalOnClass did not find required class 'org.springframework.retry.support.RetryTemplate' (OnClassCondition)

   LoadBalancerAutoConfiguration.RetryInterceptorAutoConfiguration:
      Did not match:
         - @ConditionalOnClass did not find required class 'org.springframework.retry.support.RetryTemplate' (OnClassCondition)

   LoadBalancerCacheAutoConfiguration.CaffeineLoadBalancerCacheManagerConfiguration:
      Did not match:
         - @ConditionalOnClass did not find required class 'com.github.benmanes.caffeine.cache.Caffeine' (OnClassCondition)

   LoadBalancerEurekaAutoConfiguration#zoneConfig:
      Did not match:
         - @ConditionalOnMissingBean (types: org.springframework.cloud.loadbalancer.config.LoadBalancerZoneConfig; SearchStrategy: all) found beans of type 
'org.springframework.cloud.loadbalancer.config.LoadBalancerZoneConfig' zoneConfig (OnBeanCondition)

   LoadBalancerStatsAutoConfiguration:
      Did not match:
         - @ConditionalOnProperty (spring.cloud.loadbalancer.stats.micrometer.enabled=true) did not find property 'spring.cloud.loadbalancer.stats.micrometer.enabled' 
(OnPropertyCondition)
      Matched:
         - @ConditionalOnClass found required class 'io.micrometer.core.instrument.MeterRegistry' (OnClassCondition)

   LocalResponseCacheAutoConfiguration:
      Did not match:
         - @ConditionalOnClass did not find required class 'com.github.benmanes.caffeine.cache.Caffeine' (OnClassCondition)

   Log4J2MetricsAutoConfiguration:
      Did not match:
         - @ConditionalOnClass did not find required class 'org.apache.logging.log4j.core.LoggerContext' (OnClassCondition)

   LogFileWebEndpointAutoConfiguration:
      Did not match:
         - @ConditionalOnAvailableEndpoint not exposed (OnAvailableEndpointCondition)

   LoggersEndpointAutoConfiguration:
      Did not match:
         - @ConditionalOnAvailableEndpoint not exposed (OnAvailableEndpointCondition)

   MailHealthContributorAutoConfiguration:
      Did not match:
         - @ConditionalOnBean (types: org.springframework.mail.javamail.JavaMailSenderImpl; SearchStrategy: all) did not find any beans of type 
org.springframework.mail.javamail.JavaMailSenderImpl (OnBeanCondition)
      Matched:
         - @ConditionalOnClass found required class 'org.springframework.mail.javamail.JavaMailSenderImpl' (OnClassCondition)
         - @ConditionalOnEnabledHealthIndicator management.health.defaults.enabled is considered true (OnEnabledHealthIndicatorCondition)

   MailSenderAutoConfiguration:
      Did not match:
         - @ConditionalOnClass did not find required class 'jakarta.mail.internet.MimeMessage' (OnClassCondition)

   MailSenderValidatorAutoConfiguration:
      Did not match:
         - @ConditionalOnProperty (spring.mail.test-connection) did not find property 'test-connection' (OnPropertyCondition)

   ManagementContextAutoConfiguration.DifferentManagementContextConfiguration:
      Did not match:
         - Management Port actual port type (SAME) did not match required type (DIFFERENT) (OnManagementPortCondition)

   ManagementWebSecurityAutoConfiguration:
      Did not match:
         - AllNestedConditions 1 matched 1 did not; NestedCondition on DefaultWebSecurityCondition.Beans @ConditionalOnMissingBean (types: 
org.springframework.security.web.SecurityFilterChain; SearchStrategy: all) did not find any beans; NestedCondition on DefaultWebSecurityCondition.Classes @ConditionalOnClass did 
not find required classes 'org.springframework.security.web.SecurityFilterChain', 'org.springframework.security.config.annotation.web.builders.HttpSecurity' 
(DefaultWebSecurityCondition)
      Matched:
         - found 'session' scope (OnWebApplicationCondition)

   MappingsEndpointAutoConfiguration:
      Did not match:
         - @ConditionalOnAvailableEndpoint not exposed (OnAvailableEndpointCondition)

   MessageSourceAutoConfiguration:
      Did not match:
         - ResourceBundle did not find bundle with basename messages (MessageSourceAutoConfiguration.ResourceBundleCondition)

   MetricsAspectsAutoConfiguration:
      Did not match:
         - AnyNestedCondition 0 matched 2 did not; NestedCondition on 
MetricsAspectsAutoConfiguration.ObservationAnnotationsEnabledCondition.ManagementObservationsEnabledCondition @ConditionalOnProperty 
(management.observations.annotations.enabled=true) did not find property 'enabled'; NestedCondition on 
MetricsAspectsAutoConfiguration.ObservationAnnotationsEnabledCondition.MicrometerObservationsEnabledCondition @ConditionalOnProperty 
(micrometer.observations.annotations.enabled=true) did not find property 'enabled' (MetricsAspectsAutoConfiguration.ObservationAnnotationsEnabledCondition)
      Matched:
         - @ConditionalOnClass found required classes 'io.micrometer.core.instrument.MeterRegistry', 'org.aspectj.weaver.Advice' (OnClassCondition)

   MicrometerTracingAutoConfiguration:
      Did not match:
         - @ConditionalOnClass did not find required class 'io.micrometer.tracing.Tracer' (OnClassCondition)

   MongoAutoConfiguration:
      Did not match:
         - @ConditionalOnClass did not find required class 'com.mongodb.client.MongoClient' (OnClassCondition)

   MongoDataAutoConfiguration:
      Did not match:
         - @ConditionalOnClass did not find required class 'com.mongodb.client.MongoClient' (OnClassCondition)

   MongoHealthContributorAutoConfiguration:
      Did not match:
         - @ConditionalOnClass did not find required class 'org.springframework.data.mongodb.core.MongoTemplate' (OnClassCondition)

   MongoMetricsAutoConfiguration:
      Did not match:
         - @ConditionalOnClass did not find required class 'com.mongodb.MongoClientSettings' (OnClassCondition)

   MongoReactiveAutoConfiguration:
      Did not match:
         - @ConditionalOnClass did not find required class 'com.mongodb.reactivestreams.client.MongoClient' (OnClassCondition)

   MongoReactiveDataAutoConfiguration:
      Did not match:
         - @ConditionalOnClass did not find required class 'com.mongodb.reactivestreams.client.MongoClient' (OnClassCondition)

   MongoReactiveHealthContributorAutoConfiguration:
      Did not match:
         - @ConditionalOnClass did not find required class 'org.springframework.data.mongodb.core.ReactiveMongoTemplate' (OnClassCondition)

   MongoReactiveRepositoriesAutoConfiguration:
      Did not match:
         - @ConditionalOnClass did not find required class 'com.mongodb.reactivestreams.client.MongoClient' (OnClassCondition)

   MongoRepositoriesAutoConfiguration:
      Did not match:
         - @ConditionalOnClass did not find required class 'com.mongodb.client.MongoClient' (OnClassCondition)

   MongoRepositoryConfiguration:
      Did not match:
         - @ConditionalOnClass did not find required class 'org.springframework.data.mongodb.core.MongoTemplate' (OnClassCondition)

   MustacheAutoConfiguration:
      Did not match:
         - @ConditionalOnClass did not find required class 'com.samskivert.mustache.Mustache' (OnClassCondition)

   Neo4jAutoConfiguration:
      Did not match:
         - @ConditionalOnClass did not find required class 'org.neo4j.driver.Driver' (OnClassCondition)

   Neo4jDataAutoConfiguration:
      Did not match:
         - @ConditionalOnClass did not find required class 'org.neo4j.driver.Driver' (OnClassCondition)

   Neo4jHealthContributorAutoConfiguration:
      Did not match:
         - @ConditionalOnClass did not find required class 'org.neo4j.driver.Driver' (OnClassCondition)

   Neo4jReactiveDataAutoConfiguration:
      Did not match:
         - @ConditionalOnClass did not find required class 'org.neo4j.driver.Driver' (OnClassCondition)

   Neo4jReactiveRepositoriesAutoConfiguration:
      Did not match:
         - @ConditionalOnClass did not find required class 'org.neo4j.driver.Driver' (OnClassCondition)

   Neo4jRepositoriesAutoConfiguration:
      Did not match:
         - @ConditionalOnClass did not find required class 'org.neo4j.driver.Driver' (OnClassCondition)

   NewRelicMetricsExportAutoConfiguration:
      Did not match:
         - @ConditionalOnClass did not find required class 'io.micrometer.newrelic.NewRelicMeterRegistry' (OnClassCondition)

   NoOpMeterRegistryConfiguration:
      Did not match:
         - @ConditionalOnMissingBean (types: io.micrometer.core.instrument.MeterRegistry; SearchStrategy: all) found beans of type 'io.micrometer.core.instrument.MeterRegistry' 
simpleMeterRegistry (OnBeanCondition)

   NoopTracerAutoConfiguration:
      Did not match:
         - @ConditionalOnClass did not find required class 'io.micrometer.tracing.Tracer' (OnClassCondition)

   OAuth2AuthorizationServerAutoConfiguration:
      Did not match:
         - @ConditionalOnClass did not find required class 'org.springframework.security.oauth2.server.authorization.OAuth2Authorization' (OnClassCondition)

   OAuth2AuthorizationServerJwtAutoConfiguration:
      Did not match:
         - @ConditionalOnClass did not find required class 'org.springframework.security.oauth2.server.authorization.OAuth2Authorization' (OnClassCondition)

   OAuth2ClientAutoConfiguration:
      Did not match:
         - @ConditionalOnClass did not find required class 'org.springframework.security.config.annotation.web.configuration.EnableWebSecurity' (OnClassCondition)

   OAuth2LoadBalancerClientAutoConfiguration:
      Did not match:
         - @ConditionalOnProperty (spring.cloud.oauth2.load-balanced.enabled) did not find property 'spring.cloud.oauth2.load-balanced.enabled' (OnPropertyCondition)

   OAuth2ResourceServerAutoConfiguration:
      Did not match:
         - @ConditionalOnClass did not find required class 'org.springframework.security.oauth2.server.resource.authentication.BearerTokenAuthenticationToken' (OnClassCondition)

   ObservationAutoConfiguration.MeterObservationHandlerConfiguration.TracingAndMetricsObservationHandlerConfiguration:
      Did not match:
         - @ConditionalOnBean did not find required type 'io.micrometer.tracing.Tracer' (OnBeanCondition)
         - @ConditionalOnBean (types: io.micrometer.tracing.Tracer; SearchStrategy: all) did not find any beans of type io.micrometer.tracing.Tracer (OnBeanCondition)

   ObservationAutoConfiguration.MetricsWithTracingConfiguration:
      Did not match:
         - @ConditionalOnClass did not find required class 'io.micrometer.tracing.Tracer' (OnClassCondition)

   ObservationAutoConfiguration.OnlyTracingConfiguration:
      Did not match:
         - @ConditionalOnClass did not find required class 'io.micrometer.tracing.Tracer' (OnClassCondition)

   OpenTelemetryAutoConfiguration:
      Did not match:
         - @ConditionalOnClass did not find required class 'io.opentelemetry.sdk.OpenTelemetrySdk' (OnClassCondition)

   OpenTelemetryLoggingAutoConfiguration:
      Did not match:
         - @ConditionalOnClass did not find required class 'io.opentelemetry.api.OpenTelemetry' (OnClassCondition)

   OpenTelemetryTracingAutoConfiguration:
      Did not match:
         - @ConditionalOnClass did not find required class 'io.micrometer.tracing.otel.bridge.OtelTracer' (OnClassCondition)

   OtlpLoggingAutoConfiguration:
      Did not match:
         - @ConditionalOnClass did not find required class 'io.opentelemetry.api.OpenTelemetry' (OnClassCondition)

   OtlpMetricsExportAutoConfiguration:
      Did not match:
         - @ConditionalOnClass did not find required class 'io.micrometer.registry.otlp.OtlpMeterRegistry' (OnClassCondition)

   OtlpTracingAutoConfiguration:
      Did not match:
         - @ConditionalOnClass did not find required class 'io.micrometer.tracing.otel.bridge.OtelTracer' (OnClassCondition)

   PauseResumeEndpointsConfiguration#pauseEndpoint:
      Did not match:
         - @ConditionalOnBean (types: org.springframework.cloud.context.restart.RestartEndpoint; SearchStrategy: all) did not find any beans of type 
org.springframework.cloud.context.restart.RestartEndpoint (OnBeanCondition)

   PauseResumeEndpointsConfiguration#resumeEndpoint:
      Did not match:
         - @ConditionalOnBean (types: org.springframework.cloud.context.restart.RestartEndpoint; SearchStrategy: all) did not find any beans of type 
org.springframework.cloud.context.restart.RestartEndpoint (OnBeanCondition)

   ProjectInfoAutoConfiguration#gitProperties:
      Did not match:
         - GitResource did not find git info at classpath:git.properties (ProjectInfoAutoConfiguration.GitResourceAvailableCondition)

   PrometheusExemplarsAutoConfiguration:
      Did not match:
         - @ConditionalOnClass did not find required class 'io.micrometer.tracing.Tracer' (OnClassCondition)

   PrometheusMetricsExportAutoConfiguration:
      Did not match:
         - @ConditionalOnClass did not find required class 'io.micrometer.prometheusmetrics.PrometheusMeterRegistry' (OnClassCondition)

   PrometheusSimpleclientExemplarsAutoConfiguration:
      Did not match:
         - @ConditionalOnClass did not find required class 'io.micrometer.tracing.Tracer' (OnClassCondition)

   PrometheusSimpleclientMetricsExportAutoConfiguration:
      Did not match:
         - @ConditionalOnClass did not find required class 'io.micrometer.prometheus.PrometheusMeterRegistry' (OnClassCondition)

   PulsarAutoConfiguration:
      Did not match:
         - @ConditionalOnClass did not find required class 'org.apache.pulsar.client.api.PulsarClient' (OnClassCondition)

   PulsarReactiveAutoConfiguration:
      Did not match:
         - @ConditionalOnClass did not find required class 'org.apache.pulsar.client.api.PulsarClient' (OnClassCondition)

   QuartzAutoConfiguration:
      Did not match:
         - @ConditionalOnClass did not find required class 'org.quartz.Scheduler' (OnClassCondition)

   QuartzEndpointAutoConfiguration:
      Did not match:
         - @ConditionalOnClass did not find required class 'org.quartz.Scheduler' (OnClassCondition)

   R2dbcAutoConfiguration:
      Did not match:
         - @ConditionalOnClass did not find required class 'io.r2dbc.spi.ConnectionFactory' (OnClassCondition)

   R2dbcDataAutoConfiguration:
      Did not match:
         - @ConditionalOnClass did not find required class 'org.springframework.data.r2dbc.core.R2dbcEntityTemplate' (OnClassCondition)

   R2dbcInitializationConfiguration:
      Did not match:
         - @ConditionalOnClass did not find required classes 'io.r2dbc.spi.ConnectionFactory', 'org.springframework.r2dbc.connection.init.DatabasePopulator' (OnClassCondition)

   R2dbcObservationAutoConfiguration:
      Did not match:
         - @ConditionalOnClass did not find required class 'io.r2dbc.proxy.ProxyConnectionFactory' (OnClassCondition)

   R2dbcProxyAutoConfiguration:
      Did not match:
         - @ConditionalOnClass did not find required class 'io.r2dbc.proxy.ProxyConnectionFactory' (OnClassCondition)

   R2dbcRepositoriesAutoConfiguration:
      Did not match:
         - @ConditionalOnClass did not find required class 'io.r2dbc.spi.ConnectionFactory' (OnClassCondition)

   R2dbcTransactionManagerAutoConfiguration:
      Did not match:
         - @ConditionalOnClass did not find required class 'org.springframework.r2dbc.connection.R2dbcTransactionManager' (OnClassCondition)

   RSocketGraphQlClientAutoConfiguration:
      Did not match:
         - @ConditionalOnClass did not find required class 'graphql.GraphQL' (OnClassCondition)

   RSocketMessagingAutoConfiguration:
      Did not match:
         - @ConditionalOnClass did not find required class 'io.rsocket.RSocket' (OnClassCondition)

   RSocketRequesterAutoConfiguration:
      Did not match:
         - @ConditionalOnClass did not find required class 'io.rsocket.RSocket' (OnClassCondition)

   RSocketSecurityAutoConfiguration:
      Did not match:
         - @ConditionalOnClass did not find required class 'org.springframework.security.rsocket.core.SecuritySocketAcceptorInterceptor' (OnClassCondition)

   RSocketServerAutoConfiguration:
      Did not match:
         - @ConditionalOnClass did not find required class 'io.rsocket.core.RSocketServer' (OnClassCondition)

   RSocketStrategiesAutoConfiguration:
      Did not match:
         - @ConditionalOnClass did not find required class 'io.rsocket.RSocket' (OnClassCondition)

   RabbitAutoConfiguration:
      Did not match:
         - @ConditionalOnClass did not find required class 'com.rabbitmq.client.Channel' (OnClassCondition)

   RabbitHealthContributorAutoConfiguration:
      Did not match:
         - @ConditionalOnClass did not find required class 'org.springframework.amqp.rabbit.core.RabbitTemplate' (OnClassCondition)

   RabbitMetricsAutoConfiguration:
      Did not match:
         - @ConditionalOnClass did not find required class 'com.rabbitmq.client.ConnectionFactory' (OnClassCondition)

   ReactiveCloudFoundryActuatorAutoConfiguration:
      Did not match:
         - not a reactive web application (OnWebApplicationCondition)

   ReactiveElasticsearchClientAutoConfiguration:
      Did not match:
         - @ConditionalOnClass did not find required class 'co.elastic.clients.transport.ElasticsearchTransport' (OnClassCondition)

   ReactiveElasticsearchRepositoriesAutoConfiguration:
      Did not match:
         - @ConditionalOnClass did not find required class 'org.springframework.data.elasticsearch.client.elc.ReactiveElasticsearchClient' (OnClassCondition)

   ReactiveManagementContextAutoConfiguration:
      Did not match:
         - not a reactive web application (OnWebApplicationCondition)
      Matched:
         - @ConditionalOnClass found required class 'reactor.core.publisher.Flux' (OnClassCondition)

   ReactiveManagementWebSecurityAutoConfiguration:
      Did not match:
         - @ConditionalOnClass did not find required class 'org.springframework.security.config.annotation.web.reactive.EnableWebFluxSecurity' (OnClassCondition)

   ReactiveMultipartAutoConfiguration:
      Did not match:
         - not a reactive web application (OnWebApplicationCondition)
      Matched:
         - @ConditionalOnClass found required classes 'org.springframework.http.codec.multipart.DefaultPartHttpMessageReader', 
'org.springframework.web.reactive.config.WebFluxConfigurer' (OnClassCondition)

   ReactiveOAuth2ClientAutoConfiguration:
      Did not match:
         - @ConditionalOnClass did not find required class 'org.springframework.security.config.annotation.web.reactive.EnableWebFluxSecurity' (OnClassCondition)

   ReactiveOAuth2ResourceServerAutoConfiguration:
      Did not match:
         - @ConditionalOnClass did not find required class 'org.springframework.security.config.annotation.web.reactive.EnableWebFluxSecurity' (OnClassCondition)

   ReactiveSecurityAutoConfiguration:
      Did not match:
         - @ConditionalOnClass did not find required class 'org.springframework.security.config.annotation.web.reactive.EnableWebFluxSecurity' (OnClassCondition)

   ReactiveUserDetailsServiceAutoConfiguration:
      Did not match:
         - @ConditionalOnClass did not find required class 'org.springframework.security.authentication.ReactiveAuthenticationManager' (OnClassCondition)

   ReactiveWebServerFactoryAutoConfiguration:
      Did not match:
         - not a reactive web application (OnWebApplicationCondition)
      Matched:
         - @ConditionalOnClass found required class 'org.springframework.http.ReactiveHttpInputMessage' (OnClassCondition)

   ReactorLoadBalancerClientAutoConfiguration#loadBalancerRetryPolicy:
      Did not match:
         - @ConditionalOnProperty (spring.cloud.loadbalancer.retry.enabled=true) did not find property 'spring.cloud.loadbalancer.retry.enabled' (OnPropertyCondition)

   ReactorLoadBalancerClientAutoConfiguration#retryableLoadBalancerExchangeFilterFunction:
      Did not match:
         - @ConditionalOnProperty (spring.cloud.loadbalancer.retry.enabled=true) did not find property 'spring.cloud.loadbalancer.retry.enabled' (OnPropertyCondition)

   RedisAutoConfiguration:
      Did not match:
         - @ConditionalOnClass did not find required class 'org.springframework.data.redis.core.RedisOperations' (OnClassCondition)

   RedisCacheConfiguration:
      Did not match:
         - @ConditionalOnClass did not find required class 'org.springframework.data.redis.connection.RedisConnectionFactory' (OnClassCondition)

   RedisHealthContributorAutoConfiguration:
      Did not match:
         - @ConditionalOnClass did not find required class 'org.springframework.data.redis.connection.RedisConnectionFactory' (OnClassCondition)

   RedisReactiveAutoConfiguration:
      Did not match:
         - @ConditionalOnClass did not find required class 'org.springframework.data.redis.connection.ReactiveRedisConnectionFactory' (OnClassCondition)

   RedisReactiveHealthContributorAutoConfiguration:
      Did not match:
         - @ConditionalOnClass did not find required class 'org.springframework.data.redis.connection.ReactiveRedisConnectionFactory' (OnClassCondition)

   RedisRepositoriesAutoConfiguration:
      Did not match:
         - @ConditionalOnClass did not find required class 'org.springframework.data.redis.repository.configuration.EnableRedisRepositories' (OnClassCondition)

   RedisRepositoryConfiguration:
      Did not match:
         - @ConditionalOnClass did not find required class 'org.springframework.data.redis.core.StringRedisTemplate' (OnClassCondition)

   RefreshAutoConfiguration#legacyContextRefresher:
      Did not match:
         - AnyNestedCondition 0 matched 3 did not; NestedCondition on ConditionalOnBootstrapEnabled.OnBootstrapEnabledCondition.OnBootstrapEnabled @ConditionalOnProperty 
(spring.cloud.bootstrap.enabled) did not find property 'spring.cloud.bootstrap.enabled'; NestedCondition on 
ConditionalOnBootstrapEnabled.OnBootstrapEnabledCondition.OnUseLegacyProcessingEnabled @ConditionalOnProperty (spring.config.use-legacy-processing) did not find property 
'spring.config.use-legacy-processing'; NestedCondition on ConditionalOnBootstrapEnabled.OnBootstrapEnabledCondition.OnBootstrapMarkerClassPresent @ConditionalOnClass did not 
find required class 'org.springframework.cloud.bootstrap.marker.Marker' (ConditionalOnBootstrapEnabled.OnBootstrapEnabledCondition)

   RefreshAutoConfiguration.JpaInvokerConfiguration:
      Did not match:
         - @ConditionalOnClass did not find required class 'javax.persistence.EntityManagerFactory' (OnClassCondition)

   RefreshEndpointAutoConfiguration.RefreshEndpointConfiguration#refreshEndpoint:
      Did not match:
         - @ConditionalOnAvailableEndpoint not exposed (OnAvailableEndpointCondition)
      Matched:
         - @ConditionalOnBean (types: org.springframework.cloud.context.refresh.ContextRefresher; SearchStrategy: all) found bean 'configDataContextRefresher'; 
@ConditionalOnMissingBean (types: org.springframework.cloud.endpoint.RefreshEndpoint; SearchStrategy: all) did not find any beans (OnBeanCondition)

   RepositoryRestMvcAutoConfiguration:
      Did not match:
         - @ConditionalOnClass did not find required class 'org.springframework.data.rest.webmvc.config.RepositoryRestMvcConfiguration' (OnClassCondition)

   ResourceEncryptorConfiguration:
      Did not match:
         - @ConditionalOnBean (types: org.springframework.cloud.config.server.encryption.TextEncryptorLocator; SearchStrategy: all) did not find any beans of type 
org.springframework.cloud.config.server.encryption.TextEncryptorLocator (OnBeanCondition)
      Matched:
         - @ConditionalOnExpression (#{${spring.cloud.config.server.encrypt.enabled:true} && ${spring.cloud.config.server.encrypt.plainTextEncrypt:true}}) resulted in true 
(OnExpressionCondition)

   RestartEndpointWithIntegrationConfiguration:
      Did not match:
         - @ConditionalOnClass did not find required class 'org.springframework.integration.monitor.IntegrationMBeanExporter' (OnClassCondition)

   RestartEndpointWithoutIntegrationConfiguration#restartEndpointWithoutIntegration:
      Did not match:
         - @ConditionalOnAvailableEndpoint the configured access for endpoint 'restart' is NONE (OnAvailableEndpointCondition)

   RsaEncryptionAutoConfiguration:
      Did not match:
         - @ConditionalOnProperty (encrypt.key-store.location) did not find property 'location' (OnPropertyCondition)
      Matched:
         - @ConditionalOnClass found required class 'org.springframework.security.crypto.encrypt.RsaSecretEncryptor' (OnClassCondition)

   Saml2RelyingPartyAutoConfiguration:
      Did not match:
         - @ConditionalOnClass did not find required class 'org.springframework.security.saml2.provider.service.registration.RelyingPartyRegistrationRepository' 
(OnClassCondition)

   SbomEndpointAutoConfiguration:
      Did not match:
         - @ConditionalOnAvailableEndpoint not exposed (OnAvailableEndpointCondition)

   ScheduledTasksEndpointAutoConfiguration:
      Did not match:
         - @ConditionalOnAvailableEndpoint not exposed (OnAvailableEndpointCondition)

   SecurityAutoConfiguration:
      Did not match:
         - @ConditionalOnClass did not find required class 'org.springframework.security.authentication.DefaultAuthenticationEventPublisher' (OnClassCondition)

   SecurityFilterAutoConfiguration:
      Did not match:
         - @ConditionalOnClass did not find required class 'org.springframework.security.config.http.SessionCreationPolicy' (OnClassCondition)

   SecurityRequestMatchersManagementContextConfiguration:
      Did not match:
         - @ConditionalOnClass did not find required class 'org.springframework.security.web.util.matcher.RequestMatcher' (OnClassCondition)

   SendGridAutoConfiguration:
      Did not match:
         - @ConditionalOnClass did not find required class 'com.sendgrid.SendGrid' (OnClassCondition)

   ServiceRegistryAutoConfiguration.ServiceRegistryEndpointConfiguration#serviceRegistryEndpoint:
      Did not match:
         - @ConditionalOnAvailableEndpoint not exposed (OnAvailableEndpointCondition)

   ServletEndpointManagementContextConfiguration.JerseyServletEndpointManagementContextConfiguration:
      Did not match:
         - @ConditionalOnMissingClass found unwanted class 'org.springframework.web.servlet.DispatcherServlet' (OnClassCondition)

   ServletManagementContextAutoConfiguration.ApplicationContextFilterConfiguration:
      Did not match:
         - @ConditionalOnProperty (management.server.add-application-context-header=true) did not find property 'add-application-context-header' (OnPropertyCondition)

   ServletWebServerFactoryAutoConfiguration.ForwardedHeaderFilterConfiguration:
      Did not match:
         - @ConditionalOnProperty (server.forward-headers-strategy=framework) did not find property 'server.forward-headers-strategy' (OnPropertyCondition)

   ServletWebServerFactoryConfiguration.EmbeddedJetty:
      Did not match:
         - @ConditionalOnClass did not find required classes 'org.eclipse.jetty.server.Server', 'org.eclipse.jetty.util.Loader', 'org.eclipse.jetty.ee10.webapp.WebAppContext' 
(OnClassCondition)

   ServletWebServerFactoryConfiguration.EmbeddedUndertow:
      Did not match:
         - @ConditionalOnClass did not find required classes 'io.undertow.Undertow', 'org.xnio.SslClientAuthMode' (OnClassCondition)

   SessionAutoConfiguration:
      Did not match:
         - @ConditionalOnClass did not find required class 'org.springframework.session.Session' (OnClassCondition)

   SessionsEndpointAutoConfiguration:
      Did not match:
         - @ConditionalOnClass did not find required class 'org.springframework.session.Session' (OnClassCondition)

   ShutdownEndpointAutoConfiguration:
      Did not match:
         - @ConditionalOnAvailableEndpoint the configured access for endpoint 'shutdown' is NONE (OnAvailableEndpointCondition)

   SignalFxMetricsExportAutoConfiguration:
      Did not match:
         - @ConditionalOnClass did not find required class 'io.micrometer.signalfx.SignalFxMeterRegistry' (OnClassCondition)

   SimpleUrlHandlerMappingGlobalCorsAutoConfiguration:
      Did not match:
         - @ConditionalOnProperty (spring.cloud.gateway.globalcors.add-to-simple-url-handler-mapping) did not find property 
'spring.cloud.gateway.globalcors.add-to-simple-url-handler-mapping' (OnPropertyCondition)
      Matched:
         - @ConditionalOnClass found required class 'org.springframework.web.reactive.handler.SimpleUrlHandlerMapping' (OnClassCondition)

   SpringApplicationAdminJmxAutoConfiguration:
      Did not match:
         - @ConditionalOnProperty (spring.application.admin.enabled=true) did not find property 'enabled' (OnPropertyCondition)

   SpringVaultRepositoryConfiguration:
      Did not match:
         - @ConditionalOnClass did not find required class 'org.springframework.vault.core.VaultTemplate' (OnClassCondition)

   StackdriverMetricsExportAutoConfiguration:
      Did not match:
         - @ConditionalOnClass did not find required class 'io.micrometer.stackdriver.StackdriverMeterRegistry' (OnClassCondition)

   StartupEndpointAutoConfiguration:
      Did not match:
         - ApplicationStartup configured applicationStartup is of type class org.springframework.core.metrics.DefaultApplicationStartup, expected BufferingApplicationStartup. 
(StartupEndpointAutoConfiguration.ApplicationStartupCondition)

   StatsdMetricsExportAutoConfiguration:
      Did not match:
         - @ConditionalOnClass did not find required class 'io.micrometer.statsd.StatsdMeterRegistry' (OnClassCondition)

   TaskExecutorConfigurations.SimpleAsyncTaskExecutorBuilderConfiguration#simpleAsyncTaskExecutorBuilderVirtualThreads:
      Did not match:
         - @ConditionalOnMissingBean (types: org.springframework.boot.task.SimpleAsyncTaskExecutorBuilder; SearchStrategy: all) found beans of type 
'org.springframework.boot.task.SimpleAsyncTaskExecutorBuilder' simpleAsyncTaskExecutorBuilder (OnBeanCondition)

   TaskExecutorConfigurations.TaskExecutorConfiguration#applicationTaskExecutorVirtualThreads:
      Did not match:
         - @ConditionalOnThreading did not find VIRTUAL (OnThreadingCondition)

   TaskSchedulingAutoConfiguration#scheduledBeanLazyInitializationExcludeFilter:
      Did not match:
         - @ConditionalOnBean (names: org.springframework.context.annotation.internalScheduledAnnotationProcessor; SearchStrategy: all) did not find any beans named 
org.springframework.context.annotation.internalScheduledAnnotationProcessor (OnBeanCondition)

   TaskSchedulingConfigurations.SimpleAsyncTaskSchedulerBuilderConfiguration#simpleAsyncTaskSchedulerBuilderVirtualThreads:
      Did not match:
         - @ConditionalOnMissingBean (types: org.springframework.boot.task.SimpleAsyncTaskSchedulerBuilder; SearchStrategy: all) found beans of type 
'org.springframework.boot.task.SimpleAsyncTaskSchedulerBuilder' simpleAsyncTaskSchedulerBuilder (OnBeanCondition)

   TaskSchedulingConfigurations.TaskSchedulerConfiguration:
      Did not match:
         - @ConditionalOnBean (names: org.springframework.context.annotation.internalScheduledAnnotationProcessor; SearchStrategy: all) did not find any beans named 
org.springframework.context.annotation.internalScheduledAnnotationProcessor (OnBeanCondition)

   ThreadDumpEndpointAutoConfiguration:
      Did not match:
         - @ConditionalOnAvailableEndpoint not exposed (OnAvailableEndpointCondition)

   ThymeleafAutoConfiguration:
      Did not match:
         - @ConditionalOnClass did not find required class 'org.thymeleaf.spring6.SpringTemplateEngine' (OnClassCondition)

   TransactionAutoConfiguration#transactionalOperator:
      Did not match:
         - @ConditionalOnSingleCandidate (types: org.springframework.transaction.ReactiveTransactionManager; SearchStrategy: all) did not find any beans (OnBeanCondition)

   TransactionAutoConfiguration.AspectJTransactionManagementConfiguration:
      Did not match:
         - @ConditionalOnBean (types: org.springframework.transaction.aspectj.AbstractTransactionAspect; SearchStrategy: all) did not find any beans of type 
org.springframework.transaction.aspectj.AbstractTransactionAspect (OnBeanCondition)

   TransactionAutoConfiguration.EnableTransactionManagementConfiguration.JdkDynamicAutoProxyConfiguration:
      Did not match:
         - @ConditionalOnProperty (spring.aop.proxy-target-class=false) did not find property 'proxy-target-class' (OnPropertyCondition)

   UserDetailsServiceAutoConfiguration:
      Did not match:
         - @ConditionalOnClass did not find required class 'org.springframework.security.authentication.AuthenticationManager' (OnClassCondition)

   VaultConfiguration#vaultConfigTokenProvider:
      Did not match:
         - @ConditionalOnProperty (spring.cloud.config.server.vault.token) did not find property 'spring.cloud.config.server.vault.token' (OnPropertyCondition)

   VaultConfiguration.VaultClientAuthenticationProviderConfiguration:
      Did not match:
         - @ConditionalOnClass did not find required class 'org.springframework.vault.core.VaultTemplate' (OnClassCondition)

   VaultEncryptionAutoConfiguration:
      Did not match:
         - @ConditionalOnClass did not find required class 'org.springframework.vault.core.VaultTemplate' (OnClassCondition)

   WavefrontAutoConfiguration:
      Did not match:
         - @ConditionalOnClass did not find required class 'com.wavefront.sdk.common.application.ApplicationTags' (OnClassCondition)

   WavefrontMetricsExportAutoConfiguration:
      Did not match:
         - @ConditionalOnClass did not find required class 'com.wavefront.sdk.common.WavefrontSender' (OnClassCondition)

   WavefrontTracingAutoConfiguration:
      Did not match:
         - @ConditionalOnClass did not find required class 'com.wavefront.sdk.common.WavefrontSender' (OnClassCondition)

   WebFluxAutoConfiguration:
      Did not match:
         - not a reactive web application (OnWebApplicationCondition)
      Matched:
         - @ConditionalOnClass found required class 'org.springframework.web.reactive.config.WebFluxConfigurer' (OnClassCondition)

   WebFluxEndpointManagementContextConfiguration:
      Did not match:
         - not a reactive web application (OnWebApplicationCondition)
      Matched:
         - @ConditionalOnClass found required classes 'org.springframework.web.reactive.DispatcherHandler', 'org.springframework.http.server.reactive.HttpHandler' 
(OnClassCondition)

   WebFluxObservationAutoConfiguration:
      Did not match:
         - not a reactive web application (OnWebApplicationCondition)
      Matched:
         - @ConditionalOnClass found required classes 'io.micrometer.observation.Observation', 'io.micrometer.core.instrument.MeterRegistry' (OnClassCondition)

   WebMvcAutoConfiguration#hiddenHttpMethodFilter:
      Did not match:
         - @ConditionalOnProperty (spring.mvc.hiddenmethod.filter.enabled) did not find property 'enabled' (OnPropertyCondition)

   WebMvcAutoConfiguration.ProblemDetailsErrorHandlingConfiguration:
      Did not match:
         - @ConditionalOnProperty (spring.mvc.problemdetails.enabled=true) did not find property 'enabled' (OnPropertyCondition)

   WebMvcAutoConfiguration.ResourceChainCustomizerConfiguration:
      Did not match:
         - @ConditionalOnEnabledResourceChain did not find class org.webjars.WebJarVersionLocator (OnEnabledResourceChainCondition)

   WebMvcAutoConfiguration.WebMvcAutoConfigurationAdapter#beanNameViewResolver:
      Did not match:
         - @ConditionalOnMissingBean (types: org.springframework.web.servlet.view.BeanNameViewResolver; SearchStrategy: all) found beans of type 
'org.springframework.web.servlet.view.BeanNameViewResolver' beanNameViewResolver (OnBeanCondition)

   WebMvcEndpointManagementContextConfiguration#managementHealthEndpointWebMvcHandlerMapping:
      Did not match:
         - Management Port actual port type (SAME) did not match required type (DIFFERENT) (OnManagementPortCondition)

   WebServiceTemplateAutoConfiguration:
      Did not match:
         - @ConditionalOnClass did not find required class 'org.springframework.oxm.Marshaller' (OnClassCondition)

   WebServicesAutoConfiguration:
      Did not match:
         - @ConditionalOnClass did not find required class 'org.springframework.ws.transport.http.MessageDispatcherServlet' (OnClassCondition)

   WebSessionIdResolverAutoConfiguration:
      Did not match:
         - not a reactive web application (OnWebApplicationCondition)
      Matched:
         - @ConditionalOnClass found required classes 'org.springframework.web.server.session.WebSessionManager', 'reactor.core.publisher.Mono' (OnClassCondition)

2026-01-03T11:54:10.002+01:00 ERROR 22896 --- [platform-core-test] [           main] o.s.b.d.LoggingFailureAnalysisReporter   : 

***************************
APPLICATION FAILED TO START
***************************

Description:

Spring MVC found on classpath, which is incompatible with Spring Cloud Gateway.

Action:

Please set spring.main.web-application-type=reactive or remove spring-boot-starter-web dependency.

2026-01-03T11:54:10.015+01:00  WARN 22896 --- [platform-core-test] [           main] o.s.test.context.TestContextManager      : Caught exception while allowing TestExecutionListener [org.springframework.test.context.support.DependencyInjectionTestExecutionListener] to prepare test instance [pse.nebula.platformcore.PlatformCoreApplicationTests@291fbdc9]

java.lang.IllegalStateException: Failed to load ApplicationContext for [WebMergedContextConfiguration@4e43a23a testClass = pse.nebula.platformcore.PlatformCoreApplicationTests, locations = [], classes = [pse.nebula.platformcore.PlatformCoreApplication], contextInitializerClasses = [], activeProfiles = ["test"], propertySourceDescriptors = [], propertySourceProperties = ["org.springframework.boot.test.context.SpringBootTestContextBootstrapper=true", "server.port=0"], contextCustomizers = [org.springframework.boot.test.context.filter.ExcludeFilterContextCustomizer@4e07b95f, org.springframework.boot.test.json.DuplicateJsonObjectContextCustomizerFactory$DuplicateJsonObjectContextCustomizer@3b79fd76, org.springframework.boot.test.mock.mockito.MockitoContextCustomizer@0, org.springframework.boot.test.web.client.TestRestTemplateContextCustomizer@704deff2, org.springframework.boot.test.web.reactive.server.WebTestClientContextCustomizer@a307a8c, org.springframework.boot.test.web.reactor.netty.DisableReactorResourceFactoryGlobalResourcesContextCustomizerFactory$DisableReactorResourceFactoryGlobalResourcesContextCustomizerCustomizer@135606db, org.springframework.boot.test.autoconfigure.OnFailureConditionReportContextCustomizerFactory$OnFailureConditionReportContextCustomizer@4f74980d, org.springframework.boot.test.autoconfigure.actuate.observability.ObservabilityContextCustomizerFactory$DisableObservabilityContextCustomizer@1f, org.springframework.boot.test.autoconfigure.properties.PropertyMappingContextCustomizer@0, org.springframework.boot.test.autoconfigure.web.servlet.WebDriverContextCustomizer@563e4951, org.springframework.test.context.support.DynamicPropertiesContextCustomizer@0, org.springframework.boot.test.context.SpringBootTestAnnotation@91733054], resourceBasePath = "src/main/webapp", contextLoader = org.springframework.boot.test.context.SpringBootContextLoader, parent = null]
	at org.springframework.test.context.cache.DefaultCacheAwareContextLoaderDelegate.loadContext(DefaultCacheAwareContextLoaderDelegate.java:180) ~[spring-test-6.2.2.jar:6.2.2]
	at org.springframework.test.context.support.DefaultTestContext.getApplicationContext(DefaultTestContext.java:130) ~[spring-test-6.2.2.jar:6.2.2]
	at org.springframework.test.context.support.DependencyInjectionTestExecutionListener.injectDependencies(DependencyInjectionTestExecutionListener.java:142) ~[spring-test-6.2.2.jar:6.2.2]
	at org.springframework.test.context.support.DependencyInjectionTestExecutionListener.prepareTestInstance(DependencyInjectionTestExecutionListener.java:98) ~[spring-test-6.2.2.jar:6.2.2]
	at org.springframework.test.context.TestContextManager.prepareTestInstance(TestContextManager.java:260) ~[spring-test-6.2.2.jar:6.2.2]
	at org.springframework.test.context.junit.jupiter.SpringExtension.postProcessTestInstance(SpringExtension.java:160) ~[spring-test-6.2.2.jar:6.2.2]
	at org.junit.jupiter.engine.descriptor.ClassBasedTestDescriptor.lambda$invokeTestInstancePostProcessors$11(ClassBasedTestDescriptor.java:378) ~[junit-jupiter-engine-5.11.4.jar:5.11.4]
	at org.junit.jupiter.engine.descriptor.ClassBasedTestDescriptor.executeAndMaskThrowable(ClassBasedTestDescriptor.java:383) ~[junit-jupiter-engine-5.11.4.jar:5.11.4]
	at org.junit.jupiter.engine.descriptor.ClassBasedTestDescriptor.lambda$invokeTestInstancePostProcessors$12(ClassBasedTestDescriptor.java:378) ~[junit-jupiter-engine-5.11.4.jar:5.11.4]
	at java.base/java.util.stream.ForEachOps$ForEachOp$OfRef.accept(ForEachOps.java:184) ~[na:na]
	at java.base/java.util.stream.ReferencePipeline$3$1.accept(ReferencePipeline.java:212) ~[na:na]
	at java.base/java.util.stream.ReferencePipeline$2$1.accept(ReferencePipeline.java:194) ~[na:na]
	at java.base/java.util.stream.ReferencePipeline$3$1.accept(ReferencePipeline.java:212) ~[na:na]
	at java.base/java.util.ArrayList$ArrayListSpliterator.forEachRemaining(ArrayList.java:1709) ~[na:na]
	at java.base/java.util.stream.AbstractPipeline.copyInto(AbstractPipeline.java:556) ~[na:na]
	at java.base/java.util.stream.AbstractPipeline.wrapAndCopyInto(AbstractPipeline.java:546) ~[na:na]
	at java.base/java.util.stream.ForEachOps$ForEachOp.evaluateSequential(ForEachOps.java:151) ~[na:na]
	at java.base/java.util.stream.ForEachOps$ForEachOp$OfRef.evaluateSequential(ForEachOps.java:174) ~[na:na]
	at java.base/java.util.stream.AbstractPipeline.evaluate(AbstractPipeline.java:265) ~[na:na]
	at java.base/java.util.stream.ReferencePipeline.forEach(ReferencePipeline.java:611) ~[na:na]
	at org.junit.jupiter.engine.descriptor.ClassBasedTestDescriptor.invokeTestInstancePostProcessors(ClassBasedTestDescriptor.java:377) ~[junit-jupiter-engine-5.11.4.jar:5.11.4]
	at org.junit.jupiter.engine.descriptor.ClassBasedTestDescriptor.lambda$instantiateAndPostProcessTestInstance$7(ClassBasedTestDescriptor.java:290) ~[junit-jupiter-engine-5.11.4.jar:5.11.4]
	at org.junit.platform.engine.support.hierarchical.ThrowableCollector.execute(ThrowableCollector.java:73) ~[junit-platform-engine-1.11.4.jar:1.11.4]
	at org.junit.jupiter.engine.descriptor.ClassBasedTestDescriptor.instantiateAndPostProcessTestInstance(ClassBasedTestDescriptor.java:289) ~[junit-jupiter-engine-5.11.4.jar:5.11.4]
	at org.junit.jupiter.engine.descriptor.ClassBasedTestDescriptor.lambda$testInstancesProvider$5(ClassBasedTestDescriptor.java:279) ~[junit-jupiter-engine-5.11.4.jar:5.11.4]
	at java.base/java.util.Optional.orElseGet(Optional.java:364) ~[na:na]
	at org.junit.jupiter.engine.descriptor.ClassBasedTestDescriptor.lambda$testInstancesProvider$6(ClassBasedTestDescriptor.java:278) ~[junit-jupiter-engine-5.11.4.jar:5.11.4]
	at org.junit.jupiter.engine.execution.TestInstancesProvider.getTestInstances(TestInstancesProvider.java:31) ~[junit-jupiter-engine-5.11.4.jar:5.11.4]
	at org.junit.jupiter.engine.descriptor.TestMethodTestDescriptor.lambda$prepare$1(TestMethodTestDescriptor.java:105) ~[junit-jupiter-engine-5.11.4.jar:5.11.4]
	at org.junit.platform.engine.support.hierarchical.ThrowableCollector.execute(ThrowableCollector.java:73) ~[junit-platform-engine-1.11.4.jar:1.11.4]
	at org.junit.jupiter.engine.descriptor.TestMethodTestDescriptor.prepare(TestMethodTestDescriptor.java:104) ~[junit-jupiter-engine-5.11.4.jar:5.11.4]
	at org.junit.jupiter.engine.descriptor.TestMethodTestDescriptor.prepare(TestMethodTestDescriptor.java:68) ~[junit-jupiter-engine-5.11.4.jar:5.11.4]
	at org.junit.platform.engine.support.hierarchical.NodeTestTask.lambda$prepare$2(NodeTestTask.java:128) ~[junit-platform-engine-1.11.4.jar:1.11.4]
	at org.junit.platform.engine.support.hierarchical.ThrowableCollector.execute(ThrowableCollector.java:73) ~[junit-platform-engine-1.11.4.jar:1.11.4]
	at org.junit.platform.engine.support.hierarchical.NodeTestTask.prepare(NodeTestTask.java:128) ~[junit-platform-engine-1.11.4.jar:1.11.4]
	at org.junit.platform.engine.support.hierarchical.NodeTestTask.execute(NodeTestTask.java:95) ~[junit-platform-engine-1.11.4.jar:1.11.4]
	at java.base/java.util.ArrayList.forEach(ArrayList.java:1597) ~[na:na]
	at org.junit.platform.engine.support.hierarchical.SameThreadHierarchicalTestExecutorService.invokeAll(SameThreadHierarchicalTestExecutorService.java:41) ~[junit-platform-engine-1.11.4.jar:1.11.4]
	at org.junit.platform.engine.support.hierarchical.NodeTestTask.lambda$executeRecursively$6(NodeTestTask.java:160) ~[junit-platform-engine-1.11.4.jar:1.11.4]
	at org.junit.platform.engine.support.hierarchical.ThrowableCollector.execute(ThrowableCollector.java:73) ~[junit-platform-engine-1.11.4.jar:1.11.4]
	at org.junit.platform.engine.support.hierarchical.NodeTestTask.lambda$executeRecursively$8(NodeTestTask.java:146) ~[junit-platform-engine-1.11.4.jar:1.11.4]
	at org.junit.platform.engine.support.hierarchical.Node.around(Node.java:137) ~[junit-platform-engine-1.11.4.jar:1.11.4]
	at org.junit.platform.engine.support.hierarchical.NodeTestTask.lambda$executeRecursively$9(NodeTestTask.java:144) ~[junit-platform-engine-1.11.4.jar:1.11.4]
	at org.junit.platform.engine.support.hierarchical.ThrowableCollector.execute(ThrowableCollector.java:73) ~[junit-platform-engine-1.11.4.jar:1.11.4]
	at org.junit.platform.engine.support.hierarchical.NodeTestTask.executeRecursively(NodeTestTask.java:143) ~[junit-platform-engine-1.11.4.jar:1.11.4]
	at org.junit.platform.engine.support.hierarchical.NodeTestTask.execute(NodeTestTask.java:100) ~[junit-platform-engine-1.11.4.jar:1.11.4]
	at java.base/java.util.ArrayList.forEach(ArrayList.java:1597) ~[na:na]
	at org.junit.platform.engine.support.hierarchical.SameThreadHierarchicalTestExecutorService.invokeAll(SameThreadHierarchicalTestExecutorService.java:41) ~[junit-platform-engine-1.11.4.jar:1.11.4]
	at org.junit.platform.engine.support.hierarchical.NodeTestTask.lambda$executeRecursively$6(NodeTestTask.java:160) ~[junit-platform-engine-1.11.4.jar:1.11.4]
	at org.junit.platform.engine.support.hierarchical.ThrowableCollector.execute(ThrowableCollector.java:73) ~[junit-platform-engine-1.11.4.jar:1.11.4]
	at org.junit.platform.engine.support.hierarchical.NodeTestTask.lambda$executeRecursively$8(NodeTestTask.java:146) ~[junit-platform-engine-1.11.4.jar:1.11.4]
	at org.junit.platform.engine.support.hierarchical.Node.around(Node.java:137) ~[junit-platform-engine-1.11.4.jar:1.11.4]
	at org.junit.platform.engine.support.hierarchical.NodeTestTask.lambda$executeRecursively$9(NodeTestTask.java:144) ~[junit-platform-engine-1.11.4.jar:1.11.4]
	at org.junit.platform.engine.support.hierarchical.ThrowableCollector.execute(ThrowableCollector.java:73) ~[junit-platform-engine-1.11.4.jar:1.11.4]
	at org.junit.platform.engine.support.hierarchical.NodeTestTask.executeRecursively(NodeTestTask.java:143) ~[junit-platform-engine-1.11.4.jar:1.11.4]
	at org.junit.platform.engine.support.hierarchical.NodeTestTask.execute(NodeTestTask.java:100) ~[junit-platform-engine-1.11.4.jar:1.11.4]
	at org.junit.platform.engine.support.hierarchical.SameThreadHierarchicalTestExecutorService.submit(SameThreadHierarchicalTestExecutorService.java:35) ~[junit-platform-engine-1.11.4.jar:1.11.4]
	at org.junit.platform.engine.support.hierarchical.HierarchicalTestExecutor.execute(HierarchicalTestExecutor.java:57) ~[junit-platform-engine-1.11.4.jar:1.11.4]
	at org.junit.platform.engine.support.hierarchical.HierarchicalTestEngine.execute(HierarchicalTestEngine.java:54) ~[junit-platform-engine-1.11.4.jar:1.11.4]
	at org.junit.platform.launcher.core.EngineExecutionOrchestrator.execute(EngineExecutionOrchestrator.java:198) ~[junit-platform-launcher-1.11.4.jar:1.11.4]
	at org.junit.platform.launcher.core.EngineExecutionOrchestrator.execute(EngineExecutionOrchestrator.java:169) ~[junit-platform-launcher-1.11.4.jar:1.11.4]
	at org.junit.platform.launcher.core.EngineExecutionOrchestrator.execute(EngineExecutionOrchestrator.java:93) ~[junit-platform-launcher-1.11.4.jar:1.11.4]
	at org.junit.platform.launcher.core.EngineExecutionOrchestrator.lambda$execute$0(EngineExecutionOrchestrator.java:58) ~[junit-platform-launcher-1.11.4.jar:1.11.4]
	at org.junit.platform.launcher.core.EngineExecutionOrchestrator.withInterceptedStreams(EngineExecutionOrchestrator.java:141) ~[junit-platform-launcher-1.11.4.jar:1.11.4]
	at org.junit.platform.launcher.core.EngineExecutionOrchestrator.execute(EngineExecutionOrchestrator.java:57) ~[junit-platform-launcher-1.11.4.jar:1.11.4]
	at org.junit.platform.launcher.core.DefaultLauncher.execute(DefaultLauncher.java:103) ~[junit-platform-launcher-1.11.4.jar:1.11.4]
	at org.junit.platform.launcher.core.DefaultLauncher.execute(DefaultLauncher.java:85) ~[junit-platform-launcher-1.11.4.jar:1.11.4]
	at org.junit.platform.launcher.core.DelegatingLauncher.execute(DelegatingLauncher.java:47) ~[junit-platform-launcher-1.11.4.jar:1.11.4]
	at org.apache.maven.surefire.junitplatform.LazyLauncher.execute(LazyLauncher.java:56) ~[surefire-junit-platform-3.5.2.jar:3.5.2]
	at org.apache.maven.surefire.junitplatform.JUnitPlatformProvider.execute(JUnitPlatformProvider.java:184) ~[surefire-junit-platform-3.5.2.jar:3.5.2]
	at org.apache.maven.surefire.junitplatform.JUnitPlatformProvider.invokeAllTests(JUnitPlatformProvider.java:148) ~[surefire-junit-platform-3.5.2.jar:3.5.2]
	at org.apache.maven.surefire.junitplatform.JUnitPlatformProvider.invoke(JUnitPlatformProvider.java:122) ~[surefire-junit-platform-3.5.2.jar:3.5.2]
	at org.apache.maven.surefire.booter.ForkedBooter.runSuitesInProcess(ForkedBooter.java:385) ~[surefire-booter-3.5.2.jar:3.5.2]
	at org.apache.maven.surefire.booter.ForkedBooter.execute(ForkedBooter.java:162) ~[surefire-booter-3.5.2.jar:3.5.2]
	at org.apache.maven.surefire.booter.ForkedBooter.run(ForkedBooter.java:507) ~[surefire-booter-3.5.2.jar:3.5.2]
	at org.apache.maven.surefire.booter.ForkedBooter.main(ForkedBooter.java:495) ~[surefire-booter-3.5.2.jar:3.5.2]
Caused by: org.springframework.beans.factory.BeanCreationException: Error creating bean with name 'org.springframework.cloud.gateway.config.GatewayClassPathWarningAutoConfiguration$SpringMvcFoundOnClasspathConfiguration': Failed to instantiate [org.springframework.cloud.gateway.config.GatewayClassPathWarningAutoConfiguration$SpringMvcFoundOnClasspathConfiguration]: Constructor threw exception
	at org.springframework.beans.factory.support.AbstractAutowireCapableBeanFactory.instantiateBean(AbstractAutowireCapableBeanFactory.java:1343) ~[spring-beans-6.2.2.jar:6.2.2]
	at org.springframework.beans.factory.support.AbstractAutowireCapableBeanFactory.createBeanInstance(AbstractAutowireCapableBeanFactory.java:1228) ~[spring-beans-6.2.2.jar:6.2.2]
	at org.springframework.beans.factory.support.AbstractAutowireCapableBeanFactory.doCreateBean(AbstractAutowireCapableBeanFactory.java:563) ~[spring-beans-6.2.2.jar:6.2.2]
	at org.springframework.beans.factory.support.AbstractAutowireCapableBeanFactory.createBean(AbstractAutowireCapableBeanFactory.java:523) ~[spring-beans-6.2.2.jar:6.2.2]
	at org.springframework.beans.factory.support.AbstractBeanFactory.lambda$doGetBean$0(AbstractBeanFactory.java:336) ~[spring-beans-6.2.2.jar:6.2.2]
	at org.springframework.beans.factory.support.DefaultSingletonBeanRegistry.getSingleton(DefaultSingletonBeanRegistry.java:307) ~[spring-beans-6.2.2.jar:6.2.2]
	at org.springframework.beans.factory.support.AbstractBeanFactory.doGetBean(AbstractBeanFactory.java:334) ~[spring-beans-6.2.2.jar:6.2.2]
	at org.springframework.beans.factory.support.AbstractBeanFactory.getBean(AbstractBeanFactory.java:199) ~[spring-beans-6.2.2.jar:6.2.2]
	at org.springframework.beans.factory.support.DefaultListableBeanFactory.instantiateSingleton(DefaultListableBeanFactory.java:1122) ~[spring-beans-6.2.2.jar:6.2.2]
	at org.springframework.beans.factory.support.DefaultListableBeanFactory.preInstantiateSingleton(DefaultListableBeanFactory.java:1093) ~[spring-beans-6.2.2.jar:6.2.2]
	at org.springframework.beans.factory.support.DefaultListableBeanFactory.preInstantiateSingletons(DefaultListableBeanFactory.java:1030) ~[spring-beans-6.2.2.jar:6.2.2]
	at org.springframework.context.support.AbstractApplicationContext.finishBeanFactoryInitialization(AbstractApplicationContext.java:987) ~[spring-context-6.2.2.jar:6.2.2]
	at org.springframework.context.support.AbstractApplicationContext.refresh(AbstractApplicationContext.java:627) ~[spring-context-6.2.2.jar:6.2.2]
	at org.springframework.boot.web.servlet.context.ServletWebServerApplicationContext.refresh(ServletWebServerApplicationContext.java:146) ~[spring-boot-3.4.2.jar:3.4.2]
	at org.springframework.boot.SpringApplication.refresh(SpringApplication.java:752) ~[spring-boot-3.4.2.jar:3.4.2]
	at org.springframework.boot.SpringApplication.refreshContext(SpringApplication.java:439) ~[spring-boot-3.4.2.jar:3.4.2]
	at org.springframework.boot.SpringApplication.run(SpringApplication.java:318) ~[spring-boot-3.4.2.jar:3.4.2]
	at org.springframework.boot.test.context.SpringBootContextLoader.lambda$loadContext$3(SpringBootContextLoader.java:137) ~[spring-boot-test-3.4.2.jar:3.4.2]
	at org.springframework.util.function.ThrowingSupplier.get(ThrowingSupplier.java:58) ~[spring-core-6.2.2.jar:6.2.2]
	at org.springframework.util.function.ThrowingSupplier.get(ThrowingSupplier.java:46) ~[spring-core-6.2.2.jar:6.2.2]
	at org.springframework.boot.SpringApplication.withHook(SpringApplication.java:1461) ~[spring-boot-3.4.2.jar:3.4.2]
	at org.springframework.boot.test.context.SpringBootContextLoader$ContextLoaderHook.run(SpringBootContextLoader.java:553) ~[spring-boot-test-3.4.2.jar:3.4.2]
	at org.springframework.boot.test.context.SpringBootContextLoader.loadContext(SpringBootContextLoader.java:137) ~[spring-boot-test-3.4.2.jar:3.4.2]
	at org.springframework.boot.test.context.SpringBootContextLoader.loadContext(SpringBootContextLoader.java:108) ~[spring-boot-test-3.4.2.jar:3.4.2]
	at org.springframework.test.context.cache.DefaultCacheAwareContextLoaderDelegate.loadContextInternal(DefaultCacheAwareContextLoaderDelegate.java:225) ~[spring-test-6.2.2.jar:6.2.2]
	at org.springframework.test.context.cache.DefaultCacheAwareContextLoaderDelegate.loadContext(DefaultCacheAwareContextLoaderDelegate.java:152) ~[spring-test-6.2.2.jar:6.2.2]
	... 75 common frames omitted
Caused by: org.springframework.beans.BeanInstantiationException: Failed to instantiate [org.springframework.cloud.gateway.config.GatewayClassPathWarningAutoConfiguration$SpringMvcFoundOnClasspathConfiguration]: Constructor threw exception
	at org.springframework.beans.BeanUtils.instantiateClass(BeanUtils.java:222) ~[spring-beans-6.2.2.jar:6.2.2]
	at org.springframework.beans.factory.support.SimpleInstantiationStrategy.instantiate(SimpleInstantiationStrategy.java:122) ~[spring-beans-6.2.2.jar:6.2.2]
	at org.springframework.beans.factory.support.AbstractAutowireCapableBeanFactory.instantiateBean(AbstractAutowireCapableBeanFactory.java:1337) ~[spring-beans-6.2.2.jar:6.2.2]
	... 100 common frames omitted
Caused by: org.springframework.cloud.gateway.support.MvcFoundOnClasspathException: null
	at org.springframework.cloud.gateway.config.GatewayClassPathWarningAutoConfiguration$SpringMvcFoundOnClasspathConfiguration.<init>(GatewayClassPathWarningAutoConfiguration.java:45) ~[spring-cloud-gateway-server-4.2.0.jar:4.2.0]
	at java.base/jdk.internal.reflect.DirectConstructorHandleAccessor.newInstance(DirectConstructorHandleAccessor.java:62) ~[na:na]
	at java.base/java.lang.reflect.Constructor.newInstanceWithCaller(Constructor.java:502) ~[na:na]
	at java.base/java.lang.reflect.Constructor.newInstance(Constructor.java:486) ~[na:na]
	at org.springframework.beans.BeanUtils.instantiateClass(BeanUtils.java:196) ~[spring-beans-6.2.2.jar:6.2.2]
	... 102 common frames omitted

   WebSocketMessagingAutoConfiguration:
      Did not match:
         - @ConditionalOnClass did not find required class 'org.springframework.web.socket.config.annotation.WebSocketMessageBrokerConfigurer' (OnClassCondition)

   WebSocketReactiveAutoConfiguration:
      Did not match:
         - not a reactive web application (OnWebApplicationCondition)
      Matched:
         - @ConditionalOnClass found required classes 'jakarta.servlet.Servlet', 'jakarta.websocket.server.ServerContainer' (OnClassCondition)

   WebSocketServletAutoConfiguration.JettyWebSocketConfiguration:
      Did not match:
         - @ConditionalOnClass did not find required class 'org.eclipse.jetty.ee10.websocket.jakarta.server.config.JakartaWebSocketServletContainerInitializer' (OnClassCondition)

   WebSocketServletAutoConfiguration.UndertowWebSocketConfiguration:
      Did not match:
         - @ConditionalOnClass did not find required class 'io.undertow.websockets.jsr.Bootstrap' (OnClassCondition)

   WritableEnvironmentEndpointAutoConfiguration:
      Did not match:
         - @ConditionalOnProperty (management.endpoint.env.post.enabled) did not find property 'management.endpoint.env.post.enabled' (OnPropertyCondition)
      Matched:
         - @ConditionalOnClass found required classes 'org.springframework.boot.actuate.env.EnvironmentEndpoint', 
'org.springframework.boot.actuate.autoconfigure.env.EnvironmentEndpointProperties' (OnClassCondition)

   XADataSourceAutoConfiguration:
      Did not match:
         - @ConditionalOnBean (types: org.springframework.boot.jdbc.XADataSourceWrapper; SearchStrategy: all) did not find any beans of type 
org.springframework.boot.jdbc.XADataSourceWrapper (OnBeanCondition)
      Matched:
         - @ConditionalOnClass found required classes 'javax.sql.DataSource', 'jakarta.transaction.TransactionManager', 
'org.springframework.jdbc.datasource.embedded.EmbeddedDatabaseType' (OnClassCondition)

   ZipkinAutoConfiguration:
      Did not match:
         - @ConditionalOnClass did not find required class 'zipkin2.reporter.Encoding' (OnClassCondition)


Exclusions:
-----------

    None


Unconditional classes:
----------------------

    org.springframework.cloud.client.ReactiveCommonsClientAutoConfiguration

    org.springframework.boot.actuate.autoconfigure.info.InfoContributorAutoConfiguration

    org.springframework.cloud.client.discovery.simple.SimpleDiscoveryClientAutoConfiguration

    org.springframework.boot.autoconfigure.context.PropertyPlaceholderAutoConfiguration

    org.springframework.boot.autoconfigure.context.LifecycleAutoConfiguration

    org.springframework.cloud.config.server.config.DefaultTextEncryptionAutoConfiguration

    org.springframework.boot.actuate.autoconfigure.metrics.integration.IntegrationMetricsAutoConfiguration

    org.springframework.cloud.config.server.config.EncryptionAutoConfiguration

2026-01-03T11:54:10.078+01:00  WARN 22896 --- [platform-core-test] [           main] o.s.test.context.TestContextManager      : Caught exception while allowing TestExecutionListener [org.springframework.test.context.support.DependencyInjectionTestExecutionListener] to prepare test instance [pse.nebula.platformcore.PlatformCoreApplicationTests@cd8e702]

    org.springframework.boot.actuate.autoconfigure.health.HealthContributorAutoConfiguration

    org.springframework.cloud.client.serviceregistry.ServiceRegistryAutoConfiguration

    org.springframework.cloud.autoconfigure.LifecycleMvcEndpointAutoConfiguration

    org.springframework.boot.autoconfigure.context.ConfigurationPropertiesAutoConfiguration

    org.springframework.boot.actuate.autoconfigure.availability.AvailabilityHealthContributorAutoConfiguration

    org.springframework.boot.autoconfigure.ssl.SslAutoConfiguration

    org.springframework.cloud.client.CommonsClientAutoConfiguration

    org.springframework.boot.actuate.autoconfigure.endpoint.EndpointAutoConfiguration

    org.springframework.cloud.commons.config.CommonsConfigAutoConfiguration

    org.springframework.cloud.netflix.eureka.config.DiscoveryClientOptionalArgsConfiguration

    org.springframework.boot.actuate.autoconfigure.web.server.ManagementContextAutoConfiguration

    org.springframework.cloud.client.loadbalancer.LoadBalancerDefaultMappingsProviderAutoConfiguration

    org.springframework.cloud.config.client.ConfigClientAutoConfiguration

    org.springframework.cloud.client.discovery.composite.CompositeDiscoveryClientAutoConfiguration

    org.springframework.boot.actuate.autoconfigure.endpoint.jackson.JacksonEndpointAutoConfiguration

    org.springframework.boot.autoconfigure.availability.ApplicationAvailabilityAutoConfiguration

    org.springframework.boot.autoconfigure.info.ProjectInfoAutoConfiguration



java.lang.IllegalStateException: ApplicationContext failure threshold (1) exceeded: skipping repeated attempt to load context for [WebMergedContextConfiguration@4e43a23a testClass = pse.nebula.platformcore.PlatformCoreApplicationTests, locations = [], classes = [pse.nebula.platformcore.PlatformCoreApplication], contextInitializerClasses = [], activeProfiles = ["test"], propertySourceDescriptors = [], propertySourceProperties = ["org.springframework.boot.test.context.SpringBootTestContextBootstrapper=true", "server.port=0"], contextCustomizers = [org.springframework.boot.test.context.filter.ExcludeFilterContextCustomizer@4e07b95f, org.springframework.boot.test.json.DuplicateJsonObjectContextCustomizerFactory$DuplicateJsonObjectContextCustomizer@3b79fd76, org.springframework.boot.test.mock.mockito.MockitoContextCustomizer@0, org.springframework.boot.test.web.client.TestRestTemplateContextCustomizer@704deff2, org.springframework.boot.test.web.reactive.server.WebTestClientContextCustomizer@a307a8c, org.springframework.boot.test.web.reactor.netty.DisableReactorResourceFactoryGlobalResourcesContextCustomizerFactory$DisableReactorResourceFactoryGlobalResourcesContextCustomizerCustomizer@135606db, org.springframework.boot.test.autoconfigure.OnFailureConditionReportContextCustomizerFactory$OnFailureConditionReportContextCustomizer@4f74980d, org.springframework.boot.test.autoconfigure.actuate.observability.ObservabilityContextCustomizerFactory$DisableObservabilityContextCustomizer@1f, org.springframework.boot.test.autoconfigure.properties.PropertyMappingContextCustomizer@0, org.springframework.boot.test.autoconfigure.web.servlet.WebDriverContextCustomizer@563e4951, org.springframework.test.context.support.DynamicPropertiesContextCustomizer@0, org.springframework.boot.test.context.SpringBootTestAnnotation@91733054], resourceBasePath = "src/main/webapp", contextLoader = org.springframework.boot.test.context.SpringBootContextLoader, parent = null]
	at org.springframework.test.context.cache.DefaultCacheAwareContextLoaderDelegate.loadContext(DefaultCacheAwareContextLoaderDelegate.java:145) ~[spring-test-6.2.2.jar:6.2.2]
	at org.springframework.test.context.support.DefaultTestContext.getApplicationContext(DefaultTestContext.java:130) ~[spring-test-6.2.2.jar:6.2.2]
	at org.springframework.test.context.support.DependencyInjectionTestExecutionListener.injectDependencies(DependencyInjectionTestExecutionListener.java:142) ~[spring-test-6.2.2.jar:6.2.2]
	at org.springframework.test.context.support.DependencyInjectionTestExecutionListener.prepareTestInstance(DependencyInjectionTestExecutionListener.java:98) ~[spring-test-6.2.2.jar:6.2.2]
	at org.springframework.test.context.TestContextManager.prepareTestInstance(TestContextManager.java:260) ~[spring-test-6.2.2.jar:6.2.2]
	at org.springframework.test.context.junit.jupiter.SpringExtension.postProcessTestInstance(SpringExtension.java:160) ~[spring-test-6.2.2.jar:6.2.2]
	at org.junit.jupiter.engine.descriptor.ClassBasedTestDescriptor.lambda$invokeTestInstancePostProcessors$11(ClassBasedTestDescriptor.java:378) ~[junit-jupiter-engine-5.11.4.jar:5.11.4]
	at org.junit.jupiter.engine.descriptor.ClassBasedTestDescriptor.executeAndMaskThrowable(ClassBasedTestDescriptor.java:383) ~[junit-jupiter-engine-5.11.4.jar:5.11.4]
	at org.junit.jupiter.engine.descriptor.ClassBasedTestDescriptor.lambda$invokeTestInstancePostProcessors$12(ClassBasedTestDescriptor.java:378) ~[junit-jupiter-engine-5.11.4.jar:5.11.4]
	at java.base/java.util.stream.ForEachOps$ForEachOp$OfRef.accept(ForEachOps.java:184) ~[na:na]
	at java.base/java.util.stream.ReferencePipeline$3$1.accept(ReferencePipeline.java:212) ~[na:na]
	at java.base/java.util.stream.ReferencePipeline$2$1.accept(ReferencePipeline.java:194) ~[na:na]
	at java.base/java.util.stream.ReferencePipeline$3$1.accept(ReferencePipeline.java:212) ~[na:na]
	at java.base/java.util.ArrayList$ArrayListSpliterator.forEachRemaining(ArrayList.java:1709) ~[na:na]
	at java.base/java.util.stream.AbstractPipeline.copyInto(AbstractPipeline.java:556) ~[na:na]
	at java.base/java.util.stream.AbstractPipeline.wrapAndCopyInto(AbstractPipeline.java:546) ~[na:na]
	at java.base/java.util.stream.ForEachOps$ForEachOp.evaluateSequential(ForEachOps.java:151) ~[na:na]
	at java.base/java.util.stream.ForEachOps$ForEachOp$OfRef.evaluateSequential(ForEachOps.java:174) ~[na:na]
	at java.base/java.util.stream.AbstractPipeline.evaluate(AbstractPipeline.java:265) ~[na:na]
	at java.base/java.util.stream.ReferencePipeline.forEach(ReferencePipeline.java:611) ~[na:na]
	at org.junit.jupiter.engine.descriptor.ClassBasedTestDescriptor.invokeTestInstancePostProcessors(ClassBasedTestDescriptor.java:377) ~[junit-jupiter-engine-5.11.4.jar:5.11.4]
	at org.junit.jupiter.engine.descriptor.ClassBasedTestDescriptor.lambda$instantiateAndPostProcessTestInstance$7(ClassBasedTestDescriptor.java:290) ~[junit-jupiter-engine-5.11.4.jar:5.11.4]
	at org.junit.platform.engine.support.hierarchical.ThrowableCollector.execute(ThrowableCollector.java:73) ~[junit-platform-engine-1.11.4.jar:1.11.4]
	at org.junit.jupiter.engine.descriptor.ClassBasedTestDescriptor.instantiateAndPostProcessTestInstance(ClassBasedTestDescriptor.java:289) ~[junit-jupiter-engine-5.11.4.jar:5.11.4]
	at org.junit.jupiter.engine.descriptor.ClassBasedTestDescriptor.lambda$testInstancesProvider$5(ClassBasedTestDescriptor.java:279) ~[junit-jupiter-engine-5.11.4.jar:5.11.4]
	at java.base/java.util.Optional.orElseGet(Optional.java:364) ~[na:na]
	at org.junit.jupiter.engine.descriptor.ClassBasedTestDescriptor.lambda$testInstancesProvider$6(ClassBasedTestDescriptor.java:278) ~[junit-jupiter-engine-5.11.4.jar:5.11.4]
	at org.junit.jupiter.engine.execution.TestInstancesProvider.getTestInstances(TestInstancesProvider.java:31) ~[junit-jupiter-engine-5.11.4.jar:5.11.4]
	at org.junit.jupiter.engine.descriptor.TestMethodTestDescriptor.lambda$prepare$1(TestMethodTestDescriptor.java:105) ~[junit-jupiter-engine-5.11.4.jar:5.11.4]
	at org.junit.platform.engine.support.hierarchical.ThrowableCollector.execute(ThrowableCollector.java:73) ~[junit-platform-engine-1.11.4.jar:1.11.4]
	at org.junit.jupiter.engine.descriptor.TestMethodTestDescriptor.prepare(TestMethodTestDescriptor.java:104) ~[junit-jupiter-engine-5.11.4.jar:5.11.4]
	at org.junit.jupiter.engine.descriptor.TestMethodTestDescriptor.prepare(TestMethodTestDescriptor.java:68) ~[junit-jupiter-engine-5.11.4.jar:5.11.4]
	at org.junit.platform.engine.support.hierarchical.NodeTestTask.lambda$prepare$2(NodeTestTask.java:128) ~[junit-platform-engine-1.11.4.jar:1.11.4]
	at org.junit.platform.engine.support.hierarchical.ThrowableCollector.execute(ThrowableCollector.java:73) ~[junit-platform-engine-1.11.4.jar:1.11.4]
	at org.junit.platform.engine.support.hierarchical.NodeTestTask.prepare(NodeTestTask.java:128) ~[junit-platform-engine-1.11.4.jar:1.11.4]
	at org.junit.platform.engine.support.hierarchical.NodeTestTask.execute(NodeTestTask.java:95) ~[junit-platform-engine-1.11.4.jar:1.11.4]
	at java.base/java.util.ArrayList.forEach(ArrayList.java:1597) ~[na:na]
	at org.junit.platform.engine.support.hierarchical.SameThreadHierarchicalTestExecutorService.invokeAll(SameThreadHierarchicalTestExecutorService.java:41) ~[junit-platform-engine-1.11.4.jar:1.11.4]
	at org.junit.platform.engine.support.hierarchical.NodeTestTask.lambda$executeRecursively$6(NodeTestTask.java:160) ~[junit-platform-engine-1.11.4.jar:1.11.4]
	at org.junit.platform.engine.support.hierarchical.ThrowableCollector.execute(ThrowableCollector.java:73) ~[junit-platform-engine-1.11.4.jar:1.11.4]
	at org.junit.platform.engine.support.hierarchical.NodeTestTask.lambda$executeRecursively$8(NodeTestTask.java:146) ~[junit-platform-engine-1.11.4.jar:1.11.4]
	at org.junit.platform.engine.support.hierarchical.Node.around(Node.java:137) ~[junit-platform-engine-1.11.4.jar:1.11.4]
	at org.junit.platform.engine.support.hierarchical.NodeTestTask.lambda$executeRecursively$9(NodeTestTask.java:144) ~[junit-platform-engine-1.11.4.jar:1.11.4]
	at org.junit.platform.engine.support.hierarchical.ThrowableCollector.execute(ThrowableCollector.java:73) ~[junit-platform-engine-1.11.4.jar:1.11.4]
	at org.junit.platform.engine.support.hierarchical.NodeTestTask.executeRecursively(NodeTestTask.java:143) ~[junit-platform-engine-1.11.4.jar:1.11.4]
	at org.junit.platform.engine.support.hierarchical.NodeTestTask.execute(NodeTestTask.java:100) ~[junit-platform-engine-1.11.4.jar:1.11.4]
	at java.base/java.util.ArrayList.forEach(ArrayList.java:1597) ~[na:na]
	at org.junit.platform.engine.support.hierarchical.SameThreadHierarchicalTestExecutorService.invokeAll(SameThreadHierarchicalTestExecutorService.java:41) ~[junit-platform-engine-1.11.4.jar:1.11.4]
	at org.junit.platform.engine.support.hierarchical.NodeTestTask.lambda$executeRecursively$6(NodeTestTask.java:160) ~[junit-platform-engine-1.11.4.jar:1.11.4]
	at org.junit.platform.engine.support.hierarchical.ThrowableCollector.execute(ThrowableCollector.java:73) ~[junit-platform-engine-1.11.4.jar:1.11.4]
	at org.junit.platform.engine.support.hierarchical.NodeTestTask.lambda$executeRecursively$8(NodeTestTask.java:146) ~[junit-platform-engine-1.11.4.jar:1.11.4]
	at org.junit.platform.engine.support.hierarchical.Node.around(Node.java:137) ~[junit-platform-engine-1.11.4.jar:1.11.4]
	at org.junit.platform.engine.support.hierarchical.NodeTestTask.lambda$executeRecursively$9(NodeTestTask.java:144) ~[junit-platform-engine-1.11.4.jar:1.11.4]
	at org.junit.platform.engine.support.hierarchical.ThrowableCollector.execute(ThrowableCollector.java:73) ~[junit-platform-engine-1.11.4.jar:1.11.4]
	at org.junit.platform.engine.support.hierarchical.NodeTestTask.executeRecursively(NodeTestTask.java:143) ~[junit-platform-engine-1.11.4.jar:1.11.4]
	at org.junit.platform.engine.support.hierarchical.NodeTestTask.execute(NodeTestTask.java:100) ~[junit-platform-engine-1.11.4.jar:1.11.4]
	at org.junit.platform.engine.support.hierarchical.SameThreadHierarchicalTestExecutorService.submit(SameThreadHierarchicalTestExecutorService.java:35) ~[junit-platform-engine-1.11.4.jar:1.11.4]
	at org.junit.platform.engine.support.hierarchical.HierarchicalTestExecutor.execute(HierarchicalTestExecutor.java:57) ~[junit-platform-engine-1.11.4.jar:1.11.4]
	at org.junit.platform.engine.support.hierarchical.HierarchicalTestEngine.execute(HierarchicalTestEngine.java:54) ~[junit-platform-engine-1.11.4.jar:1.11.4]
	at org.junit.platform.launcher.core.EngineExecutionOrchestrator.execute(EngineExecutionOrchestrator.java:198) ~[junit-platform-launcher-1.11.4.jar:1.11.4]
	at org.junit.platform.launcher.core.EngineExecutionOrchestrator.execute(EngineExecutionOrchestrator.java:169) ~[junit-platform-launcher-1.11.4.jar:1.11.4]
	at org.junit.platform.launcher.core.EngineExecutionOrchestrator.execute(EngineExecutionOrchestrator.java:93) ~[junit-platform-launcher-1.11.4.jar:1.11.4]
	at org.junit.platform.launcher.core.EngineExecutionOrchestrator.lambda$execute$0(EngineExecutionOrchestrator.java:58) ~[junit-platform-launcher-1.11.4.jar:1.11.4]
	at org.junit.platform.launcher.core.EngineExecutionOrchestrator.withInterceptedStreams(EngineExecutionOrchestrator.java:141) ~[junit-platform-launcher-1.11.4.jar:1.11.4]
	at org.junit.platform.launcher.core.EngineExecutionOrchestrator.execute(EngineExecutionOrchestrator.java:57) ~[junit-platform-launcher-1.11.4.jar:1.11.4]
	at org.junit.platform.launcher.core.DefaultLauncher.execute(DefaultLauncher.java:103) ~[junit-platform-launcher-1.11.4.jar:1.11.4]
	at org.junit.platform.launcher.core.DefaultLauncher.execute(DefaultLauncher.java:85) ~[junit-platform-launcher-1.11.4.jar:1.11.4]
	at org.junit.platform.launcher.core.DelegatingLauncher.execute(DelegatingLauncher.java:47) ~[junit-platform-launcher-1.11.4.jar:1.11.4]
	at org.apache.maven.surefire.junitplatform.LazyLauncher.execute(LazyLauncher.java:56) ~[surefire-junit-platform-3.5.2.jar:3.5.2]
	at org.apache.maven.surefire.junitplatform.JUnitPlatformProvider.execute(JUnitPlatformProvider.java:184) ~[surefire-junit-platform-3.5.2.jar:3.5.2]
	at org.apache.maven.surefire.junitplatform.JUnitPlatformProvider.invokeAllTests(JUnitPlatformProvider.java:148) ~[surefire-junit-platform-3.5.2.jar:3.5.2]
	at org.apache.maven.surefire.junitplatform.JUnitPlatformProvider.invoke(JUnitPlatformProvider.java:122) ~[surefire-junit-platform-3.5.2.jar:3.5.2]
	at org.apache.maven.surefire.booter.ForkedBooter.runSuitesInProcess(ForkedBooter.java:385) ~[surefire-booter-3.5.2.jar:3.5.2]
	at org.apache.maven.surefire.booter.ForkedBooter.execute(ForkedBooter.java:162) ~[surefire-booter-3.5.2.jar:3.5.2]
	at org.apache.maven.surefire.booter.ForkedBooter.run(ForkedBooter.java:507) ~[surefire-booter-3.5.2.jar:3.5.2]
	at org.apache.maven.surefire.booter.ForkedBooter.main(ForkedBooter.java:495) ~[surefire-booter-3.5.2.jar:3.5.2]

[ERROR] Tests run: 2, Failures: 0, Errors: 2, Skipped: 0, Time elapsed: 5.931 s <<< FAILURE! -- in pse.nebula.platformcore.PlatformCoreApplicationTests
[ERROR] pse.nebula.platformcore.PlatformCoreApplicationTests.contextLoads -- Time elapsed: 0.020 s <<< ERROR!
java.lang.IllegalStateException: Failed to load ApplicationContext for [WebMergedContextConfiguration@4e43a23a testClass = pse.nebula.platformcore.PlatformCoreApplicationTests, locations = [], classes = [pse.nebula.platformcore.PlatformCoreApplication], contextInitializerClasses = [], activeProfiles = ["test"], propertySourceDescriptors = [], propertySourceProperties = ["org.springframework.boot.test.context.SpringBootTestContextBootstrapper=true", "server.port=0"], contextCustomizers = [org.springframework.boot.test.context.filter.ExcludeFilterContextCustomizer@4e07b95f, org.springframework.boot.test.json.DuplicateJsonObjectContextCustomizerFactory$DuplicateJsonObjectContextCustomizer@3b79fd76, org.springframework.boot.test.mock.mockito.MockitoContextCustomizer@0, org.springframework.boot.test.web.client.TestRestTemplateContextCustomizer@704deff2, org.springframework.boot.test.web.reactive.server.WebTestClientContextCustomizer@a307a8c, org.springframework.boot.test.web.reactor.netty.DisableReactorResourceFactoryGlobalResourcesContextCustomizerFactory$DisableReactorResourceFactoryGlobalResourcesContextCustomizerCustomizer@135606db, org.springframework.boot.test.autoconfigure.OnFailureConditionReportContextCustomizerFactory$OnFailureConditionReportContextCustomizer@4f74980d, org.springframework.boot.test.autoconfigure.actuate.observability.ObservabilityContextCustomizerFactory$DisableObservabilityContextCustomizer@1f, org.springframework.boot.test.autoconfigure.properties.PropertyMappingContextCustomizer@0, org.springframework.boot.test.autoconfigure.web.servlet.WebDriverContextCustomizer@563e4951, org.springframework.test.context.support.DynamicPropertiesContextCustomizer@0, org.springframework.boot.test.context.SpringBootTestAnnotation@91733054], resourceBasePath = "src/main/webapp", contextLoader = org.springframework.boot.test.context.SpringBootContextLoader, parent = null]
	at org.springframework.test.context.cache.DefaultCacheAwareContextLoaderDelegate.loadContext(DefaultCacheAwareContextLoaderDelegate.java:180)
	at org.springframework.test.context.support.DefaultTestContext.getApplicationContext(DefaultTestContext.java:130)
	at org.springframework.test.context.support.DependencyInjectionTestExecutionListener.injectDependencies(DependencyInjectionTestExecutionListener.java:142)
	at org.springframework.test.context.support.DependencyInjectionTestExecutionListener.prepareTestInstance(DependencyInjectionTestExecutionListener.java:98)
	at org.springframework.test.context.TestContextManager.prepareTestInstance(TestContextManager.java:260)
	at org.springframework.test.context.junit.jupiter.SpringExtension.postProcessTestInstance(SpringExtension.java:160)
	at java.base/java.util.stream.ForEachOps$ForEachOp$OfRef.accept(ForEachOps.java:184)
	at java.base/java.util.stream.ReferencePipeline$3$1.accept(ReferencePipeline.java:212)
	at java.base/java.util.stream.ReferencePipeline$2$1.accept(ReferencePipeline.java:194)
	at java.base/java.util.stream.ReferencePipeline$3$1.accept(ReferencePipeline.java:212)
	at java.base/java.util.ArrayList$ArrayListSpliterator.forEachRemaining(ArrayList.java:1709)
	at java.base/java.util.stream.AbstractPipeline.copyInto(AbstractPipeline.java:556)
	at java.base/java.util.stream.AbstractPipeline.wrapAndCopyInto(AbstractPipeline.java:546)
	at java.base/java.util.stream.ForEachOps$ForEachOp.evaluateSequential(ForEachOps.java:151)
	at java.base/java.util.stream.ForEachOps$ForEachOp$OfRef.evaluateSequential(ForEachOps.java:174)
	at java.base/java.util.stream.AbstractPipeline.evaluate(AbstractPipeline.java:265)
	at java.base/java.util.stream.ReferencePipeline.forEach(ReferencePipeline.java:611)
	at java.base/java.util.Optional.orElseGet(Optional.java:364)
	at java.base/java.util.ArrayList.forEach(ArrayList.java:1597)
	at java.base/java.util.ArrayList.forEach(ArrayList.java:1597)
Caused by: org.springframework.beans.factory.BeanCreationException: Error creating bean with name 'org.springframework.cloud.gateway.config.GatewayClassPathWarningAutoConfiguration$SpringMvcFoundOnClasspathConfiguration': Failed to instantiate [org.springframework.cloud.gateway.config.GatewayClassPathWarningAutoConfiguration$SpringMvcFoundOnClasspathConfiguration]: Constructor threw exception
	at org.springframework.beans.factory.support.AbstractAutowireCapableBeanFactory.instantiateBean(AbstractAutowireCapableBeanFactory.java:1343)
	at org.springframework.beans.factory.support.AbstractAutowireCapableBeanFactory.createBeanInstance(AbstractAutowireCapableBeanFactory.java:1228)
	at org.springframework.beans.factory.support.AbstractAutowireCapableBeanFactory.doCreateBean(AbstractAutowireCapableBeanFactory.java:563)
	at org.springframework.beans.factory.support.AbstractAutowireCapableBeanFactory.createBean(AbstractAutowireCapableBeanFactory.java:523)
	at org.springframework.beans.factory.support.AbstractBeanFactory.lambda$doGetBean$0(AbstractBeanFactory.java:336)
	at org.springframework.beans.factory.support.DefaultSingletonBeanRegistry.getSingleton(DefaultSingletonBeanRegistry.java:307)
	at org.springframework.beans.factory.support.AbstractBeanFactory.doGetBean(AbstractBeanFactory.java:334)
	at org.springframework.beans.factory.support.AbstractBeanFactory.getBean(AbstractBeanFactory.java:199)
	at org.springframework.beans.factory.support.DefaultListableBeanFactory.instantiateSingleton(DefaultListableBeanFactory.java:1122)
	at org.springframework.beans.factory.support.DefaultListableBeanFactory.preInstantiateSingleton(DefaultListableBeanFactory.java:1093)
	at org.springframework.beans.factory.support.DefaultListableBeanFactory.preInstantiateSingletons(DefaultListableBeanFactory.java:1030)
	at org.springframework.context.support.AbstractApplicationContext.finishBeanFactoryInitialization(AbstractApplicationContext.java:987)
	at org.springframework.context.support.AbstractApplicationContext.refresh(AbstractApplicationContext.java:627)
	at org.springframework.boot.web.servlet.context.ServletWebServerApplicationContext.refresh(ServletWebServerApplicationContext.java:146)
	at org.springframework.boot.SpringApplication.refresh(SpringApplication.java:752)
	at org.springframework.boot.SpringApplication.refreshContext(SpringApplication.java:439)
	at org.springframework.boot.SpringApplication.run(SpringApplication.java:318)
	at org.springframework.boot.test.context.SpringBootContextLoader.lambda$loadContext$3(SpringBootContextLoader.java:137)
	at org.springframework.util.function.ThrowingSupplier.get(ThrowingSupplier.java:58)
	at org.springframework.util.function.ThrowingSupplier.get(ThrowingSupplier.java:46)
	at org.springframework.boot.SpringApplication.withHook(SpringApplication.java:1461)
	at org.springframework.boot.test.context.SpringBootContextLoader$ContextLoaderHook.run(SpringBootContextLoader.java:553)
	at org.springframework.boot.test.context.SpringBootContextLoader.loadContext(SpringBootContextLoader.java:137)
	at org.springframework.boot.test.context.SpringBootContextLoader.loadContext(SpringBootContextLoader.java:108)
	at org.springframework.test.context.cache.DefaultCacheAwareContextLoaderDelegate.loadContextInternal(DefaultCacheAwareContextLoaderDelegate.java:225)
	at org.springframework.test.context.cache.DefaultCacheAwareContextLoaderDelegate.loadContext(DefaultCacheAwareContextLoaderDelegate.java:152)
	... 19 more
Caused by: org.springframework.beans.BeanInstantiationException: Failed to instantiate [org.springframework.cloud.gateway.config.GatewayClassPathWarningAutoConfiguration$SpringMvcFoundOnClasspathConfiguration]: Constructor threw exception
	at org.springframework.beans.BeanUtils.instantiateClass(BeanUtils.java:222)
	at org.springframework.beans.factory.support.SimpleInstantiationStrategy.instantiate(SimpleInstantiationStrategy.java:122)
	at org.springframework.beans.factory.support.AbstractAutowireCapableBeanFactory.instantiateBean(AbstractAutowireCapableBeanFactory.java:1337)
	... 44 more
Caused by: org.springframework.cloud.gateway.support.MvcFoundOnClasspathException
	at org.springframework.cloud.gateway.config.GatewayClassPathWarningAutoConfiguration$SpringMvcFoundOnClasspathConfiguration.<init>(GatewayClassPathWarningAutoConfiguration.java:45)
	at java.base/java.lang.reflect.Constructor.newInstanceWithCaller(Constructor.java:502)
	at java.base/java.lang.reflect.Constructor.newInstance(Constructor.java:486)
	at org.springframework.beans.BeanUtils.instantiateClass(BeanUtils.java:196)
	... 46 more

[ERROR] pse.nebula.platformcore.PlatformCoreApplicationTests.healthEndpoint_shouldReturnUp -- Time elapsed: 0 s <<< ERROR!
java.lang.IllegalStateException: ApplicationContext failure threshold (1) exceeded: skipping repeated attempt to load context for [WebMergedContextConfiguration@4e43a23a testClass = pse.nebula.platformcore.PlatformCoreApplicationTests, locations = [], classes = [pse.nebula.platformcore.PlatformCoreApplication], contextInitializerClasses = [], activeProfiles = ["test"], propertySourceDescriptors = [], propertySourceProperties = ["org.springframework.boot.test.context.SpringBootTestContextBootstrapper=true", "server.port=0"], contextCustomizers = [org.springframework.boot.test.context.filter.ExcludeFilterContextCustomizer@4e07b95f, org.springframework.boot.test.json.DuplicateJsonObjectContextCustomizerFactory$DuplicateJsonObjectContextCustomizer@3b79fd76, org.springframework.boot.test.mock.mockito.MockitoContextCustomizer@0, org.springframework.boot.test.web.client.TestRestTemplateContextCustomizer@704deff2, org.springframework.boot.test.web.reactive.server.WebTestClientContextCustomizer@a307a8c, org.springframework.boot.test.web.reactor.netty.DisableReactorResourceFactoryGlobalResourcesContextCustomizerFactory$DisableReactorResourceFactoryGlobalResourcesContextCustomizerCustomizer@135606db, org.springframework.boot.test.autoconfigure.OnFailureConditionReportContextCustomizerFactory$OnFailureConditionReportContextCustomizer@4f74980d, org.springframework.boot.test.autoconfigure.actuate.observability.ObservabilityContextCustomizerFactory$DisableObservabilityContextCustomizer@1f, org.springframework.boot.test.autoconfigure.properties.PropertyMappingContextCustomizer@0, org.springframework.boot.test.autoconfigure.web.servlet.WebDriverContextCustomizer@563e4951, org.springframework.test.context.support.DynamicPropertiesContextCustomizer@0, org.springframework.boot.test.context.SpringBootTestAnnotation@91733054], resourceBasePath = "src/main/webapp", contextLoader = org.springframework.boot.test.context.SpringBootContextLoader, parent = null]
	at org.springframework.test.context.cache.DefaultCacheAwareContextLoaderDelegate.loadContext(DefaultCacheAwareContextLoaderDelegate.java:145)
	at org.springframework.test.context.support.DefaultTestContext.getApplicationContext(DefaultTestContext.java:130)
	at org.springframework.test.context.support.DependencyInjectionTestExecutionListener.injectDependencies(DependencyInjectionTestExecutionListener.java:142)
	at org.springframework.test.context.support.DependencyInjectionTestExecutionListener.prepareTestInstance(DependencyInjectionTestExecutionListener.java:98)
	at org.springframework.test.context.TestContextManager.prepareTestInstance(TestContextManager.java:260)
	at org.springframework.test.context.junit.jupiter.SpringExtension.postProcessTestInstance(SpringExtension.java:160)
	at java.base/java.util.stream.ForEachOps$ForEachOp$OfRef.accept(ForEachOps.java:184)
	at java.base/java.util.stream.ReferencePipeline$3$1.accept(ReferencePipeline.java:212)
	at java.base/java.util.stream.ReferencePipeline$2$1.accept(ReferencePipeline.java:194)
	at java.base/java.util.stream.ReferencePipeline$3$1.accept(ReferencePipeline.java:212)
	at java.base/java.util.ArrayList$ArrayListSpliterator.forEachRemaining(ArrayList.java:1709)
	at java.base/java.util.stream.AbstractPipeline.copyInto(AbstractPipeline.java:556)
	at java.base/java.util.stream.AbstractPipeline.wrapAndCopyInto(AbstractPipeline.java:546)
	at java.base/java.util.stream.ForEachOps$ForEachOp.evaluateSequential(ForEachOps.java:151)
	at java.base/java.util.stream.ForEachOps$ForEachOp$OfRef.evaluateSequential(ForEachOps.java:174)
	at java.base/java.util.stream.AbstractPipeline.evaluate(AbstractPipeline.java:265)
	at java.base/java.util.stream.ReferencePipeline.forEach(ReferencePipeline.java:611)
	at java.base/java.util.Optional.orElseGet(Optional.java:364)
	at java.base/java.util.ArrayList.forEach(ArrayList.java:1597)
	at java.base/java.util.ArrayList.forEach(ArrayList.java:1597)

[DEBUG] Closing the fork 1 after saying GoodBye.
[INFO] 
[INFO] Results:
[INFO] 
[ERROR] Errors: 
[ERROR]   PlatformCoreApplicationTests.contextLoads ╗ IllegalState Failed to load ApplicationContext for [WebMergedContextConfiguration@4e43a23a testClass = pse.nebula.platformcore.PlatformCoreApplicationTests, locations = [], classes = [pse.nebula.platformcore.PlatformCoreApplication], contextInitializerClasses = [], activeProfiles = ["test"], propertySourceDescriptors = [], propertySourceProperties = ["org.springframework.boot.test.context.SpringBootTestContextBootstrapper=true", "server.port=0"], contextCustomizers = [org.springframework.boot.test.context.filter.ExcludeFilterContextCustomizer@4e07b95f, org.springframework.boot.test.json.DuplicateJsonObjectContextCustomizerFactory$DuplicateJsonObjectContextCustomizer@3b79fd76, org.springframework.boot.test.mock.mockito.MockitoContextCustomizer@0, org.springframework.boot.test.web.client.TestRestTemplateContextCustomizer@704deff2, org.springframework.boot.test.web.reactive.server.WebTestClientContextCustomizer@a307a8c, org.springframework.boot.test.web.reactor.netty.DisableReactorResourceFactoryGlobalResourcesContextCustomizerFactory$DisableReactorResourceFactoryGlobalResourcesContextCustomizerCustomizer@135606db, org.springframework.boot.test.autoconfigure.OnFailureConditionReportContextCustomizerFactory$OnFailureConditionReportContextCustomizer@4f74980d, org.springframework.boot.test.autoconfigure.actuate.observability.ObservabilityContextCustomizerFactory$DisableObservabilityContextCustomizer@1f, org.springframework.boot.test.autoconfigure.properties.PropertyMappingContextCustomizer@0, org.springframework.boot.test.autoconfigure.web.servlet.WebDriverContextCustomizer@563e4951, org.springframework.test.context.support.DynamicPropertiesContextCustomizer@0, org.springframework.boot.test.context.SpringBootTestAnnotation@91733054], resourceBasePath = "src/main/webapp", contextLoader = org.springframework.boot.test.context.SpringBootContextLoader, parent = null]
[ERROR]   PlatformCoreApplicationTests.healthEndpoint_shouldReturnUp ╗ IllegalState ApplicationContext failure threshold (1) exceeded: skipping repeated attempt to load context for [WebMergedContextConfiguration@4e43a23a testClass = pse.nebula.platformcore.PlatformCoreApplicationTests, locations = [], classes = [pse.nebula.platformcore.PlatformCoreApplication], contextInitializerClasses = [], activeProfiles = ["test"], propertySourceDescriptors = [], propertySourceProperties = ["org.springframework.boot.test.context.SpringBootTestContextBootstrapper=true", "server.port=0"], contextCustomizers = [org.springframework.boot.test.context.filter.ExcludeFilterContextCustomizer@4e07b95f, org.springframework.boot.test.json.DuplicateJsonObjectContextCustomizerFactory$DuplicateJsonObjectContextCustomizer@3b79fd76, org.springframework.boot.test.mock.mockito.MockitoContextCustomizer@0, org.springframework.boot.test.web.client.TestRestTemplateContextCustomizer@704deff2, org.springframework.boot.test.web.reactive.server.WebTestClientContextCustomizer@a307a8c, org.springframework.boot.test.web.reactor.netty.DisableReactorResourceFactoryGlobalResourcesContextCustomizerFactory$DisableReactorResourceFactoryGlobalResourcesContextCustomizerCustomizer@135606db, org.springframework.boot.test.autoconfigure.OnFailureConditionReportContextCustomizerFactory$OnFailureConditionReportContextCustomizer@4f74980d, org.springframework.boot.test.autoconfigure.actuate.observability.ObservabilityContextCustomizerFactory$DisableObservabilityContextCustomizer@1f, org.springframework.boot.test.autoconfigure.properties.PropertyMappingContextCustomizer@0, org.springframework.boot.test.autoconfigure.web.servlet.WebDriverContextCustomizer@563e4951, org.springframework.test.context.support.DynamicPropertiesContextCustomizer@0, org.springframework.boot.test.context.SpringBootTestAnnotation@91733054], resourceBasePath = "src/main/webapp", contextLoader = org.springframework.boot.test.context.SpringBootContextLoader, parent = null]
[INFO] 
[ERROR] Tests run: 2, Failures: 0, Errors: 2, Skipped: 0
[INFO] 
[INFO] ------------------------------------------------------------------------
[INFO] BUILD FAILURE
[INFO] ------------------------------------------------------------------------
[INFO] Total time:  10.991 s
[INFO] Finished at: 2026-01-03T11:54:10+01:00
[INFO] ------------------------------------------------------------------------
[ERROR] Failed to execute goal org.apache.maven.plugins:maven-surefire-plugin:3.5.2:test (default-test) on project platform-core: 
[ERROR] 
[ERROR] See E:\backend\nebula\services\platform-core\target\surefire-reports for the individual test results.
[ERROR] See dump files (if any exist) [date].dump, [date]-jvmRun[N].dump and [date].dumpstream.
[ERROR] -> [Help 1]
org.apache.maven.lifecycle.LifecycleExecutionException: Failed to execute goal org.apache.maven.plugins:maven-surefire-plugin:3.5.2:test (default-test) on project platform-core: 

See E:\backend\nebula\services\platform-core\target\surefire-reports for the individual test results.
See dump files (if any exist) [date].dump, [date]-jvmRun[N].dump and [date].dumpstream.
    at org.apache.maven.lifecycle.internal.MojoExecutor.doExecute2 (MojoExecutor.java:333)
    at org.apache.maven.lifecycle.internal.MojoExecutor.doExecute (MojoExecutor.java:316)
    at org.apache.maven.lifecycle.internal.MojoExecutor.execute (MojoExecutor.java:212)
    at org.apache.maven.lifecycle.internal.MojoExecutor.execute (MojoExecutor.java:174)
    at org.apache.maven.lifecycle.internal.MojoExecutor.access$000 (MojoExecutor.java:75)
    at org.apache.maven.lifecycle.internal.MojoExecutor$1.run (MojoExecutor.java:162)
    at org.apache.maven.plugin.DefaultMojosExecutionStrategy.execute (DefaultMojosExecutionStrategy.java:39)
    at org.apache.maven.lifecycle.internal.MojoExecutor.execute (MojoExecutor.java:159)
    at org.apache.maven.lifecycle.internal.LifecycleModuleBuilder.buildProject (LifecycleModuleBuilder.java:105)
    at org.apache.maven.lifecycle.internal.LifecycleModuleBuilder.buildProject (LifecycleModuleBuilder.java:73)
    at org.apache.maven.lifecycle.internal.builder.singlethreaded.SingleThreadedBuilder.build (SingleThreadedBuilder.java:53)
    at org.apache.maven.lifecycle.internal.LifecycleStarter.execute (LifecycleStarter.java:118)
    at org.apache.maven.DefaultMaven.doExecute (DefaultMaven.java:261)
    at org.apache.maven.DefaultMaven.doExecute (DefaultMaven.java:173)
    at org.apache.maven.DefaultMaven.execute (DefaultMaven.java:101)
    at org.apache.maven.cli.MavenCli.execute (MavenCli.java:906)
    at org.apache.maven.cli.MavenCli.doMain (MavenCli.java:283)
    at org.apache.maven.cli.MavenCli.main (MavenCli.java:206)
    at jdk.internal.reflect.DirectMethodHandleAccessor.invoke (DirectMethodHandleAccessor.java:103)
    at java.lang.reflect.Method.invoke (Method.java:580)
    at org.codehaus.plexus.classworlds.launcher.Launcher.launchEnhanced (Launcher.java:255)
    at org.codehaus.plexus.classworlds.launcher.Launcher.launch (Launcher.java:201)
    at org.codehaus.plexus.classworlds.launcher.Launcher.mainWithExitCode (Launcher.java:361)
    at org.codehaus.plexus.classworlds.launcher.Launcher.main (Launcher.java:314)
Caused by: org.apache.maven.plugin.MojoFailureException: 

See E:\backend\nebula\services\platform-core\target\surefire-reports for the individual test results.
See dump files (if any exist) [date].dump, [date]-jvmRun[N].dump and [date].dumpstream.
    at org.apache.maven.plugin.surefire.SurefireHelper.throwException (SurefireHelper.java:247)
    at org.apache.maven.plugin.surefire.SurefireHelper.reportExecution (SurefireHelper.java:159)
    at org.apache.maven.plugin.surefire.SurefireMojo.handleSummary (SurefireMojo.java:547)
    at org.apache.maven.plugin.surefire.AbstractSurefireMojo.executeAfterPreconditionsChecked (AbstractSurefireMojo.java:1146)
    at org.apache.maven.plugin.surefire.AbstractSurefireMojo.execute (AbstractSurefireMojo.java:968)
    at org.apache.maven.plugin.DefaultBuildPluginManager.executeMojo (DefaultBuildPluginManager.java:126)
    at org.apache.maven.lifecycle.internal.MojoExecutor.doExecute2 (MojoExecutor.java:328)
    at org.apache.maven.lifecycle.internal.MojoExecutor.doExecute (MojoExecutor.java:316)
    at org.apache.maven.lifecycle.internal.MojoExecutor.execute (MojoExecutor.java:212)
    at org.apache.maven.lifecycle.internal.MojoExecutor.execute (MojoExecutor.java:174)
    at org.apache.maven.lifecycle.internal.MojoExecutor.access$000 (MojoExecutor.java:75)
    at org.apache.maven.lifecycle.internal.MojoExecutor$1.run (MojoExecutor.java:162)
    at org.apache.maven.plugin.DefaultMojosExecutionStrategy.execute (DefaultMojosExecutionStrategy.java:39)
    at org.apache.maven.lifecycle.internal.MojoExecutor.execute (MojoExecutor.java:159)
    at org.apache.maven.lifecycle.internal.LifecycleModuleBuilder.buildProject (LifecycleModuleBuilder.java:105)
    at org.apache.maven.lifecycle.internal.LifecycleModuleBuilder.buildProject (LifecycleModuleBuilder.java:73)
    at org.apache.maven.lifecycle.internal.builder.singlethreaded.SingleThreadedBuilder.build (SingleThreadedBuilder.java:53)
    at org.apache.maven.lifecycle.internal.LifecycleStarter.execute (LifecycleStarter.java:118)
    at org.apache.maven.DefaultMaven.doExecute (DefaultMaven.java:261)
    at org.apache.maven.DefaultMaven.doExecute (DefaultMaven.java:173)
    at org.apache.maven.DefaultMaven.execute (DefaultMaven.java:101)
    at org.apache.maven.cli.MavenCli.execute (MavenCli.java:906)
    at org.apache.maven.cli.MavenCli.doMain (MavenCli.java:283)
    at org.apache.maven.cli.MavenCli.main (MavenCli.java:206)
    at jdk.internal.reflect.DirectMethodHandleAccessor.invoke (DirectMethodHandleAccessor.java:103)
    at java.lang.reflect.Method.invoke (Method.java:580)
    at org.codehaus.plexus.classworlds.launcher.Launcher.launchEnhanced (Launcher.java:255)
    at org.codehaus.plexus.classworlds.launcher.Launcher.launch (Launcher.java:201)
    at org.codehaus.plexus.classworlds.launcher.Launcher.mainWithExitCode (Launcher.java:361)
    at org.codehaus.plexus.classworlds.launcher.Launcher.main (Launcher.java:314)
[ERROR] 
[ERROR] 
[ERROR] For more information about the errors and possible solutions, please read the following articles:
[ERROR] [Help 1] http://cwiki.apache.org/confluence/display/MAVEN/MojoFailureException
[DEBUG] Shutting down adapter factory; available factories [file-lock, rwlock-local, semaphore-local, noop]; available name mappers [discriminating, file-gav, file-hgav, file-static, gav, static]
[DEBUG] Shutting down 'file-lock' factory
[DEBUG] Shutting down 'rwlock-local' factory
[DEBUG] Shutting down 'semaphore-local' factory
[DEBUG] Shutting down 'noop' factory
